[2.341s] Invoking command in '/home/david-romero/Proyectos/robotica/src/ttcc': DEBUGINFOD_URLS=https://debuginfod.ubuntu.com PYTHONPATH=/home/david-romero/Proyectos/robotica/build/ttcc/prefix_override:/usr/lib/python3/dist-packages/colcon_core/task/python/colcon_distutils_commands:/home/david-romero/Proyectos/robotica/install/ttcc/lib/python3.12/site-packages:${PYTHONPATH} /usr/bin/python3 -W ignore:setup.py install is deprecated -W ignore:easy_install command is deprecated setup.py egg_info --egg-base ../../build/ttcc build --build-base /home/david-romero/Proyectos/robotica/build/ttcc/build install --record /home/david-romero/Proyectos/robotica/build/ttcc/install.log --install-scripts $base/lib/ttcc --single-version-externally-managed install_data
[2.855s] running egg_info
[2.894s] writing ../../build/ttcc/ttcc.egg-info/PKG-INFO
[2.894s] writing dependency_links to ../../build/ttcc/ttcc.egg-info/dependency_links.txt
[2.895s] writing entry points to ../../build/ttcc/ttcc.egg-info/entry_points.txt
[2.895s] writing requirements to ../../build/ttcc/ttcc.egg-info/requires.txt
[2.895s] writing top-level names to ../../build/ttcc/ttcc.egg-info/top_level.txt
[2.973s] reading manifest file '../../build/ttcc/ttcc.egg-info/SOURCES.txt'
[2.975s] writing manifest file '../../build/ttcc/ttcc.egg-info/SOURCES.txt'
[2.976s] running build
[2.976s] running build_py
[2.978s] running install
[2.988s] running install_lib
[3.029s] running install_data
[3.030s] running install_egg_info
[3.068s] removing '/home/david-romero/Proyectos/robotica/install/ttcc/lib/python3.12/site-packages/ttcc-0.0.0-py3.12.egg-info' (and everything under it)
[3.069s] Copying ../../build/ttcc/ttcc.egg-info to /home/david-romero/Proyectos/robotica/install/ttcc/lib/python3.12/site-packages/ttcc-0.0.0-py3.12.egg-info
[3.070s] running install_scripts
[3.329s] Installing simulador_cinematico_node script to /home/david-romero/Proyectos/robotica/install/ttcc/lib/ttcc
[3.330s] writing list of installed files to '/home/david-romero/Proyectos/robotica/build/ttcc/install.log'
[3.384s] Invoked command in '/home/david-romero/Proyectos/robotica/src/ttcc' returned '0': DEBUGINFOD_URLS=https://debuginfod.ubuntu.com PYTHONPATH=/home/david-romero/Proyectos/robotica/build/ttcc/prefix_override:/usr/lib/python3/dist-packages/colcon_core/task/python/colcon_distutils_commands:/home/david-romero/Proyectos/robotica/install/ttcc/lib/python3.12/site-packages:${PYTHONPATH} /usr/bin/python3 -W ignore:setup.py install is deprecated -W ignore:easy_install command is deprecated setup.py egg_info --egg-base ../../build/ttcc build --build-base /home/david-romero/Proyectos/robotica/build/ttcc/build install --record /home/david-romero/Proyectos/robotica/build/ttcc/install.log --install-scripts $base/lib/ttcc --single-version-externally-managed install_data
