[0.391s] DEBUG:colcon:Command line arguments: ['/usr/bin/colcon', 'build']
[0.392s] DEBUG:colcon:Parsed command line arguments: Namespace(log_base=None, log_level=None, verb_name='build', build_base='build', install_base='install', merge_install=False, symlink_install=False, test_result_base=None, continue_on_error=False, executor='parallel', parallel_workers=8, event_handlers=None, ignore_user_meta=False, metas=['./colcon.meta'], base_paths=['.'], packages_ignore=None, packages_ignore_regex=None, paths=None, packages_up_to=None, packages_up_to_regex=None, packages_above=None, packages_above_and_dependencies=None, packages_above_depth=None, packages_select_by_dep=None, packages_skip_by_dep=None, packages_skip_up_to=None, packages_select_build_failed=False, packages_skip_build_finished=False, packages_select_test_failures=False, packages_skip_test_passed=False, packages_select=None, packages_skip=None, packages_select_regex=None, packages_skip_regex=None, packages_start=None, packages_end=None, allow_overriding=[], cmake_args=None, cmake_target=None, cmake_target_skip_unavailable=False, cmake_clean_cache=False, cmake_clean_first=False, cmake_force_configure=False, ament_cmake_args=None, catkin_cmake_args=None, catkin_skip_building_tests=False, mixin_files=None, mixin=None, verb_parser=<colcon_mixin.mixin.mixin_argument.MixinArgumentDecorator object at 0x74591348aea0>, verb_extension=<colcon_core.verb.build.BuildVerb object at 0x745913587560>, main=<bound method BuildVerb.main of <colcon_core.verb.build.BuildVerb object at 0x745913587560>>, mixin_verb=('build',))
[0.501s] Level 1:colcon.colcon_core.package_discovery:discover_packages(colcon_meta) check parameters
[0.501s] Level 1:colcon.colcon_core.package_discovery:discover_packages(recursive) check parameters
[0.501s] Level 1:colcon.colcon_core.package_discovery:discover_packages(ignore) check parameters
[0.501s] Level 1:colcon.colcon_core.package_discovery:discover_packages(path) check parameters
[0.501s] Level 1:colcon.colcon_core.package_discovery:discover_packages(colcon_meta) discover
[0.501s] Level 1:colcon.colcon_core.package_discovery:discover_packages(recursive) discover
[0.501s] INFO:colcon.colcon_core.package_discovery:Crawling recursively for packages in '/home/david-romero/Proyectos/ros2_ws'
[0.501s] Level 1:colcon.colcon_core.package_identification:_identify(.) by extensions ['ignore', 'ignore_ament_install']
[0.501s] Level 1:colcon.colcon_core.package_identification:_identify(.) by extension 'ignore'
[0.502s] Level 1:colcon.colcon_core.package_identification:_identify(.) by extension 'ignore_ament_install'
[0.502s] Level 1:colcon.colcon_core.package_identification:_identify(.) by extensions ['colcon_pkg']
[0.502s] Level 1:colcon.colcon_core.package_identification:_identify(.) by extension 'colcon_pkg'
[0.502s] Level 1:colcon.colcon_core.package_identification:_identify(.) by extensions ['colcon_meta']
[0.502s] Level 1:colcon.colcon_core.package_identification:_identify(.) by extension 'colcon_meta'
[0.502s] Level 1:colcon.colcon_core.package_identification:_identify(.) by extensions ['ros']
[0.502s] Level 1:colcon.colcon_core.package_identification:_identify(.) by extension 'ros'
[0.538s] Level 1:colcon.colcon_core.package_identification:_identify(.) by extensions ['cmake', 'python']
[0.538s] Level 1:colcon.colcon_core.package_identification:_identify(.) by extension 'cmake'
[0.539s] Level 1:colcon.colcon_core.package_identification:_identify(.) by extension 'python'
[0.539s] Level 1:colcon.colcon_core.package_identification:_identify(.) by extensions ['python_setup_py']
[0.539s] Level 1:colcon.colcon_core.package_identification:_identify(.) by extension 'python_setup_py'
[0.539s] Level 1:colcon.colcon_core.package_identification:_identify(build) by extensions ['ignore', 'ignore_ament_install']
[0.539s] Level 1:colcon.colcon_core.package_identification:_identify(build) by extension 'ignore'
[0.539s] Level 1:colcon.colcon_core.package_identification:_identify(build) ignored
[0.539s] Level 1:colcon.colcon_core.package_identification:_identify(install) by extensions ['ignore', 'ignore_ament_install']
[0.539s] Level 1:colcon.colcon_core.package_identification:_identify(install) by extension 'ignore'
[0.539s] Level 1:colcon.colcon_core.package_identification:_identify(install) ignored
[0.539s] Level 1:colcon.colcon_core.package_identification:_identify(log) by extensions ['ignore', 'ignore_ament_install']
[0.539s] Level 1:colcon.colcon_core.package_identification:_identify(log) by extension 'ignore'
[0.539s] Level 1:colcon.colcon_core.package_identification:_identify(log) ignored
[0.539s] Level 1:colcon.colcon_core.package_identification:_identify(src) by extensions ['ignore', 'ignore_ament_install']
[0.539s] Level 1:colcon.colcon_core.package_identification:_identify(src) by extension 'ignore'
[0.539s] Level 1:colcon.colcon_core.package_identification:_identify(src) by extension 'ignore_ament_install'
[0.539s] Level 1:colcon.colcon_core.package_identification:_identify(src) by extensions ['colcon_pkg']
[0.539s] Level 1:colcon.colcon_core.package_identification:_identify(src) by extension 'colcon_pkg'
[0.540s] Level 1:colcon.colcon_core.package_identification:_identify(src) by extensions ['colcon_meta']
[0.540s] Level 1:colcon.colcon_core.package_identification:_identify(src) by extension 'colcon_meta'
[0.540s] Level 1:colcon.colcon_core.package_identification:_identify(src) by extensions ['ros']
[0.540s] Level 1:colcon.colcon_core.package_identification:_identify(src) by extension 'ros'
[0.540s] Level 1:colcon.colcon_core.package_identification:_identify(src) by extensions ['cmake', 'python']
[0.540s] Level 1:colcon.colcon_core.package_identification:_identify(src) by extension 'cmake'
[0.540s] Level 1:colcon.colcon_core.package_identification:_identify(src) by extension 'python'
[0.540s] Level 1:colcon.colcon_core.package_identification:_identify(src) by extensions ['python_setup_py']
[0.540s] Level 1:colcon.colcon_core.package_identification:_identify(src) by extension 'python_setup_py'
[0.540s] Level 1:colcon.colcon_core.package_identification:_identify(src/robot_description) by extensions ['ignore', 'ignore_ament_install']
[0.540s] Level 1:colcon.colcon_core.package_identification:_identify(src/robot_description) by extension 'ignore'
[0.540s] Level 1:colcon.colcon_core.package_identification:_identify(src/robot_description) by extension 'ignore_ament_install'
[0.540s] Level 1:colcon.colcon_core.package_identification:_identify(src/robot_description) by extensions ['colcon_pkg']
[0.540s] Level 1:colcon.colcon_core.package_identification:_identify(src/robot_description) by extension 'colcon_pkg'
[0.540s] Level 1:colcon.colcon_core.package_identification:_identify(src/robot_description) by extensions ['colcon_meta']
[0.540s] Level 1:colcon.colcon_core.package_identification:_identify(src/robot_description) by extension 'colcon_meta'
[0.540s] Level 1:colcon.colcon_core.package_identification:_identify(src/robot_description) by extensions ['ros']
[0.540s] Level 1:colcon.colcon_core.package_identification:_identify(src/robot_description) by extension 'ros'
[0.545s] DEBUG:colcon.colcon_core.package_identification:Package 'src/robot_description' with type 'ros.ament_python' and name 'robot_description'
[0.545s] Level 1:colcon.colcon_core.package_discovery:discover_packages(recursive) using defaults
[0.545s] Level 1:colcon.colcon_core.package_discovery:discover_packages(ignore) discover
[0.545s] Level 1:colcon.colcon_core.package_discovery:discover_packages(ignore) using defaults
[0.545s] Level 1:colcon.colcon_core.package_discovery:discover_packages(path) discover
[0.545s] Level 1:colcon.colcon_core.package_discovery:discover_packages(path) using defaults
[0.581s] Level 1:colcon.colcon_core.package_discovery:discover_packages(prefix_path) check parameters
[0.581s] Level 1:colcon.colcon_core.package_discovery:discover_packages(prefix_path) discover
[0.585s] DEBUG:colcon.colcon_installed_package_information.package_discovery:Found 342 installed packages in /opt/ros/jazzy
[0.586s] Level 1:colcon.colcon_core.package_discovery:discover_packages(prefix_path) using defaults
[0.627s] Level 5:colcon.colcon_core.verb:set package 'robot_description' build argument 'cmake_args' from command line to 'None'
[0.627s] Level 5:colcon.colcon_core.verb:set package 'robot_description' build argument 'cmake_target' from command line to 'None'
[0.627s] Level 5:colcon.colcon_core.verb:set package 'robot_description' build argument 'cmake_target_skip_unavailable' from command line to 'False'
[0.627s] Level 5:colcon.colcon_core.verb:set package 'robot_description' build argument 'cmake_clean_cache' from command line to 'False'
[0.628s] Level 5:colcon.colcon_core.verb:set package 'robot_description' build argument 'cmake_clean_first' from command line to 'False'
[0.628s] Level 5:colcon.colcon_core.verb:set package 'robot_description' build argument 'cmake_force_configure' from command line to 'False'
[0.628s] Level 5:colcon.colcon_core.verb:set package 'robot_description' build argument 'ament_cmake_args' from command line to 'None'
[0.628s] Level 5:colcon.colcon_core.verb:set package 'robot_description' build argument 'catkin_cmake_args' from command line to 'None'
[0.628s] Level 5:colcon.colcon_core.verb:set package 'robot_description' build argument 'catkin_skip_building_tests' from command line to 'False'
[0.628s] DEBUG:colcon.colcon_core.verb:Building package 'robot_description' with the following arguments: {'ament_cmake_args': None, 'build_base': '/home/david-romero/Proyectos/ros2_ws/build/robot_description', 'catkin_cmake_args': None, 'catkin_skip_building_tests': False, 'cmake_args': None, 'cmake_clean_cache': False, 'cmake_clean_first': False, 'cmake_force_configure': False, 'cmake_target': None, 'cmake_target_skip_unavailable': False, 'install_base': '/home/david-romero/Proyectos/ros2_ws/install/robot_description', 'merge_install': False, 'path': '/home/david-romero/Proyectos/ros2_ws/src/robot_description', 'symlink_install': False, 'test_result_base': None}
[0.628s] INFO:colcon.colcon_core.executor:Executing jobs using 'parallel' executor
[0.629s] DEBUG:colcon.colcon_parallel_executor.executor.parallel:run_until_complete
[0.629s] INFO:colcon.colcon_ros.task.ament_python.build:Building ROS package in '/home/david-romero/Proyectos/ros2_ws/src/robot_description' with build type 'ament_python'
[0.629s] Level 1:colcon.colcon_core.shell:create_environment_hook('robot_description', 'ament_prefix_path')
[0.636s] INFO:colcon.colcon_core.plugin_system:Skipping extension 'colcon_core.shell.bat': Not used on non-Windows systems
[0.636s] INFO:colcon.colcon_core.shell:Creating environment hook '/home/david-romero/Proyectos/ros2_ws/install/robot_description/share/robot_description/hook/ament_prefix_path.ps1'
[0.638s] INFO:colcon.colcon_core.shell:Creating environment descriptor '/home/david-romero/Proyectos/ros2_ws/install/robot_description/share/robot_description/hook/ament_prefix_path.dsv'
[0.638s] INFO:colcon.colcon_core.shell:Creating environment hook '/home/david-romero/Proyectos/ros2_ws/install/robot_description/share/robot_description/hook/ament_prefix_path.sh'
[0.639s] INFO:colcon.colcon_core.shell:Skip shell extension 'powershell' for command environment: Not usable outside of PowerShell
[0.639s] DEBUG:colcon.colcon_core.shell:Skip shell extension 'dsv' for command environment
[0.862s] INFO:colcon.colcon_core.task.python.build:Building Python package in '/home/david-romero/Proyectos/ros2_ws/src/robot_description'
[0.863s] INFO:colcon.colcon_core.shell:Skip shell extension 'powershell' for command environment: Not usable outside of PowerShell
[0.863s] DEBUG:colcon.colcon_core.shell:Skip shell extension 'dsv' for command environment
[1.770s] DEBUG:colcon.colcon_core.task.python.build:Available setuptools commands: register, rotate, init_catalog, build_scripts, dist_info, build_clib, bdist_wheel, build_ext, develop, easy_install, test, update_catalog, install_egg_info, saveopts, install_data, upload_docs, check, upload, install_headers, bdist_dumb, install_lib, install_scripts, egg_info, bdist, editable_wheel, build, bdist_rpm, symlink_data, compile_catalog, alias, setopt, clean, bdist_egg, build_py, sdist, install, extract_messages
[1.770s] DEBUG:colcon.colcon_core.event_handler.log_command:Invoking command in '/home/david-romero/Proyectos/ros2_ws/build/robot_description': DEBUGINFOD_URLS=https://debuginfod.ubuntu.com PYTHONPATH=/home/david-romero/Proyectos/ros2_ws/build/robot_description/prefix_override:/usr/lib/python3/dist-packages/colcon_core/task/python/colcon_distutils_commands:/home/david-romero/Proyectos/ros2_ws/install/robot_description/lib/python3.12/site-packages:${PYTHONPATH} /usr/bin/python3 -W ignore:setup.py install is deprecated -W ignore:easy_install command is deprecated setup.py develop --uninstall --editable --build-directory /home/david-romero/Proyectos/ros2_ws/build/robot_description/build
[2.323s] DEBUG:colcon.colcon_core.event_handler.log_command:Invoked command in '/home/david-romero/Proyectos/ros2_ws/build/robot_description' returned '0': DEBUGINFOD_URLS=https://debuginfod.ubuntu.com PYTHONPATH=/home/david-romero/Proyectos/ros2_ws/build/robot_description/prefix_override:/usr/lib/python3/dist-packages/colcon_core/task/python/colcon_distutils_commands:/home/david-romero/Proyectos/ros2_ws/install/robot_description/lib/python3.12/site-packages:${PYTHONPATH} /usr/bin/python3 -W ignore:setup.py install is deprecated -W ignore:easy_install command is deprecated setup.py develop --uninstall --editable --build-directory /home/david-romero/Proyectos/ros2_ws/build/robot_description/build
[2.324s] DEBUG:colcon.colcon_core.event_handler.log_command:Invoking command in '/home/david-romero/Proyectos/ros2_ws/src/robot_description': DEBUGINFOD_URLS=https://debuginfod.ubuntu.com PYTHONPATH=/home/david-romero/Proyectos/ros2_ws/build/robot_description/prefix_override:/usr/lib/python3/dist-packages/colcon_core/task/python/colcon_distutils_commands:/home/david-romero/Proyectos/ros2_ws/install/robot_description/lib/python3.12/site-packages:${PYTHONPATH} /usr/bin/python3 -W ignore:setup.py install is deprecated -W ignore:easy_install command is deprecated setup.py egg_info --egg-base ../../build/robot_description build --build-base /home/david-romero/Proyectos/ros2_ws/build/robot_description/build install --record /home/david-romero/Proyectos/ros2_ws/build/robot_description/install.log --install-scripts $base/lib/robot_description --single-version-externally-managed install_data --force
[2.871s] DEBUG:colcon.colcon_core.event_handler.log_command:Invoked command in '/home/david-romero/Proyectos/ros2_ws/src/robot_description' returned '0': DEBUGINFOD_URLS=https://debuginfod.ubuntu.com PYTHONPATH=/home/david-romero/Proyectos/ros2_ws/build/robot_description/prefix_override:/usr/lib/python3/dist-packages/colcon_core/task/python/colcon_distutils_commands:/home/david-romero/Proyectos/ros2_ws/install/robot_description/lib/python3.12/site-packages:${PYTHONPATH} /usr/bin/python3 -W ignore:setup.py install is deprecated -W ignore:easy_install command is deprecated setup.py egg_info --egg-base ../../build/robot_description build --build-base /home/david-romero/Proyectos/ros2_ws/build/robot_description/build install --record /home/david-romero/Proyectos/ros2_ws/build/robot_description/install.log --install-scripts $base/lib/robot_description --single-version-externally-managed install_data --force
[2.876s] Level 1:colcon.colcon_core.environment:checking '/home/david-romero/Proyectos/ros2_ws/install/robot_description' for CMake module files
[2.876s] Level 1:colcon.colcon_core.environment:checking '/home/david-romero/Proyectos/ros2_ws/install/robot_description' for CMake config files
[2.877s] Level 1:colcon.colcon_core.environment:checking '/home/david-romero/Proyectos/ros2_ws/install/robot_description/lib'
[2.877s] Level 1:colcon.colcon_core.environment:checking '/home/david-romero/Proyectos/ros2_ws/install/robot_description/bin'
[2.877s] Level 1:colcon.colcon_core.environment:checking '/home/david-romero/Proyectos/ros2_ws/install/robot_description/lib/pkgconfig/robot_description.pc'
[2.878s] Level 1:colcon.colcon_core.environment:checking '/home/david-romero/Proyectos/ros2_ws/install/robot_description/lib/python3.12/site-packages'
[2.878s] Level 1:colcon.colcon_core.shell:create_environment_hook('robot_description', 'pythonpath')
[2.878s] INFO:colcon.colcon_core.shell:Creating environment hook '/home/david-romero/Proyectos/ros2_ws/install/robot_description/share/robot_description/hook/pythonpath.ps1'
[2.879s] INFO:colcon.colcon_core.shell:Creating environment descriptor '/home/david-romero/Proyectos/ros2_ws/install/robot_description/share/robot_description/hook/pythonpath.dsv'
[2.879s] INFO:colcon.colcon_core.shell:Creating environment hook '/home/david-romero/Proyectos/ros2_ws/install/robot_description/share/robot_description/hook/pythonpath.sh'
[2.879s] Level 1:colcon.colcon_core.environment:checking '/home/david-romero/Proyectos/ros2_ws/install/robot_description/bin'
[2.880s] Level 1:colcon.colcon_core.environment:create_environment_scripts_only(robot_description)
[2.880s] INFO:colcon.colcon_core.shell:Creating package script '/home/david-romero/Proyectos/ros2_ws/install/robot_description/share/robot_description/package.ps1'
[2.881s] INFO:colcon.colcon_core.shell:Creating package descriptor '/home/david-romero/Proyectos/ros2_ws/install/robot_description/share/robot_description/package.dsv'
[2.881s] INFO:colcon.colcon_core.shell:Creating package script '/home/david-romero/Proyectos/ros2_ws/install/robot_description/share/robot_description/package.sh'
[2.882s] INFO:colcon.colcon_core.shell:Creating package script '/home/david-romero/Proyectos/ros2_ws/install/robot_description/share/robot_description/package.bash'
[2.883s] INFO:colcon.colcon_core.shell:Creating package script '/home/david-romero/Proyectos/ros2_ws/install/robot_description/share/robot_description/package.zsh'
[2.884s] Level 1:colcon.colcon_core.environment:create_file_with_runtime_dependencies(/home/david-romero/Proyectos/ros2_ws/install/robot_description/share/colcon-core/packages/robot_description)
[2.884s] DEBUG:colcon.colcon_parallel_executor.executor.parallel:closing loop
[2.885s] DEBUG:colcon.colcon_parallel_executor.executor.parallel:loop closed
[2.885s] DEBUG:colcon.colcon_parallel_executor.executor.parallel:run_until_complete finished with '0'
[2.885s] DEBUG:colcon.colcon_core.event_reactor:joining thread
[2.896s] INFO:colcon.colcon_core.plugin_system:Skipping extension 'colcon_notification.desktop_notification.terminal_notifier': Not used on non-Darwin systems
[2.896s] INFO:colcon.colcon_core.plugin_system:Skipping extension 'colcon_notification.desktop_notification.win32': Not used on non-Windows systems
[2.896s] INFO:colcon.colcon_notification.desktop_notification:Sending desktop notification using 'notify2'
[2.972s] DEBUG:colcon.colcon_core.event_reactor:joined thread
[2.973s] INFO:colcon.colcon_core.shell:Creating prefix script '/home/david-romero/Proyectos/ros2_ws/install/local_setup.ps1'
[2.974s] INFO:colcon.colcon_core.shell:Creating prefix util module '/home/david-romero/Proyectos/ros2_ws/install/_local_setup_util_ps1.py'
[2.977s] INFO:colcon.colcon_core.shell:Creating prefix chain script '/home/david-romero/Proyectos/ros2_ws/install/setup.ps1'
[2.978s] INFO:colcon.colcon_core.shell:Creating prefix script '/home/david-romero/Proyectos/ros2_ws/install/local_setup.sh'
[2.979s] INFO:colcon.colcon_core.shell:Creating prefix util module '/home/david-romero/Proyectos/ros2_ws/install/_local_setup_util_sh.py'
[2.980s] INFO:colcon.colcon_core.shell:Creating prefix chain script '/home/david-romero/Proyectos/ros2_ws/install/setup.sh'
[2.982s] INFO:colcon.colcon_core.shell:Creating prefix script '/home/david-romero/Proyectos/ros2_ws/install/local_setup.bash'
[2.983s] INFO:colcon.colcon_core.shell:Creating prefix chain script '/home/david-romero/Proyectos/ros2_ws/install/setup.bash'
[2.984s] INFO:colcon.colcon_core.shell:Creating prefix script '/home/david-romero/Proyectos/ros2_ws/install/local_setup.zsh'
[2.985s] INFO:colcon.colcon_core.shell:Creating prefix chain script '/home/david-romero/Proyectos/ros2_ws/install/setup.zsh'
