[3.669s] Invoking command in '/home/david-romero/Proyectos/robotica/src/scara_boceto': DEBUGINFOD_URLS=https://debuginfod.ubuntu.com PYTHONPATH=/home/david-romero/Proyectos/robotica/build/scara_boceto/prefix_override:/usr/lib/python3/dist-packages/colcon_core/task/python/colcon_distutils_commands:/home/david-romero/Proyectos/robotica/install/scara_boceto/lib/python3.12/site-packages:${PYTHONPATH} /usr/bin/python3 -W ignore:setup.py install is deprecated -W ignore:easy_install command is deprecated setup.py egg_info --egg-base ../../build/scara_boceto build --build-base /home/david-romero/Proyectos/robotica/build/scara_boceto/build install --record /home/david-romero/Proyectos/robotica/build/scara_boceto/install.log --install-scripts $base/lib/scara_boceto --single-version-externally-managed install_data
[4.498s] running egg_info
[4.581s] writing ../../build/scara_boceto/scara_boceto.egg-info/PKG-INFO
[4.582s] writing dependency_links to ../../build/scara_boceto/scara_boceto.egg-info/dependency_links.txt
[4.583s] writing entry points to ../../build/scara_boceto/scara_boceto.egg-info/entry_points.txt
[4.583s] writing top-level names to ../../build/scara_boceto/scara_boceto.egg-info/top_level.txt
[4.736s] reading manifest file '../../build/scara_boceto/scara_boceto.egg-info/SOURCES.txt'
[4.738s] writing manifest file '../../build/scara_boceto/scara_boceto.egg-info/SOURCES.txt'
[4.738s] running build
[4.738s] running build_py
[4.739s] running install
[4.754s] running install_lib
[4.803s] running install_data
[4.804s] running install_egg_info
[4.850s] removing '/home/david-romero/Proyectos/robotica/install/scara_boceto/lib/python3.12/site-packages/scara_boceto-0.0.0-py3.12.egg-info' (and everything under it)
[4.851s] Copying ../../build/scara_boceto/scara_boceto.egg-info to /home/david-romero/Proyectos/robotica/install/scara_boceto/lib/python3.12/site-packages/scara_boceto-0.0.0-py3.12.egg-info
[4.852s] running install_scripts
[5.087s] Installing fk_publisher script to /home/david-romero/Proyectos/robotica/install/scara_boceto/lib/scara_boceto
[5.087s] Installing gui_sliders script to /home/david-romero/Proyectos/robotica/install/scara_boceto/lib/scara_boceto
[5.088s] writing list of installed files to '/home/david-romero/Proyectos/robotica/build/scara_boceto/install.log'
[5.125s] Invoked command in '/home/david-romero/Proyectos/robotica/src/scara_boceto' returned '0': DEBUGINFOD_URLS=https://debuginfod.ubuntu.com PYTHONPATH=/home/david-romero/Proyectos/robotica/build/scara_boceto/prefix_override:/usr/lib/python3/dist-packages/colcon_core/task/python/colcon_distutils_commands:/home/david-romero/Proyectos/robotica/install/scara_boceto/lib/python3.12/site-packages:${PYTHONPATH} /usr/bin/python3 -W ignore:setup.py install is deprecated -W ignore:easy_install command is deprecated setup.py egg_info --egg-base ../../build/scara_boceto build --build-base /home/david-romero/Proyectos/robotica/build/scara_boceto/build install --record /home/david-romero/Proyectos/robotica/build/scara_boceto/install.log --install-scripts $base/lib/scara_boceto --single-version-externally-managed install_data
