[2.298s] Invoking command in '/home/david-romero/Proyectos/robotica/src/scara_boceto': DEBUGINFOD_URLS=https://debuginfod.ubuntu.com PYTHONPATH=/home/david-romero/Proyectos/robotica/build/scara_boceto/prefix_override:/usr/lib/python3/dist-packages/colcon_core/task/python/colcon_distutils_commands:/home/david-romero/Proyectos/robotica/install/scara_boceto/lib/python3.12/site-packages:${PYTHONPATH} /usr/bin/python3 -W ignore:setup.py install is deprecated -W ignore:easy_install command is deprecated setup.py egg_info --egg-base ../../build/scara_boceto build --build-base /home/david-romero/Proyectos/robotica/build/scara_boceto/build install --record /home/david-romero/Proyectos/robotica/build/scara_boceto/install.log --install-scripts $base/lib/scara_boceto --single-version-externally-managed install_data
[2.819s] running egg_info
[2.863s] writing ../../build/scara_boceto/scara_boceto.egg-info/PKG-INFO
[2.863s] writing dependency_links to ../../build/scara_boceto/scara_boceto.egg-info/dependency_links.txt
[2.864s] writing entry points to ../../build/scara_boceto/scara_boceto.egg-info/entry_points.txt
[2.864s] writing top-level names to ../../build/scara_boceto/scara_boceto.egg-info/top_level.txt
[2.947s] reading manifest file '../../build/scara_boceto/scara_boceto.egg-info/SOURCES.txt'
[2.949s] writing manifest file '../../build/scara_boceto/scara_boceto.egg-info/SOURCES.txt'
[2.949s] running build
[2.949s] running build_py
[2.950s] running install
[2.961s] running install_lib
[3.001s] running install_data
[3.001s] copying urdf/scara_boceto.urdf.xacro -> /home/david-romero/Proyectos/robotica/install/scara_boceto/share/scara_boceto/urdf
[3.002s] running install_egg_info
[3.044s] removing '/home/david-romero/Proyectos/robotica/install/scara_boceto/lib/python3.12/site-packages/scara_boceto-0.0.0-py3.12.egg-info' (and everything under it)
[3.044s] Copying ../../build/scara_boceto/scara_boceto.egg-info to /home/david-romero/Proyectos/robotica/install/scara_boceto/lib/python3.12/site-packages/scara_boceto-0.0.0-py3.12.egg-info
[3.045s] running install_scripts
[3.322s] Installing fk_publisher script to /home/david-romero/Proyectos/robotica/install/scara_boceto/lib/scara_boceto
[3.323s] Installing gui_sliders script to /home/david-romero/Proyectos/robotica/install/scara_boceto/lib/scara_boceto
[3.323s] writing list of installed files to '/home/david-romero/Proyectos/robotica/build/scara_boceto/install.log'
[3.386s] Invoked command in '/home/david-romero/Proyectos/robotica/src/scara_boceto' returned '0': DEBUGINFOD_URLS=https://debuginfod.ubuntu.com PYTHONPATH=/home/david-romero/Proyectos/robotica/build/scara_boceto/prefix_override:/usr/lib/python3/dist-packages/colcon_core/task/python/colcon_distutils_commands:/home/david-romero/Proyectos/robotica/install/scara_boceto/lib/python3.12/site-packages:${PYTHONPATH} /usr/bin/python3 -W ignore:setup.py install is deprecated -W ignore:easy_install command is deprecated setup.py egg_info --egg-base ../../build/scara_boceto build --build-base /home/david-romero/Proyectos/robotica/build/scara_boceto/build install --record /home/david-romero/Proyectos/robotica/build/scara_boceto/install.log --install-scripts $base/lib/scara_boceto --single-version-externally-managed install_data
