[2.048s] Invoking command in '/home/david-romero/Proyectos/robotica/src/scara_cajas': DEBUGINFOD_URLS=https://debuginfod.ubuntu.com PYTHONPATH=/home/david-romero/Proyectos/robotica/build/scara_cajas/prefix_override:/usr/lib/python3/dist-packages/colcon_core/task/python/colcon_distutils_commands:/home/david-romero/Proyectos/robotica/install/scara_cajas/lib/python3.12/site-packages:${PYTHONPATH} /usr/bin/python3 -W ignore:setup.py install is deprecated -W ignore:easy_install command is deprecated setup.py egg_info --egg-base ../../build/scara_cajas build --build-base /home/david-romero/Proyectos/robotica/build/scara_cajas/build install --record /home/david-romero/Proyectos/robotica/build/scara_cajas/install.log --install-scripts $base/lib/scara_cajas --single-version-externally-managed install_data
[2.514s] running egg_info
[2.549s] writing ../../build/scara_cajas/scara_cajas.egg-info/PKG-INFO
[2.550s] writing dependency_links to ../../build/scara_cajas/scara_cajas.egg-info/dependency_links.txt
[2.550s] writing entry points to ../../build/scara_cajas/scara_cajas.egg-info/entry_points.txt
[2.551s] writing requirements to ../../build/scara_cajas/scara_cajas.egg-info/requires.txt
[2.551s] writing top-level names to ../../build/scara_cajas/scara_cajas.egg-info/top_level.txt
[2.624s] reading manifest file '../../build/scara_cajas/scara_cajas.egg-info/SOURCES.txt'
[2.625s] writing manifest file '../../build/scara_cajas/scara_cajas.egg-info/SOURCES.txt'
[2.625s] running build
[2.626s] running build_py
[2.626s] copying scara_cajas/gui_presets.py -> /home/david-romero/Proyectos/robotica/build/scara_cajas/build/lib/scara_cajas
[2.626s] running install
[2.637s] running install_lib
[2.672s] copying /home/david-romero/Proyectos/robotica/build/scara_cajas/build/lib/scara_cajas/gui_presets.py -> /home/david-romero/Proyectos/robotica/install/scara_cajas/lib/python3.12/site-packages/scara_cajas
[2.673s] byte-compiling /home/david-romero/Proyectos/robotica/install/scara_cajas/lib/python3.12/site-packages/scara_cajas/gui_presets.py to gui_presets.cpython-312.pyc
[2.675s] running install_data
[2.675s] running install_egg_info
[2.716s] removing '/home/david-romero/Proyectos/robotica/install/scara_cajas/lib/python3.12/site-packages/scara_cajas-0.0.0-py3.12.egg-info' (and everything under it)
[2.717s] Copying ../../build/scara_cajas/scara_cajas.egg-info to /home/david-romero/Proyectos/robotica/install/scara_cajas/lib/python3.12/site-packages/scara_cajas-0.0.0-py3.12.egg-info
[2.718s] running install_scripts
[2.987s] Installing gui_presets script to /home/david-romero/Proyectos/robotica/install/scara_cajas/lib/scara_cajas
[2.988s] writing list of installed files to '/home/david-romero/Proyectos/robotica/build/scara_cajas/install.log'
[3.078s] Invoked command in '/home/david-romero/Proyectos/robotica/src/scara_cajas' returned '0': DEBUGINFOD_URLS=https://debuginfod.ubuntu.com PYTHONPATH=/home/david-romero/Proyectos/robotica/build/scara_cajas/prefix_override:/usr/lib/python3/dist-packages/colcon_core/task/python/colcon_distutils_commands:/home/david-romero/Proyectos/robotica/install/scara_cajas/lib/python3.12/site-packages:${PYTHONPATH} /usr/bin/python3 -W ignore:setup.py install is deprecated -W ignore:easy_install command is deprecated setup.py egg_info --egg-base ../../build/scara_cajas build --build-base /home/david-romero/Proyectos/robotica/build/scara_cajas/build install --record /home/david-romero/Proyectos/robotica/build/scara_cajas/install.log --install-scripts $base/lib/scara_cajas --single-version-externally-managed install_data
