[0.159s] DEBUG:colcon:Command line arguments: ['/usr/bin/colcon', 'build']
[0.159s] DEBUG:colcon:Parsed command line arguments: Namespace(log_base=None, log_level=None, verb_name='build', build_base='build', install_base='install', merge_install=False, symlink_install=False, test_result_base=None, continue_on_error=False, executor='parallel', parallel_workers=8, event_handlers=None, ignore_user_meta=False, metas=['./colcon.meta'], base_paths=['.'], packages_ignore=None, packages_ignore_regex=None, paths=None, packages_up_to=None, packages_up_to_regex=None, packages_above=None, packages_above_and_dependencies=None, packages_above_depth=None, packages_select_by_dep=None, packages_skip_by_dep=None, packages_skip_up_to=None, packages_select_build_failed=False, packages_skip_build_finished=False, packages_select_test_failures=False, packages_skip_test_passed=False, packages_select=None, packages_skip=None, packages_select_regex=None, packages_skip_regex=None, packages_start=None, packages_end=None, allow_overriding=[], cmake_args=None, cmake_target=None, cmake_target_skip_unavailable=False, cmake_clean_cache=False, cmake_clean_first=False, cmake_force_configure=False, ament_cmake_args=None, catkin_cmake_args=None, catkin_skip_building_tests=False, mixin_files=None, mixin=None, verb_parser=<colcon_mixin.mixin.mixin_argument.MixinArgumentDecorator object at 0x7d84741c81d0>, verb_extension=<colcon_core.verb.build.BuildVerb object at 0x7d847419bfe0>, main=<bound method BuildVerb.main of <colcon_core.verb.build.BuildVerb object at 0x7d847419bfe0>>, mixin_verb=('build',))
[0.198s] Level 1:colcon.colcon_core.package_discovery:discover_packages(colcon_meta) check parameters
[0.199s] Level 1:colcon.colcon_core.package_discovery:discover_packages(recursive) check parameters
[0.199s] Level 1:colcon.colcon_core.package_discovery:discover_packages(ignore) check parameters
[0.199s] Level 1:colcon.colcon_core.package_discovery:discover_packages(path) check parameters
[0.199s] Level 1:colcon.colcon_core.package_discovery:discover_packages(colcon_meta) discover
[0.199s] Level 1:colcon.colcon_core.package_discovery:discover_packages(recursive) discover
[0.199s] INFO:colcon.colcon_core.package_discovery:Crawling recursively for packages in '/home/david-romero/Proyectos/robotica'
[0.199s] Level 1:colcon.colcon_core.package_identification:_identify(.) by extensions ['ignore', 'ignore_ament_install']
[0.199s] Level 1:colcon.colcon_core.package_identification:_identify(.) by extension 'ignore'
[0.199s] Level 1:colcon.colcon_core.package_identification:_identify(.) by extension 'ignore_ament_install'
[0.199s] Level 1:colcon.colcon_core.package_identification:_identify(.) by extensions ['colcon_pkg']
[0.199s] Level 1:colcon.colcon_core.package_identification:_identify(.) by extension 'colcon_pkg'
[0.199s] Level 1:colcon.colcon_core.package_identification:_identify(.) by extensions ['colcon_meta']
[0.199s] Level 1:colcon.colcon_core.package_identification:_identify(.) by extension 'colcon_meta'
[0.200s] Level 1:colcon.colcon_core.package_identification:_identify(.) by extensions ['ros']
[0.200s] Level 1:colcon.colcon_core.package_identification:_identify(.) by extension 'ros'
[0.226s] Level 1:colcon.colcon_core.package_identification:_identify(.) by extensions ['cmake', 'python']
[0.226s] Level 1:colcon.colcon_core.package_identification:_identify(.) by extension 'cmake'
[0.226s] Level 1:colcon.colcon_core.package_identification:_identify(.) by extension 'python'
[0.226s] Level 1:colcon.colcon_core.package_identification:_identify(.) by extensions ['python_setup_py']
[0.226s] Level 1:colcon.colcon_core.package_identification:_identify(.) by extension 'python_setup_py'
[0.226s] Level 1:colcon.colcon_core.package_identification:_identify(build) by extensions ['ignore', 'ignore_ament_install']
[0.226s] Level 1:colcon.colcon_core.package_identification:_identify(build) by extension 'ignore'
[0.226s] Level 1:colcon.colcon_core.package_identification:_identify(build) ignored
[0.226s] Level 1:colcon.colcon_core.package_identification:_identify(install) by extensions ['ignore', 'ignore_ament_install']
[0.227s] Level 1:colcon.colcon_core.package_identification:_identify(install) by extension 'ignore'
[0.227s] Level 1:colcon.colcon_core.package_identification:_identify(install) ignored
[0.227s] Level 1:colcon.colcon_core.package_identification:_identify(log) by extensions ['ignore', 'ignore_ament_install']
[0.227s] Level 1:colcon.colcon_core.package_identification:_identify(log) by extension 'ignore'
[0.227s] Level 1:colcon.colcon_core.package_identification:_identify(log) ignored
[0.227s] Level 1:colcon.colcon_core.package_identification:_identify(src) by extensions ['ignore', 'ignore_ament_install']
[0.227s] Level 1:colcon.colcon_core.package_identification:_identify(src) by extension 'ignore'
[0.227s] Level 1:colcon.colcon_core.package_identification:_identify(src) by extension 'ignore_ament_install'
[0.227s] Level 1:colcon.colcon_core.package_identification:_identify(src) by extensions ['colcon_pkg']
[0.227s] Level 1:colcon.colcon_core.package_identification:_identify(src) by extension 'colcon_pkg'
[0.227s] Level 1:colcon.colcon_core.package_identification:_identify(src) by extensions ['colcon_meta']
[0.227s] Level 1:colcon.colcon_core.package_identification:_identify(src) by extension 'colcon_meta'
[0.227s] Level 1:colcon.colcon_core.package_identification:_identify(src) by extensions ['ros']
[0.227s] Level 1:colcon.colcon_core.package_identification:_identify(src) by extension 'ros'
[0.227s] Level 1:colcon.colcon_core.package_identification:_identify(src) by extensions ['cmake', 'python']
[0.227s] Level 1:colcon.colcon_core.package_identification:_identify(src) by extension 'cmake'
[0.228s] Level 1:colcon.colcon_core.package_identification:_identify(src) by extension 'python'
[0.228s] Level 1:colcon.colcon_core.package_identification:_identify(src) by extensions ['python_setup_py']
[0.228s] Level 1:colcon.colcon_core.package_identification:_identify(src) by extension 'python_setup_py'
[0.228s] Level 1:colcon.colcon_core.package_identification:_identify(src/antrop_parcial) by extensions ['ignore', 'ignore_ament_install']
[0.228s] Level 1:colcon.colcon_core.package_identification:_identify(src/antrop_parcial) by extension 'ignore'
[0.228s] Level 1:colcon.colcon_core.package_identification:_identify(src/antrop_parcial) by extension 'ignore_ament_install'
[0.228s] Level 1:colcon.colcon_core.package_identification:_identify(src/antrop_parcial) by extensions ['colcon_pkg']
[0.228s] Level 1:colcon.colcon_core.package_identification:_identify(src/antrop_parcial) by extension 'colcon_pkg'
[0.228s] Level 1:colcon.colcon_core.package_identification:_identify(src/antrop_parcial) by extensions ['colcon_meta']
[0.228s] Level 1:colcon.colcon_core.package_identification:_identify(src/antrop_parcial) by extension 'colcon_meta'
[0.228s] Level 1:colcon.colcon_core.package_identification:_identify(src/antrop_parcial) by extensions ['ros']
[0.228s] Level 1:colcon.colcon_core.package_identification:_identify(src/antrop_parcial) by extension 'ros'
[0.231s] DEBUG:colcon.colcon_core.package_identification:Package 'src/antrop_parcial' with type 'ros.ament_python' and name 'antrop_parcial'
[0.231s] Level 1:colcon.colcon_core.package_identification:_identify(src/scara_boceto) by extensions ['ignore', 'ignore_ament_install']
[0.231s] Level 1:colcon.colcon_core.package_identification:_identify(src/scara_boceto) by extension 'ignore'
[0.231s] Level 1:colcon.colcon_core.package_identification:_identify(src/scara_boceto) by extension 'ignore_ament_install'
[0.231s] Level 1:colcon.colcon_core.package_identification:_identify(src/scara_boceto) by extensions ['colcon_pkg']
[0.231s] Level 1:colcon.colcon_core.package_identification:_identify(src/scara_boceto) by extension 'colcon_pkg'
[0.231s] Level 1:colcon.colcon_core.package_identification:_identify(src/scara_boceto) by extensions ['colcon_meta']
[0.231s] Level 1:colcon.colcon_core.package_identification:_identify(src/scara_boceto) by extension 'colcon_meta'
[0.231s] Level 1:colcon.colcon_core.package_identification:_identify(src/scara_boceto) by extensions ['ros']
[0.231s] Level 1:colcon.colcon_core.package_identification:_identify(src/scara_boceto) by extension 'ros'
[0.232s] DEBUG:colcon.colcon_core.package_identification:Package 'src/scara_boceto' with type 'ros.ament_python' and name 'scara_boceto'
[0.232s] Level 1:colcon.colcon_core.package_identification:_identify(src/scara_cajas) by extensions ['ignore', 'ignore_ament_install']
[0.232s] Level 1:colcon.colcon_core.package_identification:_identify(src/scara_cajas) by extension 'ignore'
[0.232s] Level 1:colcon.colcon_core.package_identification:_identify(src/scara_cajas) by extension 'ignore_ament_install'
[0.232s] Level 1:colcon.colcon_core.package_identification:_identify(src/scara_cajas) by extensions ['colcon_pkg']
[0.232s] Level 1:colcon.colcon_core.package_identification:_identify(src/scara_cajas) by extension 'colcon_pkg'
[0.232s] Level 1:colcon.colcon_core.package_identification:_identify(src/scara_cajas) by extensions ['colcon_meta']
[0.232s] Level 1:colcon.colcon_core.package_identification:_identify(src/scara_cajas) by extension 'colcon_meta'
[0.232s] Level 1:colcon.colcon_core.package_identification:_identify(src/scara_cajas) by extensions ['ros']
[0.232s] Level 1:colcon.colcon_core.package_identification:_identify(src/scara_cajas) by extension 'ros'
[0.233s] DEBUG:colcon.colcon_core.package_identification:Package 'src/scara_cajas' with type 'ros.ament_python' and name 'scara_cajas'
[0.233s] Level 1:colcon.colcon_core.package_identification:_identify(src/scara_parcial) by extensions ['ignore', 'ignore_ament_install']
[0.233s] Level 1:colcon.colcon_core.package_identification:_identify(src/scara_parcial) by extension 'ignore'
[0.233s] Level 1:colcon.colcon_core.package_identification:_identify(src/scara_parcial) by extension 'ignore_ament_install'
[0.233s] Level 1:colcon.colcon_core.package_identification:_identify(src/scara_parcial) by extensions ['colcon_pkg']
[0.233s] Level 1:colcon.colcon_core.package_identification:_identify(src/scara_parcial) by extension 'colcon_pkg'
[0.233s] Level 1:colcon.colcon_core.package_identification:_identify(src/scara_parcial) by extensions ['colcon_meta']
[0.233s] Level 1:colcon.colcon_core.package_identification:_identify(src/scara_parcial) by extension 'colcon_meta'
[0.233s] Level 1:colcon.colcon_core.package_identification:_identify(src/scara_parcial) by extensions ['ros']
[0.233s] Level 1:colcon.colcon_core.package_identification:_identify(src/scara_parcial) by extension 'ros'
[0.234s] DEBUG:colcon.colcon_core.package_identification:Package 'src/scara_parcial' with type 'ros.ament_python' and name 'scara_parcial'
[0.234s] Level 1:colcon.colcon_core.package_identification:_identify(src/ttcc) by extensions ['ignore', 'ignore_ament_install']
[0.234s] Level 1:colcon.colcon_core.package_identification:_identify(src/ttcc) by extension 'ignore'
[0.235s] Level 1:colcon.colcon_core.package_identification:_identify(src/ttcc) by extension 'ignore_ament_install'
[0.235s] Level 1:colcon.colcon_core.package_identification:_identify(src/ttcc) by extensions ['colcon_pkg']
[0.235s] Level 1:colcon.colcon_core.package_identification:_identify(src/ttcc) by extension 'colcon_pkg'
[0.235s] Level 1:colcon.colcon_core.package_identification:_identify(src/ttcc) by extensions ['colcon_meta']
[0.235s] Level 1:colcon.colcon_core.package_identification:_identify(src/ttcc) by extension 'colcon_meta'
[0.235s] Level 1:colcon.colcon_core.package_identification:_identify(src/ttcc) by extensions ['ros']
[0.235s] Level 1:colcon.colcon_core.package_identification:_identify(src/ttcc) by extension 'ros'
[0.236s] DEBUG:colcon.colcon_core.package_identification:Package 'src/ttcc' with type 'ros.ament_python' and name 'ttcc'
[0.236s] Level 1:colcon.colcon_core.package_discovery:discover_packages(recursive) using defaults
[0.236s] Level 1:colcon.colcon_core.package_discovery:discover_packages(ignore) discover
[0.236s] Level 1:colcon.colcon_core.package_discovery:discover_packages(ignore) using defaults
[0.236s] Level 1:colcon.colcon_core.package_discovery:discover_packages(path) discover
[0.236s] Level 1:colcon.colcon_core.package_discovery:discover_packages(path) using defaults
[0.261s] Level 1:colcon.colcon_core.package_discovery:discover_packages(prefix_path) check parameters
[0.262s] Level 1:colcon.colcon_core.package_discovery:discover_packages(prefix_path) discover
[0.265s] DEBUG:colcon.colcon_installed_package_information.package_discovery:Found 5 installed packages in /home/david-romero/Proyectos/robotica/install
[0.267s] DEBUG:colcon.colcon_installed_package_information.package_discovery:Found 373 installed packages in /opt/ros/jazzy
[0.269s] Level 1:colcon.colcon_core.package_discovery:discover_packages(prefix_path) using defaults
[0.368s] Level 5:colcon.colcon_core.verb:set package 'antrop_parcial' build argument 'cmake_args' from command line to 'None'
[0.369s] Level 5:colcon.colcon_core.verb:set package 'antrop_parcial' build argument 'cmake_target' from command line to 'None'
[0.369s] Level 5:colcon.colcon_core.verb:set package 'antrop_parcial' build argument 'cmake_target_skip_unavailable' from command line to 'False'
[0.369s] Level 5:colcon.colcon_core.verb:set package 'antrop_parcial' build argument 'cmake_clean_cache' from command line to 'False'
[0.369s] Level 5:colcon.colcon_core.verb:set package 'antrop_parcial' build argument 'cmake_clean_first' from command line to 'False'
[0.369s] Level 5:colcon.colcon_core.verb:set package 'antrop_parcial' build argument 'cmake_force_configure' from command line to 'False'
[0.369s] Level 5:colcon.colcon_core.verb:set package 'antrop_parcial' build argument 'ament_cmake_args' from command line to 'None'
[0.369s] Level 5:colcon.colcon_core.verb:set package 'antrop_parcial' build argument 'catkin_cmake_args' from command line to 'None'
[0.369s] Level 5:colcon.colcon_core.verb:set package 'antrop_parcial' build argument 'catkin_skip_building_tests' from command line to 'False'
[0.369s] DEBUG:colcon.colcon_core.verb:Building package 'antrop_parcial' with the following arguments: {'ament_cmake_args': None, 'build_base': '/home/david-romero/Proyectos/robotica/build/antrop_parcial', 'catkin_cmake_args': None, 'catkin_skip_building_tests': False, 'cmake_args': None, 'cmake_clean_cache': False, 'cmake_clean_first': False, 'cmake_force_configure': False, 'cmake_target': None, 'cmake_target_skip_unavailable': False, 'install_base': '/home/david-romero/Proyectos/robotica/install/antrop_parcial', 'merge_install': False, 'path': '/home/david-romero/Proyectos/robotica/src/antrop_parcial', 'symlink_install': False, 'test_result_base': None}
[0.369s] Level 5:colcon.colcon_core.verb:set package 'scara_boceto' build argument 'cmake_args' from command line to 'None'
[0.369s] Level 5:colcon.colcon_core.verb:set package 'scara_boceto' build argument 'cmake_target' from command line to 'None'
[0.369s] Level 5:colcon.colcon_core.verb:set package 'scara_boceto' build argument 'cmake_target_skip_unavailable' from command line to 'False'
[0.369s] Level 5:colcon.colcon_core.verb:set package 'scara_boceto' build argument 'cmake_clean_cache' from command line to 'False'
[0.369s] Level 5:colcon.colcon_core.verb:set package 'scara_boceto' build argument 'cmake_clean_first' from command line to 'False'
[0.369s] Level 5:colcon.colcon_core.verb:set package 'scara_boceto' build argument 'cmake_force_configure' from command line to 'False'
[0.369s] Level 5:colcon.colcon_core.verb:set package 'scara_boceto' build argument 'ament_cmake_args' from command line to 'None'
[0.369s] Level 5:colcon.colcon_core.verb:set package 'scara_boceto' build argument 'catkin_cmake_args' from command line to 'None'
[0.369s] Level 5:colcon.colcon_core.verb:set package 'scara_boceto' build argument 'catkin_skip_building_tests' from command line to 'False'
[0.369s] DEBUG:colcon.colcon_core.verb:Building package 'scara_boceto' with the following arguments: {'ament_cmake_args': None, 'build_base': '/home/david-romero/Proyectos/robotica/build/scara_boceto', 'catkin_cmake_args': None, 'catkin_skip_building_tests': False, 'cmake_args': None, 'cmake_clean_cache': False, 'cmake_clean_first': False, 'cmake_force_configure': False, 'cmake_target': None, 'cmake_target_skip_unavailable': False, 'install_base': '/home/david-romero/Proyectos/robotica/install/scara_boceto', 'merge_install': False, 'path': '/home/david-romero/Proyectos/robotica/src/scara_boceto', 'symlink_install': False, 'test_result_base': None}
[0.370s] Level 5:colcon.colcon_core.verb:set package 'scara_cajas' build argument 'cmake_args' from command line to 'None'
[0.370s] Level 5:colcon.colcon_core.verb:set package 'scara_cajas' build argument 'cmake_target' from command line to 'None'
[0.370s] Level 5:colcon.colcon_core.verb:set package 'scara_cajas' build argument 'cmake_target_skip_unavailable' from command line to 'False'
[0.370s] Level 5:colcon.colcon_core.verb:set package 'scara_cajas' build argument 'cmake_clean_cache' from command line to 'False'
[0.370s] Level 5:colcon.colcon_core.verb:set package 'scara_cajas' build argument 'cmake_clean_first' from command line to 'False'
[0.370s] Level 5:colcon.colcon_core.verb:set package 'scara_cajas' build argument 'cmake_force_configure' from command line to 'False'
[0.370s] Level 5:colcon.colcon_core.verb:set package 'scara_cajas' build argument 'ament_cmake_args' from command line to 'None'
[0.370s] Level 5:colcon.colcon_core.verb:set package 'scara_cajas' build argument 'catkin_cmake_args' from command line to 'None'
[0.370s] Level 5:colcon.colcon_core.verb:set package 'scara_cajas' build argument 'catkin_skip_building_tests' from command line to 'False'
[0.370s] DEBUG:colcon.colcon_core.verb:Building package 'scara_cajas' with the following arguments: {'ament_cmake_args': None, 'build_base': '/home/david-romero/Proyectos/robotica/build/scara_cajas', 'catkin_cmake_args': None, 'catkin_skip_building_tests': False, 'cmake_args': None, 'cmake_clean_cache': False, 'cmake_clean_first': False, 'cmake_force_configure': False, 'cmake_target': None, 'cmake_target_skip_unavailable': False, 'install_base': '/home/david-romero/Proyectos/robotica/install/scara_cajas', 'merge_install': False, 'path': '/home/david-romero/Proyectos/robotica/src/scara_cajas', 'symlink_install': False, 'test_result_base': None}
[0.370s] Level 5:colcon.colcon_core.verb:set package 'scara_parcial' build argument 'cmake_args' from command line to 'None'
[0.370s] Level 5:colcon.colcon_core.verb:set package 'scara_parcial' build argument 'cmake_target' from command line to 'None'
[0.370s] Level 5:colcon.colcon_core.verb:set package 'scara_parcial' build argument 'cmake_target_skip_unavailable' from command line to 'False'
[0.370s] Level 5:colcon.colcon_core.verb:set package 'scara_parcial' build argument 'cmake_clean_cache' from command line to 'False'
[0.370s] Level 5:colcon.colcon_core.verb:set package 'scara_parcial' build argument 'cmake_clean_first' from command line to 'False'
[0.370s] Level 5:colcon.colcon_core.verb:set package 'scara_parcial' build argument 'cmake_force_configure' from command line to 'False'
[0.370s] Level 5:colcon.colcon_core.verb:set package 'scara_parcial' build argument 'ament_cmake_args' from command line to 'None'
[0.370s] Level 5:colcon.colcon_core.verb:set package 'scara_parcial' build argument 'catkin_cmake_args' from command line to 'None'
[0.370s] Level 5:colcon.colcon_core.verb:set package 'scara_parcial' build argument 'catkin_skip_building_tests' from command line to 'False'
[0.370s] DEBUG:colcon.colcon_core.verb:Building package 'scara_parcial' with the following arguments: {'ament_cmake_args': None, 'build_base': '/home/david-romero/Proyectos/robotica/build/scara_parcial', 'catkin_cmake_args': None, 'catkin_skip_building_tests': False, 'cmake_args': None, 'cmake_clean_cache': False, 'cmake_clean_first': False, 'cmake_force_configure': False, 'cmake_target': None, 'cmake_target_skip_unavailable': False, 'install_base': '/home/david-romero/Proyectos/robotica/install/scara_parcial', 'merge_install': False, 'path': '/home/david-romero/Proyectos/robotica/src/scara_parcial', 'symlink_install': False, 'test_result_base': None}
[0.370s] Level 5:colcon.colcon_core.verb:set package 'ttcc' build argument 'cmake_args' from command line to 'None'
[0.370s] Level 5:colcon.colcon_core.verb:set package 'ttcc' build argument 'cmake_target' from command line to 'None'
[0.370s] Level 5:colcon.colcon_core.verb:set package 'ttcc' build argument 'cmake_target_skip_unavailable' from command line to 'False'
[0.371s] Level 5:colcon.colcon_core.verb:set package 'ttcc' build argument 'cmake_clean_cache' from command line to 'False'
[0.371s] Level 5:colcon.colcon_core.verb:set package 'ttcc' build argument 'cmake_clean_first' from command line to 'False'
[0.371s] Level 5:colcon.colcon_core.verb:set package 'ttcc' build argument 'cmake_force_configure' from command line to 'False'
[0.371s] Level 5:colcon.colcon_core.verb:set package 'ttcc' build argument 'ament_cmake_args' from command line to 'None'
[0.371s] Level 5:colcon.colcon_core.verb:set package 'ttcc' build argument 'catkin_cmake_args' from command line to 'None'
[0.371s] Level 5:colcon.colcon_core.verb:set package 'ttcc' build argument 'catkin_skip_building_tests' from command line to 'False'
[0.371s] DEBUG:colcon.colcon_core.verb:Building package 'ttcc' with the following arguments: {'ament_cmake_args': None, 'build_base': '/home/david-romero/Proyectos/robotica/build/ttcc', 'catkin_cmake_args': None, 'catkin_skip_building_tests': False, 'cmake_args': None, 'cmake_clean_cache': False, 'cmake_clean_first': False, 'cmake_force_configure': False, 'cmake_target': None, 'cmake_target_skip_unavailable': False, 'install_base': '/home/david-romero/Proyectos/robotica/install/ttcc', 'merge_install': False, 'path': '/home/david-romero/Proyectos/robotica/src/ttcc', 'symlink_install': False, 'test_result_base': None}
[0.371s] INFO:colcon.colcon_core.executor:Executing jobs using 'parallel' executor
[0.372s] DEBUG:colcon.colcon_parallel_executor.executor.parallel:run_until_complete
[0.372s] INFO:colcon.colcon_ros.task.ament_python.build:Building ROS package in '/home/david-romero/Proyectos/robotica/src/antrop_parcial' with build type 'ament_python'
[0.372s] Level 1:colcon.colcon_core.shell:create_environment_hook('antrop_parcial', 'ament_prefix_path')
[0.378s] INFO:colcon.colcon_core.plugin_system:Skipping extension 'colcon_core.shell.bat': Not used on non-Windows systems
[0.378s] INFO:colcon.colcon_core.shell:Creating environment hook '/home/david-romero/Proyectos/robotica/install/antrop_parcial/share/antrop_parcial/hook/ament_prefix_path.ps1'
[0.379s] INFO:colcon.colcon_core.shell:Creating environment descriptor '/home/david-romero/Proyectos/robotica/install/antrop_parcial/share/antrop_parcial/hook/ament_prefix_path.dsv'
[0.380s] INFO:colcon.colcon_core.shell:Creating environment hook '/home/david-romero/Proyectos/robotica/install/antrop_parcial/share/antrop_parcial/hook/ament_prefix_path.sh'
[0.381s] INFO:colcon.colcon_core.shell:Skip shell extension 'powershell' for command environment: Not usable outside of PowerShell
[0.381s] DEBUG:colcon.colcon_core.shell:Skip shell extension 'dsv' for command environment
[0.385s] INFO:colcon.colcon_ros.task.ament_python.build:Building ROS package in '/home/david-romero/Proyectos/robotica/src/scara_boceto' with build type 'ament_python'
[0.385s] Level 1:colcon.colcon_core.shell:create_environment_hook('scara_boceto', 'ament_prefix_path')
[0.386s] INFO:colcon.colcon_core.shell:Creating environment hook '/home/david-romero/Proyectos/robotica/install/scara_boceto/share/scara_boceto/hook/ament_prefix_path.ps1'
[0.386s] INFO:colcon.colcon_core.shell:Creating environment descriptor '/home/david-romero/Proyectos/robotica/install/scara_boceto/share/scara_boceto/hook/ament_prefix_path.dsv'
[0.387s] INFO:colcon.colcon_core.shell:Creating environment hook '/home/david-romero/Proyectos/robotica/install/scara_boceto/share/scara_boceto/hook/ament_prefix_path.sh'
[0.387s] INFO:colcon.colcon_core.shell:Skip shell extension 'powershell' for command environment: Not usable outside of PowerShell
[0.387s] DEBUG:colcon.colcon_core.shell:Skip shell extension 'dsv' for command environment
[0.391s] INFO:colcon.colcon_ros.task.ament_python.build:Building ROS package in '/home/david-romero/Proyectos/robotica/src/scara_cajas' with build type 'ament_python'
[0.391s] Level 1:colcon.colcon_core.shell:create_environment_hook('scara_cajas', 'ament_prefix_path')
[0.392s] INFO:colcon.colcon_core.shell:Creating environment hook '/home/david-romero/Proyectos/robotica/install/scara_cajas/share/scara_cajas/hook/ament_prefix_path.ps1'
[0.393s] INFO:colcon.colcon_core.shell:Creating environment descriptor '/home/david-romero/Proyectos/robotica/install/scara_cajas/share/scara_cajas/hook/ament_prefix_path.dsv'
[0.393s] INFO:colcon.colcon_core.shell:Creating environment hook '/home/david-romero/Proyectos/robotica/install/scara_cajas/share/scara_cajas/hook/ament_prefix_path.sh'
[0.394s] INFO:colcon.colcon_core.shell:Skip shell extension 'powershell' for command environment: Not usable outside of PowerShell
[0.394s] DEBUG:colcon.colcon_core.shell:Skip shell extension 'dsv' for command environment
[0.402s] INFO:colcon.colcon_ros.task.ament_python.build:Building ROS package in '/home/david-romero/Proyectos/robotica/src/scara_parcial' with build type 'ament_python'
[0.402s] Level 1:colcon.colcon_core.shell:create_environment_hook('scara_parcial', 'ament_prefix_path')
[0.402s] INFO:colcon.colcon_core.shell:Creating environment hook '/home/david-romero/Proyectos/robotica/install/scara_parcial/share/scara_parcial/hook/ament_prefix_path.ps1'
[0.403s] INFO:colcon.colcon_core.shell:Creating environment descriptor '/home/david-romero/Proyectos/robotica/install/scara_parcial/share/scara_parcial/hook/ament_prefix_path.dsv'
[0.404s] INFO:colcon.colcon_core.shell:Creating environment hook '/home/david-romero/Proyectos/robotica/install/scara_parcial/share/scara_parcial/hook/ament_prefix_path.sh'
[0.405s] INFO:colcon.colcon_core.shell:Skip shell extension 'powershell' for command environment: Not usable outside of PowerShell
[0.405s] DEBUG:colcon.colcon_core.shell:Skip shell extension 'dsv' for command environment
[0.409s] INFO:colcon.colcon_ros.task.ament_python.build:Building ROS package in '/home/david-romero/Proyectos/robotica/src/ttcc' with build type 'ament_python'
[0.409s] Level 1:colcon.colcon_core.shell:create_environment_hook('ttcc', 'ament_prefix_path')
[0.410s] INFO:colcon.colcon_core.shell:Creating environment hook '/home/david-romero/Proyectos/robotica/install/ttcc/share/ttcc/hook/ament_prefix_path.ps1'
[0.410s] INFO:colcon.colcon_core.shell:Creating environment descriptor '/home/david-romero/Proyectos/robotica/install/ttcc/share/ttcc/hook/ament_prefix_path.dsv'
[0.411s] INFO:colcon.colcon_core.shell:Creating environment hook '/home/david-romero/Proyectos/robotica/install/ttcc/share/ttcc/hook/ament_prefix_path.sh'
[0.411s] INFO:colcon.colcon_core.shell:Skip shell extension 'powershell' for command environment: Not usable outside of PowerShell
[0.412s] DEBUG:colcon.colcon_core.shell:Skip shell extension 'dsv' for command environment
[0.728s] INFO:colcon.colcon_core.task.python.build:Building Python package in '/home/david-romero/Proyectos/robotica/src/antrop_parcial'
[0.728s] INFO:colcon.colcon_core.shell:Skip shell extension 'powershell' for command environment: Not usable outside of PowerShell
[0.728s] DEBUG:colcon.colcon_core.shell:Skip shell extension 'dsv' for command environment
[1.026s] INFO:colcon.colcon_core.task.python.build:Building Python package in '/home/david-romero/Proyectos/robotica/src/scara_boceto'
[1.026s] INFO:colcon.colcon_core.shell:Skip shell extension 'powershell' for command environment: Not usable outside of PowerShell
[1.026s] DEBUG:colcon.colcon_core.shell:Skip shell extension 'dsv' for command environment
[1.370s] INFO:colcon.colcon_core.task.python.build:Building Python package in '/home/david-romero/Proyectos/robotica/src/scara_cajas'
[1.371s] INFO:colcon.colcon_core.shell:Skip shell extension 'powershell' for command environment: Not usable outside of PowerShell
[1.371s] DEBUG:colcon.colcon_core.shell:Skip shell extension 'dsv' for command environment
[1.629s] INFO:colcon.colcon_core.task.python.build:Building Python package in '/home/david-romero/Proyectos/robotica/src/scara_parcial'
[1.630s] INFO:colcon.colcon_core.shell:Skip shell extension 'powershell' for command environment: Not usable outside of PowerShell
[1.630s] DEBUG:colcon.colcon_core.shell:Skip shell extension 'dsv' for command environment
[1.900s] INFO:colcon.colcon_core.task.python.build:Building Python package in '/home/david-romero/Proyectos/robotica/src/ttcc'
[1.900s] INFO:colcon.colcon_core.shell:Skip shell extension 'powershell' for command environment: Not usable outside of PowerShell
[1.900s] DEBUG:colcon.colcon_core.shell:Skip shell extension 'dsv' for command environment
[3.217s] DEBUG:colcon.colcon_core.task.python.build:Available setuptools commands: sdist, compile_catalog, install_headers, install_scripts, bdist_dumb, saveopts, update_catalog, build_scripts, easy_install, build, build_ext, extract_messages, install_lib, clean, build_py, egg_info, init_catalog, rotate, install_egg_info, test, setopt, install, alias, bdist, build_clib, bdist_wheel, bdist_egg, editable_wheel, install_data, symlink_data, upload_docs, dist_info, bdist_rpm, upload, register, check, develop
[3.222s] DEBUG:colcon.colcon_core.event_handler.log_command:Invoking command in '/home/david-romero/Proyectos/robotica/build/scara_cajas': DEBUGINFOD_URLS=https://debuginfod.ubuntu.com PYTHONPATH=/home/david-romero/Proyectos/robotica/build/scara_cajas/prefix_override:/usr/lib/python3/dist-packages/colcon_core/task/python/colcon_distutils_commands:/home/david-romero/Proyectos/robotica/install/scara_cajas/lib/python3.12/site-packages:${PYTHONPATH} /usr/bin/python3 -W ignore:setup.py install is deprecated -W ignore:easy_install command is deprecated setup.py develop --uninstall --editable --build-directory /home/david-romero/Proyectos/robotica/build/scara_cajas/build
[3.260s] DEBUG:colcon.colcon_core.task.python.build:Available setuptools commands: sdist, compile_catalog, install_headers, install_scripts, bdist_dumb, saveopts, update_catalog, build_scripts, easy_install, build, build_ext, extract_messages, install_lib, clean, build_py, egg_info, init_catalog, rotate, install_egg_info, test, setopt, install, alias, bdist, build_clib, bdist_wheel, bdist_egg, editable_wheel, install_data, symlink_data, upload_docs, dist_info, bdist_rpm, upload, register, check, develop
[3.265s] DEBUG:colcon.colcon_core.event_handler.log_command:Invoking command in '/home/david-romero/Proyectos/robotica/src/antrop_parcial': DEBUGINFOD_URLS=https://debuginfod.ubuntu.com PYTHONPATH=/home/david-romero/Proyectos/robotica/build/antrop_parcial/prefix_override:/usr/lib/python3/dist-packages/colcon_core/task/python/colcon_distutils_commands:/home/david-romero/Proyectos/robotica/install/antrop_parcial/lib/python3.12/site-packages:${PYTHONPATH} /usr/bin/python3 -W ignore:setup.py install is deprecated -W ignore:easy_install command is deprecated setup.py egg_info --egg-base ../../build/antrop_parcial build --build-base /home/david-romero/Proyectos/robotica/build/antrop_parcial/build install --record /home/david-romero/Proyectos/robotica/build/antrop_parcial/install.log --install-scripts $base/lib/robot_description --single-version-externally-managed install_data
[3.270s] DEBUG:colcon.colcon_core.task.python.build:Available setuptools commands: sdist, compile_catalog, install_headers, install_scripts, bdist_dumb, saveopts, update_catalog, build_scripts, easy_install, build, build_ext, extract_messages, install_lib, clean, build_py, egg_info, init_catalog, rotate, install_egg_info, test, setopt, install, alias, bdist, build_clib, bdist_wheel, bdist_egg, editable_wheel, install_data, symlink_data, upload_docs, dist_info, bdist_rpm, upload, register, check, develop
[3.277s] DEBUG:colcon.colcon_core.event_handler.log_command:Invoking command in '/home/david-romero/Proyectos/robotica/src/scara_parcial': DEBUGINFOD_URLS=https://debuginfod.ubuntu.com PYTHONPATH=/home/david-romero/Proyectos/robotica/build/scara_parcial/prefix_override:/usr/lib/python3/dist-packages/colcon_core/task/python/colcon_distutils_commands:/home/david-romero/Proyectos/robotica/install/scara_parcial/lib/python3.12/site-packages:${PYTHONPATH} /usr/bin/python3 -W ignore:setup.py install is deprecated -W ignore:easy_install command is deprecated setup.py egg_info --egg-base ../../build/scara_parcial build --build-base /home/david-romero/Proyectos/robotica/build/scara_parcial/build install --record /home/david-romero/Proyectos/robotica/build/scara_parcial/install.log --install-scripts $base/lib/robot_description --single-version-externally-managed install_data
[3.589s] DEBUG:colcon.colcon_core.task.python.build:Available setuptools commands: sdist, compile_catalog, install_headers, install_scripts, bdist_dumb, saveopts, update_catalog, build_scripts, easy_install, build, build_ext, extract_messages, install_lib, clean, build_py, egg_info, init_catalog, rotate, install_egg_info, test, setopt, install, alias, bdist, build_clib, bdist_wheel, bdist_egg, editable_wheel, install_data, symlink_data, upload_docs, dist_info, bdist_rpm, upload, register, check, develop
[3.594s] DEBUG:colcon.colcon_core.event_handler.log_command:Invoking command in '/home/david-romero/Proyectos/robotica/src/ttcc': DEBUGINFOD_URLS=https://debuginfod.ubuntu.com PYTHONPATH=/home/david-romero/Proyectos/robotica/build/ttcc/prefix_override:/usr/lib/python3/dist-packages/colcon_core/task/python/colcon_distutils_commands:/home/david-romero/Proyectos/robotica/install/ttcc/lib/python3.12/site-packages:${PYTHONPATH} /usr/bin/python3 -W ignore:setup.py install is deprecated -W ignore:easy_install command is deprecated setup.py egg_info --egg-base ../../build/ttcc build --build-base /home/david-romero/Proyectos/robotica/build/ttcc/build install --record /home/david-romero/Proyectos/robotica/build/ttcc/install.log --install-scripts $base/lib/ttcc --single-version-externally-managed install_data
[3.674s] DEBUG:colcon.colcon_core.task.python.build:Available setuptools commands: sdist, compile_catalog, install_headers, install_scripts, bdist_dumb, saveopts, update_catalog, build_scripts, easy_install, build, build_ext, extract_messages, install_lib, clean, build_py, egg_info, init_catalog, rotate, install_egg_info, test, setopt, install, alias, bdist, build_clib, bdist_wheel, bdist_egg, editable_wheel, install_data, symlink_data, upload_docs, dist_info, bdist_rpm, upload, register, check, develop
[3.677s] DEBUG:colcon.colcon_core.event_handler.log_command:Invoking command in '/home/david-romero/Proyectos/robotica/build/scara_boceto': DEBUGINFOD_URLS=https://debuginfod.ubuntu.com PYTHONPATH=/home/david-romero/Proyectos/robotica/build/scara_boceto/prefix_override:/usr/lib/python3/dist-packages/colcon_core/task/python/colcon_distutils_commands:/home/david-romero/Proyectos/robotica/install/scara_boceto/lib/python3.12/site-packages:${PYTHONPATH} /usr/bin/python3 -W ignore:setup.py install is deprecated -W ignore:easy_install command is deprecated setup.py develop --uninstall --editable --build-directory /home/david-romero/Proyectos/robotica/build/scara_boceto/build
[4.405s] DEBUG:colcon.colcon_core.event_handler.log_command:Invoked command in '/home/david-romero/Proyectos/robotica/src/antrop_parcial' returned '0': DEBUGINFOD_URLS=https://debuginfod.ubuntu.com PYTHONPATH=/home/david-romero/Proyectos/robotica/build/antrop_parcial/prefix_override:/usr/lib/python3/dist-packages/colcon_core/task/python/colcon_distutils_commands:/home/david-romero/Proyectos/robotica/install/antrop_parcial/lib/python3.12/site-packages:${PYTHONPATH} /usr/bin/python3 -W ignore:setup.py install is deprecated -W ignore:easy_install command is deprecated setup.py egg_info --egg-base ../../build/antrop_parcial build --build-base /home/david-romero/Proyectos/robotica/build/antrop_parcial/build install --record /home/david-romero/Proyectos/robotica/build/antrop_parcial/install.log --install-scripts $base/lib/robot_description --single-version-externally-managed install_data
[4.411s] Level 1:colcon.colcon_core.environment:checking '/home/david-romero/Proyectos/robotica/install/antrop_parcial' for CMake module files
[4.411s] Level 1:colcon.colcon_core.environment:checking '/home/david-romero/Proyectos/robotica/install/antrop_parcial' for CMake config files
[4.412s] Level 1:colcon.colcon_core.environment:checking '/home/david-romero/Proyectos/robotica/install/antrop_parcial/lib'
[4.413s] Level 1:colcon.colcon_core.environment:checking '/home/david-romero/Proyectos/robotica/install/antrop_parcial/bin'
[4.413s] Level 1:colcon.colcon_core.environment:checking '/home/david-romero/Proyectos/robotica/install/antrop_parcial/lib/pkgconfig/antrop_parcial.pc'
[4.413s] Level 1:colcon.colcon_core.environment:checking '/home/david-romero/Proyectos/robotica/install/antrop_parcial/lib/python3.12/site-packages'
[4.413s] Level 1:colcon.colcon_core.shell:create_environment_hook('antrop_parcial', 'pythonpath')
[4.414s] INFO:colcon.colcon_core.shell:Creating environment hook '/home/david-romero/Proyectos/robotica/install/antrop_parcial/share/antrop_parcial/hook/pythonpath.ps1'
[4.415s] INFO:colcon.colcon_core.shell:Creating environment descriptor '/home/david-romero/Proyectos/robotica/install/antrop_parcial/share/antrop_parcial/hook/pythonpath.dsv'
[4.415s] INFO:colcon.colcon_core.shell:Creating environment hook '/home/david-romero/Proyectos/robotica/install/antrop_parcial/share/antrop_parcial/hook/pythonpath.sh'
[4.416s] Level 1:colcon.colcon_core.environment:checking '/home/david-romero/Proyectos/robotica/install/antrop_parcial/bin'
[4.417s] Level 1:colcon.colcon_core.environment:create_environment_scripts_only(antrop_parcial)
[4.417s] INFO:colcon.colcon_core.shell:Creating package script '/home/david-romero/Proyectos/robotica/install/antrop_parcial/share/antrop_parcial/package.ps1'
[4.418s] INFO:colcon.colcon_core.shell:Creating package descriptor '/home/david-romero/Proyectos/robotica/install/antrop_parcial/share/antrop_parcial/package.dsv'
[4.419s] INFO:colcon.colcon_core.shell:Creating package script '/home/david-romero/Proyectos/robotica/install/antrop_parcial/share/antrop_parcial/package.sh'
[4.420s] INFO:colcon.colcon_core.shell:Creating package script '/home/david-romero/Proyectos/robotica/install/antrop_parcial/share/antrop_parcial/package.bash'
[4.422s] INFO:colcon.colcon_core.shell:Creating package script '/home/david-romero/Proyectos/robotica/install/antrop_parcial/share/antrop_parcial/package.zsh'
[4.422s] Level 1:colcon.colcon_core.environment:create_file_with_runtime_dependencies(/home/david-romero/Proyectos/robotica/install/antrop_parcial/share/colcon-core/packages/antrop_parcial)
[4.424s] Level 1:colcon.colcon_core.environment:checking '/home/david-romero/Proyectos/robotica/install/scara_parcial' for CMake module files
[4.425s] DEBUG:colcon.colcon_core.event_handler.log_command:Invoked command in '/home/david-romero/Proyectos/robotica/src/scara_parcial' returned '0': DEBUGINFOD_URLS=https://debuginfod.ubuntu.com PYTHONPATH=/home/david-romero/Proyectos/robotica/build/scara_parcial/prefix_override:/usr/lib/python3/dist-packages/colcon_core/task/python/colcon_distutils_commands:/home/david-romero/Proyectos/robotica/install/scara_parcial/lib/python3.12/site-packages:${PYTHONPATH} /usr/bin/python3 -W ignore:setup.py install is deprecated -W ignore:easy_install command is deprecated setup.py egg_info --egg-base ../../build/scara_parcial build --build-base /home/david-romero/Proyectos/robotica/build/scara_parcial/build install --record /home/david-romero/Proyectos/robotica/build/scara_parcial/install.log --install-scripts $base/lib/robot_description --single-version-externally-managed install_data
[4.426s] Level 1:colcon.colcon_core.environment:checking '/home/david-romero/Proyectos/robotica/install/scara_parcial' for CMake config files
[4.426s] Level 1:colcon.colcon_core.environment:checking '/home/david-romero/Proyectos/robotica/install/scara_parcial/lib'
[4.427s] Level 1:colcon.colcon_core.environment:checking '/home/david-romero/Proyectos/robotica/install/scara_parcial/bin'
[4.427s] Level 1:colcon.colcon_core.environment:checking '/home/david-romero/Proyectos/robotica/install/scara_parcial/lib/pkgconfig/scara_parcial.pc'
[4.427s] Level 1:colcon.colcon_core.environment:checking '/home/david-romero/Proyectos/robotica/install/scara_parcial/lib/python3.12/site-packages'
[4.427s] Level 1:colcon.colcon_core.shell:create_environment_hook('scara_parcial', 'pythonpath')
[4.427s] INFO:colcon.colcon_core.shell:Creating environment hook '/home/david-romero/Proyectos/robotica/install/scara_parcial/share/scara_parcial/hook/pythonpath.ps1'
[4.428s] INFO:colcon.colcon_core.shell:Creating environment descriptor '/home/david-romero/Proyectos/robotica/install/scara_parcial/share/scara_parcial/hook/pythonpath.dsv'
[4.429s] INFO:colcon.colcon_core.shell:Creating environment hook '/home/david-romero/Proyectos/robotica/install/scara_parcial/share/scara_parcial/hook/pythonpath.sh'
[4.430s] Level 1:colcon.colcon_core.environment:checking '/home/david-romero/Proyectos/robotica/install/scara_parcial/bin'
[4.430s] Level 1:colcon.colcon_core.environment:create_environment_scripts_only(scara_parcial)
[4.430s] INFO:colcon.colcon_core.shell:Creating package script '/home/david-romero/Proyectos/robotica/install/scara_parcial/share/scara_parcial/package.ps1'
[4.431s] INFO:colcon.colcon_core.shell:Creating package descriptor '/home/david-romero/Proyectos/robotica/install/scara_parcial/share/scara_parcial/package.dsv'
[4.432s] INFO:colcon.colcon_core.shell:Creating package script '/home/david-romero/Proyectos/robotica/install/scara_parcial/share/scara_parcial/package.sh'
[4.433s] INFO:colcon.colcon_core.shell:Creating package script '/home/david-romero/Proyectos/robotica/install/scara_parcial/share/scara_parcial/package.bash'
[4.433s] INFO:colcon.colcon_core.shell:Creating package script '/home/david-romero/Proyectos/robotica/install/scara_parcial/share/scara_parcial/package.zsh'
[4.434s] Level 1:colcon.colcon_core.environment:create_file_with_runtime_dependencies(/home/david-romero/Proyectos/robotica/install/scara_parcial/share/colcon-core/packages/scara_parcial)
[4.474s] DEBUG:colcon.colcon_core.event_handler.log_command:Invoked command in '/home/david-romero/Proyectos/robotica/build/scara_cajas' returned '0': DEBUGINFOD_URLS=https://debuginfod.ubuntu.com PYTHONPATH=/home/david-romero/Proyectos/robotica/build/scara_cajas/prefix_override:/usr/lib/python3/dist-packages/colcon_core/task/python/colcon_distutils_commands:/home/david-romero/Proyectos/robotica/install/scara_cajas/lib/python3.12/site-packages:${PYTHONPATH} /usr/bin/python3 -W ignore:setup.py install is deprecated -W ignore:easy_install command is deprecated setup.py develop --uninstall --editable --build-directory /home/david-romero/Proyectos/robotica/build/scara_cajas/build
[4.475s] DEBUG:colcon.colcon_core.event_handler.log_command:Invoking command in '/home/david-romero/Proyectos/robotica/src/scara_cajas': DEBUGINFOD_URLS=https://debuginfod.ubuntu.com PYTHONPATH=/home/david-romero/Proyectos/robotica/build/scara_cajas/prefix_override:/usr/lib/python3/dist-packages/colcon_core/task/python/colcon_distutils_commands:/home/david-romero/Proyectos/robotica/install/scara_cajas/lib/python3.12/site-packages:${PYTHONPATH} /usr/bin/python3 -W ignore:setup.py install is deprecated -W ignore:easy_install command is deprecated setup.py egg_info --egg-base ../../build/scara_cajas build --build-base /home/david-romero/Proyectos/robotica/build/scara_cajas/build install --record /home/david-romero/Proyectos/robotica/build/scara_cajas/install.log --install-scripts $base/lib/scara_cajas --single-version-externally-managed install_data --force
[5.094s] Level 1:colcon.colcon_core.environment:checking '/home/david-romero/Proyectos/robotica/install/ttcc' for CMake module files
[5.096s] DEBUG:colcon.colcon_core.event_handler.log_command:Invoked command in '/home/david-romero/Proyectos/robotica/src/ttcc' returned '0': DEBUGINFOD_URLS=https://debuginfod.ubuntu.com PYTHONPATH=/home/david-romero/Proyectos/robotica/build/ttcc/prefix_override:/usr/lib/python3/dist-packages/colcon_core/task/python/colcon_distutils_commands:/home/david-romero/Proyectos/robotica/install/ttcc/lib/python3.12/site-packages:${PYTHONPATH} /usr/bin/python3 -W ignore:setup.py install is deprecated -W ignore:easy_install command is deprecated setup.py egg_info --egg-base ../../build/ttcc build --build-base /home/david-romero/Proyectos/robotica/build/ttcc/build install --record /home/david-romero/Proyectos/robotica/build/ttcc/install.log --install-scripts $base/lib/ttcc --single-version-externally-managed install_data
[5.097s] Level 1:colcon.colcon_core.environment:checking '/home/david-romero/Proyectos/robotica/install/ttcc' for CMake config files
[5.100s] Level 1:colcon.colcon_core.environment:checking '/home/david-romero/Proyectos/robotica/install/ttcc/lib'
[5.101s] Level 1:colcon.colcon_core.environment:checking '/home/david-romero/Proyectos/robotica/install/ttcc/bin'
[5.102s] Level 1:colcon.colcon_core.environment:checking '/home/david-romero/Proyectos/robotica/install/ttcc/lib/pkgconfig/ttcc.pc'
[5.103s] Level 1:colcon.colcon_core.environment:checking '/home/david-romero/Proyectos/robotica/install/ttcc/lib/python3.12/site-packages'
[5.103s] Level 1:colcon.colcon_core.shell:create_environment_hook('ttcc', 'pythonpath')
[5.104s] INFO:colcon.colcon_core.shell:Creating environment hook '/home/david-romero/Proyectos/robotica/install/ttcc/share/ttcc/hook/pythonpath.ps1'
[5.111s] INFO:colcon.colcon_core.shell:Creating environment descriptor '/home/david-romero/Proyectos/robotica/install/ttcc/share/ttcc/hook/pythonpath.dsv'
[5.113s] INFO:colcon.colcon_core.shell:Creating environment hook '/home/david-romero/Proyectos/robotica/install/ttcc/share/ttcc/hook/pythonpath.sh'
[5.115s] Level 1:colcon.colcon_core.environment:checking '/home/david-romero/Proyectos/robotica/install/ttcc/bin'
[5.115s] Level 1:colcon.colcon_core.environment:create_environment_scripts_only(ttcc)
[5.117s] INFO:colcon.colcon_core.shell:Creating package script '/home/david-romero/Proyectos/robotica/install/ttcc/share/ttcc/package.ps1'
[5.120s] INFO:colcon.colcon_core.shell:Creating package descriptor '/home/david-romero/Proyectos/robotica/install/ttcc/share/ttcc/package.dsv'
[5.123s] INFO:colcon.colcon_core.shell:Creating package script '/home/david-romero/Proyectos/robotica/install/ttcc/share/ttcc/package.sh'
[5.124s] INFO:colcon.colcon_core.shell:Creating package script '/home/david-romero/Proyectos/robotica/install/ttcc/share/ttcc/package.bash'
[5.126s] INFO:colcon.colcon_core.shell:Creating package script '/home/david-romero/Proyectos/robotica/install/ttcc/share/ttcc/package.zsh'
[5.128s] Level 1:colcon.colcon_core.environment:create_file_with_runtime_dependencies(/home/david-romero/Proyectos/robotica/install/ttcc/share/colcon-core/packages/ttcc)
[5.174s] DEBUG:colcon.colcon_core.event_handler.log_command:Invoked command in '/home/david-romero/Proyectos/robotica/build/scara_boceto' returned '0': DEBUGINFOD_URLS=https://debuginfod.ubuntu.com PYTHONPATH=/home/david-romero/Proyectos/robotica/build/scara_boceto/prefix_override:/usr/lib/python3/dist-packages/colcon_core/task/python/colcon_distutils_commands:/home/david-romero/Proyectos/robotica/install/scara_boceto/lib/python3.12/site-packages:${PYTHONPATH} /usr/bin/python3 -W ignore:setup.py install is deprecated -W ignore:easy_install command is deprecated setup.py develop --uninstall --editable --build-directory /home/david-romero/Proyectos/robotica/build/scara_boceto/build
[5.177s] DEBUG:colcon.colcon_core.event_handler.log_command:Invoking command in '/home/david-romero/Proyectos/robotica/src/scara_boceto': DEBUGINFOD_URLS=https://debuginfod.ubuntu.com PYTHONPATH=/home/david-romero/Proyectos/robotica/build/scara_boceto/prefix_override:/usr/lib/python3/dist-packages/colcon_core/task/python/colcon_distutils_commands:/home/david-romero/Proyectos/robotica/install/scara_boceto/lib/python3.12/site-packages:${PYTHONPATH} /usr/bin/python3 -W ignore:setup.py install is deprecated -W ignore:easy_install command is deprecated setup.py egg_info --egg-base ../../build/scara_boceto build --build-base /home/david-romero/Proyectos/robotica/build/scara_boceto/build install --record /home/david-romero/Proyectos/robotica/build/scara_boceto/install.log --install-scripts $base/lib/scara_boceto --single-version-externally-managed install_data --force
[6.004s] Level 1:colcon.colcon_core.environment:checking '/home/david-romero/Proyectos/robotica/install/scara_cajas' for CMake module files
[6.005s] DEBUG:colcon.colcon_core.event_handler.log_command:Invoked command in '/home/david-romero/Proyectos/robotica/src/scara_cajas' returned '0': DEBUGINFOD_URLS=https://debuginfod.ubuntu.com PYTHONPATH=/home/david-romero/Proyectos/robotica/build/scara_cajas/prefix_override:/usr/lib/python3/dist-packages/colcon_core/task/python/colcon_distutils_commands:/home/david-romero/Proyectos/robotica/install/scara_cajas/lib/python3.12/site-packages:${PYTHONPATH} /usr/bin/python3 -W ignore:setup.py install is deprecated -W ignore:easy_install command is deprecated setup.py egg_info --egg-base ../../build/scara_cajas build --build-base /home/david-romero/Proyectos/robotica/build/scara_cajas/build install --record /home/david-romero/Proyectos/robotica/build/scara_cajas/install.log --install-scripts $base/lib/scara_cajas --single-version-externally-managed install_data --force
[6.006s] Level 1:colcon.colcon_core.environment:checking '/home/david-romero/Proyectos/robotica/install/scara_cajas' for CMake config files
[6.007s] Level 1:colcon.colcon_core.environment:checking '/home/david-romero/Proyectos/robotica/install/scara_cajas/lib'
[6.008s] Level 1:colcon.colcon_core.environment:checking '/home/david-romero/Proyectos/robotica/install/scara_cajas/bin'
[6.008s] Level 1:colcon.colcon_core.environment:checking '/home/david-romero/Proyectos/robotica/install/scara_cajas/lib/pkgconfig/scara_cajas.pc'
[6.008s] Level 1:colcon.colcon_core.environment:checking '/home/david-romero/Proyectos/robotica/install/scara_cajas/lib/python3.12/site-packages'
[6.008s] Level 1:colcon.colcon_core.shell:create_environment_hook('scara_cajas', 'pythonpath')
[6.009s] INFO:colcon.colcon_core.shell:Creating environment hook '/home/david-romero/Proyectos/robotica/install/scara_cajas/share/scara_cajas/hook/pythonpath.ps1'
[6.010s] INFO:colcon.colcon_core.shell:Creating environment descriptor '/home/david-romero/Proyectos/robotica/install/scara_cajas/share/scara_cajas/hook/pythonpath.dsv'
[6.010s] INFO:colcon.colcon_core.shell:Creating environment hook '/home/david-romero/Proyectos/robotica/install/scara_cajas/share/scara_cajas/hook/pythonpath.sh'
[6.014s] Level 1:colcon.colcon_core.environment:checking '/home/david-romero/Proyectos/robotica/install/scara_cajas/bin'
[6.014s] Level 1:colcon.colcon_core.environment:create_environment_scripts_only(scara_cajas)
[6.015s] INFO:colcon.colcon_core.shell:Creating package script '/home/david-romero/Proyectos/robotica/install/scara_cajas/share/scara_cajas/package.ps1'
[6.017s] INFO:colcon.colcon_core.shell:Creating package descriptor '/home/david-romero/Proyectos/robotica/install/scara_cajas/share/scara_cajas/package.dsv'
[6.018s] INFO:colcon.colcon_core.shell:Creating package script '/home/david-romero/Proyectos/robotica/install/scara_cajas/share/scara_cajas/package.sh'
[6.019s] INFO:colcon.colcon_core.shell:Creating package script '/home/david-romero/Proyectos/robotica/install/scara_cajas/share/scara_cajas/package.bash'
[6.019s] INFO:colcon.colcon_core.shell:Creating package script '/home/david-romero/Proyectos/robotica/install/scara_cajas/share/scara_cajas/package.zsh'
[6.020s] Level 1:colcon.colcon_core.environment:create_file_with_runtime_dependencies(/home/david-romero/Proyectos/robotica/install/scara_cajas/share/colcon-core/packages/scara_cajas)
[6.654s] Level 1:colcon.colcon_core.environment:checking '/home/david-romero/Proyectos/robotica/install/scara_boceto' for CMake module files
[6.655s] DEBUG:colcon.colcon_core.event_handler.log_command:Invoked command in '/home/david-romero/Proyectos/robotica/src/scara_boceto' returned '0': DEBUGINFOD_URLS=https://debuginfod.ubuntu.com PYTHONPATH=/home/david-romero/Proyectos/robotica/build/scara_boceto/prefix_override:/usr/lib/python3/dist-packages/colcon_core/task/python/colcon_distutils_commands:/home/david-romero/Proyectos/robotica/install/scara_boceto/lib/python3.12/site-packages:${PYTHONPATH} /usr/bin/python3 -W ignore:setup.py install is deprecated -W ignore:easy_install command is deprecated setup.py egg_info --egg-base ../../build/scara_boceto build --build-base /home/david-romero/Proyectos/robotica/build/scara_boceto/build install --record /home/david-romero/Proyectos/robotica/build/scara_boceto/install.log --install-scripts $base/lib/scara_boceto --single-version-externally-managed install_data --force
[6.656s] Level 1:colcon.colcon_core.environment:checking '/home/david-romero/Proyectos/robotica/install/scara_boceto' for CMake config files
[6.656s] Level 1:colcon.colcon_core.environment:checking '/home/david-romero/Proyectos/robotica/install/scara_boceto/lib'
[6.657s] Level 1:colcon.colcon_core.environment:checking '/home/david-romero/Proyectos/robotica/install/scara_boceto/bin'
[6.657s] Level 1:colcon.colcon_core.environment:checking '/home/david-romero/Proyectos/robotica/install/scara_boceto/lib/pkgconfig/scara_boceto.pc'
[6.657s] Level 1:colcon.colcon_core.environment:checking '/home/david-romero/Proyectos/robotica/install/scara_boceto/lib/python3.12/site-packages'
[6.657s] Level 1:colcon.colcon_core.shell:create_environment_hook('scara_boceto', 'pythonpath')
[6.657s] INFO:colcon.colcon_core.shell:Creating environment hook '/home/david-romero/Proyectos/robotica/install/scara_boceto/share/scara_boceto/hook/pythonpath.ps1'
[6.658s] INFO:colcon.colcon_core.shell:Creating environment descriptor '/home/david-romero/Proyectos/robotica/install/scara_boceto/share/scara_boceto/hook/pythonpath.dsv'
[6.659s] INFO:colcon.colcon_core.shell:Creating environment hook '/home/david-romero/Proyectos/robotica/install/scara_boceto/share/scara_boceto/hook/pythonpath.sh'
[6.660s] Level 1:colcon.colcon_core.environment:checking '/home/david-romero/Proyectos/robotica/install/scara_boceto/bin'
[6.660s] Level 1:colcon.colcon_core.environment:create_environment_scripts_only(scara_boceto)
[6.660s] INFO:colcon.colcon_core.shell:Creating package script '/home/david-romero/Proyectos/robotica/install/scara_boceto/share/scara_boceto/package.ps1'
[6.663s] INFO:colcon.colcon_core.shell:Creating package descriptor '/home/david-romero/Proyectos/robotica/install/scara_boceto/share/scara_boceto/package.dsv'
[6.663s] INFO:colcon.colcon_core.shell:Creating package script '/home/david-romero/Proyectos/robotica/install/scara_boceto/share/scara_boceto/package.sh'
[6.664s] INFO:colcon.colcon_core.shell:Creating package script '/home/david-romero/Proyectos/robotica/install/scara_boceto/share/scara_boceto/package.bash'
[6.665s] INFO:colcon.colcon_core.shell:Creating package script '/home/david-romero/Proyectos/robotica/install/scara_boceto/share/scara_boceto/package.zsh'
[6.666s] Level 1:colcon.colcon_core.environment:create_file_with_runtime_dependencies(/home/david-romero/Proyectos/robotica/install/scara_boceto/share/colcon-core/packages/scara_boceto)
[6.666s] DEBUG:colcon.colcon_parallel_executor.executor.parallel:closing loop
[6.667s] DEBUG:colcon.colcon_parallel_executor.executor.parallel:loop closed
[6.667s] DEBUG:colcon.colcon_parallel_executor.executor.parallel:run_until_complete finished with '0'
[6.667s] DEBUG:colcon.colcon_core.event_reactor:joining thread
[6.687s] INFO:colcon.colcon_core.plugin_system:Skipping extension 'colcon_notification.desktop_notification.terminal_notifier': Not used on non-Darwin systems
[6.687s] INFO:colcon.colcon_core.plugin_system:Skipping extension 'colcon_notification.desktop_notification.win32': Not used on non-Windows systems
[6.687s] INFO:colcon.colcon_notification.desktop_notification:Sending desktop notification using 'notify2'
[6.703s] DEBUG:colcon.colcon_core.event_reactor:joined thread
[6.703s] INFO:colcon.colcon_core.shell:Creating prefix script '/home/david-romero/Proyectos/robotica/install/local_setup.ps1'
[6.706s] INFO:colcon.colcon_core.shell:Creating prefix util module '/home/david-romero/Proyectos/robotica/install/_local_setup_util_ps1.py'
[6.710s] INFO:colcon.colcon_core.shell:Creating prefix chain script '/home/david-romero/Proyectos/robotica/install/setup.ps1'
[6.712s] INFO:colcon.colcon_core.shell:Creating prefix script '/home/david-romero/Proyectos/robotica/install/local_setup.sh'
[6.714s] INFO:colcon.colcon_core.shell:Creating prefix util module '/home/david-romero/Proyectos/robotica/install/_local_setup_util_sh.py'
[6.715s] INFO:colcon.colcon_core.shell:Creating prefix chain script '/home/david-romero/Proyectos/robotica/install/setup.sh'
[6.718s] INFO:colcon.colcon_core.shell:Creating prefix script '/home/david-romero/Proyectos/robotica/install/local_setup.bash'
[6.719s] INFO:colcon.colcon_core.shell:Creating prefix chain script '/home/david-romero/Proyectos/robotica/install/setup.bash'
[6.722s] INFO:colcon.colcon_core.shell:Creating prefix script '/home/david-romero/Proyectos/robotica/install/local_setup.zsh'
[6.723s] INFO:colcon.colcon_core.shell:Creating prefix chain script '/home/david-romero/Proyectos/robotica/install/setup.zsh'
