[0.015s] Invoking command in '/home/dae/ros2_ws/src/Miau/build/Miau': CMAKE_PREFIX_PATH=${CMAKE_PREFIX_PATH}:/opt/ros/jazzy DEBUGINFOD_URLS=https://debuginfod.ubuntu.com /usr/bin/cmake /home/dae/ros2_ws/src/Miau -DCMAKE_INSTALL_PREFIX=/home/dae/ros2_ws/src/Miau/install/Miau
[0.116s] -- The C compiler identification is GNU 13.3.0
[0.201s] -- The CXX compiler identification is GNU 13.3.0
[0.224s] -- Detecting C compiler ABI info
[0.338s] -- Detecting C compiler ABI info - done
[0.348s] -- Check for working C compiler: /usr/bin/cc - skipped
[0.349s] -- Detecting C compile features
[0.350s] -- Detecting C compile features - done
[0.362s] -- Detecting CXX compiler ABI info
[0.490s] -- Detecting CXX compiler ABI info - done
[0.500s] -- Check for working CXX compiler: /usr/bin/c++ - skipped
[0.500s] -- Detecting CXX compile features
[0.501s] -- Detecting CXX compile features - done
[0.507s] -- Found ament_cmake: 2.5.6 (/opt/ros/jazzy/share/ament_cmake/cmake)
[0.678s] -- Found Python3: /usr/bin/python3 (found version "3.12.3") found components: Interpreter 
[0.767s] -- Found ament_lint_auto: 0.17.5 (/opt/ros/jazzy/share/ament_lint_auto/cmake)
[0.823s] WARNING: Package name "Miau" does not follow the naming conventions. It should start with a lower case letter and only contain lower case letters, digits, underscores, and dashes.
[0.859s] -- Added test 'cppcheck' to perform static code analysis on C / C++ code
[0.859s] -- Configured cppcheck include dirs: 
[0.859s] -- Configured cppcheck exclude dirs and/or files: 
[0.860s] -- Added test 'flake8' to check Python code syntax and style conventions
[0.860s] -- Configured 'flake8' exclude dirs and/or files: 
[0.862s] -- Added test 'lint_cmake' to check CMake code style
[0.863s] -- Added test 'pep257' to check Python code against some of the docstring style conventions in PEP 257
[0.870s] -- Added test 'uncrustify' to check C / C++ code style
[0.870s] -- Configured uncrustify additional arguments: 
[0.871s] -- Added test 'xmllint' to check XML markup files
[0.872s] -- Configuring done (0.8s)
[0.875s] -- Generating done (0.0s)
[0.876s] -- Build files have been written to: /home/dae/ros2_ws/src/Miau/build/Miau
[0.883s] Invoked command in '/home/dae/ros2_ws/src/Miau/build/Miau' returned '0': CMAKE_PREFIX_PATH=${CMAKE_PREFIX_PATH}:/opt/ros/jazzy DEBUGINFOD_URLS=https://debuginfod.ubuntu.com /usr/bin/cmake /home/dae/ros2_ws/src/Miau -DCMAKE_INSTALL_PREFIX=/home/dae/ros2_ws/src/Miau/install/Miau
[0.884s] Invoking command in '/home/dae/ros2_ws/src/Miau/build/Miau': CMAKE_PREFIX_PATH=${CMAKE_PREFIX_PATH}:/opt/ros/jazzy DEBUGINFOD_URLS=https://debuginfod.ubuntu.com /usr/bin/cmake --build /home/dae/ros2_ws/src/Miau/build/Miau -- -j16 -l16
[0.919s] Invoked command in '/home/dae/ros2_ws/src/Miau/build/Miau' returned '0': CMAKE_PREFIX_PATH=${CMAKE_PREFIX_PATH}:/opt/ros/jazzy DEBUGINFOD_URLS=https://debuginfod.ubuntu.com /usr/bin/cmake --build /home/dae/ros2_ws/src/Miau/build/Miau -- -j16 -l16
[0.928s] Invoking command in '/home/dae/ros2_ws/src/Miau/build/Miau': CMAKE_PREFIX_PATH=${CMAKE_PREFIX_PATH}:/opt/ros/jazzy DEBUGINFOD_URLS=https://debuginfod.ubuntu.com /usr/bin/cmake --install /home/dae/ros2_ws/src/Miau/build/Miau
[0.934s] -- Install configuration: ""
[0.935s] -- Installing: /home/dae/ros2_ws/src/Miau/install/Miau/share/Miau/urdf
[0.935s] -- Installing: /home/dae/ros2_ws/src/Miau/install/Miau/share/Miau/urdf/Completo.urdf
[0.935s] -- Installing: /home/dae/ros2_ws/src/Miau/install/Miau/share/Miau/urdf/install
[0.935s] -- Installing: /home/dae/ros2_ws/src/Miau/install/Miau/share/Miau/urdf/install/.colcon_install_layout
[0.936s] -- Installing: /home/dae/ros2_ws/src/Miau/install/Miau/share/Miau/urdf/install/setup.bash
[0.936s] -- Installing: /home/dae/ros2_ws/src/Miau/install/Miau/share/Miau/urdf/install/local_setup.zsh
[0.936s] -- Installing: /home/dae/ros2_ws/src/Miau/install/Miau/share/Miau/urdf/install/_local_setup_util_sh.py
[0.936s] -- Installing: /home/dae/ros2_ws/src/Miau/install/Miau/share/Miau/urdf/install/local_setup.bash
[0.936s] -- Installing: /home/dae/ros2_ws/src/Miau/install/Miau/share/Miau/urdf/install/COLCON_IGNORE
[0.936s] -- Installing: /home/dae/ros2_ws/src/Miau/install/Miau/share/Miau/urdf/install/setup.sh
[0.937s] -- Installing: /home/dae/ros2_ws/src/Miau/install/Miau/share/Miau/urdf/install/local_setup.sh
[0.937s] -- Installing: /home/dae/ros2_ws/src/Miau/install/Miau/share/Miau/urdf/install/setup.zsh
[0.937s] -- Installing: /home/dae/ros2_ws/src/Miau/install/Miau/share/Miau/urdf/build
[0.937s] -- Installing: /home/dae/ros2_ws/src/Miau/install/Miau/share/Miau/urdf/build/.built_by
[0.937s] -- Installing: /home/dae/ros2_ws/src/Miau/install/Miau/share/Miau/urdf/build/COLCON_IGNORE
[0.937s] -- Installing: /home/dae/ros2_ws/src/Miau/install/Miau/share/Miau/urdf/Completo.csv
[0.937s] -- Installing: /home/dae/ros2_ws/src/Miau/install/Miau/share/Miau/urdf/log
[0.937s] -- Installing: /home/dae/ros2_ws/src/Miau/install/Miau/share/Miau/urdf/log/build_2026-08-17_17-05-32
[0.937s] -- Installing: /home/dae/ros2_ws/src/Miau/install/Miau/share/Miau/urdf/log/build_2026-08-17_17-05-32/logger_all.log
[0.937s] -- Installing: /home/dae/ros2_ws/src/Miau/install/Miau/share/Miau/urdf/log/build_2026-08-17_17-05-32/events.log
[0.938s] -- Installing: /home/dae/ros2_ws/src/Miau/install/Miau/share/Miau/urdf/log/build_2026-08-17_17-36-59
[0.938s] -- Installing: /home/dae/ros2_ws/src/Miau/install/Miau/share/Miau/urdf/log/build_2026-08-17_17-36-59/logger_all.log
[0.938s] -- Installing: /home/dae/ros2_ws/src/Miau/install/Miau/share/Miau/urdf/log/build_2026-08-17_17-36-59/events.log
[0.938s] -- Installing: /home/dae/ros2_ws/src/Miau/install/Miau/share/Miau/urdf/log/build_2026-08-17_18-16-47
[0.938s] -- Installing: /home/dae/ros2_ws/src/Miau/install/Miau/share/Miau/urdf/log/build_2026-08-17_18-16-47/logger_all.log
[0.938s] -- Installing: /home/dae/ros2_ws/src/Miau/install/Miau/share/Miau/urdf/log/build_2026-08-17_18-16-47/events.log
[0.938s] -- Installing: /home/dae/ros2_ws/src/Miau/install/Miau/share/Miau/urdf/log/build_2026-08-17_18-13-12
[0.939s] -- Installing: /home/dae/ros2_ws/src/Miau/install/Miau/share/Miau/urdf/log/build_2026-08-17_18-13-12/logger_all.log
[0.939s] -- Installing: /home/dae/ros2_ws/src/Miau/install/Miau/share/Miau/urdf/log/build_2026-08-17_18-13-12/events.log
[0.939s] -- Installing: /home/dae/ros2_ws/src/Miau/install/Miau/share/Miau/urdf/log/build_2026-08-17_18-09-18
[0.939s] -- Installing: /home/dae/ros2_ws/src/Miau/install/Miau/share/Miau/urdf/log/build_2026-08-17_18-09-18/logger_all.log
[0.939s] -- Installing: /home/dae/ros2_ws/src/Miau/install/Miau/share/Miau/urdf/log/build_2026-08-17_18-09-18/events.log
[0.939s] -- Installing: /home/dae/ros2_ws/src/Miau/install/Miau/share/Miau/urdf/log/COLCON_IGNORE
[0.939s] -- Installing: /home/dae/ros2_ws/src/Miau/install/Miau/share/Miau/urdf/log/build_2026-08-17_17-35-41
[0.940s] -- Installing: /home/dae/ros2_ws/src/Miau/install/Miau/share/Miau/urdf/log/build_2026-08-17_17-35-41/logger_all.log
[0.940s] -- Installing: /home/dae/ros2_ws/src/Miau/install/Miau/share/Miau/urdf/log/build_2026-08-17_17-35-41/events.log
[0.940s] -- Installing: /home/dae/ros2_ws/src/Miau/install/Miau/share/Miau/urdf/log/build_2026-08-17_17-27-45
[0.940s] -- Installing: /home/dae/ros2_ws/src/Miau/install/Miau/share/Miau/urdf/log/build_2026-08-17_17-27-45/logger_all.log
[0.940s] -- Installing: /home/dae/ros2_ws/src/Miau/install/Miau/share/Miau/urdf/log/build_2026-08-17_17-27-45/events.log
[0.940s] -- Installing: /home/dae/ros2_ws/src/Miau/install/Miau/share/Miau/urdf/log/build_2026-08-17_18-09-21
[0.940s] -- Installing: /home/dae/ros2_ws/src/Miau/install/Miau/share/Miau/urdf/log/build_2026-08-17_18-09-21/logger_all.log
[0.940s] -- Installing: /home/dae/ros2_ws/src/Miau/install/Miau/share/Miau/urdf/log/build_2026-08-17_18-09-21/events.log
[0.941s] -- Installing: /home/dae/ros2_ws/src/Miau/install/Miau/share/Miau/urdf/log/latest_build
[0.941s] -- Installing: /home/dae/ros2_ws/src/Miau/install/Miau/share/Miau/urdf/log/latest
[0.941s] -- Installing: /home/dae/ros2_ws/src/Miau/install/Miau/share/Miau/urdf/log/build_2026-08-17_18-17-13
[0.941s] -- Installing: /home/dae/ros2_ws/src/Miau/install/Miau/share/Miau/urdf/log/build_2026-08-17_18-17-13/logger_all.log
[0.941s] -- Installing: /home/dae/ros2_ws/src/Miau/install/Miau/share/Miau/urdf/log/build_2026-08-17_18-17-13/events.log
[0.941s] -- Installing: /home/dae/ros2_ws/src/Miau/install/Miau/share/Miau/launch
[0.941s] -- Installing: /home/dae/ros2_ws/src/Miau/install/Miau/share/Miau/launch/launch.py
[0.941s] -- Installing: /home/dae/ros2_ws/src/Miau/install/Miau/share/Miau/meshes
[0.941s] -- Installing: /home/dae/ros2_ws/src/Miau/install/Miau/share/Miau/meshes/L1.STL
[0.942s] -- Installing: /home/dae/ros2_ws/src/Miau/install/Miau/share/Miau/meshes/L2.STL
[0.943s] -- Installing: /home/dae/ros2_ws/src/Miau/install/Miau/share/Miau/meshes/L3.STL
[0.944s] -- Installing: /home/dae/ros2_ws/src/Miau/install/Miau/share/Miau/meshes/base_link.STL
[0.944s] -- Installing: /home/dae/ros2_ws/src/Miau/install/Miau/share/Miau/rviz
[0.944s] -- Installing: /home/dae/ros2_ws/src/Miau/install/Miau/share/Miau/rviz/config.rviz
[0.945s] -- Installing: /home/dae/ros2_ws/src/Miau/install/Miau/share/ament_index/resource_index/package_run_dependencies/Miau
[0.945s] -- Installing: /home/dae/ros2_ws/src/Miau/install/Miau/share/ament_index/resource_index/parent_prefix_path/Miau
[0.945s] -- Installing: /home/dae/ros2_ws/src/Miau/install/Miau/share/Miau/environment/ament_prefix_path.sh
[0.945s] -- Installing: /home/dae/ros2_ws/src/Miau/install/Miau/share/Miau/environment/ament_prefix_path.dsv
[0.945s] -- Installing: /home/dae/ros2_ws/src/Miau/install/Miau/share/Miau/environment/path.sh
[0.945s] -- Installing: /home/dae/ros2_ws/src/Miau/install/Miau/share/Miau/environment/path.dsv
[0.945s] -- Installing: /home/dae/ros2_ws/src/Miau/install/Miau/share/Miau/local_setup.bash
[0.946s] -- Installing: /home/dae/ros2_ws/src/Miau/install/Miau/share/Miau/local_setup.sh
[0.946s] -- Installing: /home/dae/ros2_ws/src/Miau/install/Miau/share/Miau/local_setup.zsh
[0.946s] -- Installing: /home/dae/ros2_ws/src/Miau/install/Miau/share/Miau/local_setup.dsv
[0.946s] -- Installing: /home/dae/ros2_ws/src/Miau/install/Miau/share/Miau/package.dsv
[0.946s] -- Installing: /home/dae/ros2_ws/src/Miau/install/Miau/share/ament_index/resource_index/packages/Miau
[0.946s] -- Installing: /home/dae/ros2_ws/src/Miau/install/Miau/share/Miau/cmake/MiauConfig.cmake
[0.946s] -- Installing: /home/dae/ros2_ws/src/Miau/install/Miau/share/Miau/cmake/MiauConfig-version.cmake
[0.946s] -- Installing: /home/dae/ros2_ws/src/Miau/install/Miau/share/Miau/package.xml
[0.948s] Invoked command in '/home/dae/ros2_ws/src/Miau/build/Miau' returned '0': CMAKE_PREFIX_PATH=${CMAKE_PREFIX_PATH}:/opt/ros/jazzy DEBUGINFOD_URLS=https://debuginfod.ubuntu.com /usr/bin/cmake --install /home/dae/ros2_ws/src/Miau/build/Miau
