[3.087s] Invoking command in '/home/david-romero/Proyectos/robotica/build/scara_boceto': DEBUGINFOD_URLS=https://debuginfod.ubuntu.com PYTHONPATH=/home/david-romero/Proyectos/robotica/build/scara_boceto/prefix_override:/usr/lib/python3/dist-packages/colcon_core/task/python/colcon_distutils_commands:/home/david-romero/Proyectos/robotica/install/scara_boceto/lib/python3.12/site-packages:${PYTHONPATH} /usr/bin/python3 -W ignore:setup.py install is deprecated -W ignore:easy_install command is deprecated setup.py develop --editable --build-directory /home/david-romero/Proyectos/robotica/build/scara_boceto/build --no-deps symlink_data
[4.008s] running develop
[4.582s] running egg_info
[4.582s] creating scara_boceto.egg-info
[4.646s] writing scara_boceto.egg-info/PKG-INFO
[4.647s] writing dependency_links to scara_boceto.egg-info/dependency_links.txt
[4.648s] writing entry points to scara_boceto.egg-info/entry_points.txt
[4.648s] writing top-level names to scara_boceto.egg-info/top_level.txt
[4.648s] writing manifest file 'scara_boceto.egg-info/SOURCES.txt'
[4.760s] reading manifest file 'scara_boceto.egg-info/SOURCES.txt'
[4.761s] writing manifest file 'scara_boceto.egg-info/SOURCES.txt'
[4.818s] running build_ext
[4.819s] Creating /home/david-romero/Proyectos/robotica/install/scara_boceto/lib/python3.12/site-packages/scara-boceto.egg-link (link to .)
[4.822s] Installing fk_publisher script to /home/david-romero/Proyectos/robotica/install/scara_boceto/lib/scara_boceto
[4.823s] Installing gui_sliders script to /home/david-romero/Proyectos/robotica/install/scara_boceto/lib/scara_boceto
[4.823s] 
[4.824s] Installed /home/david-romero/Proyectos/robotica/build/scara_boceto
[4.824s] running symlink_data
[4.824s] creating /home/david-romero/Proyectos/robotica/install/scara_boceto/share/ament_index
[4.824s] creating /home/david-romero/Proyectos/robotica/install/scara_boceto/share/ament_index/resource_index
[4.824s] creating /home/david-romero/Proyectos/robotica/install/scara_boceto/share/ament_index/resource_index/packages
[4.824s] symbolically linking /home/david-romero/Proyectos/robotica/build/scara_boceto/resource/scara_boceto -> /home/david-romero/Proyectos/robotica/install/scara_boceto/share/ament_index/resource_index/packages
[4.824s] symbolically linking /home/david-romero/Proyectos/robotica/build/scara_boceto/package.xml -> /home/david-romero/Proyectos/robotica/install/scara_boceto/share/scara_boceto
[4.824s] creating /home/david-romero/Proyectos/robotica/install/scara_boceto/share/scara_boceto/launch
[4.825s] symbolically linking /home/david-romero/Proyectos/robotica/build/scara_boceto/launch/gazebo.launch.py -> /home/david-romero/Proyectos/robotica/install/scara_boceto/share/scara_boceto/launch
[4.825s] symbolically linking /home/david-romero/Proyectos/robotica/build/scara_boceto/launch/display.launch.py -> /home/david-romero/Proyectos/robotica/install/scara_boceto/share/scara_boceto/launch
[4.825s] creating /home/david-romero/Proyectos/robotica/install/scara_boceto/share/scara_boceto/urdf
[4.825s] symbolically linking /home/david-romero/Proyectos/robotica/build/scara_boceto/urdf/scara_boceto.urdf.xacro -> /home/david-romero/Proyectos/robotica/install/scara_boceto/share/scara_boceto/urdf
[4.825s] creating /home/david-romero/Proyectos/robotica/install/scara_boceto/share/scara_boceto/meshes
[4.825s] symbolically linking /home/david-romero/Proyectos/robotica/build/scara_boceto/meshes/est2.STL -> /home/david-romero/Proyectos/robotica/install/scara_boceto/share/scara_boceto/meshes
[4.825s] symbolically linking /home/david-romero/Proyectos/robotica/build/scara_boceto/meshes/rot2.STL -> /home/david-romero/Proyectos/robotica/install/scara_boceto/share/scara_boceto/meshes
[4.825s] symbolically linking /home/david-romero/Proyectos/robotica/build/scara_boceto/meshes/ban3.STL -> /home/david-romero/Proyectos/robotica/install/scara_boceto/share/scara_boceto/meshes
[4.826s] symbolically linking /home/david-romero/Proyectos/robotica/build/scara_boceto/meshes/rot1.STL -> /home/david-romero/Proyectos/robotica/install/scara_boceto/share/scara_boceto/meshes
[4.826s] symbolically linking /home/david-romero/Proyectos/robotica/build/scara_boceto/meshes/base_link.STL -> /home/david-romero/Proyectos/robotica/install/scara_boceto/share/scara_boceto/meshes
[4.826s] symbolically linking /home/david-romero/Proyectos/robotica/build/scara_boceto/meshes/pris.STL -> /home/david-romero/Proyectos/robotica/install/scara_boceto/share/scara_boceto/meshes
[4.826s] creating /home/david-romero/Proyectos/robotica/install/scara_boceto/share/scara_boceto/rviz
[4.826s] creating /home/david-romero/Proyectos/robotica/install/scara_boceto/share/scara_boceto/config
[4.826s] symbolically linking /home/david-romero/Proyectos/robotica/build/scara_boceto/config/controller_manager:.yaml -> /home/david-romero/Proyectos/robotica/install/scara_boceto/share/scara_boceto/config
[4.917s] Invoked command in '/home/david-romero/Proyectos/robotica/build/scara_boceto' returned '0': DEBUGINFOD_URLS=https://debuginfod.ubuntu.com PYTHONPATH=/home/david-romero/Proyectos/robotica/build/scara_boceto/prefix_override:/usr/lib/python3/dist-packages/colcon_core/task/python/colcon_distutils_commands:/home/david-romero/Proyectos/robotica/install/scara_boceto/lib/python3.12/site-packages:${PYTHONPATH} /usr/bin/python3 -W ignore:setup.py install is deprecated -W ignore:easy_install command is deprecated setup.py develop --editable --build-directory /home/david-romero/Proyectos/robotica/build/scara_boceto/build --no-deps symlink_data
