[2.059s] Invoking command in '/home/david-romero/Proyectos/robotica/src/scara_cajas': DEBUGINFOD_URLS=https://debuginfod.ubuntu.com PYTHONPATH=/home/david-romero/Proyectos/robotica/build/scara_cajas/prefix_override:/usr/lib/python3/dist-packages/colcon_core/task/python/colcon_distutils_commands:/home/david-romero/Proyectos/robotica/install/scara_cajas/lib/python3.12/site-packages:${PYTHONPATH} /usr/bin/python3 -W ignore:setup.py install is deprecated -W ignore:easy_install command is deprecated setup.py egg_info --egg-base ../../build/scara_cajas build --build-base /home/david-romero/Proyectos/robotica/build/scara_cajas/build install --record /home/david-romero/Proyectos/robotica/build/scara_cajas/install.log --install-scripts $base/lib/scara_cajas --single-version-externally-managed install_data
[2.533s] running egg_info
[2.567s] writing ../../build/scara_cajas/scara_cajas.egg-info/PKG-INFO
[2.568s] writing dependency_links to ../../build/scara_cajas/scara_cajas.egg-info/dependency_links.txt
[2.568s] writing entry points to ../../build/scara_cajas/scara_cajas.egg-info/entry_points.txt
[2.568s] writing requirements to ../../build/scara_cajas/scara_cajas.egg-info/requires.txt
[2.569s] writing top-level names to ../../build/scara_cajas/scara_cajas.egg-info/top_level.txt
[2.642s] reading manifest file '../../build/scara_cajas/scara_cajas.egg-info/SOURCES.txt'
[2.644s] writing manifest file '../../build/scara_cajas/scara_cajas.egg-info/SOURCES.txt'
[2.644s] running build
[2.644s] running build_py
[2.645s] running install
[2.656s] running install_lib
[2.694s] running install_data
[2.694s] copying urdf/Ensamblaje1.urdf -> /home/david-romero/Proyectos/robotica/install/scara_cajas/share/scara_cajas/urdf
[2.695s] running install_egg_info
[2.735s] removing '/home/david-romero/Proyectos/robotica/install/scara_cajas/lib/python3.12/site-packages/scara_cajas-0.0.0-py3.12.egg-info' (and everything under it)
[2.735s] Copying ../../build/scara_cajas/scara_cajas.egg-info to /home/david-romero/Proyectos/robotica/install/scara_cajas/lib/python3.12/site-packages/scara_cajas-0.0.0-py3.12.egg-info
[2.736s] running install_scripts
[2.997s] Installing gui_presets script to /home/david-romero/Proyectos/robotica/install/scara_cajas/lib/scara_cajas
[2.998s] writing list of installed files to '/home/david-romero/Proyectos/robotica/build/scara_cajas/install.log'
[3.071s] Invoked command in '/home/david-romero/Proyectos/robotica/src/scara_cajas' returned '0': DEBUGINFOD_URLS=https://debuginfod.ubuntu.com PYTHONPATH=/home/david-romero/Proyectos/robotica/build/scara_cajas/prefix_override:/usr/lib/python3/dist-packages/colcon_core/task/python/colcon_distutils_commands:/home/david-romero/Proyectos/robotica/install/scara_cajas/lib/python3.12/site-packages:${PYTHONPATH} /usr/bin/python3 -W ignore:setup.py install is deprecated -W ignore:easy_install command is deprecated setup.py egg_info --egg-base ../../build/scara_cajas build --build-base /home/david-romero/Proyectos/robotica/build/scara_cajas/build install --record /home/david-romero/Proyectos/robotica/build/scara_cajas/install.log --install-scripts $base/lib/scara_cajas --single-version-externally-managed install_data
