[0.011s] Invoking command in '/home/dae/ros2_ws/build/Miau': CMAKE_PREFIX_PATH=${CMAKE_PREFIX_PATH}:/opt/ros/jazzy DEBUGINFOD_URLS=https://debuginfod.ubuntu.com /usr/bin/cmake --build /home/dae/ros2_ws/build/Miau -- -j16 -l16
[0.038s] -- Found ament_cmake: 2.5.6 (/opt/ros/jazzy/share/ament_cmake/cmake)
[0.217s] -- Found ament_lint_auto: 0.17.5 (/opt/ros/jazzy/share/ament_lint_auto/cmake)
[0.275s] WARNING: Package name "Miau" does not follow the naming conventions. It should start with a lower case letter and only contain lower case letters, digits, underscores, and dashes.
[0.306s] -- Added test 'cppcheck' to perform static code analysis on C / C++ code
[0.306s] -- Configured cppcheck include dirs: 
[0.306s] -- Configured cppcheck exclude dirs and/or files: 
[0.308s] -- Added test 'flake8' to check Python code syntax and style conventions
[0.308s] -- Configured 'flake8' exclude dirs and/or files: 
[0.312s] -- Added test 'lint_cmake' to check CMake code style
[0.314s] -- Added test 'pep257' to check Python code against some of the docstring style conventions in PEP 257
[0.329s] -- Added test 'uncrustify' to check C / C++ code style
[0.329s] -- Configured uncrustify additional arguments: 
[0.331s] -- Added test 'xmllint' to check XML markup files
[0.333s] -- Configuring done (0.3s)
[0.337s] -- Generating done (0.0s)
[0.338s] -- Build files have been written to: /home/dae/ros2_ws/build/Miau
[0.361s] Invoked command in '/home/dae/ros2_ws/build/Miau' returned '0': CMAKE_PREFIX_PATH=${CMAKE_PREFIX_PATH}:/opt/ros/jazzy DEBUGINFOD_URLS=https://debuginfod.ubuntu.com /usr/bin/cmake --build /home/dae/ros2_ws/build/Miau -- -j16 -l16
[0.372s] Invoking command in '/home/dae/ros2_ws/build/Miau': CMAKE_PREFIX_PATH=${CMAKE_PREFIX_PATH}:/opt/ros/jazzy DEBUGINFOD_URLS=https://debuginfod.ubuntu.com /usr/bin/cmake --install /home/dae/ros2_ws/build/Miau
[0.380s] -- Install configuration: ""
[0.381s] -- Up-to-date: /home/dae/ros2_ws/install/Miau/share/Miau/urdf
[0.381s] -- Installing: /home/dae/ros2_ws/install/Miau/share/Miau/urdf/Completo.urdf
[0.382s] -- Up-to-date: /home/dae/ros2_ws/install/Miau/share/Miau/urdf/install
[0.382s] -- Up-to-date: /home/dae/ros2_ws/install/Miau/share/Miau/urdf/install/.colcon_install_layout
[0.382s] -- Up-to-date: /home/dae/ros2_ws/install/Miau/share/Miau/urdf/install/setup.bash
[0.382s] -- Up-to-date: /home/dae/ros2_ws/install/Miau/share/Miau/urdf/install/local_setup.zsh
[0.382s] -- Up-to-date: /home/dae/ros2_ws/install/Miau/share/Miau/urdf/install/_local_setup_util_sh.py
[0.382s] -- Up-to-date: /home/dae/ros2_ws/install/Miau/share/Miau/urdf/install/local_setup.bash
[0.383s] -- Up-to-date: /home/dae/ros2_ws/install/Miau/share/Miau/urdf/install/COLCON_IGNORE
[0.383s] -- Up-to-date: /home/dae/ros2_ws/install/Miau/share/Miau/urdf/install/setup.sh
[0.383s] -- Up-to-date: /home/dae/ros2_ws/install/Miau/share/Miau/urdf/install/local_setup.sh
[0.383s] -- Up-to-date: /home/dae/ros2_ws/install/Miau/share/Miau/urdf/install/setup.zsh
[0.383s] -- Up-to-date: /home/dae/ros2_ws/install/Miau/share/Miau/urdf/build
[0.383s] -- Up-to-date: /home/dae/ros2_ws/install/Miau/share/Miau/urdf/build/.built_by
[0.383s] -- Up-to-date: /home/dae/ros2_ws/install/Miau/share/Miau/urdf/build/COLCON_IGNORE
[0.383s] -- Installing: /home/dae/ros2_ws/install/Miau/share/Miau/urdf/Completo.csv
[0.383s] -- Up-to-date: /home/dae/ros2_ws/install/Miau/share/Miau/urdf/log
[0.383s] -- Up-to-date: /home/dae/ros2_ws/install/Miau/share/Miau/urdf/log/build_2026-08-17_17-05-32
[0.383s] -- Up-to-date: /home/dae/ros2_ws/install/Miau/share/Miau/urdf/log/build_2026-08-17_17-05-32/logger_all.log
[0.383s] -- Up-to-date: /home/dae/ros2_ws/install/Miau/share/Miau/urdf/log/build_2026-08-17_17-05-32/events.log
[0.383s] -- Up-to-date: /home/dae/ros2_ws/install/Miau/share/Miau/urdf/log/build_2026-08-17_17-36-59
[0.384s] -- Up-to-date: /home/dae/ros2_ws/install/Miau/share/Miau/urdf/log/build_2026-08-17_17-36-59/logger_all.log
[0.384s] -- Up-to-date: /home/dae/ros2_ws/install/Miau/share/Miau/urdf/log/build_2026-08-17_17-36-59/events.log
[0.384s] -- Up-to-date: /home/dae/ros2_ws/install/Miau/share/Miau/urdf/log/build_2026-08-17_18-16-47
[0.384s] -- Up-to-date: /home/dae/ros2_ws/install/Miau/share/Miau/urdf/log/build_2026-08-17_18-16-47/logger_all.log
[0.384s] -- Up-to-date: /home/dae/ros2_ws/install/Miau/share/Miau/urdf/log/build_2026-08-17_18-16-47/events.log
[0.384s] -- Up-to-date: /home/dae/ros2_ws/install/Miau/share/Miau/urdf/log/build_2026-08-17_18-13-12
[0.384s] -- Up-to-date: /home/dae/ros2_ws/install/Miau/share/Miau/urdf/log/build_2026-08-17_18-13-12/logger_all.log
[0.384s] -- Up-to-date: /home/dae/ros2_ws/install/Miau/share/Miau/urdf/log/build_2026-08-17_18-13-12/events.log
[0.384s] -- Up-to-date: /home/dae/ros2_ws/install/Miau/share/Miau/urdf/log/build_2026-08-17_18-09-18
[0.384s] -- Up-to-date: /home/dae/ros2_ws/install/Miau/share/Miau/urdf/log/build_2026-08-17_18-09-18/logger_all.log
[0.384s] -- Up-to-date: /home/dae/ros2_ws/install/Miau/share/Miau/urdf/log/build_2026-08-17_18-09-18/events.log
[0.384s] -- Up-to-date: /home/dae/ros2_ws/install/Miau/share/Miau/urdf/log/COLCON_IGNORE
[0.385s] -- Up-to-date: /home/dae/ros2_ws/install/Miau/share/Miau/urdf/log/build_2026-08-17_17-35-41
[0.385s] -- Up-to-date: /home/dae/ros2_ws/install/Miau/share/Miau/urdf/log/build_2026-08-17_17-35-41/logger_all.log
[0.385s] -- Up-to-date: /home/dae/ros2_ws/install/Miau/share/Miau/urdf/log/build_2026-08-17_17-35-41/events.log
[0.385s] -- Up-to-date: /home/dae/ros2_ws/install/Miau/share/Miau/urdf/log/build_2026-08-17_17-27-45
[0.385s] -- Up-to-date: /home/dae/ros2_ws/install/Miau/share/Miau/urdf/log/build_2026-08-17_17-27-45/logger_all.log
[0.385s] -- Up-to-date: /home/dae/ros2_ws/install/Miau/share/Miau/urdf/log/build_2026-08-17_17-27-45/events.log
[0.385s] -- Up-to-date: /home/dae/ros2_ws/install/Miau/share/Miau/urdf/log/build_2026-08-17_18-09-21
[0.385s] -- Up-to-date: /home/dae/ros2_ws/install/Miau/share/Miau/urdf/log/build_2026-08-17_18-09-21/logger_all.log
[0.385s] -- Up-to-date: /home/dae/ros2_ws/install/Miau/share/Miau/urdf/log/build_2026-08-17_18-09-21/events.log
[0.385s] -- Up-to-date: /home/dae/ros2_ws/install/Miau/share/Miau/urdf/log/latest_build
[0.385s] -- Up-to-date: /home/dae/ros2_ws/install/Miau/share/Miau/urdf/log/latest
[0.385s] -- Up-to-date: /home/dae/ros2_ws/install/Miau/share/Miau/urdf/log/build_2026-08-17_18-17-13
[0.385s] -- Up-to-date: /home/dae/ros2_ws/install/Miau/share/Miau/urdf/log/build_2026-08-17_18-17-13/logger_all.log
[0.385s] -- Up-to-date: /home/dae/ros2_ws/install/Miau/share/Miau/urdf/log/build_2026-08-17_18-17-13/events.log
[0.386s] -- Up-to-date: /home/dae/ros2_ws/install/Miau/share/Miau/launch
[0.386s] -- Installing: /home/dae/ros2_ws/install/Miau/share/Miau/launch/gazebo.launch.py
[0.386s] -- Up-to-date: /home/dae/ros2_ws/install/Miau/share/Miau/launch/launch.py
[0.386s] -- Up-to-date: /home/dae/ros2_ws/install/Miau/share/Miau/meshes
[0.386s] -- Installing: /home/dae/ros2_ws/install/Miau/share/Miau/meshes/L1.STL
[0.386s] -- Installing: /home/dae/ros2_ws/install/Miau/share/Miau/meshes/L2.STL
[0.386s] -- Installing: /home/dae/ros2_ws/install/Miau/share/Miau/meshes/L3.STL
[0.386s] -- Installing: /home/dae/ros2_ws/install/Miau/share/Miau/meshes/base_link.STL
[0.386s] -- Up-to-date: /home/dae/ros2_ws/install/Miau/share/Miau/rviz
[0.386s] -- Installing: /home/dae/ros2_ws/install/Miau/share/Miau/rviz/config.rviz
[0.387s] -- Installing: /home/dae/ros2_ws/install/Miau/share/Miau/config
[0.387s] -- Installing: /home/dae/ros2_ws/install/Miau/share/Miau/config/controllers.yaml
[0.387s] -- Installing: /home/dae/ros2_ws/install/Miau/share/ament_index/resource_index/package_run_dependencies/Miau
[0.387s] -- Installing: /home/dae/ros2_ws/install/Miau/share/ament_index/resource_index/parent_prefix_path/Miau
[0.387s] -- Up-to-date: /home/dae/ros2_ws/install/Miau/share/Miau/environment/ament_prefix_path.sh
[0.388s] -- Up-to-date: /home/dae/ros2_ws/install/Miau/share/Miau/environment/ament_prefix_path.dsv
[0.388s] -- Up-to-date: /home/dae/ros2_ws/install/Miau/share/Miau/environment/path.sh
[0.388s] -- Up-to-date: /home/dae/ros2_ws/install/Miau/share/Miau/environment/path.dsv
[0.388s] -- Up-to-date: /home/dae/ros2_ws/install/Miau/share/Miau/local_setup.bash
[0.388s] -- Up-to-date: /home/dae/ros2_ws/install/Miau/share/Miau/local_setup.sh
[0.388s] -- Up-to-date: /home/dae/ros2_ws/install/Miau/share/Miau/local_setup.zsh
[0.388s] -- Up-to-date: /home/dae/ros2_ws/install/Miau/share/Miau/local_setup.dsv
[0.388s] -- Installing: /home/dae/ros2_ws/install/Miau/share/Miau/package.dsv
[0.389s] -- Up-to-date: /home/dae/ros2_ws/install/Miau/share/ament_index/resource_index/packages/Miau
[0.389s] -- Up-to-date: /home/dae/ros2_ws/install/Miau/share/Miau/cmake/MiauConfig.cmake
[0.389s] -- Up-to-date: /home/dae/ros2_ws/install/Miau/share/Miau/cmake/MiauConfig-version.cmake
[0.389s] -- Installing: /home/dae/ros2_ws/install/Miau/share/Miau/package.xml
[0.391s] Invoked command in '/home/dae/ros2_ws/build/Miau' returned '0': CMAKE_PREFIX_PATH=${CMAKE_PREFIX_PATH}:/opt/ros/jazzy DEBUGINFOD_URLS=https://debuginfod.ubuntu.com /usr/bin/cmake --install /home/dae/ros2_ws/build/Miau
