[2.554s] Invoking command in '/home/david-romero/Proyectos/robotica/src/ttcc': DEBUGINFOD_URLS=https://debuginfod.ubuntu.com PYTHONPATH=/home/david-romero/Proyectos/robotica/build/ttcc/prefix_override:/usr/lib/python3/dist-packages/colcon_core/task/python/colcon_distutils_commands:/home/david-romero/Proyectos/robotica/install/ttcc/lib/python3.12/site-packages:${PYTHONPATH} /usr/bin/python3 -W ignore:setup.py install is deprecated -W ignore:easy_install command is deprecated setup.py egg_info --egg-base ../../build/ttcc build --build-base /home/david-romero/Proyectos/robotica/build/ttcc/build install --record /home/david-romero/Proyectos/robotica/build/ttcc/install.log --install-scripts $base/lib/ttcc --single-version-externally-managed install_data
[3.067s] running egg_info
[3.106s] writing ../../build/ttcc/ttcc.egg-info/PKG-INFO
[3.107s] writing dependency_links to ../../build/ttcc/ttcc.egg-info/dependency_links.txt
[3.107s] writing entry points to ../../build/ttcc/ttcc.egg-info/entry_points.txt
[3.108s] writing requirements to ../../build/ttcc/ttcc.egg-info/requires.txt
[3.108s] writing top-level names to ../../build/ttcc/ttcc.egg-info/top_level.txt
[3.185s] reading manifest file '../../build/ttcc/ttcc.egg-info/SOURCES.txt'
[3.186s] writing manifest file '../../build/ttcc/ttcc.egg-info/SOURCES.txt'
[3.187s] running build
[3.187s] running build_py
[3.188s] running install
[3.199s] running install_lib
[3.236s] running install_data
[3.237s] running install_egg_info
[3.278s] removing '/home/david-romero/Proyectos/robotica/install/ttcc/lib/python3.12/site-packages/ttcc-0.0.0-py3.12.egg-info' (and everything under it)
[3.279s] Copying ../../build/ttcc/ttcc.egg-info to /home/david-romero/Proyectos/robotica/install/ttcc/lib/python3.12/site-packages/ttcc-0.0.0-py3.12.egg-info
[3.281s] running install_scripts
[3.572s] Installing simulador_cinematico_node script to /home/david-romero/Proyectos/robotica/install/ttcc/lib/ttcc
[3.573s] writing list of installed files to '/home/david-romero/Proyectos/robotica/build/ttcc/install.log'
[3.635s] Invoked command in '/home/david-romero/Proyectos/robotica/src/ttcc' returned '0': DEBUGINFOD_URLS=https://debuginfod.ubuntu.com PYTHONPATH=/home/david-romero/Proyectos/robotica/build/ttcc/prefix_override:/usr/lib/python3/dist-packages/colcon_core/task/python/colcon_distutils_commands:/home/david-romero/Proyectos/robotica/install/ttcc/lib/python3.12/site-packages:${PYTHONPATH} /usr/bin/python3 -W ignore:setup.py install is deprecated -W ignore:easy_install command is deprecated setup.py egg_info --egg-base ../../build/ttcc build --build-base /home/david-romero/Proyectos/robotica/build/ttcc/build install --record /home/david-romero/Proyectos/robotica/build/ttcc/install.log --install-scripts $base/lib/ttcc --single-version-externally-managed install_data
