[2.491s] Invoking command in '/home/david-romero/Proyectos/robotica/src/scara_cajas': DEBUGINFOD_URLS=https://debuginfod.ubuntu.com PYTHONPATH=/home/david-romero/Proyectos/robotica/build/scara_cajas/prefix_override:/usr/lib/python3/dist-packages/colcon_core/task/python/colcon_distutils_commands:/home/david-romero/Proyectos/robotica/install/scara_cajas/lib/python3.12/site-packages:${PYTHONPATH} /usr/bin/python3 -W ignore:setup.py install is deprecated -W ignore:easy_install command is deprecated setup.py egg_info --egg-base ../../build/scara_cajas build --build-base /home/david-romero/Proyectos/robotica/build/scara_cajas/build install --record /home/david-romero/Proyectos/robotica/build/scara_cajas/install.log --install-scripts $base/lib/scara_cajas --single-version-externally-managed install_data
[3.310s] running egg_info
[3.375s] writing ../../build/scara_cajas/scara_cajas.egg-info/PKG-INFO
[3.376s] writing dependency_links to ../../build/scara_cajas/scara_cajas.egg-info/dependency_links.txt
[3.376s] writing entry points to ../../build/scara_cajas/scara_cajas.egg-info/entry_points.txt
[3.377s] writing requirements to ../../build/scara_cajas/scara_cajas.egg-info/requires.txt
[3.377s] writing top-level names to ../../build/scara_cajas/scara_cajas.egg-info/top_level.txt
[3.510s] reading manifest file '../../build/scara_cajas/scara_cajas.egg-info/SOURCES.txt'
[3.513s] writing manifest file '../../build/scara_cajas/scara_cajas.egg-info/SOURCES.txt'
[3.513s] running build
[3.513s] running build_py
[3.514s] copying scara_cajas/trajectory_controller.py -> /home/david-romero/Proyectos/robotica/build/scara_cajas/build/lib/scara_cajas
[3.515s] running install
[3.534s] running install_lib
[3.598s] copying /home/david-romero/Proyectos/robotica/build/scara_cajas/build/lib/scara_cajas/trajectory_controller.py -> /home/david-romero/Proyectos/robotica/install/scara_cajas/lib/python3.12/site-packages/scara_cajas
[3.599s] byte-compiling /home/david-romero/Proyectos/robotica/install/scara_cajas/lib/python3.12/site-packages/scara_cajas/trajectory_controller.py to trajectory_controller.cpython-312.pyc
[3.605s] running install_data
[3.606s] running install_egg_info
[3.684s] removing '/home/david-romero/Proyectos/robotica/install/scara_cajas/lib/python3.12/site-packages/scara_cajas-0.0.0-py3.12.egg-info' (and everything under it)
[3.686s] Copying ../../build/scara_cajas/scara_cajas.egg-info to /home/david-romero/Proyectos/robotica/install/scara_cajas/lib/python3.12/site-packages/scara_cajas-0.0.0-py3.12.egg-info
[3.687s] running install_scripts
[4.047s] Installing gazebo_mod script to /home/david-romero/Proyectos/robotica/install/scara_cajas/lib/scara_cajas
[4.047s] Installing gui_presets script to /home/david-romero/Proyectos/robotica/install/scara_cajas/lib/scara_cajas
[4.048s] Installing trajectory_exec script to /home/david-romero/Proyectos/robotica/install/scara_cajas/lib/scara_cajas
[4.049s] writing list of installed files to '/home/david-romero/Proyectos/robotica/build/scara_cajas/install.log'
[4.115s] Invoked command in '/home/david-romero/Proyectos/robotica/src/scara_cajas' returned '0': DEBUGINFOD_URLS=https://debuginfod.ubuntu.com PYTHONPATH=/home/david-romero/Proyectos/robotica/build/scara_cajas/prefix_override:/usr/lib/python3/dist-packages/colcon_core/task/python/colcon_distutils_commands:/home/david-romero/Proyectos/robotica/install/scara_cajas/lib/python3.12/site-packages:${PYTHONPATH} /usr/bin/python3 -W ignore:setup.py install is deprecated -W ignore:easy_install command is deprecated setup.py egg_info --egg-base ../../build/scara_cajas build --build-base /home/david-romero/Proyectos/robotica/build/scara_cajas/build install --record /home/david-romero/Proyectos/robotica/build/scara_cajas/install.log --install-scripts $base/lib/scara_cajas --single-version-externally-managed install_data
