[3.028s] Invoking command in '/home/david-romero/Proyectos/robotica/src/scara_cajas': DEBUGINFOD_URLS=https://debuginfod.ubuntu.com PYTHONPATH=/home/david-romero/Proyectos/robotica/build/scara_cajas/prefix_override:/usr/lib/python3/dist-packages/colcon_core/task/python/colcon_distutils_commands:/home/david-romero/Proyectos/robotica/install/scara_cajas/lib/python3.12/site-packages:${PYTHONPATH} /usr/bin/python3 -W ignore:setup.py install is deprecated -W ignore:easy_install command is deprecated setup.py egg_info --egg-base ../../build/scara_cajas build --build-base /home/david-romero/Proyectos/robotica/build/scara_cajas/build install --record /home/david-romero/Proyectos/robotica/build/scara_cajas/install.log --install-scripts $base/lib/scara_cajas --single-version-externally-managed install_data
[3.866s] running egg_info
[3.920s] writing ../../build/scara_cajas/scara_cajas.egg-info/PKG-INFO
[3.921s] writing dependency_links to ../../build/scara_cajas/scara_cajas.egg-info/dependency_links.txt
[3.921s] writing entry points to ../../build/scara_cajas/scara_cajas.egg-info/entry_points.txt
[3.921s] writing requirements to ../../build/scara_cajas/scara_cajas.egg-info/requires.txt
[3.922s] writing top-level names to ../../build/scara_cajas/scara_cajas.egg-info/top_level.txt
[4.002s] reading manifest file '../../build/scara_cajas/scara_cajas.egg-info/SOURCES.txt'
[4.004s] writing manifest file '../../build/scara_cajas/scara_cajas.egg-info/SOURCES.txt'
[4.004s] running build
[4.004s] running build_py
[4.005s] copying scara_cajas/trajectory_controller.py -> /home/david-romero/Proyectos/robotica/build/scara_cajas/build/lib/scara_cajas
[4.005s] running install
[4.018s] running install_lib
[4.057s] copying /home/david-romero/Proyectos/robotica/build/scara_cajas/build/lib/scara_cajas/trajectory_controller.py -> /home/david-romero/Proyectos/robotica/install/scara_cajas/lib/python3.12/site-packages/scara_cajas
[4.058s] byte-compiling /home/david-romero/Proyectos/robotica/install/scara_cajas/lib/python3.12/site-packages/scara_cajas/trajectory_controller.py to trajectory_controller.cpython-312.pyc
[4.062s] running install_data
[4.062s] copying launch/display_gazebo.launch.py -> /home/david-romero/Proyectos/robotica/install/scara_cajas/share/scara_cajas/launch
[4.063s] running install_egg_info
[4.128s] removing '/home/david-romero/Proyectos/robotica/install/scara_cajas/lib/python3.12/site-packages/scara_cajas-0.0.0-py3.12.egg-info' (and everything under it)
[4.132s] Copying ../../build/scara_cajas/scara_cajas.egg-info to /home/david-romero/Proyectos/robotica/install/scara_cajas/lib/python3.12/site-packages/scara_cajas-0.0.0-py3.12.egg-info
[4.133s] running install_scripts
[4.523s] Installing gazebo_mod script to /home/david-romero/Proyectos/robotica/install/scara_cajas/lib/scara_cajas
[4.524s] Installing gui_presets script to /home/david-romero/Proyectos/robotica/install/scara_cajas/lib/scara_cajas
[4.524s] writing list of installed files to '/home/david-romero/Proyectos/robotica/build/scara_cajas/install.log'
[4.608s] Invoked command in '/home/david-romero/Proyectos/robotica/src/scara_cajas' returned '0': DEBUGINFOD_URLS=https://debuginfod.ubuntu.com PYTHONPATH=/home/david-romero/Proyectos/robotica/build/scara_cajas/prefix_override:/usr/lib/python3/dist-packages/colcon_core/task/python/colcon_distutils_commands:/home/david-romero/Proyectos/robotica/install/scara_cajas/lib/python3.12/site-packages:${PYTHONPATH} /usr/bin/python3 -W ignore:setup.py install is deprecated -W ignore:easy_install command is deprecated setup.py egg_info --egg-base ../../build/scara_cajas build --build-base /home/david-romero/Proyectos/robotica/build/scara_cajas/build install --record /home/david-romero/Proyectos/robotica/build/scara_cajas/install.log --install-scripts $base/lib/scara_cajas --single-version-externally-managed install_data
