[4.308s] Invoking command in '/home/david-romero/Proyectos/robotica/src/scara_boceto': DEBUGINFOD_URLS=https://debuginfod.ubuntu.com PYTHONPATH=/home/david-romero/Proyectos/robotica/build/scara_boceto/prefix_override:/usr/lib/python3/dist-packages/colcon_core/task/python/colcon_distutils_commands:/home/david-romero/Proyectos/robotica/install/scara_boceto/lib/python3.12/site-packages:${PYTHONPATH} /usr/bin/python3 -W ignore:setup.py install is deprecated -W ignore:easy_install command is deprecated setup.py egg_info --egg-base ../../build/scara_boceto build --build-base /home/david-romero/Proyectos/robotica/build/scara_boceto/build install --record /home/david-romero/Proyectos/robotica/build/scara_boceto/install.log --install-scripts $base/lib/scara_boceto --single-version-externally-managed install_data
[5.256s] running egg_info
[5.345s] writing ../../build/scara_boceto/scara_boceto.egg-info/PKG-INFO
[5.346s] writing dependency_links to ../../build/scara_boceto/scara_boceto.egg-info/dependency_links.txt
[5.346s] writing entry points to ../../build/scara_boceto/scara_boceto.egg-info/entry_points.txt
[5.346s] writing top-level names to ../../build/scara_boceto/scara_boceto.egg-info/top_level.txt
[5.496s] reading manifest file '../../build/scara_boceto/scara_boceto.egg-info/SOURCES.txt'
[5.501s] writing manifest file '../../build/scara_boceto/scara_boceto.egg-info/SOURCES.txt'
[5.501s] running build
[5.502s] running build_py
[5.505s] running install
[5.538s] running install_lib
[5.613s] running install_data
[5.615s] running install_egg_info
[5.692s] removing '/home/david-romero/Proyectos/robotica/install/scara_boceto/lib/python3.12/site-packages/scara_boceto-0.0.0-py3.12.egg-info' (and everything under it)
[5.693s] Copying ../../build/scara_boceto/scara_boceto.egg-info to /home/david-romero/Proyectos/robotica/install/scara_boceto/lib/python3.12/site-packages/scara_boceto-0.0.0-py3.12.egg-info
[5.695s] running install_scripts
[6.210s] Installing fk_publisher script to /home/david-romero/Proyectos/robotica/install/scara_boceto/lib/scara_boceto
[6.211s] Installing gui_sliders script to /home/david-romero/Proyectos/robotica/install/scara_boceto/lib/scara_boceto
[6.212s] writing list of installed files to '/home/david-romero/Proyectos/robotica/build/scara_boceto/install.log'
[6.327s] Invoked command in '/home/david-romero/Proyectos/robotica/src/scara_boceto' returned '0': DEBUGINFOD_URLS=https://debuginfod.ubuntu.com PYTHONPATH=/home/david-romero/Proyectos/robotica/build/scara_boceto/prefix_override:/usr/lib/python3/dist-packages/colcon_core/task/python/colcon_distutils_commands:/home/david-romero/Proyectos/robotica/install/scara_boceto/lib/python3.12/site-packages:${PYTHONPATH} /usr/bin/python3 -W ignore:setup.py install is deprecated -W ignore:easy_install command is deprecated setup.py egg_info --egg-base ../../build/scara_boceto build --build-base /home/david-romero/Proyectos/robotica/build/scara_boceto/build install --record /home/david-romero/Proyectos/robotica/build/scara_boceto/install.log --install-scripts $base/lib/scara_boceto --single-version-externally-managed install_data
