[0.014s] Invoking command in '/home/dae/ros2_ws/src/build/Miau': CMAKE_PREFIX_PATH=${CMAKE_PREFIX_PATH}:/opt/ros/jazzy DEBUGINFOD_URLS=https://debuginfod.ubuntu.com /usr/bin/cmake /home/dae/ros2_ws/src/Miau -DCMAKE_INSTALL_PREFIX=/home/dae/ros2_ws/src/install/Miau
[0.079s] -- The C compiler identification is GNU 13.3.0
[0.151s] -- The CXX compiler identification is GNU 13.3.0
[0.172s] -- Detecting C compiler ABI info
[0.281s] -- Detecting C compiler ABI info - done
[0.290s] -- Check for working C compiler: /usr/bin/cc - skipped
[0.291s] -- Detecting C compile features
[0.291s] -- Detecting C compile features - done
[0.303s] -- Detecting CXX compiler ABI info
[0.421s] -- Detecting CXX compiler ABI info - done
[0.428s] -- Check for working CXX compiler: /usr/bin/c++ - skipped
[0.428s] -- Detecting CXX compile features
[0.428s] -- Detecting CXX compile features - done
[0.430s] -- Found ament_cmake: 2.5.6 (/opt/ros/jazzy/share/ament_cmake/cmake)
[0.551s] -- Found Python3: /usr/bin/python3 (found version "3.12.3") found components: Interpreter 
[0.636s] -- Found ament_lint_auto: 0.17.5 (/opt/ros/jazzy/share/ament_lint_auto/cmake)
[0.695s] WARNING: Package name "Miau" does not follow the naming conventions. It should start with a lower case letter and only contain lower case letters, digits, underscores, and dashes.
[0.720s] -- Added test 'flake8' to check Python code syntax and style conventions
[0.720s] -- Configured 'flake8' exclude dirs and/or files: 
[0.721s] -- Added test 'lint_cmake' to check CMake code style
[0.721s] -- Added test 'pep257' to check Python code against some of the docstring style conventions in PEP 257
[0.722s] -- Added test 'xmllint' to check XML markup files
[0.723s] -- Configuring done (0.7s)
[0.726s] -- Generating done (0.0s)
[0.727s] -- Build files have been written to: /home/dae/ros2_ws/src/build/Miau
[0.733s] Invoked command in '/home/dae/ros2_ws/src/build/Miau' returned '0': CMAKE_PREFIX_PATH=${CMAKE_PREFIX_PATH}:/opt/ros/jazzy DEBUGINFOD_URLS=https://debuginfod.ubuntu.com /usr/bin/cmake /home/dae/ros2_ws/src/Miau -DCMAKE_INSTALL_PREFIX=/home/dae/ros2_ws/src/install/Miau
[0.734s] Invoking command in '/home/dae/ros2_ws/src/build/Miau': CMAKE_PREFIX_PATH=${CMAKE_PREFIX_PATH}:/opt/ros/jazzy DEBUGINFOD_URLS=https://debuginfod.ubuntu.com /usr/bin/cmake --build /home/dae/ros2_ws/src/build/Miau -- -j16 -l16
[0.773s] Invoked command in '/home/dae/ros2_ws/src/build/Miau' returned '0': CMAKE_PREFIX_PATH=${CMAKE_PREFIX_PATH}:/opt/ros/jazzy DEBUGINFOD_URLS=https://debuginfod.ubuntu.com /usr/bin/cmake --build /home/dae/ros2_ws/src/build/Miau -- -j16 -l16
[0.782s] Invoking command in '/home/dae/ros2_ws/src/build/Miau': CMAKE_PREFIX_PATH=${CMAKE_PREFIX_PATH}:/opt/ros/jazzy DEBUGINFOD_URLS=https://debuginfod.ubuntu.com /usr/bin/cmake --install /home/dae/ros2_ws/src/build/Miau
[0.788s] -- Install configuration: ""
[0.789s] -- Installing: /home/dae/ros2_ws/src/install/Miau/share/Miau/urdf
[0.789s] -- Installing: /home/dae/ros2_ws/src/install/Miau/share/Miau/urdf/rs003nff60.urdf
[0.789s] -- Installing: /home/dae/ros2_ws/src/install/Miau/share/Miau/urdf/scara_robot.urdf
[0.789s] -- Installing: /home/dae/ros2_ws/src/install/Miau/share/Miau/launch
[0.789s] -- Installing: /home/dae/ros2_ws/src/install/Miau/share/Miau/launch/launch.py
[0.790s] -- Installing: /home/dae/ros2_ws/src/install/Miau/share/Miau/rviz
[0.790s] -- Installing: /home/dae/ros2_ws/src/install/Miau/share/ament_index/resource_index/package_run_dependencies/Miau
[0.790s] -- Installing: /home/dae/ros2_ws/src/install/Miau/share/ament_index/resource_index/parent_prefix_path/Miau
[0.790s] -- Installing: /home/dae/ros2_ws/src/install/Miau/share/Miau/environment/ament_prefix_path.sh
[0.790s] -- Installing: /home/dae/ros2_ws/src/install/Miau/share/Miau/environment/ament_prefix_path.dsv
[0.790s] -- Installing: /home/dae/ros2_ws/src/install/Miau/share/Miau/environment/path.sh
[0.790s] -- Installing: /home/dae/ros2_ws/src/install/Miau/share/Miau/environment/path.dsv
[0.790s] -- Installing: /home/dae/ros2_ws/src/install/Miau/share/Miau/local_setup.bash
[0.791s] -- Installing: /home/dae/ros2_ws/src/install/Miau/share/Miau/local_setup.sh
[0.791s] -- Installing: /home/dae/ros2_ws/src/install/Miau/share/Miau/local_setup.zsh
[0.791s] -- Installing: /home/dae/ros2_ws/src/install/Miau/share/Miau/local_setup.dsv
[0.791s] -- Installing: /home/dae/ros2_ws/src/install/Miau/share/Miau/package.dsv
[0.791s] -- Installing: /home/dae/ros2_ws/src/install/Miau/share/ament_index/resource_index/packages/Miau
[0.791s] -- Installing: /home/dae/ros2_ws/src/install/Miau/share/Miau/cmake/MiauConfig.cmake
[0.791s] -- Installing: /home/dae/ros2_ws/src/install/Miau/share/Miau/cmake/MiauConfig-version.cmake
[0.791s] -- Installing: /home/dae/ros2_ws/src/install/Miau/share/Miau/package.xml
[0.793s] Invoked command in '/home/dae/ros2_ws/src/build/Miau' returned '0': CMAKE_PREFIX_PATH=${CMAKE_PREFIX_PATH}:/opt/ros/jazzy DEBUGINFOD_URLS=https://debuginfod.ubuntu.com /usr/bin/cmake --install /home/dae/ros2_ws/src/build/Miau
