[3.135s] Invoking command in '/home/david-romero/Proyectos/robotica/src/ttcc': DEBUGINFOD_URLS=https://debuginfod.ubuntu.com PYTHONPATH=/home/david-romero/Proyectos/robotica/build/ttcc/prefix_override:/usr/lib/python3/dist-packages/colcon_core/task/python/colcon_distutils_commands:/home/david-romero/Proyectos/robotica/install/ttcc/lib/python3.12/site-packages:${PYTHONPATH} /usr/bin/python3 -W ignore:setup.py install is deprecated -W ignore:easy_install command is deprecated setup.py egg_info --egg-base ../../build/ttcc build --build-base /home/david-romero/Proyectos/robotica/build/ttcc/build install --record /home/david-romero/Proyectos/robotica/build/ttcc/install.log --install-scripts $base/lib/ttcc --single-version-externally-managed install_data
[3.873s] running egg_info
[3.915s] writing ../../build/ttcc/ttcc.egg-info/PKG-INFO
[3.915s] writing dependency_links to ../../build/ttcc/ttcc.egg-info/dependency_links.txt
[3.915s] writing entry points to ../../build/ttcc/ttcc.egg-info/entry_points.txt
[3.916s] writing requirements to ../../build/ttcc/ttcc.egg-info/requires.txt
[3.916s] writing top-level names to ../../build/ttcc/ttcc.egg-info/top_level.txt
[3.992s] reading manifest file '../../build/ttcc/ttcc.egg-info/SOURCES.txt'
[3.994s] writing manifest file '../../build/ttcc/ttcc.egg-info/SOURCES.txt'
[3.994s] running build
[3.995s] running build_py
[3.995s] running install
[4.006s] running install_lib
[4.043s] running install_data
[4.044s] running install_egg_info
[4.085s] removing '/home/david-romero/Proyectos/robotica/install/ttcc/lib/python3.12/site-packages/ttcc-0.0.0-py3.12.egg-info' (and everything under it)
[4.088s] Copying ../../build/ttcc/ttcc.egg-info to /home/david-romero/Proyectos/robotica/install/ttcc/lib/python3.12/site-packages/ttcc-0.0.0-py3.12.egg-info
[4.088s] running install_scripts
[4.352s] Installing simulador_cinematico_node script to /home/david-romero/Proyectos/robotica/install/ttcc/lib/ttcc
[4.353s] writing list of installed files to '/home/david-romero/Proyectos/robotica/build/ttcc/install.log'
[4.430s] Invoked command in '/home/david-romero/Proyectos/robotica/src/ttcc' returned '0': DEBUGINFOD_URLS=https://debuginfod.ubuntu.com PYTHONPATH=/home/david-romero/Proyectos/robotica/build/ttcc/prefix_override:/usr/lib/python3/dist-packages/colcon_core/task/python/colcon_distutils_commands:/home/david-romero/Proyectos/robotica/install/ttcc/lib/python3.12/site-packages:${PYTHONPATH} /usr/bin/python3 -W ignore:setup.py install is deprecated -W ignore:easy_install command is deprecated setup.py egg_info --egg-base ../../build/ttcc build --build-base /home/david-romero/Proyectos/robotica/build/ttcc/build install --record /home/david-romero/Proyectos/robotica/build/ttcc/install.log --install-scripts $base/lib/ttcc --single-version-externally-managed install_data
