[0.000000] (-) TimerEvent: {}
[0.000199] (antropomorfico_sim) JobQueued: {'identifier': 'antropomorfico_sim', 'dependencies': OrderedDict()}
[0.000369] (antropomorfico_sim) JobStarted: {'identifier': 'antropomorfico_sim'}
[0.099878] (-) TimerEvent: {}
[0.200074] (-) TimerEvent: {}
[0.300256] (-) TimerEvent: {}
[0.400442] (-) TimerEvent: {}
[0.500626] (-) TimerEvent: {}
[0.600811] (-) TimerEvent: {}
[0.640995] (antropomorfico_sim) Command: {'cmd': ['/usr/bin/python3', '-W', 'ignore:setup.py install is deprecated', '-W', 'ignore:easy_install command is deprecated', 'setup.py', 'egg_info', '--egg-base', '../../build/antropomorfico_sim', 'build', '--build-base', '/home/juanes/Robotica-Meca/Robot1/codigo_fuente/antropomorfico_ws/build/antropomorfico_sim/build', 'install', '--record', '/home/juanes/Robotica-Meca/Robot1/codigo_fuente/antropomorfico_ws/build/antropomorfico_sim/install.log', '--install-scripts', '$base/lib/antropomorfico_sim', '--single-version-externally-managed', 'install_data'], 'cwd': '/home/juanes/Robotica-Meca/Robot1/codigo_fuente/antropomorfico_ws/src/antropomorfico_sim', 'env': OrderedDict({'PROFILEHOME': '', 'KDE_FULL_SESSION': 'true', 'MAIL': '/var/spool/mail/juanes', 'GZ_SIM_RESOURCE_PATH': '/opt/ros/jazzy/share', 'LANGUAGE': '', 'USER': 'juanes', 'PAM_KWALLET5_LOGIN': '/run/user/1000/kwallet5.socket', 'LC_TIME': 'C.UTF-8', 'GZ_CONFIG_PATH': '/opt/ros/jazzy/opt/gz_sim_vendor/share/gz:/opt/ros/jazzy/opt/sdformat_vendor/share/gz:/opt/ros/jazzy/opt/gz_gui_vendor/share/gz:/opt/ros/jazzy/opt/gz_transport_vendor/share/gz:/opt/ros/jazzy/opt/gz_rendering_vendor/share/gz:/opt/ros/jazzy/opt/gz_plugin_vendor/share/gz:/opt/ros/jazzy/opt/gz_fuel_tools_vendor/share/gz:/opt/ros/jazzy/opt/gz_msgs_vendor/share/gz:/opt/ros/jazzy/opt/gz_common_vendor/share/gz', 'HOSTNAME': 'JuanesPC', 'XDG_SESSION_TYPE': 'wayland', '__GLX_VENDOR_LIBRARY_NAME': 'nvidia', '__EGL_VENDOR_LIBRARY_FILENAMES': '/usr/share/glvnd/egl_vendor.d/10_nvidia.json', 'KONSOLE_VERSION': '260801', 'XDG_CACHE_HOME': '/home/juanes/.cache', 'QT_WAYLAND_RECONNECT': '1', 'SHLVL': '4', 'LD_LIBRARY_PATH': '/opt/ros/jazzy/opt/gz_sim_vendor/lib:/opt/ros/jazzy/opt/gz_sensors_vendor/lib:/opt/ros/jazzy/opt/gz_physics_vendor/lib:/opt/ros/jazzy/opt/sdformat_vendor/lib:/opt/ros/jazzy/opt/rviz_ogre_vendor/lib:/opt/ros/jazzy/lib/x86_64-linux-gnu:/opt/ros/jazzy/opt/gz_gui_vendor/lib:/opt/ros/jazzy/opt/gz_transport_vendor/lib:/opt/ros/jazzy/opt/gz_rendering_vendor/lib:/opt/ros/jazzy/opt/gz_plugin_vendor/lib:/opt/ros/jazzy/opt/gz_fuel_tools_vendor/lib:/opt/ros/jazzy/opt/gz_msgs_vendor/lib:/opt/ros/jazzy/opt/gz_common_vendor/lib:/opt/ros/jazzy/opt/gz_math_vendor/lib:/opt/ros/jazzy/opt/gz_utils_vendor/lib:/opt/ros/jazzy/opt/gz_tools_vendor/lib:/opt/ros/jazzy/opt/gz_ogre_next_vendor/lib:/opt/ros/jazzy/opt/gz_dartsim_vendor/lib:/opt/ros/jazzy/opt/gz_cmake_vendor/lib:/opt/ros/jazzy/lib', 'MOTD_SHOWN': 'pam', 'HOME': '/home/juanes', 'KDE_APPLICATIONS_AS_SCOPE': '1', 'OLDPWD': '/home/juanes', 'DESKTOP_SESSION': 'plasma', 'MANROFFOPT': '-c', 'ROS_PYTHON_VERSION': '3', 'GTK_RC_FILES': '/etc/gtk/gtkrc:/home/juanes/.gtkrc:/home/juanes/.config/gtkrc', 'KDE_SESSION_VERSION': '6', 'PS1': '\\[\\033[01;32m\\]juanes@ubuntu\\[\\033[00m\\]:\\[\\033[01;34m\\]\\w\\[\\033[00m\\]$', 'LC_MONETARY': 'C.UTF-8', 'KONSOLE_DBUS_SESSION': '/Sessions/1', 'MANAGERPID': '1995', 'DISTROBOX_ENTER_PATH': '/usr/bin/distrobox-enter', 'SYSTEMD_EXEC_PID': '2096', 'XDG_STATE_HOME': '/home/juanes/.local/state', 'DBUS_SESSION_BUS_ADDRESS': 'unix:path=/run/user/1000/bus', 'COLORTERM': 'truecolor', 'container': 'podman', 'KONSOLE_DBUS_ACTIVATION_COOKIE': '4G60mMNegWDxihD4SwKoI4pg9UzTnDIijAwg57A/NBU=', 'KONSOLE_DBUS_WINDOW': '/Windows/1', 'DEBUGINFOD_URLS': 'https://debuginfod.archlinux.org https://debuginfod.cachyos.org', 'WAYLAND_DISPLAY': 'wayland-0', 'COLCON_PREFIX_PATH': '/home/juanes/Robotica-Meca/Robot1/codigo_fuente/antropomorfico_ws/install:/home/juanes/antropomorfico_ws/install', 'XKB_DEFAULT_LAYOUT': 'latam', 'ROS_DISTRO': 'jazzy', 'LOGNAME': 'juanes', 'WINDOWID': '94163970038048', 'MANAGERPIDFDID': '16551', 'JOURNAL_STREAM': '10:25103', '_': '/usr/bin/colcon', 'ROS_VERSION': '2', 'MEMORY_PRESSURE_WATCH': '/sys/fs/cgroup/user.slice/user-1000.slice/user@1000.service/session.slice/plasma-kwin_wayland.service/memory.pressure', 'XDG_SESSION_CLASS': 'user', 'COLORFGBG': '15;0', 'TERMINFO_DIRS': '/usr/share/terminfo:/run/host/usr/share/terminfo', 'TERM': 'xterm-256color', 'XDG_SESSION_ID': '2', 'KGLOBALACCELD_PLATFORM': 'org.kde.kwin', 'GTK2_RC_FILES': '/etc/gtk-2.0/gtkrc:/home/juanes/.gtkrc-2.0:/home/juanes/.config/gtkrc-2.0', 'FLATPAK_TTY_PROGRESS': '1', 'QT_X11_NO_MITSHM': '1', 'PATH': '/opt/ros/jazzy/opt/gz_msgs_vendor/bin:/opt/ros/jazzy/opt/gz_tools_vendor/bin:/opt/ros/jazzy/opt/gz_ogre_next_vendor/bin:/opt/ros/jazzy/bin:/home/juanes/.local/bin:/usr/local/bin:/usr/bin:/usr/lib/jvm/default/bin:/usr/bin/site_perl:/usr/bin/vendor_perl:/usr/bin/core_perl:/usr/local/sbin:/usr/sbin:/usr/local/bin:/usr/bin:/sbin:/bin:/usr/local/sbin:/usr/sbin:/sbin:/bin', 'SESSION_MANAGER': 'local/JuanesPC:@/tmp/.ICE-unix/2199,unix/JuanesPC:/tmp/.ICE-unix/2199', 'INVOCATION_ID': '570d04fa5b2e4dbaaae58c1d852e6f25', 'XDG_SESSION_PATH': '/org/freedesktop/DisplayManager/Session1', 'XDG_MENU_PREFIX': 'plasma-', 'LC_ADDRESS': 'C.UTF-8', 'XDG_RUNTIME_DIR': '/run/user/1000', 'GZ_PARTITION': 'ubuntu_sim', 'ICEAUTHORITY': '/run/user/1000/iceauth_WYMoiN', 'DISPLAY': ':0', 'LANG': 'C.UTF-8', 'XDG_CURRENT_DESKTOP': 'KDE', 'GZ_IP': '127.0.0.1', 'LC_TELEPHONE': 'C.UTF-8', '__NV_PRIME_RENDER_OFFLOAD': '1', 'XDG_DATA_HOME': '/home/juanes/.local/share', 'XDG_CONFIG_HOME': '/home/juanes/.config', 'XDG_SESSION_DESKTOP': 'KDE', 'XAUTHORITY': '/run/user/1000/xauth_tPLBDt', 'MANPAGER': "sh -c 'col -bx | bat -l man -p'", 'AMENT_PREFIX_PATH': '/home/juanes/Robotica-Meca/Robot1/codigo_fuente/antropomorfico_ws/install/antropomorfico_sim:/opt/ros/jazzy', 'CUDA_DISABLE_PERF_BOOST': '1', 'SHELL': '/bin/bash', 'LC_NAME': 'C.UTF-8', 'KONSOLE_DBUS_SERVICE': ':1.61', 'LC_MEASUREMENT': 'C.UTF-8', 'VSSCRIPT_PATH': '/usr/lib/python3.14/site-packages/vapoursynth/libvsscript.so', 'LC_IDENTIFICATION': 'C.UTF-8', 'ROS_AUTOMATIC_DISCOVERY_RANGE': 'SUBNET', 'PWD': '/home/juanes/Robotica-Meca/Robot1/codigo_fuente/antropomorfico_ws/build/antropomorfico_sim', 'CONTAINER_ID': 'ubuntu', 'QT_QPA_PLATFORM': 'xcb', 'XDG_CONFIG_DIRS': '/home/juanes/.config/kdedefaults:/etc/xdg', 'VIRTUAL_ENV_DISABLE_PROMPT': '1', 'XDG_DATA_DIRS': '/home/juanes/.local/share/flatpak/exports/share:/var/lib/flatpak/exports/share:/usr/local/share:/usr/share', 'PYTHONPATH': '/home/juanes/Robotica-Meca/Robot1/codigo_fuente/antropomorfico_ws/build/antropomorfico_sim/prefix_override:/usr/lib/python3/dist-packages/colcon_core/task/python/colcon_distutils_commands:/home/juanes/Robotica-Meca/Robot1/codigo_fuente/antropomorfico_ws/install/antropomorfico_sim/lib/python3.12/site-packages:/home/juanes/Robotica-Meca/Robot1/codigo_fuente/antropomorfico_ws/install/antropomorfico_sim/lib/python3.12/site-packages:/opt/ros/jazzy/opt/gz_sim_vendor/lib/python:/opt/ros/jazzy/opt/sdformat_vendor/lib/python:/opt/ros/jazzy/opt/gz_transport_vendor/lib/python:/opt/ros/jazzy/opt/gz_msgs_vendor/lib/python:/opt/ros/jazzy/opt/gz_math_vendor/lib/python:/opt/ros/jazzy/lib/python3.12/site-packages', 'LC_NUMERIC': 'C.UTF-8', 'LC_PAPER': 'C.UTF-8', 'KDE_SESSION_UID': '1000', 'COLCON': '1', 'MEMORY_PRESSURE_WRITE': 'c29tZSAyMDAwMDAgMjAwMDAwMAA=', 'CMAKE_PREFIX_PATH': '/opt/ros/jazzy/opt/gz_sim_vendor:/opt/ros/jazzy/opt/gz_sensors_vendor:/opt/ros/jazzy/opt/gz_physics_vendor:/opt/ros/jazzy/opt/sdformat_vendor:/opt/ros/jazzy/opt/gz_gui_vendor:/opt/ros/jazzy/opt/gz_transport_vendor:/opt/ros/jazzy/opt/gz_rendering_vendor:/opt/ros/jazzy/opt/gz_plugin_vendor:/opt/ros/jazzy/opt/gz_fuel_tools_vendor:/opt/ros/jazzy/opt/gz_msgs_vendor:/opt/ros/jazzy/opt/gz_common_vendor:/opt/ros/jazzy/opt/gz_math_vendor:/opt/ros/jazzy/opt/gz_utils_vendor:/opt/ros/jazzy/opt/gz_tools_vendor:/opt/ros/jazzy/opt/gz_ogre_next_vendor:/opt/ros/jazzy/opt/gz_dartsim_vendor:/opt/ros/jazzy/opt/gz_cmake_vendor'}), 'shell': False}
[0.700893] (-) TimerEvent: {}
[0.801091] (-) TimerEvent: {}
[0.848093] (antropomorfico_sim) StdoutLine: {'line': b'running egg_info\n'}
[0.848347] (antropomorfico_sim) StdoutLine: {'line': b'creating ../../build/antropomorfico_sim/antropomorfico_sim.egg-info\n'}
[0.862733] (antropomorfico_sim) StdoutLine: {'line': b'writing ../../build/antropomorfico_sim/antropomorfico_sim.egg-info/PKG-INFO\n'}
[0.862905] (antropomorfico_sim) StdoutLine: {'line': b'writing dependency_links to ../../build/antropomorfico_sim/antropomorfico_sim.egg-info/dependency_links.txt\n'}
[0.863045] (antropomorfico_sim) StdoutLine: {'line': b'writing entry points to ../../build/antropomorfico_sim/antropomorfico_sim.egg-info/entry_points.txt\n'}
[0.863141] (antropomorfico_sim) StdoutLine: {'line': b'writing requirements to ../../build/antropomorfico_sim/antropomorfico_sim.egg-info/requires.txt\n'}
[0.863220] (antropomorfico_sim) StdoutLine: {'line': b'writing top-level names to ../../build/antropomorfico_sim/antropomorfico_sim.egg-info/top_level.txt\n'}
[0.863301] (antropomorfico_sim) StdoutLine: {'line': b"writing manifest file '../../build/antropomorfico_sim/antropomorfico_sim.egg-info/SOURCES.txt'\n"}
[0.893239] (antropomorfico_sim) StdoutLine: {'line': b"reading manifest file '../../build/antropomorfico_sim/antropomorfico_sim.egg-info/SOURCES.txt'\n"}
[0.893783] (antropomorfico_sim) StdoutLine: {'line': b"writing manifest file '../../build/antropomorfico_sim/antropomorfico_sim.egg-info/SOURCES.txt'\n"}
[0.893856] (antropomorfico_sim) StdoutLine: {'line': b'running build\n'}
[0.893924] (antropomorfico_sim) StdoutLine: {'line': b'running build_py\n'}
[0.893993] (antropomorfico_sim) StdoutLine: {'line': b'creating /home/juanes/Robotica-Meca/Robot1/codigo_fuente/antropomorfico_ws/build/antropomorfico_sim/build\n'}
[0.894060] (antropomorfico_sim) StdoutLine: {'line': b'creating /home/juanes/Robotica-Meca/Robot1/codigo_fuente/antropomorfico_ws/build/antropomorfico_sim/build/lib\n'}
[0.894135] (antropomorfico_sim) StdoutLine: {'line': b'creating /home/juanes/Robotica-Meca/Robot1/codigo_fuente/antropomorfico_ws/build/antropomorfico_sim/build/lib/antropomorfico_sim\n'}
[0.894201] (antropomorfico_sim) StdoutLine: {'line': b'copying antropomorfico_sim/__init__.py -> /home/juanes/Robotica-Meca/Robot1/codigo_fuente/antropomorfico_ws/build/antropomorfico_sim/build/lib/antropomorfico_sim\n'}
[0.894268] (antropomorfico_sim) StdoutLine: {'line': b'copying antropomorfico_sim/ik_solver.py -> /home/juanes/Robotica-Meca/Robot1/codigo_fuente/antropomorfico_ws/build/antropomorfico_sim/build/lib/antropomorfico_sim\n'}
[0.894350] (antropomorfico_sim) StdoutLine: {'line': b'copying antropomorfico_sim/trapezoidal_trajectory_node.py -> /home/juanes/Robotica-Meca/Robot1/codigo_fuente/antropomorfico_ws/build/antropomorfico_sim/build/lib/antropomorfico_sim\n'}
[0.894459] (antropomorfico_sim) StdoutLine: {'line': b'copying antropomorfico_sim/trayectoria.py -> /home/juanes/Robotica-Meca/Robot1/codigo_fuente/antropomorfico_ws/build/antropomorfico_sim/build/lib/antropomorfico_sim\n'}
[0.894627] (antropomorfico_sim) StdoutLine: {'line': b'running install\n'}
[0.899401] (antropomorfico_sim) StdoutLine: {'line': b'running install_lib\n'}
[0.901144] (-) TimerEvent: {}
[0.914615] (antropomorfico_sim) StdoutLine: {'line': b'creating /home/juanes/Robotica-Meca/Robot1/codigo_fuente/antropomorfico_ws/install/antropomorfico_sim/lib/python3.12/site-packages/antropomorfico_sim\n'}
[0.914790] (antropomorfico_sim) StdoutLine: {'line': b'copying /home/juanes/Robotica-Meca/Robot1/codigo_fuente/antropomorfico_ws/build/antropomorfico_sim/build/lib/antropomorfico_sim/__init__.py -> /home/juanes/Robotica-Meca/Robot1/codigo_fuente/antropomorfico_ws/install/antropomorfico_sim/lib/python3.12/site-packages/antropomorfico_sim\n'}
[0.914863] (antropomorfico_sim) StdoutLine: {'line': b'copying /home/juanes/Robotica-Meca/Robot1/codigo_fuente/antropomorfico_ws/build/antropomorfico_sim/build/lib/antropomorfico_sim/ik_solver.py -> /home/juanes/Robotica-Meca/Robot1/codigo_fuente/antropomorfico_ws/install/antropomorfico_sim/lib/python3.12/site-packages/antropomorfico_sim\n'}
[0.914947] (antropomorfico_sim) StdoutLine: {'line': b'copying /home/juanes/Robotica-Meca/Robot1/codigo_fuente/antropomorfico_ws/build/antropomorfico_sim/build/lib/antropomorfico_sim/trapezoidal_trajectory_node.py -> /home/juanes/Robotica-Meca/Robot1/codigo_fuente/antropomorfico_ws/install/antropomorfico_sim/lib/python3.12/site-packages/antropomorfico_sim\n'}
[0.915039] (antropomorfico_sim) StdoutLine: {'line': b'copying /home/juanes/Robotica-Meca/Robot1/codigo_fuente/antropomorfico_ws/build/antropomorfico_sim/build/lib/antropomorfico_sim/trayectoria.py -> /home/juanes/Robotica-Meca/Robot1/codigo_fuente/antropomorfico_ws/install/antropomorfico_sim/lib/python3.12/site-packages/antropomorfico_sim\n'}
[0.915448] (antropomorfico_sim) StdoutLine: {'line': b'byte-compiling /home/juanes/Robotica-Meca/Robot1/codigo_fuente/antropomorfico_ws/install/antropomorfico_sim/lib/python3.12/site-packages/antropomorfico_sim/__init__.py to __init__.cpython-312.pyc\n'}
[0.915644] (antropomorfico_sim) StdoutLine: {'line': b'byte-compiling /home/juanes/Robotica-Meca/Robot1/codigo_fuente/antropomorfico_ws/install/antropomorfico_sim/lib/python3.12/site-packages/antropomorfico_sim/ik_solver.py to ik_solver.cpython-312.pyc\n'}
[0.916918] (antropomorfico_sim) StdoutLine: {'line': b'byte-compiling /home/juanes/Robotica-Meca/Robot1/codigo_fuente/antropomorfico_ws/install/antropomorfico_sim/lib/python3.12/site-packages/antropomorfico_sim/trapezoidal_trajectory_node.py to trapezoidal_trajectory_node.cpython-312.pyc\n'}
[0.917571] (antropomorfico_sim) StdoutLine: {'line': b'byte-compiling /home/juanes/Robotica-Meca/Robot1/codigo_fuente/antropomorfico_ws/install/antropomorfico_sim/lib/python3.12/site-packages/antropomorfico_sim/trayectoria.py to trayectoria.cpython-312.pyc\n'}
[0.918322] (antropomorfico_sim) StdoutLine: {'line': b'running install_data\n'}
[0.918405] (antropomorfico_sim) StdoutLine: {'line': b'creating /home/juanes/Robotica-Meca/Robot1/codigo_fuente/antropomorfico_ws/install/antropomorfico_sim/share/ament_index\n'}
[0.918487] (antropomorfico_sim) StdoutLine: {'line': b'creating /home/juanes/Robotica-Meca/Robot1/codigo_fuente/antropomorfico_ws/install/antropomorfico_sim/share/ament_index/resource_index\n'}
[0.918569] (antropomorfico_sim) StdoutLine: {'line': b'creating /home/juanes/Robotica-Meca/Robot1/codigo_fuente/antropomorfico_ws/install/antropomorfico_sim/share/ament_index/resource_index/packages\n'}
[0.918628] (antropomorfico_sim) StdoutLine: {'line': b'copying resource/antropomorfico_sim -> /home/juanes/Robotica-Meca/Robot1/codigo_fuente/antropomorfico_ws/install/antropomorfico_sim/share/ament_index/resource_index/packages\n'}
[0.918697] (antropomorfico_sim) StdoutLine: {'line': b'copying package.xml -> /home/juanes/Robotica-Meca/Robot1/codigo_fuente/antropomorfico_ws/install/antropomorfico_sim/share/antropomorfico_sim\n'}
[0.918767] (antropomorfico_sim) StdoutLine: {'line': b'creating /home/juanes/Robotica-Meca/Robot1/codigo_fuente/antropomorfico_ws/install/antropomorfico_sim/share/antropomorfico_sim/launch\n'}
[0.918837] (antropomorfico_sim) StdoutLine: {'line': b'copying launch/sim.launch.py -> /home/juanes/Robotica-Meca/Robot1/codigo_fuente/antropomorfico_ws/install/antropomorfico_sim/share/antropomorfico_sim/launch\n'}
[0.918904] (antropomorfico_sim) StdoutLine: {'line': b'creating /home/juanes/Robotica-Meca/Robot1/codigo_fuente/antropomorfico_ws/install/antropomorfico_sim/share/antropomorfico_sim/urdf\n'}
[0.918975] (antropomorfico_sim) StdoutLine: {'line': b'copying urdf/antropomorfico.urdf -> /home/juanes/Robotica-Meca/Robot1/codigo_fuente/antropomorfico_ws/install/antropomorfico_sim/share/antropomorfico_sim/urdf\n'}
[0.919045] (antropomorfico_sim) StdoutLine: {'line': b'creating /home/juanes/Robotica-Meca/Robot1/codigo_fuente/antropomorfico_ws/install/antropomorfico_sim/share/antropomorfico_sim/config\n'}
[0.919113] (antropomorfico_sim) StdoutLine: {'line': b'copying config/ros2_controllers.yaml -> /home/juanes/Robotica-Meca/Robot1/codigo_fuente/antropomorfico_ws/install/antropomorfico_sim/share/antropomorfico_sim/config\n'}
[0.919193] (antropomorfico_sim) StdoutLine: {'line': b'creating /home/juanes/Robotica-Meca/Robot1/codigo_fuente/antropomorfico_ws/install/antropomorfico_sim/share/antropomorfico_sim/worlds\n'}
[0.919268] (antropomorfico_sim) StdoutLine: {'line': b'creating /home/juanes/Robotica-Meca/Robot1/codigo_fuente/antropomorfico_ws/install/antropomorfico_sim/share/antropomorfico_sim/meshes\n'}
[0.919342] (antropomorfico_sim) StdoutLine: {'line': b'copying meshes/base_link.STL -> /home/juanes/Robotica-Meca/Robot1/codigo_fuente/antropomorfico_ws/install/antropomorfico_sim/share/antropomorfico_sim/meshes\n'}
[0.919577] (antropomorfico_sim) StdoutLine: {'line': b'copying meshes/dedoder.STL -> /home/juanes/Robotica-Meca/Robot1/codigo_fuente/antropomorfico_ws/install/antropomorfico_sim/share/antropomorfico_sim/meshes\n'}
[0.919706] (antropomorfico_sim) StdoutLine: {'line': b'copying meshes/dedoizq.STL -> /home/juanes/Robotica-Meca/Robot1/codigo_fuente/antropomorfico_ws/install/antropomorfico_sim/share/antropomorfico_sim/meshes\n'}
[0.919812] (antropomorfico_sim) StdoutLine: {'line': b'copying meshes/link_1.STL -> /home/juanes/Robotica-Meca/Robot1/codigo_fuente/antropomorfico_ws/install/antropomorfico_sim/share/antropomorfico_sim/meshes\n'}
[0.919997] (antropomorfico_sim) StdoutLine: {'line': b'copying meshes/link_2.STL -> /home/juanes/Robotica-Meca/Robot1/codigo_fuente/antropomorfico_ws/install/antropomorfico_sim/share/antropomorfico_sim/meshes\n'}
[0.920226] (antropomorfico_sim) StdoutLine: {'line': b'copying meshes/link_3.STL -> /home/juanes/Robotica-Meca/Robot1/codigo_fuente/antropomorfico_ws/install/antropomorfico_sim/share/antropomorfico_sim/meshes\n'}
[0.920389] (antropomorfico_sim) StdoutLine: {'line': b'copying meshes/link_ee.STL -> /home/juanes/Robotica-Meca/Robot1/codigo_fuente/antropomorfico_ws/install/antropomorfico_sim/share/antropomorfico_sim/meshes\n'}
[0.920535] (antropomorfico_sim) StdoutLine: {'line': b'running install_egg_info\n'}
[0.936973] (antropomorfico_sim) StdoutLine: {'line': b'Copying ../../build/antropomorfico_sim/antropomorfico_sim.egg-info to /home/juanes/Robotica-Meca/Robot1/codigo_fuente/antropomorfico_ws/install/antropomorfico_sim/lib/python3.12/site-packages/antropomorfico_sim-0.0.0-py3.12.egg-info\n'}
[0.937695] (antropomorfico_sim) StdoutLine: {'line': b'running install_scripts\n'}
[1.001182] (-) TimerEvent: {}
[1.040632] (antropomorfico_sim) StdoutLine: {'line': b'Installing ik_solver script to /home/juanes/Robotica-Meca/Robot1/codigo_fuente/antropomorfico_ws/install/antropomorfico_sim/lib/antropomorfico_sim\n'}
[1.040816] (antropomorfico_sim) StdoutLine: {'line': b'Installing trapezoidal_node script to /home/juanes/Robotica-Meca/Robot1/codigo_fuente/antropomorfico_ws/install/antropomorfico_sim/lib/antropomorfico_sim\n'}
[1.040900] (antropomorfico_sim) StdoutLine: {'line': b'Installing trayectoria script to /home/juanes/Robotica-Meca/Robot1/codigo_fuente/antropomorfico_ws/install/antropomorfico_sim/lib/antropomorfico_sim\n'}
[1.041064] (antropomorfico_sim) StdoutLine: {'line': b"writing list of installed files to '/home/juanes/Robotica-Meca/Robot1/codigo_fuente/antropomorfico_ws/build/antropomorfico_sim/install.log'\n"}
[1.060319] (antropomorfico_sim) CommandEnded: {'returncode': 0}
[1.067736] (antropomorfico_sim) JobEnded: {'identifier': 'antropomorfico_sim', 'rc': 0}
[1.068235] (-) EventReactorShutdown: {}
