[0.081s] DEBUG:colcon:Command line arguments: ['/usr/bin/colcon', 'build']
[0.081s] DEBUG:colcon:Parsed command line arguments: Namespace(log_base=None, log_level=None, verb_name='build', build_base='build', install_base='install', merge_install=False, symlink_install=False, test_result_base=None, continue_on_error=False, executor='parallel', parallel_workers=16, event_handlers=None, ignore_user_meta=False, metas=['./colcon.meta'], base_paths=['.'], packages_ignore=None, packages_ignore_regex=None, paths=None, packages_up_to=None, packages_up_to_regex=None, packages_above=None, packages_above_and_dependencies=None, packages_above_depth=None, packages_select_by_dep=None, packages_skip_by_dep=None, packages_skip_up_to=None, packages_select_build_failed=False, packages_skip_build_finished=False, packages_select_test_failures=False, packages_skip_test_passed=False, packages_select=None, packages_skip=None, packages_select_regex=None, packages_skip_regex=None, packages_start=None, packages_end=None, allow_overriding=[], cmake_args=None, cmake_target=None, cmake_target_skip_unavailable=False, cmake_clean_cache=False, cmake_clean_first=False, cmake_force_configure=False, ament_cmake_args=None, catkin_cmake_args=None, catkin_skip_building_tests=False, verb_parser=<colcon_defaults.argument_parser.defaults.DefaultArgumentsDecorator object at 0x7fd9af252630>, verb_extension=<colcon_core.verb.build.BuildVerb object at 0x7fd9af482240>, main=<bound method BuildVerb.main of <colcon_core.verb.build.BuildVerb object at 0x7fd9af482240>>)
[0.112s] Level 1:colcon.colcon_core.package_discovery:discover_packages(colcon_meta) check parameters
[0.112s] Level 1:colcon.colcon_core.package_discovery:discover_packages(recursive) check parameters
[0.112s] Level 1:colcon.colcon_core.package_discovery:discover_packages(ignore) check parameters
[0.112s] Level 1:colcon.colcon_core.package_discovery:discover_packages(path) check parameters
[0.112s] Level 1:colcon.colcon_core.package_discovery:discover_packages(colcon_meta) discover
[0.112s] Level 1:colcon.colcon_core.package_discovery:discover_packages(recursive) discover
[0.112s] INFO:colcon.colcon_core.package_discovery:Crawling recursively for packages in '/home/juanes/Robotica-Meca/Robot1/codigo_fuente/antropomorfico_ws'
[0.112s] Level 1:colcon.colcon_core.package_identification:_identify(.) by extensions ['ignore', 'ignore_ament_install']
[0.112s] Level 1:colcon.colcon_core.package_identification:_identify(.) by extension 'ignore'
[0.112s] Level 1:colcon.colcon_core.package_identification:_identify(.) by extension 'ignore_ament_install'
[0.113s] Level 1:colcon.colcon_core.package_identification:_identify(.) by extensions ['colcon_pkg']
[0.113s] Level 1:colcon.colcon_core.package_identification:_identify(.) by extension 'colcon_pkg'
[0.113s] Level 1:colcon.colcon_core.package_identification:_identify(.) by extensions ['colcon_meta']
[0.113s] Level 1:colcon.colcon_core.package_identification:_identify(.) by extension 'colcon_meta'
[0.113s] Level 1:colcon.colcon_core.package_identification:_identify(.) by extensions ['ros']
[0.113s] Level 1:colcon.colcon_core.package_identification:_identify(.) by extension 'ros'
[0.132s] Level 1:colcon.colcon_core.package_identification:_identify(.) by extensions ['cmake', 'python']
[0.132s] Level 1:colcon.colcon_core.package_identification:_identify(.) by extension 'cmake'
[0.132s] Level 1:colcon.colcon_core.package_identification:_identify(.) by extension 'python'
[0.132s] Level 1:colcon.colcon_core.package_identification:_identify(.) by extensions ['python_setup_py']
[0.132s] Level 1:colcon.colcon_core.package_identification:_identify(.) by extension 'python_setup_py'
[0.132s] Level 1:colcon.colcon_core.package_identification:_identify(build) by extensions ['ignore', 'ignore_ament_install']
[0.132s] Level 1:colcon.colcon_core.package_identification:_identify(build) by extension 'ignore'
[0.132s] Level 1:colcon.colcon_core.package_identification:_identify(build) ignored
[0.132s] Level 1:colcon.colcon_core.package_identification:_identify(install) by extensions ['ignore', 'ignore_ament_install']
[0.132s] Level 1:colcon.colcon_core.package_identification:_identify(install) by extension 'ignore'
[0.132s] Level 1:colcon.colcon_core.package_identification:_identify(install) ignored
[0.132s] Level 1:colcon.colcon_core.package_identification:_identify(log) by extensions ['ignore', 'ignore_ament_install']
[0.132s] Level 1:colcon.colcon_core.package_identification:_identify(log) by extension 'ignore'
[0.132s] Level 1:colcon.colcon_core.package_identification:_identify(log) ignored
[0.132s] Level 1:colcon.colcon_core.package_identification:_identify(src) by extensions ['ignore', 'ignore_ament_install']
[0.132s] Level 1:colcon.colcon_core.package_identification:_identify(src) by extension 'ignore'
[0.133s] Level 1:colcon.colcon_core.package_identification:_identify(src) by extension 'ignore_ament_install'
[0.133s] Level 1:colcon.colcon_core.package_identification:_identify(src) by extensions ['colcon_pkg']
[0.133s] Level 1:colcon.colcon_core.package_identification:_identify(src) by extension 'colcon_pkg'
[0.133s] Level 1:colcon.colcon_core.package_identification:_identify(src) by extensions ['colcon_meta']
[0.133s] Level 1:colcon.colcon_core.package_identification:_identify(src) by extension 'colcon_meta'
[0.133s] Level 1:colcon.colcon_core.package_identification:_identify(src) by extensions ['ros']
[0.133s] Level 1:colcon.colcon_core.package_identification:_identify(src) by extension 'ros'
[0.133s] Level 1:colcon.colcon_core.package_identification:_identify(src) by extensions ['cmake', 'python']
[0.133s] Level 1:colcon.colcon_core.package_identification:_identify(src) by extension 'cmake'
[0.133s] Level 1:colcon.colcon_core.package_identification:_identify(src) by extension 'python'
[0.133s] Level 1:colcon.colcon_core.package_identification:_identify(src) by extensions ['python_setup_py']
[0.133s] Level 1:colcon.colcon_core.package_identification:_identify(src) by extension 'python_setup_py'
[0.133s] Level 1:colcon.colcon_core.package_identification:_identify(src/antropomorfico_sim) by extensions ['ignore', 'ignore_ament_install']
[0.133s] Level 1:colcon.colcon_core.package_identification:_identify(src/antropomorfico_sim) by extension 'ignore'
[0.133s] Level 1:colcon.colcon_core.package_identification:_identify(src/antropomorfico_sim) by extension 'ignore_ament_install'
[0.133s] Level 1:colcon.colcon_core.package_identification:_identify(src/antropomorfico_sim) by extensions ['colcon_pkg']
[0.133s] Level 1:colcon.colcon_core.package_identification:_identify(src/antropomorfico_sim) by extension 'colcon_pkg'
[0.133s] Level 1:colcon.colcon_core.package_identification:_identify(src/antropomorfico_sim) by extensions ['colcon_meta']
[0.133s] Level 1:colcon.colcon_core.package_identification:_identify(src/antropomorfico_sim) by extension 'colcon_meta'
[0.133s] Level 1:colcon.colcon_core.package_identification:_identify(src/antropomorfico_sim) by extensions ['ros']
[0.133s] Level 1:colcon.colcon_core.package_identification:_identify(src/antropomorfico_sim) by extension 'ros'
[0.135s] DEBUG:colcon.colcon_core.package_identification:Package 'src/antropomorfico_sim' with type 'ros.ament_python' and name 'antropomorfico_sim'
[0.135s] Level 1:colcon.colcon_core.package_discovery:discover_packages(recursive) using defaults
[0.135s] Level 1:colcon.colcon_core.package_discovery:discover_packages(ignore) discover
[0.135s] Level 1:colcon.colcon_core.package_discovery:discover_packages(ignore) using defaults
[0.135s] Level 1:colcon.colcon_core.package_discovery:discover_packages(path) discover
[0.135s] Level 1:colcon.colcon_core.package_discovery:discover_packages(path) using defaults
[0.149s] Level 1:colcon.colcon_core.package_discovery:discover_packages(prefix_path) check parameters
[0.149s] Level 1:colcon.colcon_core.package_discovery:discover_packages(prefix_path) discover
[0.150s] WARNING:colcon.colcon_ros.prefix_path.ament:The path '/home/juanes/Robotica-Meca/Robot1/codigo_fuente/antropomorfico_ws/install/antropomorfico_sim' in the environment variable AMENT_PREFIX_PATH doesn't exist
[0.150s] DEBUG:colcon.colcon_installed_package_information.package_discovery:Found 0 installed packages in /home/juanes/Robotica-Meca/Robot1/codigo_fuente/antropomorfico_ws/install
[0.151s] DEBUG:colcon.colcon_installed_package_information.package_discovery:Found 0 installed packages in /home/juanes/antropomorfico_ws/install
[0.152s] DEBUG:colcon.colcon_installed_package_information.package_discovery:Found 336 installed packages in /opt/ros/jazzy
[0.153s] Level 1:colcon.colcon_core.package_discovery:discover_packages(prefix_path) using defaults
[0.191s] Level 5:colcon.colcon_core.verb:set package 'antropomorfico_sim' build argument 'cmake_args' from command line to 'None'
[0.191s] Level 5:colcon.colcon_core.verb:set package 'antropomorfico_sim' build argument 'cmake_target' from command line to 'None'
[0.191s] Level 5:colcon.colcon_core.verb:set package 'antropomorfico_sim' build argument 'cmake_target_skip_unavailable' from command line to 'False'
[0.191s] Level 5:colcon.colcon_core.verb:set package 'antropomorfico_sim' build argument 'cmake_clean_cache' from command line to 'False'
[0.191s] Level 5:colcon.colcon_core.verb:set package 'antropomorfico_sim' build argument 'cmake_clean_first' from command line to 'False'
[0.191s] Level 5:colcon.colcon_core.verb:set package 'antropomorfico_sim' build argument 'cmake_force_configure' from command line to 'False'
[0.191s] Level 5:colcon.colcon_core.verb:set package 'antropomorfico_sim' build argument 'ament_cmake_args' from command line to 'None'
[0.191s] Level 5:colcon.colcon_core.verb:set package 'antropomorfico_sim' build argument 'catkin_cmake_args' from command line to 'None'
[0.191s] Level 5:colcon.colcon_core.verb:set package 'antropomorfico_sim' build argument 'catkin_skip_building_tests' from command line to 'False'
[0.191s] DEBUG:colcon.colcon_core.verb:Building package 'antropomorfico_sim' with the following arguments: {'ament_cmake_args': None, 'build_base': '/home/juanes/Robotica-Meca/Robot1/codigo_fuente/antropomorfico_ws/build/antropomorfico_sim', 'catkin_cmake_args': None, 'catkin_skip_building_tests': False, 'cmake_args': None, 'cmake_clean_cache': False, 'cmake_clean_first': False, 'cmake_force_configure': False, 'cmake_target': None, 'cmake_target_skip_unavailable': False, 'install_base': '/home/juanes/Robotica-Meca/Robot1/codigo_fuente/antropomorfico_ws/install/antropomorfico_sim', 'merge_install': False, 'path': '/home/juanes/Robotica-Meca/Robot1/codigo_fuente/antropomorfico_ws/src/antropomorfico_sim', 'symlink_install': False, 'test_result_base': None}
[0.191s] INFO:colcon.colcon_core.executor:Executing jobs using 'parallel' executor
[0.192s] DEBUG:colcon.colcon_parallel_executor.executor.parallel:run_until_complete
[0.192s] INFO:colcon.colcon_ros.task.ament_python.build:Building ROS package in '/home/juanes/Robotica-Meca/Robot1/codigo_fuente/antropomorfico_ws/src/antropomorfico_sim' with build type 'ament_python'
[0.192s] Level 1:colcon.colcon_core.shell:create_environment_hook('antropomorfico_sim', 'ament_prefix_path')
[0.193s] INFO:colcon.colcon_core.plugin_system:Skipping extension 'colcon_core.shell.bat': Not used on non-Windows systems
[0.194s] INFO:colcon.colcon_core.shell:Creating environment hook '/home/juanes/Robotica-Meca/Robot1/codigo_fuente/antropomorfico_ws/install/antropomorfico_sim/share/antropomorfico_sim/hook/ament_prefix_path.ps1'
[0.194s] INFO:colcon.colcon_core.shell:Creating environment descriptor '/home/juanes/Robotica-Meca/Robot1/codigo_fuente/antropomorfico_ws/install/antropomorfico_sim/share/antropomorfico_sim/hook/ament_prefix_path.dsv'
[0.194s] INFO:colcon.colcon_core.shell:Creating environment hook '/home/juanes/Robotica-Meca/Robot1/codigo_fuente/antropomorfico_ws/install/antropomorfico_sim/share/antropomorfico_sim/hook/ament_prefix_path.sh'
[0.195s] INFO:colcon.colcon_core.shell:Skip shell extension 'powershell' for command environment: Not usable outside of PowerShell
[0.195s] DEBUG:colcon.colcon_core.shell:Skip shell extension 'dsv' for command environment
[0.368s] INFO:colcon.colcon_core.task.python.build:Building Python package in '/home/juanes/Robotica-Meca/Robot1/codigo_fuente/antropomorfico_ws/src/antropomorfico_sim'
[0.368s] INFO:colcon.colcon_core.shell:Skip shell extension 'powershell' for command environment: Not usable outside of PowerShell
[0.368s] DEBUG:colcon.colcon_core.shell:Skip shell extension 'dsv' for command environment
[0.832s] DEBUG:colcon.colcon_core.task.python.build:Available setuptools commands: install_data, develop, clean, build_ext, editable_wheel, upload, install_scripts, init_catalog, install, bdist, rotate, alias, bdist_rpm, symlink_data, egg_info, build, update_catalog, install_headers, bdist_egg, test, install_lib, check, easy_install, install_egg_info, build_scripts, register, sdist, upload_docs, extract_messages, setopt, build_clib, build_py, bdist_dumb, dist_info, saveopts, compile_catalog
[0.834s] DEBUG:colcon.colcon_core.event_handler.log_command:Invoking command in '/home/juanes/Robotica-Meca/Robot1/codigo_fuente/antropomorfico_ws/src/antropomorfico_sim': DEBUGINFOD_URLS=https://debuginfod.archlinux.org https://debuginfod.cachyos.org PS1=\[\033[01;32m\]juanes@ubuntu\[\033[00m\]:\[\033[01;34m\]\w\[\033[00m\]$ PYTHONPATH=/home/juanes/Robotica-Meca/Robot1/codigo_fuente/antropomorfico_ws/build/antropomorfico_sim/prefix_override:/usr/lib/python3/dist-packages/colcon_core/task/python/colcon_distutils_commands:/home/juanes/Robotica-Meca/Robot1/codigo_fuente/antropomorfico_ws/install/antropomorfico_sim/lib/python3.12/site-packages:${PYTHONPATH} /usr/bin/python3 -W ignore:setup.py install is deprecated -W ignore:easy_install command is deprecated setup.py egg_info --egg-base ../../build/antropomorfico_sim build --build-base /home/juanes/Robotica-Meca/Robot1/codigo_fuente/antropomorfico_ws/build/antropomorfico_sim/build install --record /home/juanes/Robotica-Meca/Robot1/codigo_fuente/antropomorfico_ws/build/antropomorfico_sim/install.log --install-scripts $base/lib/antropomorfico_sim --single-version-externally-managed install_data
[1.252s] DEBUG:colcon.colcon_core.event_handler.log_command:Invoked command in '/home/juanes/Robotica-Meca/Robot1/codigo_fuente/antropomorfico_ws/src/antropomorfico_sim' returned '0': DEBUGINFOD_URLS=https://debuginfod.archlinux.org https://debuginfod.cachyos.org PS1=\[\033[01;32m\]juanes@ubuntu\[\033[00m\]:\[\033[01;34m\]\w\[\033[00m\]$ PYTHONPATH=/home/juanes/Robotica-Meca/Robot1/codigo_fuente/antropomorfico_ws/build/antropomorfico_sim/prefix_override:/usr/lib/python3/dist-packages/colcon_core/task/python/colcon_distutils_commands:/home/juanes/Robotica-Meca/Robot1/codigo_fuente/antropomorfico_ws/install/antropomorfico_sim/lib/python3.12/site-packages:${PYTHONPATH} /usr/bin/python3 -W ignore:setup.py install is deprecated -W ignore:easy_install command is deprecated setup.py egg_info --egg-base ../../build/antropomorfico_sim build --build-base /home/juanes/Robotica-Meca/Robot1/codigo_fuente/antropomorfico_ws/build/antropomorfico_sim/build install --record /home/juanes/Robotica-Meca/Robot1/codigo_fuente/antropomorfico_ws/build/antropomorfico_sim/install.log --install-scripts $base/lib/antropomorfico_sim --single-version-externally-managed install_data
[1.254s] Level 1:colcon.colcon_core.environment:checking '/home/juanes/Robotica-Meca/Robot1/codigo_fuente/antropomorfico_ws/install/antropomorfico_sim' for CMake module files
[1.254s] Level 1:colcon.colcon_core.environment:checking '/home/juanes/Robotica-Meca/Robot1/codigo_fuente/antropomorfico_ws/install/antropomorfico_sim' for CMake config files
[1.255s] Level 1:colcon.colcon_core.environment:checking '/home/juanes/Robotica-Meca/Robot1/codigo_fuente/antropomorfico_ws/install/antropomorfico_sim/lib'
[1.255s] Level 1:colcon.colcon_core.environment:checking '/home/juanes/Robotica-Meca/Robot1/codigo_fuente/antropomorfico_ws/install/antropomorfico_sim/bin'
[1.255s] Level 1:colcon.colcon_core.environment:checking '/home/juanes/Robotica-Meca/Robot1/codigo_fuente/antropomorfico_ws/install/antropomorfico_sim/lib/pkgconfig/antropomorfico_sim.pc'
[1.255s] Level 1:colcon.colcon_core.environment:checking '/home/juanes/Robotica-Meca/Robot1/codigo_fuente/antropomorfico_ws/install/antropomorfico_sim/lib/python3.12/site-packages'
[1.255s] Level 1:colcon.colcon_core.shell:create_environment_hook('antropomorfico_sim', 'pythonpath')
[1.256s] INFO:colcon.colcon_core.shell:Creating environment hook '/home/juanes/Robotica-Meca/Robot1/codigo_fuente/antropomorfico_ws/install/antropomorfico_sim/share/antropomorfico_sim/hook/pythonpath.ps1'
[1.256s] INFO:colcon.colcon_core.shell:Creating environment descriptor '/home/juanes/Robotica-Meca/Robot1/codigo_fuente/antropomorfico_ws/install/antropomorfico_sim/share/antropomorfico_sim/hook/pythonpath.dsv'
[1.256s] INFO:colcon.colcon_core.shell:Creating environment hook '/home/juanes/Robotica-Meca/Robot1/codigo_fuente/antropomorfico_ws/install/antropomorfico_sim/share/antropomorfico_sim/hook/pythonpath.sh'
[1.257s] Level 1:colcon.colcon_core.environment:checking '/home/juanes/Robotica-Meca/Robot1/codigo_fuente/antropomorfico_ws/install/antropomorfico_sim/bin'
[1.257s] Level 1:colcon.colcon_core.environment:create_environment_scripts_only(antropomorfico_sim)
[1.257s] INFO:colcon.colcon_core.shell:Creating package script '/home/juanes/Robotica-Meca/Robot1/codigo_fuente/antropomorfico_ws/install/antropomorfico_sim/share/antropomorfico_sim/package.ps1'
[1.257s] INFO:colcon.colcon_core.shell:Creating package descriptor '/home/juanes/Robotica-Meca/Robot1/codigo_fuente/antropomorfico_ws/install/antropomorfico_sim/share/antropomorfico_sim/package.dsv'
[1.258s] INFO:colcon.colcon_core.shell:Creating package script '/home/juanes/Robotica-Meca/Robot1/codigo_fuente/antropomorfico_ws/install/antropomorfico_sim/share/antropomorfico_sim/package.sh'
[1.258s] INFO:colcon.colcon_core.shell:Creating package script '/home/juanes/Robotica-Meca/Robot1/codigo_fuente/antropomorfico_ws/install/antropomorfico_sim/share/antropomorfico_sim/package.bash'
[1.259s] INFO:colcon.colcon_core.shell:Creating package script '/home/juanes/Robotica-Meca/Robot1/codigo_fuente/antropomorfico_ws/install/antropomorfico_sim/share/antropomorfico_sim/package.zsh'
[1.259s] Level 1:colcon.colcon_core.environment:create_file_with_runtime_dependencies(/home/juanes/Robotica-Meca/Robot1/codigo_fuente/antropomorfico_ws/install/antropomorfico_sim/share/colcon-core/packages/antropomorfico_sim)
[1.259s] DEBUG:colcon.colcon_parallel_executor.executor.parallel:closing loop
[1.260s] DEBUG:colcon.colcon_parallel_executor.executor.parallel:loop closed
[1.260s] DEBUG:colcon.colcon_parallel_executor.executor.parallel:run_until_complete finished with '0'
[1.260s] DEBUG:colcon.colcon_core.event_reactor:joining thread
[1.264s] INFO:colcon.colcon_core.plugin_system:Skipping extension 'colcon_notification.desktop_notification.notify_send': Could not find 'notify-send'
[1.264s] INFO:colcon.colcon_core.plugin_system:Skipping extension 'colcon_notification.desktop_notification.terminal_notifier': Not used on non-Darwin systems
[1.264s] INFO:colcon.colcon_core.plugin_system:Skipping extension 'colcon_notification.desktop_notification.win32': Not used on non-Windows systems
[1.264s] INFO:colcon.colcon_notification.desktop_notification:Sending desktop notification using 'notify2'
[1.275s] DEBUG:colcon.colcon_core.event_reactor:joined thread
[1.275s] INFO:colcon.colcon_core.shell:Creating prefix script '/home/juanes/Robotica-Meca/Robot1/codigo_fuente/antropomorfico_ws/install/local_setup.ps1'
[1.276s] INFO:colcon.colcon_core.shell:Creating prefix util module '/home/juanes/Robotica-Meca/Robot1/codigo_fuente/antropomorfico_ws/install/_local_setup_util_ps1.py'
[1.277s] INFO:colcon.colcon_core.shell:Creating prefix chain script '/home/juanes/Robotica-Meca/Robot1/codigo_fuente/antropomorfico_ws/install/setup.ps1'
[1.278s] INFO:colcon.colcon_core.shell:Creating prefix script '/home/juanes/Robotica-Meca/Robot1/codigo_fuente/antropomorfico_ws/install/local_setup.sh'
[1.278s] INFO:colcon.colcon_core.shell:Creating prefix util module '/home/juanes/Robotica-Meca/Robot1/codigo_fuente/antropomorfico_ws/install/_local_setup_util_sh.py'
[1.278s] INFO:colcon.colcon_core.shell:Creating prefix chain script '/home/juanes/Robotica-Meca/Robot1/codigo_fuente/antropomorfico_ws/install/setup.sh'
[1.279s] INFO:colcon.colcon_core.shell:Creating prefix script '/home/juanes/Robotica-Meca/Robot1/codigo_fuente/antropomorfico_ws/install/local_setup.bash'
[1.279s] INFO:colcon.colcon_core.shell:Creating prefix chain script '/home/juanes/Robotica-Meca/Robot1/codigo_fuente/antropomorfico_ws/install/setup.bash'
[1.280s] INFO:colcon.colcon_core.shell:Creating prefix script '/home/juanes/Robotica-Meca/Robot1/codigo_fuente/antropomorfico_ws/install/local_setup.zsh'
[1.280s] INFO:colcon.colcon_core.shell:Creating prefix chain script '/home/juanes/Robotica-Meca/Robot1/codigo_fuente/antropomorfico_ws/install/setup.zsh'
