[1.432s] Invoking command in '/home/david-romero/Proyectos/robotica/build/scara_boceto': DEBUGINFOD_URLS=https://debuginfod.ubuntu.com PYTHONPATH=/home/david-romero/Proyectos/robotica/build/scara_boceto/prefix_override:/usr/lib/python3/dist-packages/colcon_core/task/python/colcon_distutils_commands:/home/david-romero/Proyectos/robotica/install/scara_boceto/lib/python3.12/site-packages:${PYTHONPATH} /usr/bin/python3 -W ignore:setup.py install is deprecated -W ignore:easy_install command is deprecated setup.py develop --editable --build-directory /home/david-romero/Proyectos/robotica/build/scara_boceto/build --no-deps symlink_data --force
[1.834s] running develop
[2.087s] running egg_info
[2.111s] writing scara_boceto.egg-info/PKG-INFO
[2.111s] writing dependency_links to scara_boceto.egg-info/dependency_links.txt
[2.111s] writing entry points to scara_boceto.egg-info/entry_points.txt
[2.111s] deleting scara_boceto.egg-info/requires.txt
[2.112s] writing top-level names to scara_boceto.egg-info/top_level.txt
[2.162s] reading manifest file 'scara_boceto.egg-info/SOURCES.txt'
[2.163s] writing manifest file 'scara_boceto.egg-info/SOURCES.txt'
[2.190s] running build_ext
[2.190s] Creating /home/david-romero/Proyectos/robotica/install/scara_boceto/lib/python3.12/site-packages/scara-boceto.egg-link (link to .)
[2.191s] Installing fk_publisher script to /home/david-romero/Proyectos/robotica/install/scara_boceto/lib/scara_boceto
[2.191s] Installing gui_sliders script to /home/david-romero/Proyectos/robotica/install/scara_boceto/lib/scara_boceto
[2.191s] 
[2.191s] Installed /home/david-romero/Proyectos/robotica/build/scara_boceto
[2.191s] running symlink_data
[2.191s] symbolically linking /home/david-romero/Proyectos/robotica/build/scara_boceto/resource/scara_boceto -> /home/david-romero/Proyectos/robotica/install/scara_boceto/share/ament_index/resource_index/packages
[2.192s] symbolically linking /home/david-romero/Proyectos/robotica/build/scara_boceto/package.xml -> /home/david-romero/Proyectos/robotica/install/scara_boceto/share/scara_boceto
[2.192s] error: [Errno 2] No such file or directory: '/home/david-romero/Proyectos/robotica/install/scara_boceto/share/scara_boceto/launch/gazebo.launch.py'
[2.233s] Invoked command in '/home/david-romero/Proyectos/robotica/build/scara_boceto' returned '1': DEBUGINFOD_URLS=https://debuginfod.ubuntu.com PYTHONPATH=/home/david-romero/Proyectos/robotica/build/scara_boceto/prefix_override:/usr/lib/python3/dist-packages/colcon_core/task/python/colcon_distutils_commands:/home/david-romero/Proyectos/robotica/install/scara_boceto/lib/python3.12/site-packages:${PYTHONPATH} /usr/bin/python3 -W ignore:setup.py install is deprecated -W ignore:easy_install command is deprecated setup.py develop --editable --build-directory /home/david-romero/Proyectos/robotica/build/scara_boceto/build --no-deps symlink_data --force
