[0.018s] Invoking command in '/home/dae/ros2_ws/build/Miau': CMAKE_PREFIX_PATH=${CMAKE_PREFIX_PATH}:/opt/ros/jazzy DEBUGINFOD_URLS=https://debuginfod.ubuntu.com /usr/bin/cmake --build /home/dae/ros2_ws/build/Miau -- -j16 -l16
[0.070s] Invoked command in '/home/dae/ros2_ws/build/Miau' returned '0': CMAKE_PREFIX_PATH=${CMAKE_PREFIX_PATH}:/opt/ros/jazzy DEBUGINFOD_URLS=https://debuginfod.ubuntu.com /usr/bin/cmake --build /home/dae/ros2_ws/build/Miau -- -j16 -l16
[0.084s] Invoking command in '/home/dae/ros2_ws/build/Miau': CMAKE_PREFIX_PATH=${CMAKE_PREFIX_PATH}:/opt/ros/jazzy DEBUGINFOD_URLS=https://debuginfod.ubuntu.com /usr/bin/cmake --install /home/dae/ros2_ws/build/Miau
[0.094s] -- Install configuration: ""
[0.094s] -- Up-to-date: /home/dae/ros2_ws/install/Miau/share/Miau/urdf
[0.095s] -- Installing: /home/dae/ros2_ws/install/Miau/share/Miau/urdf/Completo).urdf
[0.095s] -- Up-to-date: /home/dae/ros2_ws/install/Miau/share/Miau/urdf/install
[0.095s] -- Up-to-date: /home/dae/ros2_ws/install/Miau/share/Miau/urdf/install/.colcon_install_layout
[0.095s] -- Up-to-date: /home/dae/ros2_ws/install/Miau/share/Miau/urdf/install/setup.bash
[0.095s] -- Up-to-date: /home/dae/ros2_ws/install/Miau/share/Miau/urdf/install/local_setup.zsh
[0.095s] -- Up-to-date: /home/dae/ros2_ws/install/Miau/share/Miau/urdf/install/_local_setup_util_sh.py
[0.095s] -- Up-to-date: /home/dae/ros2_ws/install/Miau/share/Miau/urdf/install/local_setup.bash
[0.095s] -- Up-to-date: /home/dae/ros2_ws/install/Miau/share/Miau/urdf/install/COLCON_IGNORE
[0.095s] -- Up-to-date: /home/dae/ros2_ws/install/Miau/share/Miau/urdf/install/setup.sh
[0.095s] -- Up-to-date: /home/dae/ros2_ws/install/Miau/share/Miau/urdf/install/local_setup.sh
[0.096s] -- Up-to-date: /home/dae/ros2_ws/install/Miau/share/Miau/urdf/install/setup.zsh
[0.096s] -- Installing: /home/dae/ros2_ws/install/Miau/share/Miau/urdf/Completo).csv
[0.096s] -- Up-to-date: /home/dae/ros2_ws/install/Miau/share/Miau/urdf/build
[0.096s] -- Up-to-date: /home/dae/ros2_ws/install/Miau/share/Miau/urdf/build/.built_by
[0.096s] -- Up-to-date: /home/dae/ros2_ws/install/Miau/share/Miau/urdf/build/COLCON_IGNORE
[0.097s] -- Up-to-date: /home/dae/ros2_ws/install/Miau/share/Miau/urdf/log
[0.097s] -- Up-to-date: /home/dae/ros2_ws/install/Miau/share/Miau/urdf/log/build_2026-08-17_17-05-32
[0.097s] -- Up-to-date: /home/dae/ros2_ws/install/Miau/share/Miau/urdf/log/build_2026-08-17_17-05-32/logger_all.log
[0.097s] -- Up-to-date: /home/dae/ros2_ws/install/Miau/share/Miau/urdf/log/build_2026-08-17_17-05-32/events.log
[0.097s] -- Up-to-date: /home/dae/ros2_ws/install/Miau/share/Miau/urdf/log/build_2026-08-17_17-36-59
[0.097s] -- Up-to-date: /home/dae/ros2_ws/install/Miau/share/Miau/urdf/log/build_2026-08-17_17-36-59/logger_all.log
[0.097s] -- Up-to-date: /home/dae/ros2_ws/install/Miau/share/Miau/urdf/log/build_2026-08-17_17-36-59/events.log
[0.097s] -- Up-to-date: /home/dae/ros2_ws/install/Miau/share/Miau/urdf/log/build_2026-08-17_18-16-47
[0.097s] -- Up-to-date: /home/dae/ros2_ws/install/Miau/share/Miau/urdf/log/build_2026-08-17_18-16-47/logger_all.log
[0.098s] -- Up-to-date: /home/dae/ros2_ws/install/Miau/share/Miau/urdf/log/build_2026-08-17_18-16-47/events.log
[0.098s] -- Up-to-date: /home/dae/ros2_ws/install/Miau/share/Miau/urdf/log/build_2026-08-17_18-13-12
[0.098s] -- Up-to-date: /home/dae/ros2_ws/install/Miau/share/Miau/urdf/log/build_2026-08-17_18-13-12/logger_all.log
[0.098s] -- Up-to-date: /home/dae/ros2_ws/install/Miau/share/Miau/urdf/log/build_2026-08-17_18-13-12/events.log
[0.098s] -- Up-to-date: /home/dae/ros2_ws/install/Miau/share/Miau/urdf/log/build_2026-08-17_18-09-18
[0.098s] -- Up-to-date: /home/dae/ros2_ws/install/Miau/share/Miau/urdf/log/build_2026-08-17_18-09-18/logger_all.log
[0.098s] -- Up-to-date: /home/dae/ros2_ws/install/Miau/share/Miau/urdf/log/build_2026-08-17_18-09-18/events.log
[0.098s] -- Up-to-date: /home/dae/ros2_ws/install/Miau/share/Miau/urdf/log/COLCON_IGNORE
[0.098s] -- Up-to-date: /home/dae/ros2_ws/install/Miau/share/Miau/urdf/log/build_2026-08-17_17-35-41
[0.099s] -- Up-to-date: /home/dae/ros2_ws/install/Miau/share/Miau/urdf/log/build_2026-08-17_17-35-41/logger_all.log
[0.099s] -- Up-to-date: /home/dae/ros2_ws/install/Miau/share/Miau/urdf/log/build_2026-08-17_17-35-41/events.log
[0.099s] -- Up-to-date: /home/dae/ros2_ws/install/Miau/share/Miau/urdf/log/build_2026-08-17_17-27-45
[0.099s] -- Up-to-date: /home/dae/ros2_ws/install/Miau/share/Miau/urdf/log/build_2026-08-17_17-27-45/logger_all.log
[0.099s] -- Up-to-date: /home/dae/ros2_ws/install/Miau/share/Miau/urdf/log/build_2026-08-17_17-27-45/events.log
[0.099s] -- Up-to-date: /home/dae/ros2_ws/install/Miau/share/Miau/urdf/log/build_2026-08-17_18-09-21
[0.099s] -- Up-to-date: /home/dae/ros2_ws/install/Miau/share/Miau/urdf/log/build_2026-08-17_18-09-21/logger_all.log
[0.100s] -- Up-to-date: /home/dae/ros2_ws/install/Miau/share/Miau/urdf/log/build_2026-08-17_18-09-21/events.log
[0.100s] -- Up-to-date: /home/dae/ros2_ws/install/Miau/share/Miau/urdf/log/latest_build
[0.100s] -- Up-to-date: /home/dae/ros2_ws/install/Miau/share/Miau/urdf/log/latest
[0.100s] -- Up-to-date: /home/dae/ros2_ws/install/Miau/share/Miau/urdf/log/build_2026-08-17_18-17-13
[0.100s] -- Up-to-date: /home/dae/ros2_ws/install/Miau/share/Miau/urdf/log/build_2026-08-17_18-17-13/logger_all.log
[0.100s] -- Up-to-date: /home/dae/ros2_ws/install/Miau/share/Miau/urdf/log/build_2026-08-17_18-17-13/events.log
[0.100s] -- Up-to-date: /home/dae/ros2_ws/install/Miau/share/Miau/launch
[0.100s] -- Installing: /home/dae/ros2_ws/install/Miau/share/Miau/launch/display.launch
[0.101s] -- Installing: /home/dae/ros2_ws/install/Miau/share/Miau/launch/launch.py
[0.101s] -- Up-to-date: /home/dae/ros2_ws/install/Miau/share/Miau/rviz
[0.101s] -- Installing: /home/dae/ros2_ws/install/Miau/share/Miau/rviz/dual_robot.rviz
[0.101s] -- Up-to-date: /home/dae/ros2_ws/install/Miau/share/ament_index/resource_index/package_run_dependencies/Miau
[0.101s] -- Up-to-date: /home/dae/ros2_ws/install/Miau/share/ament_index/resource_index/parent_prefix_path/Miau
[0.101s] -- Up-to-date: /home/dae/ros2_ws/install/Miau/share/Miau/environment/ament_prefix_path.sh
[0.101s] -- Up-to-date: /home/dae/ros2_ws/install/Miau/share/Miau/environment/ament_prefix_path.dsv
[0.101s] -- Up-to-date: /home/dae/ros2_ws/install/Miau/share/Miau/environment/path.sh
[0.101s] -- Up-to-date: /home/dae/ros2_ws/install/Miau/share/Miau/environment/path.dsv
[0.102s] -- Up-to-date: /home/dae/ros2_ws/install/Miau/share/Miau/local_setup.bash
[0.102s] -- Up-to-date: /home/dae/ros2_ws/install/Miau/share/Miau/local_setup.sh
[0.102s] -- Up-to-date: /home/dae/ros2_ws/install/Miau/share/Miau/local_setup.zsh
[0.102s] -- Up-to-date: /home/dae/ros2_ws/install/Miau/share/Miau/local_setup.dsv
[0.102s] -- Installing: /home/dae/ros2_ws/install/Miau/share/Miau/package.dsv
[0.102s] -- Up-to-date: /home/dae/ros2_ws/install/Miau/share/ament_index/resource_index/packages/Miau
[0.102s] -- Up-to-date: /home/dae/ros2_ws/install/Miau/share/Miau/cmake/MiauConfig.cmake
[0.102s] -- Up-to-date: /home/dae/ros2_ws/install/Miau/share/Miau/cmake/MiauConfig-version.cmake
[0.102s] -- Up-to-date: /home/dae/ros2_ws/install/Miau/share/Miau/package.xml
[0.104s] Invoked command in '/home/dae/ros2_ws/build/Miau' returned '0': CMAKE_PREFIX_PATH=${CMAKE_PREFIX_PATH}:/opt/ros/jazzy DEBUGINFOD_URLS=https://debuginfod.ubuntu.com /usr/bin/cmake --install /home/dae/ros2_ws/build/Miau
