[0.012s] Invoking command in '/home/dae/ros2_ws/src/build/Miau': CMAKE_PREFIX_PATH=${CMAKE_PREFIX_PATH}:/opt/ros/jazzy DEBUGINFOD_URLS=https://debuginfod.ubuntu.com /usr/bin/cmake --build /home/dae/ros2_ws/src/build/Miau -- -j16 -l16
[0.072s] Invoked command in '/home/dae/ros2_ws/src/build/Miau' returned '0': CMAKE_PREFIX_PATH=${CMAKE_PREFIX_PATH}:/opt/ros/jazzy DEBUGINFOD_URLS=https://debuginfod.ubuntu.com /usr/bin/cmake --build /home/dae/ros2_ws/src/build/Miau -- -j16 -l16
[0.083s] Invoking command in '/home/dae/ros2_ws/src/build/Miau': CMAKE_PREFIX_PATH=${CMAKE_PREFIX_PATH}:/opt/ros/jazzy DEBUGINFOD_URLS=https://debuginfod.ubuntu.com /usr/bin/cmake --install /home/dae/ros2_ws/src/build/Miau
[0.091s] -- Install configuration: ""
[0.091s] -- Up-to-date: /home/dae/ros2_ws/src/install/Miau/share/Miau/urdf
[0.091s] -- Up-to-date: /home/dae/ros2_ws/src/install/Miau/share/Miau/urdf/rs003nff60.urdf
[0.091s] -- Up-to-date: /home/dae/ros2_ws/src/install/Miau/share/Miau/urdf/scara_robot.urdf
[0.091s] -- Up-to-date: /home/dae/ros2_ws/src/install/Miau/share/Miau/launch
[0.091s] -- Up-to-date: /home/dae/ros2_ws/src/install/Miau/share/Miau/launch/launch.py
[0.092s] -- Up-to-date: /home/dae/ros2_ws/src/install/Miau/share/Miau/rviz
[0.092s] -- Up-to-date: /home/dae/ros2_ws/src/install/Miau/share/Miau/rviz/dual_robot.rviz
[0.092s] -- Up-to-date: /home/dae/ros2_ws/src/install/Miau/share/ament_index/resource_index/package_run_dependencies/Miau
[0.092s] -- Up-to-date: /home/dae/ros2_ws/src/install/Miau/share/ament_index/resource_index/parent_prefix_path/Miau
[0.092s] -- Up-to-date: /home/dae/ros2_ws/src/install/Miau/share/Miau/environment/ament_prefix_path.sh
[0.092s] -- Up-to-date: /home/dae/ros2_ws/src/install/Miau/share/Miau/environment/ament_prefix_path.dsv
[0.092s] -- Up-to-date: /home/dae/ros2_ws/src/install/Miau/share/Miau/environment/path.sh
[0.093s] -- Up-to-date: /home/dae/ros2_ws/src/install/Miau/share/Miau/environment/path.dsv
[0.093s] -- Up-to-date: /home/dae/ros2_ws/src/install/Miau/share/Miau/local_setup.bash
[0.093s] -- Up-to-date: /home/dae/ros2_ws/src/install/Miau/share/Miau/local_setup.sh
[0.093s] -- Up-to-date: /home/dae/ros2_ws/src/install/Miau/share/Miau/local_setup.zsh
[0.093s] -- Up-to-date: /home/dae/ros2_ws/src/install/Miau/share/Miau/local_setup.dsv
[0.093s] -- Installing: /home/dae/ros2_ws/src/install/Miau/share/Miau/package.dsv
[0.093s] -- Up-to-date: /home/dae/ros2_ws/src/install/Miau/share/ament_index/resource_index/packages/Miau
[0.093s] -- Up-to-date: /home/dae/ros2_ws/src/install/Miau/share/Miau/cmake/MiauConfig.cmake
[0.093s] -- Up-to-date: /home/dae/ros2_ws/src/install/Miau/share/Miau/cmake/MiauConfig-version.cmake
[0.093s] -- Up-to-date: /home/dae/ros2_ws/src/install/Miau/share/Miau/package.xml
[0.095s] Invoked command in '/home/dae/ros2_ws/src/build/Miau' returned '0': CMAKE_PREFIX_PATH=${CMAKE_PREFIX_PATH}:/opt/ros/jazzy DEBUGINFOD_URLS=https://debuginfod.ubuntu.com /usr/bin/cmake --install /home/dae/ros2_ws/src/build/Miau
