[2.830s] Invoking command in '/home/david-romero/Proyectos/robotica/build/scara_cajas': DEBUGINFOD_URLS=https://debuginfod.ubuntu.com PYTHONPATH=/home/david-romero/Proyectos/robotica/build/scara_cajas/prefix_override:/usr/lib/python3/dist-packages/colcon_core/task/python/colcon_distutils_commands:/home/david-romero/Proyectos/robotica/install/scara_cajas/lib/python3.12/site-packages:${PYTHONPATH} /usr/bin/python3 -W ignore:setup.py install is deprecated -W ignore:easy_install command is deprecated setup.py develop --uninstall --editable --build-directory /home/david-romero/Proyectos/robotica/build/scara_cajas/build
[3.587s] running develop
[4.029s] Removing /home/david-romero/Proyectos/robotica/install/scara_cajas/lib/python3.12/site-packages/scara-cajas.egg-link (link to .)
[4.082s] Invoked command in '/home/david-romero/Proyectos/robotica/build/scara_cajas' returned '0': DEBUGINFOD_URLS=https://debuginfod.ubuntu.com PYTHONPATH=/home/david-romero/Proyectos/robotica/build/scara_cajas/prefix_override:/usr/lib/python3/dist-packages/colcon_core/task/python/colcon_distutils_commands:/home/david-romero/Proyectos/robotica/install/scara_cajas/lib/python3.12/site-packages:${PYTHONPATH} /usr/bin/python3 -W ignore:setup.py install is deprecated -W ignore:easy_install command is deprecated setup.py develop --uninstall --editable --build-directory /home/david-romero/Proyectos/robotica/build/scara_cajas/build
[4.083s] Invoking command in '/home/david-romero/Proyectos/robotica/src/scara_cajas': DEBUGINFOD_URLS=https://debuginfod.ubuntu.com PYTHONPATH=/home/david-romero/Proyectos/robotica/build/scara_cajas/prefix_override:/usr/lib/python3/dist-packages/colcon_core/task/python/colcon_distutils_commands:/home/david-romero/Proyectos/robotica/install/scara_cajas/lib/python3.12/site-packages:${PYTHONPATH} /usr/bin/python3 -W ignore:setup.py install is deprecated -W ignore:easy_install command is deprecated setup.py egg_info --egg-base ../../build/scara_cajas build --build-base /home/david-romero/Proyectos/robotica/build/scara_cajas/build install --record /home/david-romero/Proyectos/robotica/build/scara_cajas/install.log --install-scripts $base/lib/scara_cajas --single-version-externally-managed install_data --force
[4.739s] running egg_info
[4.811s] writing ../../build/scara_cajas/scara_cajas.egg-info/PKG-INFO
[4.812s] writing dependency_links to ../../build/scara_cajas/scara_cajas.egg-info/dependency_links.txt
[4.812s] writing entry points to ../../build/scara_cajas/scara_cajas.egg-info/entry_points.txt
[4.812s] writing requirements to ../../build/scara_cajas/scara_cajas.egg-info/requires.txt
[4.813s] writing top-level names to ../../build/scara_cajas/scara_cajas.egg-info/top_level.txt
[4.979s] reading manifest file '../../build/scara_cajas/scara_cajas.egg-info/SOURCES.txt'
[4.982s] writing manifest file '../../build/scara_cajas/scara_cajas.egg-info/SOURCES.txt'
[4.982s] running build
[4.982s] running build_py
[4.983s] running install
[5.006s] running install_lib
[5.095s] creating /home/david-romero/Proyectos/robotica/install/scara_cajas/lib/python3.12/site-packages/scara_cajas
[5.095s] copying /home/david-romero/Proyectos/robotica/build/scara_cajas/build/lib/scara_cajas/__init__.py -> /home/david-romero/Proyectos/robotica/install/scara_cajas/lib/python3.12/site-packages/scara_cajas
[5.095s] copying /home/david-romero/Proyectos/robotica/build/scara_cajas/build/lib/scara_cajas/gui_presets.py -> /home/david-romero/Proyectos/robotica/install/scara_cajas/lib/python3.12/site-packages/scara_cajas
[5.097s] byte-compiling /home/david-romero/Proyectos/robotica/install/scara_cajas/lib/python3.12/site-packages/scara_cajas/__init__.py to __init__.cpython-312.pyc
[5.097s] byte-compiling /home/david-romero/Proyectos/robotica/install/scara_cajas/lib/python3.12/site-packages/scara_cajas/gui_presets.py to gui_presets.cpython-312.pyc
[5.100s] running install_data
[5.100s] copying resource/scara_cajas -> /home/david-romero/Proyectos/robotica/install/scara_cajas/share/ament_index/resource_index/packages
[5.101s] copying package.xml -> /home/david-romero/Proyectos/robotica/install/scara_cajas/share/scara_cajas
[5.101s] copying launch/display_gazebo.launch.py -> /home/david-romero/Proyectos/robotica/install/scara_cajas/share/scara_cajas/launch
[5.102s] copying launch/display.launch.py -> /home/david-romero/Proyectos/robotica/install/scara_cajas/share/scara_cajas/launch
[5.106s] copying urdf/Ensamblaje1.urdf -> /home/david-romero/Proyectos/robotica/install/scara_cajas/share/scara_cajas/urdf
[5.106s] copying meshes/est2.STL -> /home/david-romero/Proyectos/robotica/install/scara_cajas/share/scara_cajas/meshes
[5.108s] copying meshes/rot2.STL -> /home/david-romero/Proyectos/robotica/install/scara_cajas/share/scara_cajas/meshes
[5.108s] copying meshes/rot1.STL -> /home/david-romero/Proyectos/robotica/install/scara_cajas/share/scara_cajas/meshes
[5.109s] copying meshes/efector.STL -> /home/david-romero/Proyectos/robotica/install/scara_cajas/share/scara_cajas/meshes
[5.110s] copying meshes/pris.STL -> /home/david-romero/Proyectos/robotica/install/scara_cajas/share/scara_cajas/meshes
[5.111s] copying meshes/baase.STL -> /home/david-romero/Proyectos/robotica/install/scara_cajas/share/scara_cajas/meshes
[5.112s] copying meshes/band3.STL -> /home/david-romero/Proyectos/robotica/install/scara_cajas/share/scara_cajas/meshes
[5.112s] running install_egg_info
[5.161s] Copying ../../build/scara_cajas/scara_cajas.egg-info to /home/david-romero/Proyectos/robotica/install/scara_cajas/lib/python3.12/site-packages/scara_cajas-0.0.0-py3.12.egg-info
[5.164s] running install_scripts
[5.537s] Installing gui_presets script to /home/david-romero/Proyectos/robotica/install/scara_cajas/lib/scara_cajas
[5.541s] writing list of installed files to '/home/david-romero/Proyectos/robotica/build/scara_cajas/install.log'
[5.612s] Invoked command in '/home/david-romero/Proyectos/robotica/src/scara_cajas' returned '0': DEBUGINFOD_URLS=https://debuginfod.ubuntu.com PYTHONPATH=/home/david-romero/Proyectos/robotica/build/scara_cajas/prefix_override:/usr/lib/python3/dist-packages/colcon_core/task/python/colcon_distutils_commands:/home/david-romero/Proyectos/robotica/install/scara_cajas/lib/python3.12/site-packages:${PYTHONPATH} /usr/bin/python3 -W ignore:setup.py install is deprecated -W ignore:easy_install command is deprecated setup.py egg_info --egg-base ../../build/scara_cajas build --build-base /home/david-romero/Proyectos/robotica/build/scara_cajas/build install --record /home/david-romero/Proyectos/robotica/build/scara_cajas/install.log --install-scripts $base/lib/scara_cajas --single-version-externally-managed install_data --force
