[0.893s] Invoking command in '/home/david-romero/Proyectos/ros2_ws/src/robot_description': DEBUGINFOD_URLS=https://debuginfod.ubuntu.com PYTHONPATH=/home/david-romero/Proyectos/ros2_ws/build/robot_description/prefix_override:/usr/lib/python3/dist-packages/colcon_core/task/python/colcon_distutils_commands:/home/david-romero/Proyectos/ros2_ws/install/robot_description/lib/python3.12/site-packages:${PYTHONPATH} /usr/bin/python3 -W ignore:setup.py install is deprecated -W ignore:easy_install command is deprecated setup.py egg_info --egg-base ../../build/robot_description build --build-base /home/david-romero/Proyectos/ros2_ws/build/robot_description/build install --record /home/david-romero/Proyectos/ros2_ws/build/robot_description/install.log --install-scripts $base/lib/robot_description --single-version-externally-managed install_data
[1.181s] running egg_info
[1.203s] writing ../../build/robot_description/robot_description.egg-info/PKG-INFO
[1.203s] writing dependency_links to ../../build/robot_description/robot_description.egg-info/dependency_links.txt
[1.203s] writing requirements to ../../build/robot_description/robot_description.egg-info/requires.txt
[1.203s] writing top-level names to ../../build/robot_description/robot_description.egg-info/top_level.txt
[1.252s] reading manifest file '../../build/robot_description/robot_description.egg-info/SOURCES.txt'
[1.253s] writing manifest file '../../build/robot_description/robot_description.egg-info/SOURCES.txt'
[1.253s] running build
[1.253s] running build_py
[1.253s] running install
[1.261s] running install_lib
[1.283s] running install_data
[1.283s] copying urdf/Ensamblaje1.urdf -> /home/david-romero/Proyectos/ros2_ws/install/robot_description/share/robot_description/urdf
[1.283s] running install_egg_info
[1.309s] removing '/home/david-romero/Proyectos/ros2_ws/install/robot_description/lib/python3.12/site-packages/robot_description-0.0.0-py3.12.egg-info' (and everything under it)
[1.309s] Copying ../../build/robot_description/robot_description.egg-info to /home/david-romero/Proyectos/ros2_ws/install/robot_description/lib/python3.12/site-packages/robot_description-0.0.0-py3.12.egg-info
[1.310s] running install_scripts
[1.457s] writing list of installed files to '/home/david-romero/Proyectos/ros2_ws/build/robot_description/install.log'
[1.486s] Invoked command in '/home/david-romero/Proyectos/ros2_ws/src/robot_description' returned '0': DEBUGINFOD_URLS=https://debuginfod.ubuntu.com PYTHONPATH=/home/david-romero/Proyectos/ros2_ws/build/robot_description/prefix_override:/usr/lib/python3/dist-packages/colcon_core/task/python/colcon_distutils_commands:/home/david-romero/Proyectos/ros2_ws/install/robot_description/lib/python3.12/site-packages:${PYTHONPATH} /usr/bin/python3 -W ignore:setup.py install is deprecated -W ignore:easy_install command is deprecated setup.py egg_info --egg-base ../../build/robot_description build --build-base /home/david-romero/Proyectos/ros2_ws/build/robot_description/build install --record /home/david-romero/Proyectos/ros2_ws/build/robot_description/install.log --install-scripts $base/lib/robot_description --single-version-externally-managed install_data
