[3.340s] Invoking command in '/home/david-romero/Proyectos/robotica/src/ttcc': DEBUGINFOD_URLS=https://debuginfod.ubuntu.com PYTHONPATH=/home/david-romero/Proyectos/robotica/build/ttcc/prefix_override:/usr/lib/python3/dist-packages/colcon_core/task/python/colcon_distutils_commands:/home/david-romero/Proyectos/robotica/install/ttcc/lib/python3.12/site-packages:${PYTHONPATH} /usr/bin/python3 -W ignore:setup.py install is deprecated -W ignore:easy_install command is deprecated setup.py egg_info --egg-base ../../build/ttcc build --build-base /home/david-romero/Proyectos/robotica/build/ttcc/build install --record /home/david-romero/Proyectos/robotica/build/ttcc/install.log --install-scripts $base/lib/ttcc --single-version-externally-managed install_data
[4.107s] running egg_info
[4.145s] writing ../../build/ttcc/ttcc.egg-info/PKG-INFO
[4.145s] writing dependency_links to ../../build/ttcc/ttcc.egg-info/dependency_links.txt
[4.145s] writing entry points to ../../build/ttcc/ttcc.egg-info/entry_points.txt
[4.145s] writing requirements to ../../build/ttcc/ttcc.egg-info/requires.txt
[4.146s] writing top-level names to ../../build/ttcc/ttcc.egg-info/top_level.txt
[4.211s] reading manifest file '../../build/ttcc/ttcc.egg-info/SOURCES.txt'
[4.212s] writing manifest file '../../build/ttcc/ttcc.egg-info/SOURCES.txt'
[4.212s] running build
[4.213s] running build_py
[4.213s] running install
[4.223s] running install_lib
[4.254s] running install_data
[4.254s] running install_egg_info
[4.286s] removing '/home/david-romero/Proyectos/robotica/install/ttcc/lib/python3.12/site-packages/ttcc-0.0.0-py3.12.egg-info' (and everything under it)
[4.286s] Copying ../../build/ttcc/ttcc.egg-info to /home/david-romero/Proyectos/robotica/install/ttcc/lib/python3.12/site-packages/ttcc-0.0.0-py3.12.egg-info
[4.289s] running install_scripts
[4.491s] Installing simulador_cinematico_node script to /home/david-romero/Proyectos/robotica/install/ttcc/lib/ttcc
[4.492s] writing list of installed files to '/home/david-romero/Proyectos/robotica/build/ttcc/install.log'
[4.550s] Invoked command in '/home/david-romero/Proyectos/robotica/src/ttcc' returned '0': DEBUGINFOD_URLS=https://debuginfod.ubuntu.com PYTHONPATH=/home/david-romero/Proyectos/robotica/build/ttcc/prefix_override:/usr/lib/python3/dist-packages/colcon_core/task/python/colcon_distutils_commands:/home/david-romero/Proyectos/robotica/install/ttcc/lib/python3.12/site-packages:${PYTHONPATH} /usr/bin/python3 -W ignore:setup.py install is deprecated -W ignore:easy_install command is deprecated setup.py egg_info --egg-base ../../build/ttcc build --build-base /home/david-romero/Proyectos/robotica/build/ttcc/build install --record /home/david-romero/Proyectos/robotica/build/ttcc/install.log --install-scripts $base/lib/ttcc --single-version-externally-managed install_data
