[2.729s] Invoking command in '/home/david-romero/Proyectos/robotica/src/scara_cajas': DEBUGINFOD_URLS=https://debuginfod.ubuntu.com PYTHONPATH=/home/david-romero/Proyectos/robotica/build/scara_cajas/prefix_override:/usr/lib/python3/dist-packages/colcon_core/task/python/colcon_distutils_commands:/home/david-romero/Proyectos/robotica/install/scara_cajas/lib/python3.12/site-packages:${PYTHONPATH} /usr/bin/python3 -W ignore:setup.py install is deprecated -W ignore:easy_install command is deprecated setup.py egg_info --egg-base ../../build/scara_cajas build --build-base /home/david-romero/Proyectos/robotica/build/scara_cajas/build install --record /home/david-romero/Proyectos/robotica/build/scara_cajas/install.log --install-scripts $base/lib/scara_cajas --single-version-externally-managed install_data
[3.226s] running egg_info
[3.262s] writing ../../build/scara_cajas/scara_cajas.egg-info/PKG-INFO
[3.263s] writing dependency_links to ../../build/scara_cajas/scara_cajas.egg-info/dependency_links.txt
[3.263s] writing entry points to ../../build/scara_cajas/scara_cajas.egg-info/entry_points.txt
[3.263s] writing requirements to ../../build/scara_cajas/scara_cajas.egg-info/requires.txt
[3.264s] writing top-level names to ../../build/scara_cajas/scara_cajas.egg-info/top_level.txt
[3.339s] reading manifest file '../../build/scara_cajas/scara_cajas.egg-info/SOURCES.txt'
[3.340s] writing manifest file '../../build/scara_cajas/scara_cajas.egg-info/SOURCES.txt'
[3.341s] running build
[3.341s] running build_py
[3.341s] copying scara_cajas/gazebo_mod.py -> /home/david-romero/Proyectos/robotica/build/scara_cajas/build/lib/scara_cajas
[3.341s] running install
[3.353s] running install_lib
[3.388s] copying /home/david-romero/Proyectos/robotica/build/scara_cajas/build/lib/scara_cajas/gazebo_mod.py -> /home/david-romero/Proyectos/robotica/install/scara_cajas/lib/python3.12/site-packages/scara_cajas
[3.389s] byte-compiling /home/david-romero/Proyectos/robotica/install/scara_cajas/lib/python3.12/site-packages/scara_cajas/gazebo_mod.py to gazebo_mod.cpython-312.pyc
[3.392s] running install_data
[3.392s] copying launch/display_gazebo.launch.py -> /home/david-romero/Proyectos/robotica/install/scara_cajas/share/scara_cajas/launch
[3.392s] copying urdf/Ensamblaje1.urdf -> /home/david-romero/Proyectos/robotica/install/scara_cajas/share/scara_cajas/urdf
[3.393s] running install_egg_info
[3.433s] removing '/home/david-romero/Proyectos/robotica/install/scara_cajas/lib/python3.12/site-packages/scara_cajas-0.0.0-py3.12.egg-info' (and everything under it)
[3.434s] Copying ../../build/scara_cajas/scara_cajas.egg-info to /home/david-romero/Proyectos/robotica/install/scara_cajas/lib/python3.12/site-packages/scara_cajas-0.0.0-py3.12.egg-info
[3.436s] running install_scripts
[3.720s] Installing gazebo_mod script to /home/david-romero/Proyectos/robotica/install/scara_cajas/lib/scara_cajas
[3.721s] Installing gui_presets script to /home/david-romero/Proyectos/robotica/install/scara_cajas/lib/scara_cajas
[3.721s] writing list of installed files to '/home/david-romero/Proyectos/robotica/build/scara_cajas/install.log'
[3.804s] Invoked command in '/home/david-romero/Proyectos/robotica/src/scara_cajas' returned '0': DEBUGINFOD_URLS=https://debuginfod.ubuntu.com PYTHONPATH=/home/david-romero/Proyectos/robotica/build/scara_cajas/prefix_override:/usr/lib/python3/dist-packages/colcon_core/task/python/colcon_distutils_commands:/home/david-romero/Proyectos/robotica/install/scara_cajas/lib/python3.12/site-packages:${PYTHONPATH} /usr/bin/python3 -W ignore:setup.py install is deprecated -W ignore:easy_install command is deprecated setup.py egg_info --egg-base ../../build/scara_cajas build --build-base /home/david-romero/Proyectos/robotica/build/scara_cajas/build install --record /home/david-romero/Proyectos/robotica/build/scara_cajas/install.log --install-scripts $base/lib/scara_cajas --single-version-externally-managed install_data
