[4.221s] Invoking command in '/home/david-romero/Proyectos/robotica/src/scara_cajas': DEBUGINFOD_URLS=https://debuginfod.ubuntu.com PYTHONPATH=/home/david-romero/Proyectos/robotica/build/scara_cajas/prefix_override:/usr/lib/python3/dist-packages/colcon_core/task/python/colcon_distutils_commands:/home/david-romero/Proyectos/robotica/install/scara_cajas/lib/python3.12/site-packages:${PYTHONPATH} /usr/bin/python3 -W ignore:setup.py install is deprecated -W ignore:easy_install command is deprecated setup.py egg_info --egg-base ../../build/scara_cajas build --build-base /home/david-romero/Proyectos/robotica/build/scara_cajas/build install --record /home/david-romero/Proyectos/robotica/build/scara_cajas/install.log --install-scripts $base/lib/scara_cajas --single-version-externally-managed install_data
[5.098s] running egg_info
[5.174s] writing ../../build/scara_cajas/scara_cajas.egg-info/PKG-INFO
[5.176s] writing dependency_links to ../../build/scara_cajas/scara_cajas.egg-info/dependency_links.txt
[5.177s] writing entry points to ../../build/scara_cajas/scara_cajas.egg-info/entry_points.txt
[5.178s] writing requirements to ../../build/scara_cajas/scara_cajas.egg-info/requires.txt
[5.179s] writing top-level names to ../../build/scara_cajas/scara_cajas.egg-info/top_level.txt
[5.325s] reading manifest file '../../build/scara_cajas/scara_cajas.egg-info/SOURCES.txt'
[5.329s] writing manifest file '../../build/scara_cajas/scara_cajas.egg-info/SOURCES.txt'
[5.329s] running build
[5.330s] running build_py
[5.336s] running install
[5.352s] running install_lib
[5.426s] running install_data
[5.427s] running install_egg_info
[5.507s] removing '/home/david-romero/Proyectos/robotica/install/scara_cajas/lib/python3.12/site-packages/scara_cajas-0.0.0-py3.12.egg-info' (and everything under it)
[5.508s] Copying ../../build/scara_cajas/scara_cajas.egg-info to /home/david-romero/Proyectos/robotica/install/scara_cajas/lib/python3.12/site-packages/scara_cajas-0.0.0-py3.12.egg-info
[5.511s] running install_scripts
[6.001s] Installing gazebo_mod script to /home/david-romero/Proyectos/robotica/install/scara_cajas/lib/scara_cajas
[6.004s] Installing gui_presets script to /home/david-romero/Proyectos/robotica/install/scara_cajas/lib/scara_cajas
[6.004s] Installing trajectory_exec script to /home/david-romero/Proyectos/robotica/install/scara_cajas/lib/scara_cajas
[6.005s] writing list of installed files to '/home/david-romero/Proyectos/robotica/build/scara_cajas/install.log'
[6.104s] Invoked command in '/home/david-romero/Proyectos/robotica/src/scara_cajas' returned '0': DEBUGINFOD_URLS=https://debuginfod.ubuntu.com PYTHONPATH=/home/david-romero/Proyectos/robotica/build/scara_cajas/prefix_override:/usr/lib/python3/dist-packages/colcon_core/task/python/colcon_distutils_commands:/home/david-romero/Proyectos/robotica/install/scara_cajas/lib/python3.12/site-packages:${PYTHONPATH} /usr/bin/python3 -W ignore:setup.py install is deprecated -W ignore:easy_install command is deprecated setup.py egg_info --egg-base ../../build/scara_cajas build --build-base /home/david-romero/Proyectos/robotica/build/scara_cajas/build install --record /home/david-romero/Proyectos/robotica/build/scara_cajas/install.log --install-scripts $base/lib/scara_cajas --single-version-externally-managed install_data
