[1.141s] Invoking command in '/home/david-romero/Proyectos/ros2_ws/build/robot_description': DEBUGINFOD_URLS=https://debuginfod.ubuntu.com PYTHONPATH=/home/david-romero/Proyectos/ros2_ws/build/robot_description/prefix_override:/usr/lib/python3/dist-packages/colcon_core/task/python/colcon_distutils_commands:/home/david-romero/Proyectos/ros2_ws/install/robot_description/lib/python3.12/site-packages:${PYTHONPATH} /usr/bin/python3 -W ignore:setup.py install is deprecated -W ignore:easy_install command is deprecated setup.py develop --uninstall --editable --build-directory /home/david-romero/Proyectos/ros2_ws/build/robot_description/build
[1.447s] running develop
[1.660s] Removing /home/david-romero/Proyectos/ros2_ws/install/robot_description/lib/python3.12/site-packages/robot-description.egg-link (link to .)
[1.693s] Invoked command in '/home/david-romero/Proyectos/ros2_ws/build/robot_description' returned '0': DEBUGINFOD_URLS=https://debuginfod.ubuntu.com PYTHONPATH=/home/david-romero/Proyectos/ros2_ws/build/robot_description/prefix_override:/usr/lib/python3/dist-packages/colcon_core/task/python/colcon_distutils_commands:/home/david-romero/Proyectos/ros2_ws/install/robot_description/lib/python3.12/site-packages:${PYTHONPATH} /usr/bin/python3 -W ignore:setup.py install is deprecated -W ignore:easy_install command is deprecated setup.py develop --uninstall --editable --build-directory /home/david-romero/Proyectos/ros2_ws/build/robot_description/build
[1.695s] Invoking command in '/home/david-romero/Proyectos/ros2_ws/src/robot_description': DEBUGINFOD_URLS=https://debuginfod.ubuntu.com PYTHONPATH=/home/david-romero/Proyectos/ros2_ws/build/robot_description/prefix_override:/usr/lib/python3/dist-packages/colcon_core/task/python/colcon_distutils_commands:/home/david-romero/Proyectos/ros2_ws/install/robot_description/lib/python3.12/site-packages:${PYTHONPATH} /usr/bin/python3 -W ignore:setup.py install is deprecated -W ignore:easy_install command is deprecated setup.py egg_info --egg-base ../../build/robot_description build --build-base /home/david-romero/Proyectos/ros2_ws/build/robot_description/build install --record /home/david-romero/Proyectos/ros2_ws/build/robot_description/install.log --install-scripts $base/lib/robot_description --single-version-externally-managed install_data --force
[1.959s] running egg_info
[1.978s] writing ../../build/robot_description/robot_description.egg-info/PKG-INFO
[1.978s] writing dependency_links to ../../build/robot_description/robot_description.egg-info/dependency_links.txt
[1.978s] writing requirements to ../../build/robot_description/robot_description.egg-info/requires.txt
[1.978s] writing top-level names to ../../build/robot_description/robot_description.egg-info/top_level.txt
[2.021s] reading manifest file '../../build/robot_description/robot_description.egg-info/SOURCES.txt'
[2.023s] writing manifest file '../../build/robot_description/robot_description.egg-info/SOURCES.txt'
[2.023s] running build
[2.023s] running build_py
[2.023s] running install
[2.030s] running install_lib
[2.050s] creating /home/david-romero/Proyectos/ros2_ws/install/robot_description/lib/python3.12/site-packages/robot_description
[2.050s] copying /home/david-romero/Proyectos/ros2_ws/build/robot_description/build/lib/robot_description/__init__.py -> /home/david-romero/Proyectos/ros2_ws/install/robot_description/lib/python3.12/site-packages/robot_description
[2.051s] byte-compiling /home/david-romero/Proyectos/ros2_ws/install/robot_description/lib/python3.12/site-packages/robot_description/__init__.py to __init__.cpython-312.pyc
[2.051s] running install_data
[2.051s] copying resource/robot_description -> /home/david-romero/Proyectos/ros2_ws/install/robot_description/share/ament_index/resource_index/packages
[2.052s] copying package.xml -> /home/david-romero/Proyectos/ros2_ws/install/robot_description/share/robot_description
[2.052s] copying launch/display.launch.py -> /home/david-romero/Proyectos/ros2_ws/install/robot_description/share/robot_description/launch
[2.052s] copying urdf/Ensamblaje1.urdf -> /home/david-romero/Proyectos/ros2_ws/install/robot_description/share/robot_description/urdf
[2.053s] copying meshes/rot2.STL -> /home/david-romero/Proyectos/ros2_ws/install/robot_description/share/robot_description/meshes
[2.054s] copying meshes/rot1.STL -> /home/david-romero/Proyectos/ros2_ws/install/robot_description/share/robot_description/meshes
[2.055s] copying meshes/pris.STL -> /home/david-romero/Proyectos/ros2_ws/install/robot_description/share/robot_description/meshes
[2.056s] copying meshes/baase.STL -> /home/david-romero/Proyectos/ros2_ws/install/robot_description/share/robot_description/meshes
[2.056s] running install_egg_info
[2.078s] Copying ../../build/robot_description/robot_description.egg-info to /home/david-romero/Proyectos/ros2_ws/install/robot_description/lib/python3.12/site-packages/robot_description-0.0.0-py3.12.egg-info
[2.078s] running install_scripts
[2.214s] writing list of installed files to '/home/david-romero/Proyectos/ros2_ws/build/robot_description/install.log'
[2.242s] Invoked command in '/home/david-romero/Proyectos/ros2_ws/src/robot_description' returned '0': DEBUGINFOD_URLS=https://debuginfod.ubuntu.com PYTHONPATH=/home/david-romero/Proyectos/ros2_ws/build/robot_description/prefix_override:/usr/lib/python3/dist-packages/colcon_core/task/python/colcon_distutils_commands:/home/david-romero/Proyectos/ros2_ws/install/robot_description/lib/python3.12/site-packages:${PYTHONPATH} /usr/bin/python3 -W ignore:setup.py install is deprecated -W ignore:easy_install command is deprecated setup.py egg_info --egg-base ../../build/robot_description build --build-base /home/david-romero/Proyectos/ros2_ws/build/robot_description/build install --record /home/david-romero/Proyectos/ros2_ws/build/robot_description/install.log --install-scripts $base/lib/robot_description --single-version-externally-managed install_data --force
