[0.010s] Invoking command in '/home/dae/ros2_ws/build/simo_scara_description': CMAKE_PREFIX_PATH=${CMAKE_PREFIX_PATH}:/opt/ros/jazzy DEBUGINFOD_URLS=https://debuginfod.ubuntu.com /usr/bin/cmake /home/dae/ros2_ws/src/simo_scara_description -DCMAKE_INSTALL_PREFIX=/home/dae/ros2_ws/install/simo_scara_description
[0.100s] -- The C compiler identification is GNU 13.3.0
[0.175s] -- The CXX compiler identification is GNU 13.3.0
[0.195s] -- Detecting C compiler ABI info
[0.292s] -- Detecting C compiler ABI info - done
[0.299s] -- Check for working C compiler: /usr/bin/cc - skipped
[0.300s] -- Detecting C compile features
[0.301s] -- Detecting C compile features - done
[0.312s] -- Detecting CXX compiler ABI info
[0.418s] -- Detecting CXX compiler ABI info - done
[0.426s] -- Check for working CXX compiler: /usr/bin/c++ - skipped
[0.427s] -- Detecting CXX compile features
[0.427s] -- Detecting CXX compile features - done
[0.436s] -- Found ament_cmake: 2.5.6 (/opt/ros/jazzy/share/ament_cmake/cmake)
[0.581s] -- Found Python3: /usr/bin/python3 (found version "3.12.3") found components: Interpreter 
[0.691s] -- Found ament_lint_auto: 0.17.5 (/opt/ros/jazzy/share/ament_lint_auto/cmake)
[0.796s] -- Added test 'flake8' to check Python code syntax and style conventions
[0.796s] -- Configured 'flake8' exclude dirs and/or files: 
[0.797s] -- Added test 'lint_cmake' to check CMake code style
[0.797s] -- Added test 'pep257' to check Python code against some of the docstring style conventions in PEP 257
[0.799s] -- Added test 'xmllint' to check XML markup files
[0.800s] -- Configuring done (0.8s)
[0.804s] -- Generating done (0.0s)
[0.805s] -- Build files have been written to: /home/dae/ros2_ws/build/simo_scara_description
[0.811s] Invoked command in '/home/dae/ros2_ws/build/simo_scara_description' returned '0': CMAKE_PREFIX_PATH=${CMAKE_PREFIX_PATH}:/opt/ros/jazzy DEBUGINFOD_URLS=https://debuginfod.ubuntu.com /usr/bin/cmake /home/dae/ros2_ws/src/simo_scara_description -DCMAKE_INSTALL_PREFIX=/home/dae/ros2_ws/install/simo_scara_description
[0.813s] Invoking command in '/home/dae/ros2_ws/build/simo_scara_description': CMAKE_PREFIX_PATH=${CMAKE_PREFIX_PATH}:/opt/ros/jazzy DEBUGINFOD_URLS=https://debuginfod.ubuntu.com /usr/bin/cmake --build /home/dae/ros2_ws/build/simo_scara_description -- -j16 -l16
[0.857s] Invoked command in '/home/dae/ros2_ws/build/simo_scara_description' returned '0': CMAKE_PREFIX_PATH=${CMAKE_PREFIX_PATH}:/opt/ros/jazzy DEBUGINFOD_URLS=https://debuginfod.ubuntu.com /usr/bin/cmake --build /home/dae/ros2_ws/build/simo_scara_description -- -j16 -l16
[0.867s] Invoking command in '/home/dae/ros2_ws/build/simo_scara_description': CMAKE_PREFIX_PATH=${CMAKE_PREFIX_PATH}:/opt/ros/jazzy DEBUGINFOD_URLS=https://debuginfod.ubuntu.com /usr/bin/cmake --install /home/dae/ros2_ws/build/simo_scara_description
[0.874s] -- Install configuration: ""
[0.874s] -- Installing: /home/dae/ros2_ws/install/simo_scara_description/share/simo_scara_description/urdf
[0.874s] -- Installing: /home/dae/ros2_ws/install/simo_scara_description/share/simo_scara_description/urdf/scara.urdf
[0.875s] -- Installing: /home/dae/ros2_ws/install/simo_scara_description/share/simo_scara_description/launch
[0.875s] -- Installing: /home/dae/ros2_ws/install/simo_scara_description/share/simo_scara_description/launch/display.launch.py
[0.875s] -- Installing: /home/dae/ros2_ws/install/simo_scara_description/share/simo_scara_description/rviz
[0.875s] -- Installing: /home/dae/ros2_ws/install/simo_scara_description/share/ament_index/resource_index/package_run_dependencies/simo_scara_description
[0.875s] -- Installing: /home/dae/ros2_ws/install/simo_scara_description/share/ament_index/resource_index/parent_prefix_path/simo_scara_description
[0.875s] -- Installing: /home/dae/ros2_ws/install/simo_scara_description/share/simo_scara_description/environment/ament_prefix_path.sh
[0.875s] -- Installing: /home/dae/ros2_ws/install/simo_scara_description/share/simo_scara_description/environment/ament_prefix_path.dsv
[0.875s] -- Installing: /home/dae/ros2_ws/install/simo_scara_description/share/simo_scara_description/environment/path.sh
[0.876s] -- Installing: /home/dae/ros2_ws/install/simo_scara_description/share/simo_scara_description/environment/path.dsv
[0.876s] -- Installing: /home/dae/ros2_ws/install/simo_scara_description/share/simo_scara_description/local_setup.bash
[0.876s] -- Installing: /home/dae/ros2_ws/install/simo_scara_description/share/simo_scara_description/local_setup.sh
[0.876s] -- Installing: /home/dae/ros2_ws/install/simo_scara_description/share/simo_scara_description/local_setup.zsh
[0.876s] -- Installing: /home/dae/ros2_ws/install/simo_scara_description/share/simo_scara_description/local_setup.dsv
[0.876s] -- Installing: /home/dae/ros2_ws/install/simo_scara_description/share/simo_scara_description/package.dsv
[0.876s] -- Installing: /home/dae/ros2_ws/install/simo_scara_description/share/ament_index/resource_index/packages/simo_scara_description
[0.876s] -- Installing: /home/dae/ros2_ws/install/simo_scara_description/share/simo_scara_description/cmake/simo_scara_descriptionConfig.cmake
[0.876s] -- Installing: /home/dae/ros2_ws/install/simo_scara_description/share/simo_scara_description/cmake/simo_scara_descriptionConfig-version.cmake
[0.877s] -- Installing: /home/dae/ros2_ws/install/simo_scara_description/share/simo_scara_description/package.xml
[0.880s] Invoked command in '/home/dae/ros2_ws/build/simo_scara_description' returned '0': CMAKE_PREFIX_PATH=${CMAKE_PREFIX_PATH}:/opt/ros/jazzy DEBUGINFOD_URLS=https://debuginfod.ubuntu.com /usr/bin/cmake --install /home/dae/ros2_ws/build/simo_scara_description
