[0.394s] DEBUG:colcon:Command line arguments: ['/usr/bin/colcon', 'build']
[0.394s] DEBUG:colcon:Parsed command line arguments: Namespace(log_base=None, log_level=None, verb_name='build', build_base='build', install_base='install', merge_install=False, symlink_install=False, test_result_base=None, continue_on_error=False, executor='parallel', parallel_workers=8, event_handlers=None, ignore_user_meta=False, metas=['./colcon.meta'], base_paths=['.'], packages_ignore=None, packages_ignore_regex=None, paths=None, packages_up_to=None, packages_up_to_regex=None, packages_above=None, packages_above_and_dependencies=None, packages_above_depth=None, packages_select_by_dep=None, packages_skip_by_dep=None, packages_skip_up_to=None, packages_select_build_failed=False, packages_skip_build_finished=False, packages_select_test_failures=False, packages_skip_test_passed=False, packages_select=None, packages_skip=None, packages_select_regex=None, packages_skip_regex=None, packages_start=None, packages_end=None, allow_overriding=[], cmake_args=None, cmake_target=None, cmake_target_skip_unavailable=False, cmake_clean_cache=False, cmake_clean_first=False, cmake_force_configure=False, ament_cmake_args=None, catkin_cmake_args=None, catkin_skip_building_tests=False, mixin_files=None, mixin=None, verb_parser=<colcon_mixin.mixin.mixin_argument.MixinArgumentDecorator object at 0x7e8106157860>, verb_extension=<colcon_core.verb.build.BuildVerb object at 0x7e8106157590>, main=<bound method BuildVerb.main of <colcon_core.verb.build.BuildVerb object at 0x7e8106157590>>, mixin_verb=('build',))
[0.489s] Level 1:colcon.colcon_core.package_discovery:discover_packages(colcon_meta) check parameters
[0.489s] Level 1:colcon.colcon_core.package_discovery:discover_packages(recursive) check parameters
[0.489s] Level 1:colcon.colcon_core.package_discovery:discover_packages(ignore) check parameters
[0.489s] Level 1:colcon.colcon_core.package_discovery:discover_packages(path) check parameters
[0.490s] Level 1:colcon.colcon_core.package_discovery:discover_packages(colcon_meta) discover
[0.490s] Level 1:colcon.colcon_core.package_discovery:discover_packages(recursive) discover
[0.490s] INFO:colcon.colcon_core.package_discovery:Crawling recursively for packages in '/home/david-romero/Proyectos/robotica'
[0.490s] Level 1:colcon.colcon_core.package_identification:_identify(.) by extensions ['ignore', 'ignore_ament_install']
[0.491s] Level 1:colcon.colcon_core.package_identification:_identify(.) by extension 'ignore'
[0.491s] Level 1:colcon.colcon_core.package_identification:_identify(.) by extension 'ignore_ament_install'
[0.491s] Level 1:colcon.colcon_core.package_identification:_identify(.) by extensions ['colcon_pkg']
[0.491s] Level 1:colcon.colcon_core.package_identification:_identify(.) by extension 'colcon_pkg'
[0.491s] Level 1:colcon.colcon_core.package_identification:_identify(.) by extensions ['colcon_meta']
[0.491s] Level 1:colcon.colcon_core.package_identification:_identify(.) by extension 'colcon_meta'
[0.491s] Level 1:colcon.colcon_core.package_identification:_identify(.) by extensions ['ros']
[0.491s] Level 1:colcon.colcon_core.package_identification:_identify(.) by extension 'ros'
[0.541s] Level 1:colcon.colcon_core.package_identification:_identify(.) by extensions ['cmake', 'python']
[0.541s] Level 1:colcon.colcon_core.package_identification:_identify(.) by extension 'cmake'
[0.542s] Level 1:colcon.colcon_core.package_identification:_identify(.) by extension 'python'
[0.542s] Level 1:colcon.colcon_core.package_identification:_identify(.) by extensions ['python_setup_py']
[0.542s] Level 1:colcon.colcon_core.package_identification:_identify(.) by extension 'python_setup_py'
[0.542s] Level 1:colcon.colcon_core.package_identification:_identify(build) by extensions ['ignore', 'ignore_ament_install']
[0.543s] Level 1:colcon.colcon_core.package_identification:_identify(build) by extension 'ignore'
[0.543s] Level 1:colcon.colcon_core.package_identification:_identify(build) ignored
[0.543s] Level 1:colcon.colcon_core.package_identification:_identify(install) by extensions ['ignore', 'ignore_ament_install']
[0.543s] Level 1:colcon.colcon_core.package_identification:_identify(install) by extension 'ignore'
[0.543s] Level 1:colcon.colcon_core.package_identification:_identify(install) ignored
[0.544s] Level 1:colcon.colcon_core.package_identification:_identify(log) by extensions ['ignore', 'ignore_ament_install']
[0.544s] Level 1:colcon.colcon_core.package_identification:_identify(log) by extension 'ignore'
[0.544s] Level 1:colcon.colcon_core.package_identification:_identify(log) ignored
[0.544s] Level 1:colcon.colcon_core.package_identification:_identify(src) by extensions ['ignore', 'ignore_ament_install']
[0.544s] Level 1:colcon.colcon_core.package_identification:_identify(src) by extension 'ignore'
[0.544s] Level 1:colcon.colcon_core.package_identification:_identify(src) by extension 'ignore_ament_install'
[0.544s] Level 1:colcon.colcon_core.package_identification:_identify(src) by extensions ['colcon_pkg']
[0.544s] Level 1:colcon.colcon_core.package_identification:_identify(src) by extension 'colcon_pkg'
[0.544s] Level 1:colcon.colcon_core.package_identification:_identify(src) by extensions ['colcon_meta']
[0.544s] Level 1:colcon.colcon_core.package_identification:_identify(src) by extension 'colcon_meta'
[0.544s] Level 1:colcon.colcon_core.package_identification:_identify(src) by extensions ['ros']
[0.545s] Level 1:colcon.colcon_core.package_identification:_identify(src) by extension 'ros'
[0.545s] Level 1:colcon.colcon_core.package_identification:_identify(src) by extensions ['cmake', 'python']
[0.545s] Level 1:colcon.colcon_core.package_identification:_identify(src) by extension 'cmake'
[0.545s] Level 1:colcon.colcon_core.package_identification:_identify(src) by extension 'python'
[0.545s] Level 1:colcon.colcon_core.package_identification:_identify(src) by extensions ['python_setup_py']
[0.545s] Level 1:colcon.colcon_core.package_identification:_identify(src) by extension 'python_setup_py'
[0.545s] Level 1:colcon.colcon_core.package_identification:_identify(src/antrop_parcial) by extensions ['ignore', 'ignore_ament_install']
[0.545s] Level 1:colcon.colcon_core.package_identification:_identify(src/antrop_parcial) by extension 'ignore'
[0.545s] Level 1:colcon.colcon_core.package_identification:_identify(src/antrop_parcial) by extension 'ignore_ament_install'
[0.545s] Level 1:colcon.colcon_core.package_identification:_identify(src/antrop_parcial) by extensions ['colcon_pkg']
[0.545s] Level 1:colcon.colcon_core.package_identification:_identify(src/antrop_parcial) by extension 'colcon_pkg'
[0.545s] Level 1:colcon.colcon_core.package_identification:_identify(src/antrop_parcial) by extensions ['colcon_meta']
[0.545s] Level 1:colcon.colcon_core.package_identification:_identify(src/antrop_parcial) by extension 'colcon_meta'
[0.545s] Level 1:colcon.colcon_core.package_identification:_identify(src/antrop_parcial) by extensions ['ros']
[0.546s] Level 1:colcon.colcon_core.package_identification:_identify(src/antrop_parcial) by extension 'ros'
[0.550s] DEBUG:colcon.colcon_core.package_identification:Package 'src/antrop_parcial' with type 'ros.ament_python' and name 'antrop_parcial'
[0.550s] Level 1:colcon.colcon_core.package_identification:_identify(src/scara_boceto) by extensions ['ignore', 'ignore_ament_install']
[0.550s] Level 1:colcon.colcon_core.package_identification:_identify(src/scara_boceto) by extension 'ignore'
[0.550s] Level 1:colcon.colcon_core.package_identification:_identify(src/scara_boceto) by extension 'ignore_ament_install'
[0.550s] Level 1:colcon.colcon_core.package_identification:_identify(src/scara_boceto) by extensions ['colcon_pkg']
[0.550s] Level 1:colcon.colcon_core.package_identification:_identify(src/scara_boceto) by extension 'colcon_pkg'
[0.550s] Level 1:colcon.colcon_core.package_identification:_identify(src/scara_boceto) by extensions ['colcon_meta']
[0.550s] Level 1:colcon.colcon_core.package_identification:_identify(src/scara_boceto) by extension 'colcon_meta'
[0.550s] Level 1:colcon.colcon_core.package_identification:_identify(src/scara_boceto) by extensions ['ros']
[0.551s] Level 1:colcon.colcon_core.package_identification:_identify(src/scara_boceto) by extension 'ros'
[0.552s] DEBUG:colcon.colcon_core.package_identification:Package 'src/scara_boceto' with type 'ros.ament_python' and name 'scara_boceto'
[0.552s] Level 1:colcon.colcon_core.package_identification:_identify(src/scara_cajas) by extensions ['ignore', 'ignore_ament_install']
[0.552s] Level 1:colcon.colcon_core.package_identification:_identify(src/scara_cajas) by extension 'ignore'
[0.552s] Level 1:colcon.colcon_core.package_identification:_identify(src/scara_cajas) by extension 'ignore_ament_install'
[0.552s] Level 1:colcon.colcon_core.package_identification:_identify(src/scara_cajas) by extensions ['colcon_pkg']
[0.552s] Level 1:colcon.colcon_core.package_identification:_identify(src/scara_cajas) by extension 'colcon_pkg'
[0.552s] Level 1:colcon.colcon_core.package_identification:_identify(src/scara_cajas) by extensions ['colcon_meta']
[0.552s] Level 1:colcon.colcon_core.package_identification:_identify(src/scara_cajas) by extension 'colcon_meta'
[0.552s] Level 1:colcon.colcon_core.package_identification:_identify(src/scara_cajas) by extensions ['ros']
[0.552s] Level 1:colcon.colcon_core.package_identification:_identify(src/scara_cajas) by extension 'ros'
[0.553s] DEBUG:colcon.colcon_core.package_identification:Package 'src/scara_cajas' with type 'ros.ament_python' and name 'scara_cajas'
[0.553s] Level 1:colcon.colcon_core.package_identification:_identify(src/scara_parcial) by extensions ['ignore', 'ignore_ament_install']
[0.554s] Level 1:colcon.colcon_core.package_identification:_identify(src/scara_parcial) by extension 'ignore'
[0.554s] Level 1:colcon.colcon_core.package_identification:_identify(src/scara_parcial) by extension 'ignore_ament_install'
[0.554s] Level 1:colcon.colcon_core.package_identification:_identify(src/scara_parcial) by extensions ['colcon_pkg']
[0.554s] Level 1:colcon.colcon_core.package_identification:_identify(src/scara_parcial) by extension 'colcon_pkg'
[0.555s] Level 1:colcon.colcon_core.package_identification:_identify(src/scara_parcial) by extensions ['colcon_meta']
[0.555s] Level 1:colcon.colcon_core.package_identification:_identify(src/scara_parcial) by extension 'colcon_meta'
[0.555s] Level 1:colcon.colcon_core.package_identification:_identify(src/scara_parcial) by extensions ['ros']
[0.555s] Level 1:colcon.colcon_core.package_identification:_identify(src/scara_parcial) by extension 'ros'
[0.556s] DEBUG:colcon.colcon_core.package_identification:Package 'src/scara_parcial' with type 'ros.ament_python' and name 'scara_parcial'
[0.557s] Level 1:colcon.colcon_core.package_identification:_identify(src/ttcc) by extensions ['ignore', 'ignore_ament_install']
[0.557s] Level 1:colcon.colcon_core.package_identification:_identify(src/ttcc) by extension 'ignore'
[0.557s] Level 1:colcon.colcon_core.package_identification:_identify(src/ttcc) by extension 'ignore_ament_install'
[0.557s] Level 1:colcon.colcon_core.package_identification:_identify(src/ttcc) by extensions ['colcon_pkg']
[0.557s] Level 1:colcon.colcon_core.package_identification:_identify(src/ttcc) by extension 'colcon_pkg'
[0.558s] Level 1:colcon.colcon_core.package_identification:_identify(src/ttcc) by extensions ['colcon_meta']
[0.558s] Level 1:colcon.colcon_core.package_identification:_identify(src/ttcc) by extension 'colcon_meta'
[0.558s] Level 1:colcon.colcon_core.package_identification:_identify(src/ttcc) by extensions ['ros']
[0.558s] Level 1:colcon.colcon_core.package_identification:_identify(src/ttcc) by extension 'ros'
[0.559s] DEBUG:colcon.colcon_core.package_identification:Package 'src/ttcc' with type 'ros.ament_python' and name 'ttcc'
[0.559s] Level 1:colcon.colcon_core.package_discovery:discover_packages(recursive) using defaults
[0.559s] Level 1:colcon.colcon_core.package_discovery:discover_packages(ignore) discover
[0.559s] Level 1:colcon.colcon_core.package_discovery:discover_packages(ignore) using defaults
[0.559s] Level 1:colcon.colcon_core.package_discovery:discover_packages(path) discover
[0.559s] Level 1:colcon.colcon_core.package_discovery:discover_packages(path) using defaults
[0.597s] Level 1:colcon.colcon_core.package_discovery:discover_packages(prefix_path) check parameters
[0.597s] Level 1:colcon.colcon_core.package_discovery:discover_packages(prefix_path) discover
[0.608s] DEBUG:colcon.colcon_installed_package_information.package_discovery:Found 373 installed packages in /opt/ros/jazzy
[0.610s] Level 1:colcon.colcon_core.package_discovery:discover_packages(prefix_path) using defaults
[0.767s] Level 5:colcon.colcon_core.verb:set package 'antrop_parcial' build argument 'cmake_args' from command line to 'None'
[0.768s] Level 5:colcon.colcon_core.verb:set package 'antrop_parcial' build argument 'cmake_target' from command line to 'None'
[0.768s] Level 5:colcon.colcon_core.verb:set package 'antrop_parcial' build argument 'cmake_target_skip_unavailable' from command line to 'False'
[0.768s] Level 5:colcon.colcon_core.verb:set package 'antrop_parcial' build argument 'cmake_clean_cache' from command line to 'False'
[0.768s] Level 5:colcon.colcon_core.verb:set package 'antrop_parcial' build argument 'cmake_clean_first' from command line to 'False'
[0.768s] Level 5:colcon.colcon_core.verb:set package 'antrop_parcial' build argument 'cmake_force_configure' from command line to 'False'
[0.768s] Level 5:colcon.colcon_core.verb:set package 'antrop_parcial' build argument 'ament_cmake_args' from command line to 'None'
[0.768s] Level 5:colcon.colcon_core.verb:set package 'antrop_parcial' build argument 'catkin_cmake_args' from command line to 'None'
[0.768s] Level 5:colcon.colcon_core.verb:set package 'antrop_parcial' build argument 'catkin_skip_building_tests' from command line to 'False'
[0.768s] DEBUG:colcon.colcon_core.verb:Building package 'antrop_parcial' with the following arguments: {'ament_cmake_args': None, 'build_base': '/home/david-romero/Proyectos/robotica/build/antrop_parcial', 'catkin_cmake_args': None, 'catkin_skip_building_tests': False, 'cmake_args': None, 'cmake_clean_cache': False, 'cmake_clean_first': False, 'cmake_force_configure': False, 'cmake_target': None, 'cmake_target_skip_unavailable': False, 'install_base': '/home/david-romero/Proyectos/robotica/install/antrop_parcial', 'merge_install': False, 'path': '/home/david-romero/Proyectos/robotica/src/antrop_parcial', 'symlink_install': False, 'test_result_base': None}
[0.768s] Level 5:colcon.colcon_core.verb:set package 'scara_boceto' build argument 'cmake_args' from command line to 'None'
[0.768s] Level 5:colcon.colcon_core.verb:set package 'scara_boceto' build argument 'cmake_target' from command line to 'None'
[0.768s] Level 5:colcon.colcon_core.verb:set package 'scara_boceto' build argument 'cmake_target_skip_unavailable' from command line to 'False'
[0.768s] Level 5:colcon.colcon_core.verb:set package 'scara_boceto' build argument 'cmake_clean_cache' from command line to 'False'
[0.768s] Level 5:colcon.colcon_core.verb:set package 'scara_boceto' build argument 'cmake_clean_first' from command line to 'False'
[0.768s] Level 5:colcon.colcon_core.verb:set package 'scara_boceto' build argument 'cmake_force_configure' from command line to 'False'
[0.768s] Level 5:colcon.colcon_core.verb:set package 'scara_boceto' build argument 'ament_cmake_args' from command line to 'None'
[0.768s] Level 5:colcon.colcon_core.verb:set package 'scara_boceto' build argument 'catkin_cmake_args' from command line to 'None'
[0.768s] Level 5:colcon.colcon_core.verb:set package 'scara_boceto' build argument 'catkin_skip_building_tests' from command line to 'False'
[0.768s] DEBUG:colcon.colcon_core.verb:Building package 'scara_boceto' with the following arguments: {'ament_cmake_args': None, 'build_base': '/home/david-romero/Proyectos/robotica/build/scara_boceto', 'catkin_cmake_args': None, 'catkin_skip_building_tests': False, 'cmake_args': None, 'cmake_clean_cache': False, 'cmake_clean_first': False, 'cmake_force_configure': False, 'cmake_target': None, 'cmake_target_skip_unavailable': False, 'install_base': '/home/david-romero/Proyectos/robotica/install/scara_boceto', 'merge_install': False, 'path': '/home/david-romero/Proyectos/robotica/src/scara_boceto', 'symlink_install': False, 'test_result_base': None}
[0.769s] Level 5:colcon.colcon_core.verb:set package 'scara_cajas' build argument 'cmake_args' from command line to 'None'
[0.769s] Level 5:colcon.colcon_core.verb:set package 'scara_cajas' build argument 'cmake_target' from command line to 'None'
[0.769s] Level 5:colcon.colcon_core.verb:set package 'scara_cajas' build argument 'cmake_target_skip_unavailable' from command line to 'False'
[0.769s] Level 5:colcon.colcon_core.verb:set package 'scara_cajas' build argument 'cmake_clean_cache' from command line to 'False'
[0.769s] Level 5:colcon.colcon_core.verb:set package 'scara_cajas' build argument 'cmake_clean_first' from command line to 'False'
[0.769s] Level 5:colcon.colcon_core.verb:set package 'scara_cajas' build argument 'cmake_force_configure' from command line to 'False'
[0.769s] Level 5:colcon.colcon_core.verb:set package 'scara_cajas' build argument 'ament_cmake_args' from command line to 'None'
[0.769s] Level 5:colcon.colcon_core.verb:set package 'scara_cajas' build argument 'catkin_cmake_args' from command line to 'None'
[0.769s] Level 5:colcon.colcon_core.verb:set package 'scara_cajas' build argument 'catkin_skip_building_tests' from command line to 'False'
[0.769s] DEBUG:colcon.colcon_core.verb:Building package 'scara_cajas' with the following arguments: {'ament_cmake_args': None, 'build_base': '/home/david-romero/Proyectos/robotica/build/scara_cajas', 'catkin_cmake_args': None, 'catkin_skip_building_tests': False, 'cmake_args': None, 'cmake_clean_cache': False, 'cmake_clean_first': False, 'cmake_force_configure': False, 'cmake_target': None, 'cmake_target_skip_unavailable': False, 'install_base': '/home/david-romero/Proyectos/robotica/install/scara_cajas', 'merge_install': False, 'path': '/home/david-romero/Proyectos/robotica/src/scara_cajas', 'symlink_install': False, 'test_result_base': None}
[0.769s] Level 5:colcon.colcon_core.verb:set package 'scara_parcial' build argument 'cmake_args' from command line to 'None'
[0.769s] Level 5:colcon.colcon_core.verb:set package 'scara_parcial' build argument 'cmake_target' from command line to 'None'
[0.769s] Level 5:colcon.colcon_core.verb:set package 'scara_parcial' build argument 'cmake_target_skip_unavailable' from command line to 'False'
[0.769s] Level 5:colcon.colcon_core.verb:set package 'scara_parcial' build argument 'cmake_clean_cache' from command line to 'False'
[0.769s] Level 5:colcon.colcon_core.verb:set package 'scara_parcial' build argument 'cmake_clean_first' from command line to 'False'
[0.769s] Level 5:colcon.colcon_core.verb:set package 'scara_parcial' build argument 'cmake_force_configure' from command line to 'False'
[0.769s] Level 5:colcon.colcon_core.verb:set package 'scara_parcial' build argument 'ament_cmake_args' from command line to 'None'
[0.769s] Level 5:colcon.colcon_core.verb:set package 'scara_parcial' build argument 'catkin_cmake_args' from command line to 'None'
[0.769s] Level 5:colcon.colcon_core.verb:set package 'scara_parcial' build argument 'catkin_skip_building_tests' from command line to 'False'
[0.769s] DEBUG:colcon.colcon_core.verb:Building package 'scara_parcial' with the following arguments: {'ament_cmake_args': None, 'build_base': '/home/david-romero/Proyectos/robotica/build/scara_parcial', 'catkin_cmake_args': None, 'catkin_skip_building_tests': False, 'cmake_args': None, 'cmake_clean_cache': False, 'cmake_clean_first': False, 'cmake_force_configure': False, 'cmake_target': None, 'cmake_target_skip_unavailable': False, 'install_base': '/home/david-romero/Proyectos/robotica/install/scara_parcial', 'merge_install': False, 'path': '/home/david-romero/Proyectos/robotica/src/scara_parcial', 'symlink_install': False, 'test_result_base': None}
[0.770s] Level 5:colcon.colcon_core.verb:set package 'ttcc' build argument 'cmake_args' from command line to 'None'
[0.770s] Level 5:colcon.colcon_core.verb:set package 'ttcc' build argument 'cmake_target' from command line to 'None'
[0.770s] Level 5:colcon.colcon_core.verb:set package 'ttcc' build argument 'cmake_target_skip_unavailable' from command line to 'False'
[0.770s] Level 5:colcon.colcon_core.verb:set package 'ttcc' build argument 'cmake_clean_cache' from command line to 'False'
[0.770s] Level 5:colcon.colcon_core.verb:set package 'ttcc' build argument 'cmake_clean_first' from command line to 'False'
[0.770s] Level 5:colcon.colcon_core.verb:set package 'ttcc' build argument 'cmake_force_configure' from command line to 'False'
[0.771s] Level 5:colcon.colcon_core.verb:set package 'ttcc' build argument 'ament_cmake_args' from command line to 'None'
[0.771s] Level 5:colcon.colcon_core.verb:set package 'ttcc' build argument 'catkin_cmake_args' from command line to 'None'
[0.771s] Level 5:colcon.colcon_core.verb:set package 'ttcc' build argument 'catkin_skip_building_tests' from command line to 'False'
[0.771s] DEBUG:colcon.colcon_core.verb:Building package 'ttcc' with the following arguments: {'ament_cmake_args': None, 'build_base': '/home/david-romero/Proyectos/robotica/build/ttcc', 'catkin_cmake_args': None, 'catkin_skip_building_tests': False, 'cmake_args': None, 'cmake_clean_cache': False, 'cmake_clean_first': False, 'cmake_force_configure': False, 'cmake_target': None, 'cmake_target_skip_unavailable': False, 'install_base': '/home/david-romero/Proyectos/robotica/install/ttcc', 'merge_install': False, 'path': '/home/david-romero/Proyectos/robotica/src/ttcc', 'symlink_install': False, 'test_result_base': None}
[0.771s] INFO:colcon.colcon_core.executor:Executing jobs using 'parallel' executor
[0.774s] DEBUG:colcon.colcon_parallel_executor.executor.parallel:run_until_complete
[0.774s] INFO:colcon.colcon_ros.task.ament_python.build:Building ROS package in '/home/david-romero/Proyectos/robotica/src/antrop_parcial' with build type 'ament_python'
[0.774s] Level 1:colcon.colcon_core.shell:create_environment_hook('antrop_parcial', 'ament_prefix_path')
[0.783s] INFO:colcon.colcon_core.plugin_system:Skipping extension 'colcon_core.shell.bat': Not used on non-Windows systems
[0.783s] INFO:colcon.colcon_core.shell:Creating environment hook '/home/david-romero/Proyectos/robotica/install/antrop_parcial/share/antrop_parcial/hook/ament_prefix_path.ps1'
[0.784s] INFO:colcon.colcon_core.shell:Creating environment descriptor '/home/david-romero/Proyectos/robotica/install/antrop_parcial/share/antrop_parcial/hook/ament_prefix_path.dsv'
[0.785s] INFO:colcon.colcon_core.shell:Creating environment hook '/home/david-romero/Proyectos/robotica/install/antrop_parcial/share/antrop_parcial/hook/ament_prefix_path.sh'
[0.785s] INFO:colcon.colcon_core.shell:Skip shell extension 'powershell' for command environment: Not usable outside of PowerShell
[0.786s] DEBUG:colcon.colcon_core.shell:Skip shell extension 'dsv' for command environment
[0.792s] INFO:colcon.colcon_ros.task.ament_python.build:Building ROS package in '/home/david-romero/Proyectos/robotica/src/scara_boceto' with build type 'ament_python'
[0.792s] Level 1:colcon.colcon_core.shell:create_environment_hook('scara_boceto', 'ament_prefix_path')
[0.792s] INFO:colcon.colcon_core.shell:Creating environment hook '/home/david-romero/Proyectos/robotica/install/scara_boceto/share/scara_boceto/hook/ament_prefix_path.ps1'
[0.793s] INFO:colcon.colcon_core.shell:Creating environment descriptor '/home/david-romero/Proyectos/robotica/install/scara_boceto/share/scara_boceto/hook/ament_prefix_path.dsv'
[0.793s] INFO:colcon.colcon_core.shell:Creating environment hook '/home/david-romero/Proyectos/robotica/install/scara_boceto/share/scara_boceto/hook/ament_prefix_path.sh'
[0.794s] INFO:colcon.colcon_core.shell:Skip shell extension 'powershell' for command environment: Not usable outside of PowerShell
[0.794s] DEBUG:colcon.colcon_core.shell:Skip shell extension 'dsv' for command environment
[0.798s] INFO:colcon.colcon_ros.task.ament_python.build:Building ROS package in '/home/david-romero/Proyectos/robotica/src/scara_cajas' with build type 'ament_python'
[0.799s] Level 1:colcon.colcon_core.shell:create_environment_hook('scara_cajas', 'ament_prefix_path')
[0.799s] INFO:colcon.colcon_core.shell:Creating environment hook '/home/david-romero/Proyectos/robotica/install/scara_cajas/share/scara_cajas/hook/ament_prefix_path.ps1'
[0.800s] INFO:colcon.colcon_core.shell:Creating environment descriptor '/home/david-romero/Proyectos/robotica/install/scara_cajas/share/scara_cajas/hook/ament_prefix_path.dsv'
[0.801s] INFO:colcon.colcon_core.shell:Creating environment hook '/home/david-romero/Proyectos/robotica/install/scara_cajas/share/scara_cajas/hook/ament_prefix_path.sh'
[0.802s] INFO:colcon.colcon_core.shell:Skip shell extension 'powershell' for command environment: Not usable outside of PowerShell
[0.802s] DEBUG:colcon.colcon_core.shell:Skip shell extension 'dsv' for command environment
[0.807s] INFO:colcon.colcon_ros.task.ament_python.build:Building ROS package in '/home/david-romero/Proyectos/robotica/src/scara_parcial' with build type 'ament_python'
[0.808s] Level 1:colcon.colcon_core.shell:create_environment_hook('scara_parcial', 'ament_prefix_path')
[0.808s] INFO:colcon.colcon_core.shell:Creating environment hook '/home/david-romero/Proyectos/robotica/install/scara_parcial/share/scara_parcial/hook/ament_prefix_path.ps1'
[0.809s] INFO:colcon.colcon_core.shell:Creating environment descriptor '/home/david-romero/Proyectos/robotica/install/scara_parcial/share/scara_parcial/hook/ament_prefix_path.dsv'
[0.810s] INFO:colcon.colcon_core.shell:Creating environment hook '/home/david-romero/Proyectos/robotica/install/scara_parcial/share/scara_parcial/hook/ament_prefix_path.sh'
[0.811s] INFO:colcon.colcon_core.shell:Skip shell extension 'powershell' for command environment: Not usable outside of PowerShell
[0.811s] DEBUG:colcon.colcon_core.shell:Skip shell extension 'dsv' for command environment
[0.817s] INFO:colcon.colcon_ros.task.ament_python.build:Building ROS package in '/home/david-romero/Proyectos/robotica/src/ttcc' with build type 'ament_python'
[0.818s] Level 1:colcon.colcon_core.shell:create_environment_hook('ttcc', 'ament_prefix_path')
[0.818s] INFO:colcon.colcon_core.shell:Creating environment hook '/home/david-romero/Proyectos/robotica/install/ttcc/share/ttcc/hook/ament_prefix_path.ps1'
[0.820s] INFO:colcon.colcon_core.shell:Creating environment descriptor '/home/david-romero/Proyectos/robotica/install/ttcc/share/ttcc/hook/ament_prefix_path.dsv'
[0.821s] INFO:colcon.colcon_core.shell:Creating environment hook '/home/david-romero/Proyectos/robotica/install/ttcc/share/ttcc/hook/ament_prefix_path.sh'
[0.823s] INFO:colcon.colcon_core.shell:Skip shell extension 'powershell' for command environment: Not usable outside of PowerShell
[0.823s] DEBUG:colcon.colcon_core.shell:Skip shell extension 'dsv' for command environment
[1.168s] INFO:colcon.colcon_core.task.python.build:Building Python package in '/home/david-romero/Proyectos/robotica/src/antrop_parcial'
[1.168s] INFO:colcon.colcon_core.shell:Skip shell extension 'powershell' for command environment: Not usable outside of PowerShell
[1.168s] DEBUG:colcon.colcon_core.shell:Skip shell extension 'dsv' for command environment
[1.450s] INFO:colcon.colcon_core.task.python.build:Building Python package in '/home/david-romero/Proyectos/robotica/src/scara_boceto'
[1.450s] INFO:colcon.colcon_core.shell:Skip shell extension 'powershell' for command environment: Not usable outside of PowerShell
[1.450s] DEBUG:colcon.colcon_core.shell:Skip shell extension 'dsv' for command environment
[1.715s] INFO:colcon.colcon_core.task.python.build:Building Python package in '/home/david-romero/Proyectos/robotica/src/scara_cajas'
[1.715s] INFO:colcon.colcon_core.shell:Skip shell extension 'powershell' for command environment: Not usable outside of PowerShell
[1.715s] DEBUG:colcon.colcon_core.shell:Skip shell extension 'dsv' for command environment
[1.989s] INFO:colcon.colcon_core.task.python.build:Building Python package in '/home/david-romero/Proyectos/robotica/src/scara_parcial'
[1.989s] INFO:colcon.colcon_core.shell:Skip shell extension 'powershell' for command environment: Not usable outside of PowerShell
[1.990s] DEBUG:colcon.colcon_core.shell:Skip shell extension 'dsv' for command environment
[2.271s] INFO:colcon.colcon_core.task.python.build:Building Python package in '/home/david-romero/Proyectos/robotica/src/ttcc'
[2.271s] INFO:colcon.colcon_core.shell:Skip shell extension 'powershell' for command environment: Not usable outside of PowerShell
[2.271s] DEBUG:colcon.colcon_core.shell:Skip shell extension 'dsv' for command environment
[3.839s] DEBUG:colcon.colcon_core.task.python.build:Available setuptools commands: build_ext, build, develop, alias, bdist_egg, bdist_wheel, build_clib, setopt, check, bdist, egg_info, install_egg_info, dist_info, install_headers, test, update_catalog, bdist_dumb, extract_messages, upload, saveopts, install_lib, bdist_rpm, editable_wheel, install, easy_install, symlink_data, register, compile_catalog, sdist, install_data, build_py, install_scripts, rotate, build_scripts, clean, upload_docs, init_catalog
[3.843s] DEBUG:colcon.colcon_core.event_handler.log_command:Invoking command in '/home/david-romero/Proyectos/robotica/src/scara_boceto': DEBUGINFOD_URLS=https://debuginfod.ubuntu.com PYTHONPATH=/home/david-romero/Proyectos/robotica/build/scara_boceto/prefix_override:/usr/lib/python3/dist-packages/colcon_core/task/python/colcon_distutils_commands:/home/david-romero/Proyectos/robotica/install/scara_boceto/lib/python3.12/site-packages:${PYTHONPATH} /usr/bin/python3 -W ignore:setup.py install is deprecated -W ignore:easy_install command is deprecated setup.py egg_info --egg-base ../../build/scara_boceto build --build-base /home/david-romero/Proyectos/robotica/build/scara_boceto/build install --record /home/david-romero/Proyectos/robotica/build/scara_boceto/install.log --install-scripts $base/lib/scara_boceto --single-version-externally-managed install_data
[3.935s] DEBUG:colcon.colcon_core.task.python.build:Available setuptools commands: build_ext, build, develop, alias, bdist_egg, bdist_wheel, build_clib, setopt, check, bdist, egg_info, install_egg_info, dist_info, install_headers, test, update_catalog, bdist_dumb, extract_messages, upload, saveopts, install_lib, bdist_rpm, editable_wheel, install, easy_install, symlink_data, register, compile_catalog, sdist, install_data, build_py, install_scripts, rotate, build_scripts, clean, upload_docs, init_catalog
[3.939s] DEBUG:colcon.colcon_core.event_handler.log_command:Invoking command in '/home/david-romero/Proyectos/robotica/src/scara_parcial': DEBUGINFOD_URLS=https://debuginfod.ubuntu.com PYTHONPATH=/home/david-romero/Proyectos/robotica/build/scara_parcial/prefix_override:/usr/lib/python3/dist-packages/colcon_core/task/python/colcon_distutils_commands:/home/david-romero/Proyectos/robotica/install/scara_parcial/lib/python3.12/site-packages:${PYTHONPATH} /usr/bin/python3 -W ignore:setup.py install is deprecated -W ignore:easy_install command is deprecated setup.py egg_info --egg-base ../../build/scara_parcial build --build-base /home/david-romero/Proyectos/robotica/build/scara_parcial/build install --record /home/david-romero/Proyectos/robotica/build/scara_parcial/install.log --install-scripts $base/lib/robot_description --single-version-externally-managed install_data
[3.989s] DEBUG:colcon.colcon_core.task.python.build:Available setuptools commands: build_ext, build, develop, alias, bdist_egg, bdist_wheel, build_clib, setopt, check, bdist, egg_info, install_egg_info, dist_info, install_headers, test, update_catalog, bdist_dumb, extract_messages, upload, saveopts, install_lib, bdist_rpm, editable_wheel, install, easy_install, symlink_data, register, compile_catalog, sdist, install_data, build_py, install_scripts, rotate, build_scripts, clean, upload_docs, init_catalog
[3.992s] DEBUG:colcon.colcon_core.event_handler.log_command:Invoking command in '/home/david-romero/Proyectos/robotica/src/ttcc': DEBUGINFOD_URLS=https://debuginfod.ubuntu.com PYTHONPATH=/home/david-romero/Proyectos/robotica/build/ttcc/prefix_override:/usr/lib/python3/dist-packages/colcon_core/task/python/colcon_distutils_commands:/home/david-romero/Proyectos/robotica/install/ttcc/lib/python3.12/site-packages:${PYTHONPATH} /usr/bin/python3 -W ignore:setup.py install is deprecated -W ignore:easy_install command is deprecated setup.py egg_info --egg-base ../../build/ttcc build --build-base /home/david-romero/Proyectos/robotica/build/ttcc/build install --record /home/david-romero/Proyectos/robotica/build/ttcc/install.log --install-scripts $base/lib/ttcc --single-version-externally-managed install_data
[4.052s] DEBUG:colcon.colcon_core.task.python.build:Available setuptools commands: build_ext, build, develop, alias, bdist_egg, bdist_wheel, build_clib, setopt, check, bdist, egg_info, install_egg_info, dist_info, install_headers, test, update_catalog, bdist_dumb, extract_messages, upload, saveopts, install_lib, bdist_rpm, editable_wheel, install, easy_install, symlink_data, register, compile_catalog, sdist, install_data, build_py, install_scripts, rotate, build_scripts, clean, upload_docs, init_catalog
[4.056s] DEBUG:colcon.colcon_core.event_handler.log_command:Invoking command in '/home/david-romero/Proyectos/robotica/src/antrop_parcial': DEBUGINFOD_URLS=https://debuginfod.ubuntu.com PYTHONPATH=/home/david-romero/Proyectos/robotica/build/antrop_parcial/prefix_override:/usr/lib/python3/dist-packages/colcon_core/task/python/colcon_distutils_commands:/home/david-romero/Proyectos/robotica/install/antrop_parcial/lib/python3.12/site-packages:${PYTHONPATH} /usr/bin/python3 -W ignore:setup.py install is deprecated -W ignore:easy_install command is deprecated setup.py egg_info --egg-base ../../build/antrop_parcial build --build-base /home/david-romero/Proyectos/robotica/build/antrop_parcial/build install --record /home/david-romero/Proyectos/robotica/build/antrop_parcial/install.log --install-scripts $base/lib/robot_description --single-version-externally-managed install_data
[4.057s] DEBUG:colcon.colcon_core.task.python.build:Available setuptools commands: build_ext, build, develop, alias, bdist_egg, bdist_wheel, build_clib, setopt, check, bdist, egg_info, install_egg_info, dist_info, install_headers, test, update_catalog, bdist_dumb, extract_messages, upload, saveopts, install_lib, bdist_rpm, editable_wheel, install, easy_install, symlink_data, register, compile_catalog, sdist, install_data, build_py, install_scripts, rotate, build_scripts, clean, upload_docs, init_catalog
[4.066s] DEBUG:colcon.colcon_core.event_handler.log_command:Invoking command in '/home/david-romero/Proyectos/robotica/src/scara_cajas': DEBUGINFOD_URLS=https://debuginfod.ubuntu.com PYTHONPATH=/home/david-romero/Proyectos/robotica/build/scara_cajas/prefix_override:/usr/lib/python3/dist-packages/colcon_core/task/python/colcon_distutils_commands:/home/david-romero/Proyectos/robotica/install/scara_cajas/lib/python3.12/site-packages:${PYTHONPATH} /usr/bin/python3 -W ignore:setup.py install is deprecated -W ignore:easy_install command is deprecated setup.py egg_info --egg-base ../../build/scara_cajas build --build-base /home/david-romero/Proyectos/robotica/build/scara_cajas/build install --record /home/david-romero/Proyectos/robotica/build/scara_cajas/install.log --install-scripts $base/lib/scara_cajas --single-version-externally-managed install_data
[5.347s] DEBUG:colcon.colcon_core.event_handler.log_command:Invoked command in '/home/david-romero/Proyectos/robotica/src/scara_parcial' returned '0': DEBUGINFOD_URLS=https://debuginfod.ubuntu.com PYTHONPATH=/home/david-romero/Proyectos/robotica/build/scara_parcial/prefix_override:/usr/lib/python3/dist-packages/colcon_core/task/python/colcon_distutils_commands:/home/david-romero/Proyectos/robotica/install/scara_parcial/lib/python3.12/site-packages:${PYTHONPATH} /usr/bin/python3 -W ignore:setup.py install is deprecated -W ignore:easy_install command is deprecated setup.py egg_info --egg-base ../../build/scara_parcial build --build-base /home/david-romero/Proyectos/robotica/build/scara_parcial/build install --record /home/david-romero/Proyectos/robotica/build/scara_parcial/install.log --install-scripts $base/lib/robot_description --single-version-externally-managed install_data
[5.358s] Level 1:colcon.colcon_core.environment:checking '/home/david-romero/Proyectos/robotica/install/scara_parcial' for CMake module files
[5.359s] Level 1:colcon.colcon_core.environment:checking '/home/david-romero/Proyectos/robotica/install/scara_parcial' for CMake config files
[5.361s] Level 1:colcon.colcon_core.environment:checking '/home/david-romero/Proyectos/robotica/install/scara_parcial/lib'
[5.361s] Level 1:colcon.colcon_core.environment:checking '/home/david-romero/Proyectos/robotica/install/scara_parcial/bin'
[5.362s] Level 1:colcon.colcon_core.environment:checking '/home/david-romero/Proyectos/robotica/install/scara_parcial/lib/pkgconfig/scara_parcial.pc'
[5.362s] Level 1:colcon.colcon_core.environment:checking '/home/david-romero/Proyectos/robotica/install/scara_parcial/lib/python3.12/site-packages'
[5.362s] Level 1:colcon.colcon_core.shell:create_environment_hook('scara_parcial', 'pythonpath')
[5.363s] INFO:colcon.colcon_core.shell:Creating environment hook '/home/david-romero/Proyectos/robotica/install/scara_parcial/share/scara_parcial/hook/pythonpath.ps1'
[5.364s] INFO:colcon.colcon_core.shell:Creating environment descriptor '/home/david-romero/Proyectos/robotica/install/scara_parcial/share/scara_parcial/hook/pythonpath.dsv'
[5.365s] INFO:colcon.colcon_core.shell:Creating environment hook '/home/david-romero/Proyectos/robotica/install/scara_parcial/share/scara_parcial/hook/pythonpath.sh'
[5.366s] Level 1:colcon.colcon_core.environment:checking '/home/david-romero/Proyectos/robotica/install/scara_parcial/bin'
[5.366s] Level 1:colcon.colcon_core.environment:create_environment_scripts_only(scara_parcial)
[5.367s] INFO:colcon.colcon_core.shell:Creating package script '/home/david-romero/Proyectos/robotica/install/scara_parcial/share/scara_parcial/package.ps1'
[5.370s] INFO:colcon.colcon_core.shell:Creating package descriptor '/home/david-romero/Proyectos/robotica/install/scara_parcial/share/scara_parcial/package.dsv'
[5.373s] INFO:colcon.colcon_core.shell:Creating package script '/home/david-romero/Proyectos/robotica/install/scara_parcial/share/scara_parcial/package.sh'
[5.375s] INFO:colcon.colcon_core.shell:Creating package script '/home/david-romero/Proyectos/robotica/install/scara_parcial/share/scara_parcial/package.bash'
[5.377s] INFO:colcon.colcon_core.shell:Creating package script '/home/david-romero/Proyectos/robotica/install/scara_parcial/share/scara_parcial/package.zsh'
[5.379s] Level 1:colcon.colcon_core.environment:create_file_with_runtime_dependencies(/home/david-romero/Proyectos/robotica/install/scara_parcial/share/colcon-core/packages/scara_parcial)
[5.496s] Level 1:colcon.colcon_core.environment:checking '/home/david-romero/Proyectos/robotica/install/scara_boceto' for CMake module files
[5.497s] DEBUG:colcon.colcon_core.event_handler.log_command:Invoked command in '/home/david-romero/Proyectos/robotica/src/scara_boceto' returned '0': DEBUGINFOD_URLS=https://debuginfod.ubuntu.com PYTHONPATH=/home/david-romero/Proyectos/robotica/build/scara_boceto/prefix_override:/usr/lib/python3/dist-packages/colcon_core/task/python/colcon_distutils_commands:/home/david-romero/Proyectos/robotica/install/scara_boceto/lib/python3.12/site-packages:${PYTHONPATH} /usr/bin/python3 -W ignore:setup.py install is deprecated -W ignore:easy_install command is deprecated setup.py egg_info --egg-base ../../build/scara_boceto build --build-base /home/david-romero/Proyectos/robotica/build/scara_boceto/build install --record /home/david-romero/Proyectos/robotica/build/scara_boceto/install.log --install-scripts $base/lib/scara_boceto --single-version-externally-managed install_data
[5.497s] Level 1:colcon.colcon_core.environment:checking '/home/david-romero/Proyectos/robotica/install/scara_boceto' for CMake config files
[5.498s] Level 1:colcon.colcon_core.environment:checking '/home/david-romero/Proyectos/robotica/install/scara_boceto/lib'
[5.499s] Level 1:colcon.colcon_core.environment:checking '/home/david-romero/Proyectos/robotica/install/scara_boceto/bin'
[5.499s] Level 1:colcon.colcon_core.environment:checking '/home/david-romero/Proyectos/robotica/install/scara_boceto/lib/pkgconfig/scara_boceto.pc'
[5.500s] Level 1:colcon.colcon_core.environment:checking '/home/david-romero/Proyectos/robotica/install/scara_boceto/lib/python3.12/site-packages'
[5.500s] Level 1:colcon.colcon_core.shell:create_environment_hook('scara_boceto', 'pythonpath')
[5.501s] INFO:colcon.colcon_core.shell:Creating environment hook '/home/david-romero/Proyectos/robotica/install/scara_boceto/share/scara_boceto/hook/pythonpath.ps1'
[5.502s] INFO:colcon.colcon_core.shell:Creating environment descriptor '/home/david-romero/Proyectos/robotica/install/scara_boceto/share/scara_boceto/hook/pythonpath.dsv'
[5.503s] INFO:colcon.colcon_core.shell:Creating environment hook '/home/david-romero/Proyectos/robotica/install/scara_boceto/share/scara_boceto/hook/pythonpath.sh'
[5.507s] Level 1:colcon.colcon_core.environment:checking '/home/david-romero/Proyectos/robotica/install/scara_boceto/bin'
[5.507s] Level 1:colcon.colcon_core.environment:create_environment_scripts_only(scara_boceto)
[5.508s] INFO:colcon.colcon_core.shell:Creating package script '/home/david-romero/Proyectos/robotica/install/scara_boceto/share/scara_boceto/package.ps1'
[5.510s] INFO:colcon.colcon_core.shell:Creating package descriptor '/home/david-romero/Proyectos/robotica/install/scara_boceto/share/scara_boceto/package.dsv'
[5.511s] INFO:colcon.colcon_core.shell:Creating package script '/home/david-romero/Proyectos/robotica/install/scara_boceto/share/scara_boceto/package.sh'
[5.512s] INFO:colcon.colcon_core.shell:Creating package script '/home/david-romero/Proyectos/robotica/install/scara_boceto/share/scara_boceto/package.bash'
[5.513s] INFO:colcon.colcon_core.shell:Creating package script '/home/david-romero/Proyectos/robotica/install/scara_boceto/share/scara_boceto/package.zsh'
[5.514s] Level 1:colcon.colcon_core.environment:create_file_with_runtime_dependencies(/home/david-romero/Proyectos/robotica/install/scara_boceto/share/colcon-core/packages/scara_boceto)
[5.535s] Level 1:colcon.colcon_core.environment:checking '/home/david-romero/Proyectos/robotica/install/scara_cajas' for CMake module files
[5.536s] DEBUG:colcon.colcon_core.event_handler.log_command:Invoked command in '/home/david-romero/Proyectos/robotica/src/scara_cajas' returned '0': DEBUGINFOD_URLS=https://debuginfod.ubuntu.com PYTHONPATH=/home/david-romero/Proyectos/robotica/build/scara_cajas/prefix_override:/usr/lib/python3/dist-packages/colcon_core/task/python/colcon_distutils_commands:/home/david-romero/Proyectos/robotica/install/scara_cajas/lib/python3.12/site-packages:${PYTHONPATH} /usr/bin/python3 -W ignore:setup.py install is deprecated -W ignore:easy_install command is deprecated setup.py egg_info --egg-base ../../build/scara_cajas build --build-base /home/david-romero/Proyectos/robotica/build/scara_cajas/build install --record /home/david-romero/Proyectos/robotica/build/scara_cajas/install.log --install-scripts $base/lib/scara_cajas --single-version-externally-managed install_data
[5.537s] Level 1:colcon.colcon_core.environment:checking '/home/david-romero/Proyectos/robotica/install/scara_cajas' for CMake config files
[5.538s] Level 1:colcon.colcon_core.environment:checking '/home/david-romero/Proyectos/robotica/install/scara_cajas/lib'
[5.539s] Level 1:colcon.colcon_core.environment:checking '/home/david-romero/Proyectos/robotica/install/scara_cajas/bin'
[5.539s] Level 1:colcon.colcon_core.environment:checking '/home/david-romero/Proyectos/robotica/install/scara_cajas/lib/pkgconfig/scara_cajas.pc'
[5.540s] Level 1:colcon.colcon_core.environment:checking '/home/david-romero/Proyectos/robotica/install/scara_cajas/lib/python3.12/site-packages'
[5.540s] Level 1:colcon.colcon_core.shell:create_environment_hook('scara_cajas', 'pythonpath')
[5.540s] INFO:colcon.colcon_core.shell:Creating environment hook '/home/david-romero/Proyectos/robotica/install/scara_cajas/share/scara_cajas/hook/pythonpath.ps1'
[5.541s] INFO:colcon.colcon_core.shell:Creating environment descriptor '/home/david-romero/Proyectos/robotica/install/scara_cajas/share/scara_cajas/hook/pythonpath.dsv'
[5.542s] INFO:colcon.colcon_core.shell:Creating environment hook '/home/david-romero/Proyectos/robotica/install/scara_cajas/share/scara_cajas/hook/pythonpath.sh'
[5.544s] Level 1:colcon.colcon_core.environment:checking '/home/david-romero/Proyectos/robotica/install/scara_cajas/bin'
[5.544s] Level 1:colcon.colcon_core.environment:create_environment_scripts_only(scara_cajas)
[5.544s] INFO:colcon.colcon_core.shell:Creating package script '/home/david-romero/Proyectos/robotica/install/scara_cajas/share/scara_cajas/package.ps1'
[5.546s] INFO:colcon.colcon_core.shell:Creating package descriptor '/home/david-romero/Proyectos/robotica/install/scara_cajas/share/scara_cajas/package.dsv'
[5.547s] INFO:colcon.colcon_core.shell:Creating package script '/home/david-romero/Proyectos/robotica/install/scara_cajas/share/scara_cajas/package.sh'
[5.548s] INFO:colcon.colcon_core.shell:Creating package script '/home/david-romero/Proyectos/robotica/install/scara_cajas/share/scara_cajas/package.bash'
[5.548s] INFO:colcon.colcon_core.shell:Creating package script '/home/david-romero/Proyectos/robotica/install/scara_cajas/share/scara_cajas/package.zsh'
[5.549s] Level 1:colcon.colcon_core.environment:create_file_with_runtime_dependencies(/home/david-romero/Proyectos/robotica/install/scara_cajas/share/colcon-core/packages/scara_cajas)
[5.563s] Level 1:colcon.colcon_core.environment:checking '/home/david-romero/Proyectos/robotica/install/antrop_parcial' for CMake module files
[5.564s] DEBUG:colcon.colcon_core.event_handler.log_command:Invoked command in '/home/david-romero/Proyectos/robotica/src/antrop_parcial' returned '0': DEBUGINFOD_URLS=https://debuginfod.ubuntu.com PYTHONPATH=/home/david-romero/Proyectos/robotica/build/antrop_parcial/prefix_override:/usr/lib/python3/dist-packages/colcon_core/task/python/colcon_distutils_commands:/home/david-romero/Proyectos/robotica/install/antrop_parcial/lib/python3.12/site-packages:${PYTHONPATH} /usr/bin/python3 -W ignore:setup.py install is deprecated -W ignore:easy_install command is deprecated setup.py egg_info --egg-base ../../build/antrop_parcial build --build-base /home/david-romero/Proyectos/robotica/build/antrop_parcial/build install --record /home/david-romero/Proyectos/robotica/build/antrop_parcial/install.log --install-scripts $base/lib/robot_description --single-version-externally-managed install_data
[5.565s] Level 1:colcon.colcon_core.environment:checking '/home/david-romero/Proyectos/robotica/install/antrop_parcial' for CMake config files
[5.565s] Level 1:colcon.colcon_core.environment:checking '/home/david-romero/Proyectos/robotica/install/antrop_parcial/lib'
[5.565s] Level 1:colcon.colcon_core.environment:checking '/home/david-romero/Proyectos/robotica/install/antrop_parcial/bin'
[5.566s] Level 1:colcon.colcon_core.environment:checking '/home/david-romero/Proyectos/robotica/install/antrop_parcial/lib/pkgconfig/antrop_parcial.pc'
[5.566s] Level 1:colcon.colcon_core.environment:checking '/home/david-romero/Proyectos/robotica/install/antrop_parcial/lib/python3.12/site-packages'
[5.566s] Level 1:colcon.colcon_core.shell:create_environment_hook('antrop_parcial', 'pythonpath')
[5.566s] INFO:colcon.colcon_core.shell:Creating environment hook '/home/david-romero/Proyectos/robotica/install/antrop_parcial/share/antrop_parcial/hook/pythonpath.ps1'
[5.567s] INFO:colcon.colcon_core.shell:Creating environment descriptor '/home/david-romero/Proyectos/robotica/install/antrop_parcial/share/antrop_parcial/hook/pythonpath.dsv'
[5.567s] INFO:colcon.colcon_core.shell:Creating environment hook '/home/david-romero/Proyectos/robotica/install/antrop_parcial/share/antrop_parcial/hook/pythonpath.sh'
[5.568s] Level 1:colcon.colcon_core.environment:checking '/home/david-romero/Proyectos/robotica/install/antrop_parcial/bin'
[5.568s] Level 1:colcon.colcon_core.environment:create_environment_scripts_only(antrop_parcial)
[5.568s] INFO:colcon.colcon_core.shell:Creating package script '/home/david-romero/Proyectos/robotica/install/antrop_parcial/share/antrop_parcial/package.ps1'
[5.569s] INFO:colcon.colcon_core.shell:Creating package descriptor '/home/david-romero/Proyectos/robotica/install/antrop_parcial/share/antrop_parcial/package.dsv'
[5.570s] INFO:colcon.colcon_core.shell:Creating package script '/home/david-romero/Proyectos/robotica/install/antrop_parcial/share/antrop_parcial/package.sh'
[5.570s] INFO:colcon.colcon_core.shell:Creating package script '/home/david-romero/Proyectos/robotica/install/antrop_parcial/share/antrop_parcial/package.bash'
[5.571s] INFO:colcon.colcon_core.shell:Creating package script '/home/david-romero/Proyectos/robotica/install/antrop_parcial/share/antrop_parcial/package.zsh'
[5.572s] Level 1:colcon.colcon_core.environment:create_file_with_runtime_dependencies(/home/david-romero/Proyectos/robotica/install/antrop_parcial/share/colcon-core/packages/antrop_parcial)
[5.629s] Level 1:colcon.colcon_core.environment:checking '/home/david-romero/Proyectos/robotica/install/ttcc' for CMake module files
[5.629s] DEBUG:colcon.colcon_core.event_handler.log_command:Invoked command in '/home/david-romero/Proyectos/robotica/src/ttcc' returned '0': DEBUGINFOD_URLS=https://debuginfod.ubuntu.com PYTHONPATH=/home/david-romero/Proyectos/robotica/build/ttcc/prefix_override:/usr/lib/python3/dist-packages/colcon_core/task/python/colcon_distutils_commands:/home/david-romero/Proyectos/robotica/install/ttcc/lib/python3.12/site-packages:${PYTHONPATH} /usr/bin/python3 -W ignore:setup.py install is deprecated -W ignore:easy_install command is deprecated setup.py egg_info --egg-base ../../build/ttcc build --build-base /home/david-romero/Proyectos/robotica/build/ttcc/build install --record /home/david-romero/Proyectos/robotica/build/ttcc/install.log --install-scripts $base/lib/ttcc --single-version-externally-managed install_data
[5.630s] Level 1:colcon.colcon_core.environment:checking '/home/david-romero/Proyectos/robotica/install/ttcc' for CMake config files
[5.631s] Level 1:colcon.colcon_core.environment:checking '/home/david-romero/Proyectos/robotica/install/ttcc/lib'
[5.631s] Level 1:colcon.colcon_core.environment:checking '/home/david-romero/Proyectos/robotica/install/ttcc/bin'
[5.631s] Level 1:colcon.colcon_core.environment:checking '/home/david-romero/Proyectos/robotica/install/ttcc/lib/pkgconfig/ttcc.pc'
[5.631s] Level 1:colcon.colcon_core.environment:checking '/home/david-romero/Proyectos/robotica/install/ttcc/lib/python3.12/site-packages'
[5.631s] Level 1:colcon.colcon_core.shell:create_environment_hook('ttcc', 'pythonpath')
[5.631s] INFO:colcon.colcon_core.shell:Creating environment hook '/home/david-romero/Proyectos/robotica/install/ttcc/share/ttcc/hook/pythonpath.ps1'
[5.632s] INFO:colcon.colcon_core.shell:Creating environment descriptor '/home/david-romero/Proyectos/robotica/install/ttcc/share/ttcc/hook/pythonpath.dsv'
[5.632s] INFO:colcon.colcon_core.shell:Creating environment hook '/home/david-romero/Proyectos/robotica/install/ttcc/share/ttcc/hook/pythonpath.sh'
[5.633s] Level 1:colcon.colcon_core.environment:checking '/home/david-romero/Proyectos/robotica/install/ttcc/bin'
[5.633s] Level 1:colcon.colcon_core.environment:create_environment_scripts_only(ttcc)
[5.633s] INFO:colcon.colcon_core.shell:Creating package script '/home/david-romero/Proyectos/robotica/install/ttcc/share/ttcc/package.ps1'
[5.634s] INFO:colcon.colcon_core.shell:Creating package descriptor '/home/david-romero/Proyectos/robotica/install/ttcc/share/ttcc/package.dsv'
[5.634s] INFO:colcon.colcon_core.shell:Creating package script '/home/david-romero/Proyectos/robotica/install/ttcc/share/ttcc/package.sh'
[5.635s] INFO:colcon.colcon_core.shell:Creating package script '/home/david-romero/Proyectos/robotica/install/ttcc/share/ttcc/package.bash'
[5.635s] INFO:colcon.colcon_core.shell:Creating package script '/home/david-romero/Proyectos/robotica/install/ttcc/share/ttcc/package.zsh'
[5.636s] Level 1:colcon.colcon_core.environment:create_file_with_runtime_dependencies(/home/david-romero/Proyectos/robotica/install/ttcc/share/colcon-core/packages/ttcc)
[5.636s] DEBUG:colcon.colcon_parallel_executor.executor.parallel:closing loop
[5.636s] DEBUG:colcon.colcon_parallel_executor.executor.parallel:loop closed
[5.637s] DEBUG:colcon.colcon_parallel_executor.executor.parallel:run_until_complete finished with '0'
[5.637s] DEBUG:colcon.colcon_core.event_reactor:joining thread
[5.652s] INFO:colcon.colcon_core.plugin_system:Skipping extension 'colcon_notification.desktop_notification.terminal_notifier': Not used on non-Darwin systems
[5.652s] INFO:colcon.colcon_core.plugin_system:Skipping extension 'colcon_notification.desktop_notification.win32': Not used on non-Windows systems
[5.652s] INFO:colcon.colcon_notification.desktop_notification:Sending desktop notification using 'notify2'
[5.661s] DEBUG:colcon.colcon_core.event_reactor:joined thread
[5.661s] INFO:colcon.colcon_core.shell:Creating prefix script '/home/david-romero/Proyectos/robotica/install/local_setup.ps1'
[5.663s] INFO:colcon.colcon_core.shell:Creating prefix util module '/home/david-romero/Proyectos/robotica/install/_local_setup_util_ps1.py'
[5.666s] INFO:colcon.colcon_core.shell:Creating prefix chain script '/home/david-romero/Proyectos/robotica/install/setup.ps1'
[5.668s] INFO:colcon.colcon_core.shell:Creating prefix script '/home/david-romero/Proyectos/robotica/install/local_setup.sh'
[5.669s] INFO:colcon.colcon_core.shell:Creating prefix util module '/home/david-romero/Proyectos/robotica/install/_local_setup_util_sh.py'
[5.670s] INFO:colcon.colcon_core.shell:Creating prefix chain script '/home/david-romero/Proyectos/robotica/install/setup.sh'
[5.673s] INFO:colcon.colcon_core.shell:Creating prefix script '/home/david-romero/Proyectos/robotica/install/local_setup.bash'
[5.675s] INFO:colcon.colcon_core.shell:Creating prefix chain script '/home/david-romero/Proyectos/robotica/install/setup.bash'
[5.677s] INFO:colcon.colcon_core.shell:Creating prefix script '/home/david-romero/Proyectos/robotica/install/local_setup.zsh'
[5.679s] INFO:colcon.colcon_core.shell:Creating prefix chain script '/home/david-romero/Proyectos/robotica/install/setup.zsh'
