running egg_info
creating ../../build/visualr/visualr.egg-info
writing ../../build/visualr/visualr.egg-info/PKG-INFO
writing dependency_links to ../../build/visualr/visualr.egg-info/dependency_links.txt
writing requirements to ../../build/visualr/visualr.egg-info/requires.txt
writing top-level names to ../../build/visualr/visualr.egg-info/top_level.txt
writing manifest file '../../build/visualr/visualr.egg-info/SOURCES.txt'
reading manifest file '../../build/visualr/visualr.egg-info/SOURCES.txt'
writing manifest file '../../build/visualr/visualr.egg-info/SOURCES.txt'
running build
running build_py
creating /home/dae/ros2_ws/build/visualr/build
creating /home/dae/ros2_ws/build/visualr/build/lib
creating /home/dae/ros2_ws/build/visualr/build/lib/visualr
copying visualr/__init__.py -> /home/dae/ros2_ws/build/visualr/build/lib/visualr
running install
running install_lib
creating /home/dae/ros2_ws/install/visualr/lib/python3.12/site-packages/visualr
copying /home/dae/ros2_ws/build/visualr/build/lib/visualr/__init__.py -> /home/dae/ros2_ws/install/visualr/lib/python3.12/site-packages/visualr
byte-compiling /home/dae/ros2_ws/install/visualr/lib/python3.12/site-packages/visualr/__init__.py to __init__.cpython-312.pyc
running install_data
creating /home/dae/ros2_ws/install/visualr/share/ament_index
creating /home/dae/ros2_ws/install/visualr/share/ament_index/resource_index
creating /home/dae/ros2_ws/install/visualr/share/ament_index/resource_index/packages
copying resource/visualr -> /home/dae/ros2_ws/install/visualr/share/ament_index/resource_index/packages
copying package.xml -> /home/dae/ros2_ws/install/visualr/share/visualr
running install_egg_info
Copying ../../build/visualr/visualr.egg-info to /home/dae/ros2_ws/install/visualr/lib/python3.12/site-packages/visualr-0.0.0-py3.12.egg-info
running install_scripts
writing list of installed files to '/home/dae/ros2_ws/build/visualr/install.log'
