[0.981s] Invoking command in '/home/dae/ros2_ws/src/visualr': DEBUGINFOD_URLS=https://debuginfod.ubuntu.com PYTHONPATH=/home/dae/ros2_ws/build/visualr/prefix_override:/usr/lib/python3/dist-packages/colcon_core/task/python/colcon_distutils_commands:/home/dae/ros2_ws/install/visualr/lib/python3.12/site-packages:${PYTHONPATH} /usr/bin/python3 -W ignore:setup.py install is deprecated -W ignore:easy_install command is deprecated setup.py egg_info --egg-base ../../build/visualr build --build-base /home/dae/ros2_ws/build/visualr/build install --record /home/dae/ros2_ws/build/visualr/install.log --install-scripts $base/lib/visualr --single-version-externally-managed install_data
[1.205s] running egg_info
[1.205s] creating ../../build/visualr/visualr.egg-info
[1.223s] writing ../../build/visualr/visualr.egg-info/PKG-INFO
[1.223s] writing dependency_links to ../../build/visualr/visualr.egg-info/dependency_links.txt
[1.223s] writing requirements to ../../build/visualr/visualr.egg-info/requires.txt
[1.223s] writing top-level names to ../../build/visualr/visualr.egg-info/top_level.txt
[1.224s] writing manifest file '../../build/visualr/visualr.egg-info/SOURCES.txt'
[1.256s] reading manifest file '../../build/visualr/visualr.egg-info/SOURCES.txt'
[1.257s] writing manifest file '../../build/visualr/visualr.egg-info/SOURCES.txt'
[1.257s] running build
[1.257s] running build_py
[1.257s] creating /home/dae/ros2_ws/build/visualr/build
[1.258s] creating /home/dae/ros2_ws/build/visualr/build/lib
[1.258s] creating /home/dae/ros2_ws/build/visualr/build/lib/visualr
[1.258s] copying visualr/__init__.py -> /home/dae/ros2_ws/build/visualr/build/lib/visualr
[1.258s] running install
[1.263s] running install_lib
[1.281s] creating /home/dae/ros2_ws/install/visualr/lib/python3.12/site-packages/visualr
[1.281s] copying /home/dae/ros2_ws/build/visualr/build/lib/visualr/__init__.py -> /home/dae/ros2_ws/install/visualr/lib/python3.12/site-packages/visualr
[1.282s] byte-compiling /home/dae/ros2_ws/install/visualr/lib/python3.12/site-packages/visualr/__init__.py to __init__.cpython-312.pyc
[1.282s] running install_data
[1.282s] creating /home/dae/ros2_ws/install/visualr/share/ament_index
[1.283s] creating /home/dae/ros2_ws/install/visualr/share/ament_index/resource_index
[1.283s] creating /home/dae/ros2_ws/install/visualr/share/ament_index/resource_index/packages
[1.283s] copying resource/visualr -> /home/dae/ros2_ws/install/visualr/share/ament_index/resource_index/packages
[1.283s] copying package.xml -> /home/dae/ros2_ws/install/visualr/share/visualr
[1.283s] running install_egg_info
[1.299s] Copying ../../build/visualr/visualr.egg-info to /home/dae/ros2_ws/install/visualr/lib/python3.12/site-packages/visualr-0.0.0-py3.12.egg-info
[1.300s] running install_scripts
[1.418s] writing list of installed files to '/home/dae/ros2_ws/build/visualr/install.log'
[1.441s] Invoked command in '/home/dae/ros2_ws/src/visualr' returned '0': DEBUGINFOD_URLS=https://debuginfod.ubuntu.com PYTHONPATH=/home/dae/ros2_ws/build/visualr/prefix_override:/usr/lib/python3/dist-packages/colcon_core/task/python/colcon_distutils_commands:/home/dae/ros2_ws/install/visualr/lib/python3.12/site-packages:${PYTHONPATH} /usr/bin/python3 -W ignore:setup.py install is deprecated -W ignore:easy_install command is deprecated setup.py egg_info --egg-base ../../build/visualr build --build-base /home/dae/ros2_ws/build/visualr/build install --record /home/dae/ros2_ws/build/visualr/install.log --install-scripts $base/lib/visualr --single-version-externally-managed install_data
