-- Install configuration: ""
-- Up-to-date: /home/dae/ros2_ws/install/simo_scara_description/share/simo_scara_description/urdf
-- Installing: /home/dae/ros2_ws/install/simo_scara_description/share/simo_scara_description/urdf/scara.urdf
-- Up-to-date: /home/dae/ros2_ws/install/simo_scara_description/share/simo_scara_description/launch
-- Up-to-date: /home/dae/ros2_ws/install/simo_scara_description/share/simo_scara_description/launch/display.launch.py
-- Up-to-date: /home/dae/ros2_ws/install/simo_scara_description/share/simo_scara_description/rviz
-- Up-to-date: /home/dae/ros2_ws/install/simo_scara_description/share/ament_index/resource_index/package_run_dependencies/simo_scara_description
-- Up-to-date: /home/dae/ros2_ws/install/simo_scara_description/share/ament_index/resource_index/parent_prefix_path/simo_scara_description
-- Up-to-date: /home/dae/ros2_ws/install/simo_scara_description/share/simo_scara_description/environment/ament_prefix_path.sh
-- Up-to-date: /home/dae/ros2_ws/install/simo_scara_description/share/simo_scara_description/environment/ament_prefix_path.dsv
-- Up-to-date: /home/dae/ros2_ws/install/simo_scara_description/share/simo_scara_description/environment/path.sh
-- Up-to-date: /home/dae/ros2_ws/install/simo_scara_description/share/simo_scara_description/environment/path.dsv
-- Up-to-date: /home/dae/ros2_ws/install/simo_scara_description/share/simo_scara_description/local_setup.bash
-- Up-to-date: /home/dae/ros2_ws/install/simo_scara_description/share/simo_scara_description/local_setup.sh
-- Up-to-date: /home/dae/ros2_ws/install/simo_scara_description/share/simo_scara_description/local_setup.zsh
-- Up-to-date: /home/dae/ros2_ws/install/simo_scara_description/share/simo_scara_description/local_setup.dsv
-- Installing: /home/dae/ros2_ws/install/simo_scara_description/share/simo_scara_description/package.dsv
-- Up-to-date: /home/dae/ros2_ws/install/simo_scara_description/share/ament_index/resource_index/packages/simo_scara_description
-- Up-to-date: /home/dae/ros2_ws/install/simo_scara_description/share/simo_scara_description/cmake/simo_scara_descriptionConfig.cmake
-- Up-to-date: /home/dae/ros2_ws/install/simo_scara_description/share/simo_scara_description/cmake/simo_scara_descriptionConfig-version.cmake
-- Up-to-date: /home/dae/ros2_ws/install/simo_scara_description/share/simo_scara_description/package.xml
