[0.641s] Invoking command in '/home/juanes/Robotica-Meca/Robot1/codigo_fuente/antropomorfico_ws/src/antropomorfico_sim': DEBUGINFOD_URLS=https://debuginfod.archlinux.org https://debuginfod.cachyos.org PS1=\[\033[01;32m\]juanes@ubuntu\[\033[00m\]:\[\033[01;34m\]\w\[\033[00m\]$ PYTHONPATH=/home/juanes/Robotica-Meca/Robot1/codigo_fuente/antropomorfico_ws/build/antropomorfico_sim/prefix_override:/usr/lib/python3/dist-packages/colcon_core/task/python/colcon_distutils_commands:/home/juanes/Robotica-Meca/Robot1/codigo_fuente/antropomorfico_ws/install/antropomorfico_sim/lib/python3.12/site-packages:${PYTHONPATH} /usr/bin/python3 -W ignore:setup.py install is deprecated -W ignore:easy_install command is deprecated setup.py egg_info --egg-base ../../build/antropomorfico_sim build --build-base /home/juanes/Robotica-Meca/Robot1/codigo_fuente/antropomorfico_ws/build/antropomorfico_sim/build install --record /home/juanes/Robotica-Meca/Robot1/codigo_fuente/antropomorfico_ws/build/antropomorfico_sim/install.log --install-scripts $base/lib/antropomorfico_sim --single-version-externally-managed install_data
[0.848s] running egg_info
[0.848s] creating ../../build/antropomorfico_sim/antropomorfico_sim.egg-info
[0.862s] writing ../../build/antropomorfico_sim/antropomorfico_sim.egg-info/PKG-INFO
[0.863s] writing dependency_links to ../../build/antropomorfico_sim/antropomorfico_sim.egg-info/dependency_links.txt
[0.863s] writing entry points to ../../build/antropomorfico_sim/antropomorfico_sim.egg-info/entry_points.txt
[0.863s] writing requirements to ../../build/antropomorfico_sim/antropomorfico_sim.egg-info/requires.txt
[0.863s] writing top-level names to ../../build/antropomorfico_sim/antropomorfico_sim.egg-info/top_level.txt
[0.863s] writing manifest file '../../build/antropomorfico_sim/antropomorfico_sim.egg-info/SOURCES.txt'
[0.893s] reading manifest file '../../build/antropomorfico_sim/antropomorfico_sim.egg-info/SOURCES.txt'
[0.893s] writing manifest file '../../build/antropomorfico_sim/antropomorfico_sim.egg-info/SOURCES.txt'
[0.893s] running build
[0.894s] running build_py
[0.894s] creating /home/juanes/Robotica-Meca/Robot1/codigo_fuente/antropomorfico_ws/build/antropomorfico_sim/build
[0.894s] creating /home/juanes/Robotica-Meca/Robot1/codigo_fuente/antropomorfico_ws/build/antropomorfico_sim/build/lib
[0.894s] creating /home/juanes/Robotica-Meca/Robot1/codigo_fuente/antropomorfico_ws/build/antropomorfico_sim/build/lib/antropomorfico_sim
[0.894s] copying antropomorfico_sim/__init__.py -> /home/juanes/Robotica-Meca/Robot1/codigo_fuente/antropomorfico_ws/build/antropomorfico_sim/build/lib/antropomorfico_sim
[0.894s] copying antropomorfico_sim/ik_solver.py -> /home/juanes/Robotica-Meca/Robot1/codigo_fuente/antropomorfico_ws/build/antropomorfico_sim/build/lib/antropomorfico_sim
[0.894s] copying antropomorfico_sim/trapezoidal_trajectory_node.py -> /home/juanes/Robotica-Meca/Robot1/codigo_fuente/antropomorfico_ws/build/antropomorfico_sim/build/lib/antropomorfico_sim
[0.894s] copying antropomorfico_sim/trayectoria.py -> /home/juanes/Robotica-Meca/Robot1/codigo_fuente/antropomorfico_ws/build/antropomorfico_sim/build/lib/antropomorfico_sim
[0.894s] running install
[0.899s] running install_lib
[0.914s] creating /home/juanes/Robotica-Meca/Robot1/codigo_fuente/antropomorfico_ws/install/antropomorfico_sim/lib/python3.12/site-packages/antropomorfico_sim
[0.914s] copying /home/juanes/Robotica-Meca/Robot1/codigo_fuente/antropomorfico_ws/build/antropomorfico_sim/build/lib/antropomorfico_sim/__init__.py -> /home/juanes/Robotica-Meca/Robot1/codigo_fuente/antropomorfico_ws/install/antropomorfico_sim/lib/python3.12/site-packages/antropomorfico_sim
[0.914s] copying /home/juanes/Robotica-Meca/Robot1/codigo_fuente/antropomorfico_ws/build/antropomorfico_sim/build/lib/antropomorfico_sim/ik_solver.py -> /home/juanes/Robotica-Meca/Robot1/codigo_fuente/antropomorfico_ws/install/antropomorfico_sim/lib/python3.12/site-packages/antropomorfico_sim
[0.915s] copying /home/juanes/Robotica-Meca/Robot1/codigo_fuente/antropomorfico_ws/build/antropomorfico_sim/build/lib/antropomorfico_sim/trapezoidal_trajectory_node.py -> /home/juanes/Robotica-Meca/Robot1/codigo_fuente/antropomorfico_ws/install/antropomorfico_sim/lib/python3.12/site-packages/antropomorfico_sim
[0.915s] copying /home/juanes/Robotica-Meca/Robot1/codigo_fuente/antropomorfico_ws/build/antropomorfico_sim/build/lib/antropomorfico_sim/trayectoria.py -> /home/juanes/Robotica-Meca/Robot1/codigo_fuente/antropomorfico_ws/install/antropomorfico_sim/lib/python3.12/site-packages/antropomorfico_sim
[0.915s] byte-compiling /home/juanes/Robotica-Meca/Robot1/codigo_fuente/antropomorfico_ws/install/antropomorfico_sim/lib/python3.12/site-packages/antropomorfico_sim/__init__.py to __init__.cpython-312.pyc
[0.915s] byte-compiling /home/juanes/Robotica-Meca/Robot1/codigo_fuente/antropomorfico_ws/install/antropomorfico_sim/lib/python3.12/site-packages/antropomorfico_sim/ik_solver.py to ik_solver.cpython-312.pyc
[0.917s] byte-compiling /home/juanes/Robotica-Meca/Robot1/codigo_fuente/antropomorfico_ws/install/antropomorfico_sim/lib/python3.12/site-packages/antropomorfico_sim/trapezoidal_trajectory_node.py to trapezoidal_trajectory_node.cpython-312.pyc
[0.917s] byte-compiling /home/juanes/Robotica-Meca/Robot1/codigo_fuente/antropomorfico_ws/install/antropomorfico_sim/lib/python3.12/site-packages/antropomorfico_sim/trayectoria.py to trayectoria.cpython-312.pyc
[0.918s] running install_data
[0.918s] creating /home/juanes/Robotica-Meca/Robot1/codigo_fuente/antropomorfico_ws/install/antropomorfico_sim/share/ament_index
[0.918s] creating /home/juanes/Robotica-Meca/Robot1/codigo_fuente/antropomorfico_ws/install/antropomorfico_sim/share/ament_index/resource_index
[0.918s] creating /home/juanes/Robotica-Meca/Robot1/codigo_fuente/antropomorfico_ws/install/antropomorfico_sim/share/ament_index/resource_index/packages
[0.918s] copying resource/antropomorfico_sim -> /home/juanes/Robotica-Meca/Robot1/codigo_fuente/antropomorfico_ws/install/antropomorfico_sim/share/ament_index/resource_index/packages
[0.918s] copying package.xml -> /home/juanes/Robotica-Meca/Robot1/codigo_fuente/antropomorfico_ws/install/antropomorfico_sim/share/antropomorfico_sim
[0.918s] creating /home/juanes/Robotica-Meca/Robot1/codigo_fuente/antropomorfico_ws/install/antropomorfico_sim/share/antropomorfico_sim/launch
[0.918s] copying launch/sim.launch.py -> /home/juanes/Robotica-Meca/Robot1/codigo_fuente/antropomorfico_ws/install/antropomorfico_sim/share/antropomorfico_sim/launch
[0.919s] creating /home/juanes/Robotica-Meca/Robot1/codigo_fuente/antropomorfico_ws/install/antropomorfico_sim/share/antropomorfico_sim/urdf
[0.919s] copying urdf/antropomorfico.urdf -> /home/juanes/Robotica-Meca/Robot1/codigo_fuente/antropomorfico_ws/install/antropomorfico_sim/share/antropomorfico_sim/urdf
[0.919s] creating /home/juanes/Robotica-Meca/Robot1/codigo_fuente/antropomorfico_ws/install/antropomorfico_sim/share/antropomorfico_sim/config
[0.919s] copying config/ros2_controllers.yaml -> /home/juanes/Robotica-Meca/Robot1/codigo_fuente/antropomorfico_ws/install/antropomorfico_sim/share/antropomorfico_sim/config
[0.919s] creating /home/juanes/Robotica-Meca/Robot1/codigo_fuente/antropomorfico_ws/install/antropomorfico_sim/share/antropomorfico_sim/worlds
[0.919s] creating /home/juanes/Robotica-Meca/Robot1/codigo_fuente/antropomorfico_ws/install/antropomorfico_sim/share/antropomorfico_sim/meshes
[0.919s] copying meshes/base_link.STL -> /home/juanes/Robotica-Meca/Robot1/codigo_fuente/antropomorfico_ws/install/antropomorfico_sim/share/antropomorfico_sim/meshes
[0.919s] copying meshes/dedoder.STL -> /home/juanes/Robotica-Meca/Robot1/codigo_fuente/antropomorfico_ws/install/antropomorfico_sim/share/antropomorfico_sim/meshes
[0.919s] copying meshes/dedoizq.STL -> /home/juanes/Robotica-Meca/Robot1/codigo_fuente/antropomorfico_ws/install/antropomorfico_sim/share/antropomorfico_sim/meshes
[0.919s] copying meshes/link_1.STL -> /home/juanes/Robotica-Meca/Robot1/codigo_fuente/antropomorfico_ws/install/antropomorfico_sim/share/antropomorfico_sim/meshes
[0.920s] copying meshes/link_2.STL -> /home/juanes/Robotica-Meca/Robot1/codigo_fuente/antropomorfico_ws/install/antropomorfico_sim/share/antropomorfico_sim/meshes
[0.920s] copying meshes/link_3.STL -> /home/juanes/Robotica-Meca/Robot1/codigo_fuente/antropomorfico_ws/install/antropomorfico_sim/share/antropomorfico_sim/meshes
[0.920s] copying meshes/link_ee.STL -> /home/juanes/Robotica-Meca/Robot1/codigo_fuente/antropomorfico_ws/install/antropomorfico_sim/share/antropomorfico_sim/meshes
[0.920s] running install_egg_info
[0.937s] Copying ../../build/antropomorfico_sim/antropomorfico_sim.egg-info to /home/juanes/Robotica-Meca/Robot1/codigo_fuente/antropomorfico_ws/install/antropomorfico_sim/lib/python3.12/site-packages/antropomorfico_sim-0.0.0-py3.12.egg-info
[0.937s] running install_scripts
[1.040s] Installing ik_solver script to /home/juanes/Robotica-Meca/Robot1/codigo_fuente/antropomorfico_ws/install/antropomorfico_sim/lib/antropomorfico_sim
[1.040s] Installing trapezoidal_node script to /home/juanes/Robotica-Meca/Robot1/codigo_fuente/antropomorfico_ws/install/antropomorfico_sim/lib/antropomorfico_sim
[1.041s] Installing trayectoria script to /home/juanes/Robotica-Meca/Robot1/codigo_fuente/antropomorfico_ws/install/antropomorfico_sim/lib/antropomorfico_sim
[1.041s] writing list of installed files to '/home/juanes/Robotica-Meca/Robot1/codigo_fuente/antropomorfico_ws/build/antropomorfico_sim/install.log'
[1.060s] Invoked command in '/home/juanes/Robotica-Meca/Robot1/codigo_fuente/antropomorfico_ws/src/antropomorfico_sim' returned '0': DEBUGINFOD_URLS=https://debuginfod.archlinux.org https://debuginfod.cachyos.org PS1=\[\033[01;32m\]juanes@ubuntu\[\033[00m\]:\[\033[01;34m\]\w\[\033[00m\]$ PYTHONPATH=/home/juanes/Robotica-Meca/Robot1/codigo_fuente/antropomorfico_ws/build/antropomorfico_sim/prefix_override:/usr/lib/python3/dist-packages/colcon_core/task/python/colcon_distutils_commands:/home/juanes/Robotica-Meca/Robot1/codigo_fuente/antropomorfico_ws/install/antropomorfico_sim/lib/python3.12/site-packages:${PYTHONPATH} /usr/bin/python3 -W ignore:setup.py install is deprecated -W ignore:easy_install command is deprecated setup.py egg_info --egg-base ../../build/antropomorfico_sim build --build-base /home/juanes/Robotica-Meca/Robot1/codigo_fuente/antropomorfico_ws/build/antropomorfico_sim/build install --record /home/juanes/Robotica-Meca/Robot1/codigo_fuente/antropomorfico_ws/build/antropomorfico_sim/install.log --install-scripts $base/lib/antropomorfico_sim --single-version-externally-managed install_data
