[0.195s] DEBUG:colcon:Command line arguments: ['/usr/bin/colcon', 'build', '--packages-select', 'Miau']
[0.195s] DEBUG:colcon:Parsed command line arguments: Namespace(log_base=None, log_level=None, verb_name='build', build_base='build', install_base='install', merge_install=False, symlink_install=False, test_result_base=None, continue_on_error=False, executor='parallel', parallel_workers=16, event_handlers=None, ignore_user_meta=False, metas=['./colcon.meta'], base_paths=['.'], packages_ignore=None, packages_ignore_regex=None, paths=None, packages_up_to=None, packages_up_to_regex=None, packages_above=None, packages_above_and_dependencies=None, packages_above_depth=None, packages_select_by_dep=None, packages_skip_by_dep=None, packages_skip_up_to=None, packages_select_build_failed=False, packages_skip_build_finished=False, packages_select_test_failures=False, packages_skip_test_passed=False, packages_select=['Miau'], packages_skip=None, packages_select_regex=None, packages_skip_regex=None, packages_start=None, packages_end=None, cmake_args=None, cmake_target=None, cmake_target_skip_unavailable=False, cmake_clean_cache=False, cmake_clean_first=False, cmake_force_configure=False, ament_cmake_args=None, catkin_cmake_args=None, catkin_skip_building_tests=False, verb_parser=<colcon_defaults.argument_parser.defaults.DefaultArgumentsDecorator object at 0x785de46f5880>, verb_extension=<colcon_core.verb.build.BuildVerb object at 0x785de46f5700>, main=<bound method BuildVerb.main of <colcon_core.verb.build.BuildVerb object at 0x785de46f5700>>)
[0.253s] Level 1:colcon.colcon_core.package_discovery:discover_packages(colcon_meta) check parameters
[0.253s] Level 1:colcon.colcon_core.package_discovery:discover_packages(recursive) check parameters
[0.253s] Level 1:colcon.colcon_core.package_discovery:discover_packages(ignore) check parameters
[0.253s] Level 1:colcon.colcon_core.package_discovery:discover_packages(path) check parameters
[0.253s] Level 1:colcon.colcon_core.package_discovery:discover_packages(colcon_meta) discover
[0.253s] Level 1:colcon.colcon_core.package_discovery:discover_packages(recursive) discover
[0.253s] INFO:colcon.colcon_core.package_discovery:Crawling recursively for packages in '/home/dae/ros2_ws/src/Miau'
[0.253s] Level 1:colcon.colcon_core.package_identification:_identify(.) by extensions ['ignore', 'ignore_ament_install']
[0.253s] Level 1:colcon.colcon_core.package_identification:_identify(.) by extension 'ignore'
[0.253s] Level 1:colcon.colcon_core.package_identification:_identify(.) by extension 'ignore_ament_install'
[0.254s] Level 1:colcon.colcon_core.package_identification:_identify(.) by extensions ['colcon_pkg']
[0.254s] Level 1:colcon.colcon_core.package_identification:_identify(.) by extension 'colcon_pkg'
[0.254s] Level 1:colcon.colcon_core.package_identification:_identify(.) by extensions ['colcon_meta']
[0.254s] Level 1:colcon.colcon_core.package_identification:_identify(.) by extension 'colcon_meta'
[0.254s] Level 1:colcon.colcon_core.package_identification:_identify(.) by extensions ['ros']
[0.254s] Level 1:colcon.colcon_core.package_identification:_identify(.) by extension 'ros'
[0.286s] DEBUG:colcon.colcon_core.package_identification:Package '.' with type 'ros.ament_cmake' and name 'Miau'
[0.286s] Level 1:colcon.colcon_core.package_discovery:discover_packages(recursive) using defaults
[0.286s] Level 1:colcon.colcon_core.package_discovery:discover_packages(ignore) discover
[0.286s] Level 1:colcon.colcon_core.package_discovery:discover_packages(ignore) using defaults
[0.286s] Level 1:colcon.colcon_core.package_discovery:discover_packages(path) discover
[0.286s] Level 1:colcon.colcon_core.package_discovery:discover_packages(path) using defaults
[0.311s] Level 5:colcon.colcon_core.verb:set package 'Miau' build argument 'cmake_args' from command line to 'None'
[0.311s] Level 5:colcon.colcon_core.verb:set package 'Miau' build argument 'cmake_target' from command line to 'None'
[0.311s] Level 5:colcon.colcon_core.verb:set package 'Miau' build argument 'cmake_target_skip_unavailable' from command line to 'False'
[0.311s] Level 5:colcon.colcon_core.verb:set package 'Miau' build argument 'cmake_clean_cache' from command line to 'False'
[0.311s] Level 5:colcon.colcon_core.verb:set package 'Miau' build argument 'cmake_clean_first' from command line to 'False'
[0.311s] Level 5:colcon.colcon_core.verb:set package 'Miau' build argument 'cmake_force_configure' from command line to 'False'
[0.311s] Level 5:colcon.colcon_core.verb:set package 'Miau' build argument 'ament_cmake_args' from command line to 'None'
[0.311s] Level 5:colcon.colcon_core.verb:set package 'Miau' build argument 'catkin_cmake_args' from command line to 'None'
[0.311s] Level 5:colcon.colcon_core.verb:set package 'Miau' build argument 'catkin_skip_building_tests' from command line to 'False'
[0.311s] DEBUG:colcon.colcon_core.verb:Building package 'Miau' with the following arguments: {'ament_cmake_args': None, 'build_base': '/home/dae/ros2_ws/src/Miau/build/Miau', 'catkin_cmake_args': None, 'catkin_skip_building_tests': False, 'cmake_args': None, 'cmake_clean_cache': False, 'cmake_clean_first': False, 'cmake_force_configure': False, 'cmake_target': None, 'cmake_target_skip_unavailable': False, 'install_base': '/home/dae/ros2_ws/src/Miau/install/Miau', 'merge_install': False, 'path': '/home/dae/ros2_ws/src/Miau', 'symlink_install': False, 'test_result_base': None}
[0.312s] INFO:colcon.colcon_core.executor:Executing jobs using 'parallel' executor
[0.313s] DEBUG:colcon.colcon_parallel_executor.executor.parallel:run_until_complete
[0.314s] INFO:colcon.colcon_ros.task.ament_cmake.build:Building ROS package in '/home/dae/ros2_ws/src/Miau' with build type 'ament_cmake'
[0.314s] INFO:colcon.colcon_cmake.task.cmake.build:Building CMake package in '/home/dae/ros2_ws/src/Miau'
[0.318s] INFO:colcon.colcon_core.plugin_system:Skipping extension 'colcon_core.shell.bat': Not used on non-Windows systems
[0.318s] DEBUG:colcon.colcon_core.shell:Skip shell extension 'dsv' for command environment
[0.330s] DEBUG:colcon.colcon_core.event_handler.log_command:Invoking command in '/home/dae/ros2_ws/src/Miau/build/Miau': CMAKE_PREFIX_PATH=${CMAKE_PREFIX_PATH}:/opt/ros/jazzy DEBUGINFOD_URLS=https://debuginfod.ubuntu.com /usr/bin/cmake /home/dae/ros2_ws/src/Miau -DCMAKE_INSTALL_PREFIX=/home/dae/ros2_ws/src/Miau/install/Miau
[1.197s] DEBUG:colcon.colcon_core.event_handler.log_command:Invoked command in '/home/dae/ros2_ws/src/Miau/build/Miau' returned '0': CMAKE_PREFIX_PATH=${CMAKE_PREFIX_PATH}:/opt/ros/jazzy DEBUGINFOD_URLS=https://debuginfod.ubuntu.com /usr/bin/cmake /home/dae/ros2_ws/src/Miau -DCMAKE_INSTALL_PREFIX=/home/dae/ros2_ws/src/Miau/install/Miau
[1.198s] DEBUG:colcon.colcon_core.event_handler.log_command:Invoking command in '/home/dae/ros2_ws/src/Miau/build/Miau': CMAKE_PREFIX_PATH=${CMAKE_PREFIX_PATH}:/opt/ros/jazzy DEBUGINFOD_URLS=https://debuginfod.ubuntu.com /usr/bin/cmake --build /home/dae/ros2_ws/src/Miau/build/Miau -- -j16 -l16
[1.233s] DEBUG:colcon.colcon_core.event_handler.log_command:Invoked command in '/home/dae/ros2_ws/src/Miau/build/Miau' returned '0': CMAKE_PREFIX_PATH=${CMAKE_PREFIX_PATH}:/opt/ros/jazzy DEBUGINFOD_URLS=https://debuginfod.ubuntu.com /usr/bin/cmake --build /home/dae/ros2_ws/src/Miau/build/Miau -- -j16 -l16
[1.242s] DEBUG:colcon.colcon_core.event_handler.log_command:Invoking command in '/home/dae/ros2_ws/src/Miau/build/Miau': CMAKE_PREFIX_PATH=${CMAKE_PREFIX_PATH}:/opt/ros/jazzy DEBUGINFOD_URLS=https://debuginfod.ubuntu.com /usr/bin/cmake --install /home/dae/ros2_ws/src/Miau/build/Miau
[1.262s] Level 1:colcon.colcon_core.environment:create_environment_scripts_only(Miau)
[1.262s] DEBUG:colcon.colcon_core.event_handler.log_command:Invoked command in '/home/dae/ros2_ws/src/Miau/build/Miau' returned '0': CMAKE_PREFIX_PATH=${CMAKE_PREFIX_PATH}:/opt/ros/jazzy DEBUGINFOD_URLS=https://debuginfod.ubuntu.com /usr/bin/cmake --install /home/dae/ros2_ws/src/Miau/build/Miau
[1.266s] Level 1:colcon.colcon_core.environment:checking '/home/dae/ros2_ws/src/Miau/install/Miau' for CMake module files
[1.266s] Level 1:colcon.colcon_core.environment:checking '/home/dae/ros2_ws/src/Miau/install/Miau' for CMake config files
[1.266s] Level 1:colcon.colcon_core.shell:create_environment_hook('Miau', 'cmake_prefix_path')
[1.266s] INFO:colcon.colcon_core.shell:Creating environment descriptor '/home/dae/ros2_ws/src/Miau/install/Miau/share/Miau/hook/cmake_prefix_path.dsv'
[1.267s] INFO:colcon.colcon_core.shell:Creating environment hook '/home/dae/ros2_ws/src/Miau/install/Miau/share/Miau/hook/cmake_prefix_path.sh'
[1.268s] Level 1:colcon.colcon_core.environment:checking '/home/dae/ros2_ws/src/Miau/install/Miau/bin'
[1.268s] Level 1:colcon.colcon_core.environment:checking '/home/dae/ros2_ws/src/Miau/install/Miau/lib/pkgconfig/Miau.pc'
[1.269s] Level 1:colcon.colcon_core.environment:checking '/home/dae/ros2_ws/src/Miau/install/Miau/lib/python3.12/site-packages'
[1.269s] Level 1:colcon.colcon_core.environment:checking '/home/dae/ros2_ws/src/Miau/install/Miau/bin'
[1.270s] INFO:colcon.colcon_core.shell:Creating package descriptor '/home/dae/ros2_ws/src/Miau/install/Miau/share/Miau/package.dsv'
[1.270s] INFO:colcon.colcon_core.shell:Creating package script '/home/dae/ros2_ws/src/Miau/install/Miau/share/Miau/package.sh'
[1.271s] INFO:colcon.colcon_core.shell:Creating package script '/home/dae/ros2_ws/src/Miau/install/Miau/share/Miau/package.bash'
[1.271s] INFO:colcon.colcon_core.shell:Creating package script '/home/dae/ros2_ws/src/Miau/install/Miau/share/Miau/package.zsh'
[1.272s] Level 1:colcon.colcon_core.environment:create_file_with_runtime_dependencies(/home/dae/ros2_ws/src/Miau/install/Miau/share/colcon-core/packages/Miau)
[1.272s] Level 1:colcon.colcon_core.environment:create_environment_scripts_only(Miau)
[1.272s] Level 1:colcon.colcon_core.environment:checking '/home/dae/ros2_ws/src/Miau/install/Miau' for CMake module files
[1.273s] Level 1:colcon.colcon_core.environment:checking '/home/dae/ros2_ws/src/Miau/install/Miau' for CMake config files
[1.273s] Level 1:colcon.colcon_core.shell:create_environment_hook('Miau', 'cmake_prefix_path')
[1.273s] INFO:colcon.colcon_core.shell:Creating environment descriptor '/home/dae/ros2_ws/src/Miau/install/Miau/share/Miau/hook/cmake_prefix_path.dsv'
[1.273s] INFO:colcon.colcon_core.shell:Creating environment hook '/home/dae/ros2_ws/src/Miau/install/Miau/share/Miau/hook/cmake_prefix_path.sh'
[1.273s] Level 1:colcon.colcon_core.environment:checking '/home/dae/ros2_ws/src/Miau/install/Miau/bin'
[1.273s] Level 1:colcon.colcon_core.environment:checking '/home/dae/ros2_ws/src/Miau/install/Miau/lib/pkgconfig/Miau.pc'
[1.274s] Level 1:colcon.colcon_core.environment:checking '/home/dae/ros2_ws/src/Miau/install/Miau/lib/python3.12/site-packages'
[1.274s] Level 1:colcon.colcon_core.environment:checking '/home/dae/ros2_ws/src/Miau/install/Miau/bin'
[1.274s] INFO:colcon.colcon_core.shell:Creating package descriptor '/home/dae/ros2_ws/src/Miau/install/Miau/share/Miau/package.dsv'
[1.274s] INFO:colcon.colcon_core.shell:Creating package script '/home/dae/ros2_ws/src/Miau/install/Miau/share/Miau/package.sh'
[1.275s] INFO:colcon.colcon_core.shell:Creating package script '/home/dae/ros2_ws/src/Miau/install/Miau/share/Miau/package.bash'
[1.275s] INFO:colcon.colcon_core.shell:Creating package script '/home/dae/ros2_ws/src/Miau/install/Miau/share/Miau/package.zsh'
[1.275s] Level 1:colcon.colcon_core.environment:create_file_with_runtime_dependencies(/home/dae/ros2_ws/src/Miau/install/Miau/share/colcon-core/packages/Miau)
[1.275s] DEBUG:colcon.colcon_parallel_executor.executor.parallel:closing loop
[1.275s] DEBUG:colcon.colcon_parallel_executor.executor.parallel:loop closed
[1.275s] DEBUG:colcon.colcon_parallel_executor.executor.parallel:run_until_complete finished with '0'
[1.276s] DEBUG:colcon.colcon_core.event_reactor:joining thread
[1.281s] INFO:colcon.colcon_core.plugin_system:Skipping extension 'colcon_notification.desktop_notification.terminal_notifier': Not used on non-Darwin systems
[1.281s] INFO:colcon.colcon_core.plugin_system:Skipping extension 'colcon_notification.desktop_notification.win32': Not used on non-Windows systems
[1.281s] INFO:colcon.colcon_notification.desktop_notification:Sending desktop notification using 'notify2'
[1.301s] DEBUG:colcon.colcon_core.event_reactor:joined thread
[1.301s] INFO:colcon.colcon_core.shell:Creating prefix script '/home/dae/ros2_ws/src/Miau/install/local_setup.sh'
[1.302s] INFO:colcon.colcon_core.shell:Creating prefix util module '/home/dae/ros2_ws/src/Miau/install/_local_setup_util_sh.py'
[1.303s] INFO:colcon.colcon_core.shell:Creating prefix chain script '/home/dae/ros2_ws/src/Miau/install/setup.sh'
[1.304s] INFO:colcon.colcon_core.shell:Creating prefix script '/home/dae/ros2_ws/src/Miau/install/local_setup.bash'
[1.304s] INFO:colcon.colcon_core.shell:Creating prefix chain script '/home/dae/ros2_ws/src/Miau/install/setup.bash'
[1.305s] INFO:colcon.colcon_core.shell:Creating prefix script '/home/dae/ros2_ws/src/Miau/install/local_setup.zsh'
[1.305s] INFO:colcon.colcon_core.shell:Creating prefix chain script '/home/dae/ros2_ws/src/Miau/install/setup.zsh'
