[2.075s] Invoking command in '/home/david-romero/Proyectos/robotica/src/ttcc': DEBUGINFOD_URLS=https://debuginfod.ubuntu.com PYTHONPATH=/home/david-romero/Proyectos/robotica/build/ttcc/prefix_override:/usr/lib/python3/dist-packages/colcon_core/task/python/colcon_distutils_commands:/home/david-romero/Proyectos/robotica/install/ttcc/lib/python3.12/site-packages:${PYTHONPATH} /usr/bin/python3 -W ignore:setup.py install is deprecated -W ignore:easy_install command is deprecated setup.py egg_info --egg-base ../../build/ttcc build --build-base /home/david-romero/Proyectos/robotica/build/ttcc/build install --record /home/david-romero/Proyectos/robotica/build/ttcc/install.log --install-scripts $base/lib/ttcc --single-version-externally-managed install_data
[2.558s] running egg_info
[2.597s] writing ../../build/ttcc/ttcc.egg-info/PKG-INFO
[2.597s] writing dependency_links to ../../build/ttcc/ttcc.egg-info/dependency_links.txt
[2.598s] writing entry points to ../../build/ttcc/ttcc.egg-info/entry_points.txt
[2.598s] writing requirements to ../../build/ttcc/ttcc.egg-info/requires.txt
[2.599s] writing top-level names to ../../build/ttcc/ttcc.egg-info/top_level.txt
[2.671s] reading manifest file '../../build/ttcc/ttcc.egg-info/SOURCES.txt'
[2.672s] writing manifest file '../../build/ttcc/ttcc.egg-info/SOURCES.txt'
[2.673s] running build
[2.673s] running build_py
[2.673s] running install
[2.684s] running install_lib
[2.721s] running install_data
[2.722s] running install_egg_info
[2.762s] removing '/home/david-romero/Proyectos/robotica/install/ttcc/lib/python3.12/site-packages/ttcc-0.0.0-py3.12.egg-info' (and everything under it)
[2.763s] Copying ../../build/ttcc/ttcc.egg-info to /home/david-romero/Proyectos/robotica/install/ttcc/lib/python3.12/site-packages/ttcc-0.0.0-py3.12.egg-info
[2.767s] running install_scripts
[3.037s] Installing simulador_cinematico_node script to /home/david-romero/Proyectos/robotica/install/ttcc/lib/ttcc
[3.038s] writing list of installed files to '/home/david-romero/Proyectos/robotica/build/ttcc/install.log'
[3.096s] Invoked command in '/home/david-romero/Proyectos/robotica/src/ttcc' returned '0': DEBUGINFOD_URLS=https://debuginfod.ubuntu.com PYTHONPATH=/home/david-romero/Proyectos/robotica/build/ttcc/prefix_override:/usr/lib/python3/dist-packages/colcon_core/task/python/colcon_distutils_commands:/home/david-romero/Proyectos/robotica/install/ttcc/lib/python3.12/site-packages:${PYTHONPATH} /usr/bin/python3 -W ignore:setup.py install is deprecated -W ignore:easy_install command is deprecated setup.py egg_info --egg-base ../../build/ttcc build --build-base /home/david-romero/Proyectos/robotica/build/ttcc/build install --record /home/david-romero/Proyectos/robotica/build/ttcc/install.log --install-scripts $base/lib/ttcc --single-version-externally-managed install_data
