/home/david-romero/Proyectos/robotica/install/scara_boceto/lib/python3.12/site-packages/scara_boceto/__init__.py
/home/david-romero/Proyectos/robotica/install/scara_boceto/lib/python3.12/site-packages/scara_boceto/gui_sliders.py
/home/david-romero/Proyectos/robotica/install/scara_boceto/lib/python3.12/site-packages/scara_boceto/fk_publisher.py
/home/david-romero/Proyectos/robotica/install/scara_boceto/lib/python3.12/site-packages/scara_boceto/__pycache__/__init__.cpython-312.pyc
/home/david-romero/Proyectos/robotica/install/scara_boceto/lib/python3.12/site-packages/scara_boceto/__pycache__/gui_sliders.cpython-312.pyc
/home/david-romero/Proyectos/robotica/install/scara_boceto/lib/python3.12/site-packages/scara_boceto/__pycache__/fk_publisher.cpython-312.pyc
/home/david-romero/Proyectos/robotica/install/scara_boceto/share/ament_index/resource_index/packages/scara_boceto
/home/david-romero/Proyectos/robotica/install/scara_boceto/share/scara_boceto/package.xml
/home/david-romero/Proyectos/robotica/install/scara_boceto/share/scara_boceto/launch/gazebo.launch.py
/home/david-romero/Proyectos/robotica/install/scara_boceto/share/scara_boceto/launch/display.launch.py
/home/david-romero/Proyectos/robotica/install/scara_boceto/share/scara_boceto/urdf/scara_boceto.urdf.xacro
/home/david-romero/Proyectos/robotica/install/scara_boceto/share/scara_boceto/urdf/final.urdf
/home/david-romero/Proyectos/robotica/install/scara_boceto/share/scara_boceto/meshes/est2.STL
/home/david-romero/Proyectos/robotica/install/scara_boceto/share/scara_boceto/meshes/rot2.STL
/home/david-romero/Proyectos/robotica/install/scara_boceto/share/scara_boceto/meshes/ban3.STL
/home/david-romero/Proyectos/robotica/install/scara_boceto/share/scara_boceto/meshes/rot1.STL
/home/david-romero/Proyectos/robotica/install/scara_boceto/share/scara_boceto/meshes/base_link.STL
/home/david-romero/Proyectos/robotica/install/scara_boceto/share/scara_boceto/meshes/pris.STL
/home/david-romero/Proyectos/robotica/install/scara_boceto/share/scara_boceto/meshes
/home/david-romero/Proyectos/robotica/install/scara_boceto/share/scara_boceto/rviz
/home/david-romero/Proyectos/robotica/install/scara_boceto/share/scara_boceto/config/controller_manager:.yaml
/home/david-romero/Proyectos/robotica/install/scara_boceto/lib/python3.12/site-packages/scara_boceto-0.0.0-py3.12.egg-info/SOURCES.txt
/home/david-romero/Proyectos/robotica/install/scara_boceto/lib/python3.12/site-packages/scara_boceto-0.0.0-py3.12.egg-info/entry_points.txt
/home/david-romero/Proyectos/robotica/install/scara_boceto/lib/python3.12/site-packages/scara_boceto-0.0.0-py3.12.egg-info/PKG-INFO
/home/david-romero/Proyectos/robotica/install/scara_boceto/lib/python3.12/site-packages/scara_boceto-0.0.0-py3.12.egg-info/dependency_links.txt
/home/david-romero/Proyectos/robotica/install/scara_boceto/lib/python3.12/site-packages/scara_boceto-0.0.0-py3.12.egg-info/top_level.txt
/home/david-romero/Proyectos/robotica/install/scara_boceto/lib/scara_boceto/fk_publisher
/home/david-romero/Proyectos/robotica/install/scara_boceto/lib/scara_boceto/gui_sliders
