[0.980s] Invoking command in '/home/david-romero/Proyectos/robotica/src/scara_cajas': DEBUGINFOD_URLS=https://debuginfod.ubuntu.com PYTHONPATH=/home/david-romero/Proyectos/robotica/build/scara_cajas/prefix_override:/usr/lib/python3/dist-packages/colcon_core/task/python/colcon_distutils_commands:/home/david-romero/Proyectos/robotica/install/scara_cajas/lib/python3.12/site-packages:${PYTHONPATH} /usr/bin/python3 -W ignore:setup.py install is deprecated -W ignore:easy_install command is deprecated setup.py egg_info --egg-base ../../build/scara_cajas build --build-base /home/david-romero/Proyectos/robotica/build/scara_cajas/build install --record /home/david-romero/Proyectos/robotica/build/scara_cajas/install.log --install-scripts $base/lib/robot_description --single-version-externally-managed install_data
[1.282s] running egg_info
[1.282s] creating ../../build/scara_cajas/scara_cajas.egg-info
[1.307s] writing ../../build/scara_cajas/scara_cajas.egg-info/PKG-INFO
[1.307s] writing dependency_links to ../../build/scara_cajas/scara_cajas.egg-info/dependency_links.txt
[1.308s] writing entry points to ../../build/scara_cajas/scara_cajas.egg-info/entry_points.txt
[1.308s] writing requirements to ../../build/scara_cajas/scara_cajas.egg-info/requires.txt
[1.308s] writing top-level names to ../../build/scara_cajas/scara_cajas.egg-info/top_level.txt
[1.308s] writing manifest file '../../build/scara_cajas/scara_cajas.egg-info/SOURCES.txt'
[1.354s] reading manifest file '../../build/scara_cajas/scara_cajas.egg-info/SOURCES.txt'
[1.355s] writing manifest file '../../build/scara_cajas/scara_cajas.egg-info/SOURCES.txt'
[1.355s] running build
[1.355s] running build_py
[1.355s] creating /home/david-romero/Proyectos/robotica/build/scara_cajas/build
[1.355s] creating /home/david-romero/Proyectos/robotica/build/scara_cajas/build/lib
[1.355s] creating /home/david-romero/Proyectos/robotica/build/scara_cajas/build/lib/scara_cajas
[1.355s] copying scara_cajas/__init__.py -> /home/david-romero/Proyectos/robotica/build/scara_cajas/build/lib/scara_cajas
[1.356s] running install
[1.364s] running install_lib
[1.386s] creating /home/david-romero/Proyectos/robotica/install/scara_cajas/lib/python3.12/site-packages/scara_cajas
[1.386s] copying /home/david-romero/Proyectos/robotica/build/scara_cajas/build/lib/scara_cajas/__init__.py -> /home/david-romero/Proyectos/robotica/install/scara_cajas/lib/python3.12/site-packages/scara_cajas
[1.387s] byte-compiling /home/david-romero/Proyectos/robotica/install/scara_cajas/lib/python3.12/site-packages/scara_cajas/__init__.py to __init__.cpython-312.pyc
[1.387s] running install_data
[1.387s] creating /home/david-romero/Proyectos/robotica/install/scara_cajas/share/ament_index
[1.387s] creating /home/david-romero/Proyectos/robotica/install/scara_cajas/share/ament_index/resource_index
[1.387s] creating /home/david-romero/Proyectos/robotica/install/scara_cajas/share/ament_index/resource_index/packages
[1.387s] copying resource/scara_cajas -> /home/david-romero/Proyectos/robotica/install/scara_cajas/share/ament_index/resource_index/packages
[1.387s] copying package.xml -> /home/david-romero/Proyectos/robotica/install/scara_cajas/share/scara_cajas
[1.388s] creating /home/david-romero/Proyectos/robotica/install/scara_cajas/lib/scara_cajas
[1.388s] copying scripts/gui_presets.py -> /home/david-romero/Proyectos/robotica/install/scara_cajas/lib/scara_cajas
[1.388s] creating /home/david-romero/Proyectos/robotica/install/scara_cajas/share/scara_cajas/launch
[1.388s] copying launch/display_gazebo.launch.py -> /home/david-romero/Proyectos/robotica/install/scara_cajas/share/scara_cajas/launch
[1.388s] copying launch/display.launch.py -> /home/david-romero/Proyectos/robotica/install/scara_cajas/share/scara_cajas/launch
[1.388s] creating /home/david-romero/Proyectos/robotica/install/scara_cajas/share/scara_cajas/urdf
[1.388s] copying urdf/Ensamblaje1.urdf -> /home/david-romero/Proyectos/robotica/install/scara_cajas/share/scara_cajas/urdf
[1.388s] creating /home/david-romero/Proyectos/robotica/install/scara_cajas/share/scara_cajas/meshes
[1.388s] copying meshes/est2.STL -> /home/david-romero/Proyectos/robotica/install/scara_cajas/share/scara_cajas/meshes
[1.389s] copying meshes/rot2.STL -> /home/david-romero/Proyectos/robotica/install/scara_cajas/share/scara_cajas/meshes
[1.389s] copying meshes/rot1.STL -> /home/david-romero/Proyectos/robotica/install/scara_cajas/share/scara_cajas/meshes
[1.389s] copying meshes/efector.STL -> /home/david-romero/Proyectos/robotica/install/scara_cajas/share/scara_cajas/meshes
[1.389s] copying meshes/pris.STL -> /home/david-romero/Proyectos/robotica/install/scara_cajas/share/scara_cajas/meshes
[1.389s] copying meshes/baase.STL -> /home/david-romero/Proyectos/robotica/install/scara_cajas/share/scara_cajas/meshes
[1.389s] copying meshes/band3.STL -> /home/david-romero/Proyectos/robotica/install/scara_cajas/share/scara_cajas/meshes
[1.389s] running install_egg_info
[1.417s] Copying ../../build/scara_cajas/scara_cajas.egg-info to /home/david-romero/Proyectos/robotica/install/scara_cajas/lib/python3.12/site-packages/scara_cajas-0.0.0-py3.12.egg-info
[1.418s] running install_scripts
[1.569s] Installing gui_presets script to /home/david-romero/Proyectos/robotica/install/scara_cajas/lib/robot_description
[1.570s] writing list of installed files to '/home/david-romero/Proyectos/robotica/build/scara_cajas/install.log'
[1.603s] Invoked command in '/home/david-romero/Proyectos/robotica/src/scara_cajas' returned '0': DEBUGINFOD_URLS=https://debuginfod.ubuntu.com PYTHONPATH=/home/david-romero/Proyectos/robotica/build/scara_cajas/prefix_override:/usr/lib/python3/dist-packages/colcon_core/task/python/colcon_distutils_commands:/home/david-romero/Proyectos/robotica/install/scara_cajas/lib/python3.12/site-packages:${PYTHONPATH} /usr/bin/python3 -W ignore:setup.py install is deprecated -W ignore:easy_install command is deprecated setup.py egg_info --egg-base ../../build/scara_cajas build --build-base /home/david-romero/Proyectos/robotica/build/scara_cajas/build install --record /home/david-romero/Proyectos/robotica/build/scara_cajas/install.log --install-scripts $base/lib/robot_description --single-version-externally-managed install_data
