[3.681s] Invoking command in '/home/david-romero/Proyectos/robotica/build/scara_boceto': DEBUGINFOD_URLS=https://debuginfod.ubuntu.com PYTHONPATH=/home/david-romero/Proyectos/robotica/build/scara_boceto/prefix_override:/usr/lib/python3/dist-packages/colcon_core/task/python/colcon_distutils_commands:/home/david-romero/Proyectos/robotica/install/scara_boceto/lib/python3.12/site-packages:${PYTHONPATH} /usr/bin/python3 -W ignore:setup.py install is deprecated -W ignore:easy_install command is deprecated setup.py develop --editable --build-directory /home/david-romero/Proyectos/robotica/build/scara_boceto/build --no-deps symlink_data --force
[4.619s] running develop
[5.371s] running egg_info
[5.433s] writing scara_boceto.egg-info/PKG-INFO
[5.438s] writing dependency_links to scara_boceto.egg-info/dependency_links.txt
[5.439s] writing entry points to scara_boceto.egg-info/entry_points.txt
[5.439s] writing top-level names to scara_boceto.egg-info/top_level.txt
[5.565s] reading manifest file 'scara_boceto.egg-info/SOURCES.txt'
[5.572s] writing manifest file 'scara_boceto.egg-info/SOURCES.txt'
[5.641s] running build_ext
[5.641s] Creating /home/david-romero/Proyectos/robotica/install/scara_boceto/lib/python3.12/site-packages/scara-boceto.egg-link (link to .)
[5.644s] Installing fk_publisher script to /home/david-romero/Proyectos/robotica/install/scara_boceto/lib/scara_boceto
[5.645s] Installing gui_sliders script to /home/david-romero/Proyectos/robotica/install/scara_boceto/lib/scara_boceto
[5.645s] 
[5.646s] Installed /home/david-romero/Proyectos/robotica/build/scara_boceto
[5.646s] running symlink_data
[5.646s] symbolically linking /home/david-romero/Proyectos/robotica/build/scara_boceto/resource/scara_boceto -> /home/david-romero/Proyectos/robotica/install/scara_boceto/share/ament_index/resource_index/packages
[5.647s] symbolically linking /home/david-romero/Proyectos/robotica/build/scara_boceto/package.xml -> /home/david-romero/Proyectos/robotica/install/scara_boceto/share/scara_boceto
[5.647s] symbolically linking /home/david-romero/Proyectos/robotica/build/scara_boceto/launch/gazebo.launch.py -> /home/david-romero/Proyectos/robotica/install/scara_boceto/share/scara_boceto/launch
[5.647s] symbolically linking /home/david-romero/Proyectos/robotica/build/scara_boceto/launch/display.launch.py -> /home/david-romero/Proyectos/robotica/install/scara_boceto/share/scara_boceto/launch
[5.647s] symbolically linking /home/david-romero/Proyectos/robotica/build/scara_boceto/urdf/scara_boceto.urdf.xacro -> /home/david-romero/Proyectos/robotica/install/scara_boceto/share/scara_boceto/urdf
[5.647s] symbolically linking /home/david-romero/Proyectos/robotica/build/scara_boceto/meshes/est2.STL -> /home/david-romero/Proyectos/robotica/install/scara_boceto/share/scara_boceto/meshes
[5.652s] symbolically linking /home/david-romero/Proyectos/robotica/build/scara_boceto/meshes/rot2.STL -> /home/david-romero/Proyectos/robotica/install/scara_boceto/share/scara_boceto/meshes
[5.653s] symbolically linking /home/david-romero/Proyectos/robotica/build/scara_boceto/meshes/ban3.STL -> /home/david-romero/Proyectos/robotica/install/scara_boceto/share/scara_boceto/meshes
[5.653s] symbolically linking /home/david-romero/Proyectos/robotica/build/scara_boceto/meshes/rot1.STL -> /home/david-romero/Proyectos/robotica/install/scara_boceto/share/scara_boceto/meshes
[5.654s] symbolically linking /home/david-romero/Proyectos/robotica/build/scara_boceto/meshes/base_link.STL -> /home/david-romero/Proyectos/robotica/install/scara_boceto/share/scara_boceto/meshes
[5.654s] symbolically linking /home/david-romero/Proyectos/robotica/build/scara_boceto/meshes/pris.STL -> /home/david-romero/Proyectos/robotica/install/scara_boceto/share/scara_boceto/meshes
[5.654s] symbolically linking /home/david-romero/Proyectos/robotica/build/scara_boceto/config/controller_manager:.yaml -> /home/david-romero/Proyectos/robotica/install/scara_boceto/share/scara_boceto/config
[5.748s] Invoked command in '/home/david-romero/Proyectos/robotica/build/scara_boceto' returned '0': DEBUGINFOD_URLS=https://debuginfod.ubuntu.com PYTHONPATH=/home/david-romero/Proyectos/robotica/build/scara_boceto/prefix_override:/usr/lib/python3/dist-packages/colcon_core/task/python/colcon_distutils_commands:/home/david-romero/Proyectos/robotica/install/scara_boceto/lib/python3.12/site-packages:${PYTHONPATH} /usr/bin/python3 -W ignore:setup.py install is deprecated -W ignore:easy_install command is deprecated setup.py develop --editable --build-directory /home/david-romero/Proyectos/robotica/build/scara_boceto/build --no-deps symlink_data --force
