running egg_info
creating ../../build/scara_boceto/scara_boceto.egg-info
writing ../../build/scara_boceto/scara_boceto.egg-info/PKG-INFO
writing dependency_links to ../../build/scara_boceto/scara_boceto.egg-info/dependency_links.txt
writing requirements to ../../build/scara_boceto/scara_boceto.egg-info/requires.txt
writing top-level names to ../../build/scara_boceto/scara_boceto.egg-info/top_level.txt
writing manifest file '../../build/scara_boceto/scara_boceto.egg-info/SOURCES.txt'
reading manifest file '../../build/scara_boceto/scara_boceto.egg-info/SOURCES.txt'
writing manifest file '../../build/scara_boceto/scara_boceto.egg-info/SOURCES.txt'
running build
running build_py
creating /home/david-romero/Proyectos/robotica/build/scara_boceto/build
creating /home/david-romero/Proyectos/robotica/build/scara_boceto/build/lib
creating /home/david-romero/Proyectos/robotica/build/scara_boceto/build/lib/scara_boceto
copying scara_boceto/__init__.py -> /home/david-romero/Proyectos/robotica/build/scara_boceto/build/lib/scara_boceto
running install
running install_lib
creating /home/david-romero/Proyectos/robotica/install/scara_boceto/lib/python3.12/site-packages/scara_boceto
copying /home/david-romero/Proyectos/robotica/build/scara_boceto/build/lib/scara_boceto/__init__.py -> /home/david-romero/Proyectos/robotica/install/scara_boceto/lib/python3.12/site-packages/scara_boceto
byte-compiling /home/david-romero/Proyectos/robotica/install/scara_boceto/lib/python3.12/site-packages/scara_boceto/__init__.py to __init__.cpython-312.pyc
running install_data
creating /home/david-romero/Proyectos/robotica/install/scara_boceto/share/ament_index
creating /home/david-romero/Proyectos/robotica/install/scara_boceto/share/ament_index/resource_index
creating /home/david-romero/Proyectos/robotica/install/scara_boceto/share/ament_index/resource_index/packages
copying resource/scara_boceto -> /home/david-romero/Proyectos/robotica/install/scara_boceto/share/ament_index/resource_index/packages
copying package.xml -> /home/david-romero/Proyectos/robotica/install/scara_boceto/share/scara_boceto
creating /home/david-romero/Proyectos/robotica/install/scara_boceto/share/scara_boceto/launch
copying launch/display.launch.py -> /home/david-romero/Proyectos/robotica/install/scara_boceto/share/scara_boceto/launch
creating /home/david-romero/Proyectos/robotica/install/scara_boceto/share/scara_boceto/urdf
copying urdf/final.urdf -> /home/david-romero/Proyectos/robotica/install/scara_boceto/share/scara_boceto/urdf
creating /home/david-romero/Proyectos/robotica/install/scara_boceto/share/scara_boceto/meshes
copying meshes/est2.STL -> /home/david-romero/Proyectos/robotica/install/scara_boceto/share/scara_boceto/meshes
copying meshes/rot2.STL -> /home/david-romero/Proyectos/robotica/install/scara_boceto/share/scara_boceto/meshes
copying meshes/ban3.STL -> /home/david-romero/Proyectos/robotica/install/scara_boceto/share/scara_boceto/meshes
copying meshes/rot1.STL -> /home/david-romero/Proyectos/robotica/install/scara_boceto/share/scara_boceto/meshes
copying meshes/base_link.STL -> /home/david-romero/Proyectos/robotica/install/scara_boceto/share/scara_boceto/meshes
copying meshes/pris.STL -> /home/david-romero/Proyectos/robotica/install/scara_boceto/share/scara_boceto/meshes
running install_egg_info
Copying ../../build/scara_boceto/scara_boceto.egg-info to /home/david-romero/Proyectos/robotica/install/scara_boceto/lib/python3.12/site-packages/scara_boceto-0.0.0-py3.12.egg-info
running install_scripts
writing list of installed files to '/home/david-romero/Proyectos/robotica/build/scara_boceto/install.log'
