[2.549s] Invoking command in '/home/david-romero/Proyectos/robotica/src/scara_boceto': DEBUGINFOD_URLS=https://debuginfod.ubuntu.com PYTHONPATH=/home/david-romero/Proyectos/robotica/build/scara_boceto/prefix_override:/usr/lib/python3/dist-packages/colcon_core/task/python/colcon_distutils_commands:/home/david-romero/Proyectos/robotica/install/scara_boceto/lib/python3.12/site-packages:${PYTHONPATH} /usr/bin/python3 -W ignore:setup.py install is deprecated -W ignore:easy_install command is deprecated setup.py egg_info --egg-base ../../build/scara_boceto build --build-base /home/david-romero/Proyectos/robotica/build/scara_boceto/build install --record /home/david-romero/Proyectos/robotica/build/scara_boceto/install.log --install-scripts $base/lib/scara_boceto --single-version-externally-managed install_data
[3.066s] running egg_info
[3.066s] creating ../../build/scara_boceto/scara_boceto.egg-info
[3.108s] writing ../../build/scara_boceto/scara_boceto.egg-info/PKG-INFO
[3.108s] writing dependency_links to ../../build/scara_boceto/scara_boceto.egg-info/dependency_links.txt
[3.109s] writing requirements to ../../build/scara_boceto/scara_boceto.egg-info/requires.txt
[3.109s] writing top-level names to ../../build/scara_boceto/scara_boceto.egg-info/top_level.txt
[3.109s] writing manifest file '../../build/scara_boceto/scara_boceto.egg-info/SOURCES.txt'
[3.196s] reading manifest file '../../build/scara_boceto/scara_boceto.egg-info/SOURCES.txt'
[3.197s] writing manifest file '../../build/scara_boceto/scara_boceto.egg-info/SOURCES.txt'
[3.197s] running build
[3.198s] running build_py
[3.198s] creating /home/david-romero/Proyectos/robotica/build/scara_boceto/build
[3.199s] creating /home/david-romero/Proyectos/robotica/build/scara_boceto/build/lib
[3.199s] creating /home/david-romero/Proyectos/robotica/build/scara_boceto/build/lib/scara_boceto
[3.199s] copying scara_boceto/__init__.py -> /home/david-romero/Proyectos/robotica/build/scara_boceto/build/lib/scara_boceto
[3.199s] running install
[3.213s] running install_lib
[3.254s] creating /home/david-romero/Proyectos/robotica/install/scara_boceto/lib/python3.12/site-packages/scara_boceto
[3.254s] copying /home/david-romero/Proyectos/robotica/build/scara_boceto/build/lib/scara_boceto/__init__.py -> /home/david-romero/Proyectos/robotica/install/scara_boceto/lib/python3.12/site-packages/scara_boceto
[3.255s] byte-compiling /home/david-romero/Proyectos/robotica/install/scara_boceto/lib/python3.12/site-packages/scara_boceto/__init__.py to __init__.cpython-312.pyc
[3.256s] running install_data
[3.256s] creating /home/david-romero/Proyectos/robotica/install/scara_boceto/share/ament_index
[3.256s] creating /home/david-romero/Proyectos/robotica/install/scara_boceto/share/ament_index/resource_index
[3.257s] creating /home/david-romero/Proyectos/robotica/install/scara_boceto/share/ament_index/resource_index/packages
[3.257s] copying resource/scara_boceto -> /home/david-romero/Proyectos/robotica/install/scara_boceto/share/ament_index/resource_index/packages
[3.257s] copying package.xml -> /home/david-romero/Proyectos/robotica/install/scara_boceto/share/scara_boceto
[3.257s] creating /home/david-romero/Proyectos/robotica/install/scara_boceto/share/scara_boceto/launch
[3.258s] copying launch/display.launch.py -> /home/david-romero/Proyectos/robotica/install/scara_boceto/share/scara_boceto/launch
[3.258s] creating /home/david-romero/Proyectos/robotica/install/scara_boceto/share/scara_boceto/urdf
[3.258s] copying urdf/final.urdf -> /home/david-romero/Proyectos/robotica/install/scara_boceto/share/scara_boceto/urdf
[3.259s] creating /home/david-romero/Proyectos/robotica/install/scara_boceto/share/scara_boceto/meshes
[3.259s] copying meshes/est2.STL -> /home/david-romero/Proyectos/robotica/install/scara_boceto/share/scara_boceto/meshes
[3.259s] copying meshes/rot2.STL -> /home/david-romero/Proyectos/robotica/install/scara_boceto/share/scara_boceto/meshes
[3.260s] copying meshes/ban3.STL -> /home/david-romero/Proyectos/robotica/install/scara_boceto/share/scara_boceto/meshes
[3.260s] copying meshes/rot1.STL -> /home/david-romero/Proyectos/robotica/install/scara_boceto/share/scara_boceto/meshes
[3.260s] copying meshes/base_link.STL -> /home/david-romero/Proyectos/robotica/install/scara_boceto/share/scara_boceto/meshes
[3.261s] copying meshes/pris.STL -> /home/david-romero/Proyectos/robotica/install/scara_boceto/share/scara_boceto/meshes
[3.261s] running install_egg_info
[3.298s] Copying ../../build/scara_boceto/scara_boceto.egg-info to /home/david-romero/Proyectos/robotica/install/scara_boceto/lib/python3.12/site-packages/scara_boceto-0.0.0-py3.12.egg-info
[3.300s] running install_scripts
[3.594s] writing list of installed files to '/home/david-romero/Proyectos/robotica/build/scara_boceto/install.log'
[3.654s] Invoked command in '/home/david-romero/Proyectos/robotica/src/scara_boceto' returned '0': DEBUGINFOD_URLS=https://debuginfod.ubuntu.com PYTHONPATH=/home/david-romero/Proyectos/robotica/build/scara_boceto/prefix_override:/usr/lib/python3/dist-packages/colcon_core/task/python/colcon_distutils_commands:/home/david-romero/Proyectos/robotica/install/scara_boceto/lib/python3.12/site-packages:${PYTHONPATH} /usr/bin/python3 -W ignore:setup.py install is deprecated -W ignore:easy_install command is deprecated setup.py egg_info --egg-base ../../build/scara_boceto build --build-base /home/david-romero/Proyectos/robotica/build/scara_boceto/build install --record /home/david-romero/Proyectos/robotica/build/scara_boceto/install.log --install-scripts $base/lib/scara_boceto --single-version-externally-managed install_data
