[6.630s] Invoking command in '/home/david-romero/Proyectos/robotica/src/ttcc': DEBUGINFOD_URLS=https://debuginfod.ubuntu.com PYTHONPATH=/home/david-romero/Proyectos/robotica/build/ttcc/prefix_override:/usr/lib/python3/dist-packages/colcon_core/task/python/colcon_distutils_commands:/home/david-romero/Proyectos/robotica/install/ttcc/lib/python3.12/site-packages:${PYTHONPATH} /usr/bin/python3 -W ignore:setup.py install is deprecated -W ignore:easy_install command is deprecated setup.py egg_info --egg-base ../../build/ttcc build --build-base /home/david-romero/Proyectos/robotica/build/ttcc/build install --record /home/david-romero/Proyectos/robotica/build/ttcc/install.log --install-scripts $base/lib/ttcc --single-version-externally-managed install_data
[8.090s] running egg_info
[8.200s] writing ../../build/ttcc/ttcc.egg-info/PKG-INFO
[8.201s] writing dependency_links to ../../build/ttcc/ttcc.egg-info/dependency_links.txt
[8.203s] writing entry points to ../../build/ttcc/ttcc.egg-info/entry_points.txt
[8.206s] writing requirements to ../../build/ttcc/ttcc.egg-info/requires.txt
[8.206s] writing top-level names to ../../build/ttcc/ttcc.egg-info/top_level.txt
[8.420s] reading manifest file '../../build/ttcc/ttcc.egg-info/SOURCES.txt'
[8.427s] writing manifest file '../../build/ttcc/ttcc.egg-info/SOURCES.txt'
[8.431s] running build
[8.437s] running build_py
[8.442s] running install
[8.455s] running install_lib
[8.573s] running install_data
[8.582s] running install_egg_info
[8.800s] removing '/home/david-romero/Proyectos/robotica/install/ttcc/lib/python3.12/site-packages/ttcc-0.0.0-py3.12.egg-info' (and everything under it)
[8.801s] Copying ../../build/ttcc/ttcc.egg-info to /home/david-romero/Proyectos/robotica/install/ttcc/lib/python3.12/site-packages/ttcc-0.0.0-py3.12.egg-info
[8.807s] running install_scripts
[9.389s] Installing simulador_cinematico_node script to /home/david-romero/Proyectos/robotica/install/ttcc/lib/ttcc
[9.390s] writing list of installed files to '/home/david-romero/Proyectos/robotica/build/ttcc/install.log'
[9.611s] Invoked command in '/home/david-romero/Proyectos/robotica/src/ttcc' returned '0': DEBUGINFOD_URLS=https://debuginfod.ubuntu.com PYTHONPATH=/home/david-romero/Proyectos/robotica/build/ttcc/prefix_override:/usr/lib/python3/dist-packages/colcon_core/task/python/colcon_distutils_commands:/home/david-romero/Proyectos/robotica/install/ttcc/lib/python3.12/site-packages:${PYTHONPATH} /usr/bin/python3 -W ignore:setup.py install is deprecated -W ignore:easy_install command is deprecated setup.py egg_info --egg-base ../../build/ttcc build --build-base /home/david-romero/Proyectos/robotica/build/ttcc/build install --record /home/david-romero/Proyectos/robotica/build/ttcc/install.log --install-scripts $base/lib/ttcc --single-version-externally-managed install_data
