running develop
Removing /home/david-romero/Proyectos/robotica/install/scara_boceto/lib/python3.12/site-packages/scara-boceto.egg-link (link to .)
running egg_info
writing ../../build/scara_boceto/scara_boceto.egg-info/PKG-INFO
writing dependency_links to ../../build/scara_boceto/scara_boceto.egg-info/dependency_links.txt
writing entry points to ../../build/scara_boceto/scara_boceto.egg-info/entry_points.txt
writing top-level names to ../../build/scara_boceto/scara_boceto.egg-info/top_level.txt
reading manifest file '../../build/scara_boceto/scara_boceto.egg-info/SOURCES.txt'
writing manifest file '../../build/scara_boceto/scara_boceto.egg-info/SOURCES.txt'
running build
running build_py
creating /home/david-romero/Proyectos/robotica/build/scara_boceto/build
creating /home/david-romero/Proyectos/robotica/build/scara_boceto/build/lib
creating /home/david-romero/Proyectos/robotica/build/scara_boceto/build/lib/scara_boceto
copying scara_boceto/__init__.py -> /home/david-romero/Proyectos/robotica/build/scara_boceto/build/lib/scara_boceto
copying scara_boceto/gui_sliders.py -> /home/david-romero/Proyectos/robotica/build/scara_boceto/build/lib/scara_boceto
copying scara_boceto/fk_publisher.py -> /home/david-romero/Proyectos/robotica/build/scara_boceto/build/lib/scara_boceto
running install
running install_lib
creating /home/david-romero/Proyectos/robotica/install/scara_boceto/lib/python3.12/site-packages/scara_boceto
copying /home/david-romero/Proyectos/robotica/build/scara_boceto/build/lib/scara_boceto/__init__.py -> /home/david-romero/Proyectos/robotica/install/scara_boceto/lib/python3.12/site-packages/scara_boceto
copying /home/david-romero/Proyectos/robotica/build/scara_boceto/build/lib/scara_boceto/gui_sliders.py -> /home/david-romero/Proyectos/robotica/install/scara_boceto/lib/python3.12/site-packages/scara_boceto
copying /home/david-romero/Proyectos/robotica/build/scara_boceto/build/lib/scara_boceto/fk_publisher.py -> /home/david-romero/Proyectos/robotica/install/scara_boceto/lib/python3.12/site-packages/scara_boceto
byte-compiling /home/david-romero/Proyectos/robotica/install/scara_boceto/lib/python3.12/site-packages/scara_boceto/__init__.py to __init__.cpython-312.pyc
byte-compiling /home/david-romero/Proyectos/robotica/install/scara_boceto/lib/python3.12/site-packages/scara_boceto/gui_sliders.py to gui_sliders.cpython-312.pyc
byte-compiling /home/david-romero/Proyectos/robotica/install/scara_boceto/lib/python3.12/site-packages/scara_boceto/fk_publisher.py to fk_publisher.cpython-312.pyc
running install_data
copying resource/scara_boceto -> /home/david-romero/Proyectos/robotica/install/scara_boceto/share/ament_index/resource_index/packages
copying package.xml -> /home/david-romero/Proyectos/robotica/install/scara_boceto/share/scara_boceto
copying launch/gazebo.launch.py -> /home/david-romero/Proyectos/robotica/install/scara_boceto/share/scara_boceto/launch
copying launch/display.launch.py -> /home/david-romero/Proyectos/robotica/install/scara_boceto/share/scara_boceto/launch
copying urdf/scara_boceto.urdf.xacro -> /home/david-romero/Proyectos/robotica/install/scara_boceto/share/scara_boceto/urdf
copying meshes/est2.STL -> /home/david-romero/Proyectos/robotica/install/scara_boceto/share/scara_boceto/meshes
copying meshes/rot2.STL -> /home/david-romero/Proyectos/robotica/install/scara_boceto/share/scara_boceto/meshes
copying meshes/ban3.STL -> /home/david-romero/Proyectos/robotica/install/scara_boceto/share/scara_boceto/meshes
copying meshes/rot1.STL -> /home/david-romero/Proyectos/robotica/install/scara_boceto/share/scara_boceto/meshes
copying meshes/base_link.STL -> /home/david-romero/Proyectos/robotica/install/scara_boceto/share/scara_boceto/meshes
copying meshes/pris.STL -> /home/david-romero/Proyectos/robotica/install/scara_boceto/share/scara_boceto/meshes
copying config/controller_manager:.yaml -> /home/david-romero/Proyectos/robotica/install/scara_boceto/share/scara_boceto/config
running install_egg_info
Copying ../../build/scara_boceto/scara_boceto.egg-info to /home/david-romero/Proyectos/robotica/install/scara_boceto/lib/python3.12/site-packages/scara_boceto-0.0.0-py3.12.egg-info
running install_scripts
Installing fk_publisher script to /home/david-romero/Proyectos/robotica/install/scara_boceto/lib/scara_boceto
Installing gui_sliders script to /home/david-romero/Proyectos/robotica/install/scara_boceto/lib/scara_boceto
writing list of installed files to '/home/david-romero/Proyectos/robotica/build/scara_boceto/install.log'
