[6.587s] Invoking command in '/home/david-romero/Proyectos/robotica/src/scara_cajas': DEBUGINFOD_URLS=https://debuginfod.ubuntu.com PYTHONPATH=/home/david-romero/Proyectos/robotica/build/scara_cajas/prefix_override:/usr/lib/python3/dist-packages/colcon_core/task/python/colcon_distutils_commands:/home/david-romero/Proyectos/robotica/install/scara_cajas/lib/python3.12/site-packages:${PYTHONPATH} /usr/bin/python3 -W ignore:setup.py install is deprecated -W ignore:easy_install command is deprecated setup.py egg_info --egg-base ../../build/scara_cajas build --build-base /home/david-romero/Proyectos/robotica/build/scara_cajas/build install --record /home/david-romero/Proyectos/robotica/build/scara_cajas/install.log --install-scripts $base/lib/scara_cajas --single-version-externally-managed install_data
[8.088s] running egg_info
[8.192s] writing ../../build/scara_cajas/scara_cajas.egg-info/PKG-INFO
[8.193s] writing dependency_links to ../../build/scara_cajas/scara_cajas.egg-info/dependency_links.txt
[8.193s] writing entry points to ../../build/scara_cajas/scara_cajas.egg-info/entry_points.txt
[8.195s] writing requirements to ../../build/scara_cajas/scara_cajas.egg-info/requires.txt
[8.195s] writing top-level names to ../../build/scara_cajas/scara_cajas.egg-info/top_level.txt
[8.444s] reading manifest file '../../build/scara_cajas/scara_cajas.egg-info/SOURCES.txt'
[8.450s] writing manifest file '../../build/scara_cajas/scara_cajas.egg-info/SOURCES.txt'
[8.451s] running build
[8.457s] running build_py
[8.457s] copying scara_cajas/gazebo_joint_gui.py -> /home/david-romero/Proyectos/robotica/build/scara_cajas/build/lib/scara_cajas
[8.461s] running install
[8.492s] running install_lib
[8.613s] copying /home/david-romero/Proyectos/robotica/build/scara_cajas/build/lib/scara_cajas/gazebo_joint_gui.py -> /home/david-romero/Proyectos/robotica/install/scara_cajas/lib/python3.12/site-packages/scara_cajas
[8.625s] byte-compiling /home/david-romero/Proyectos/robotica/install/scara_cajas/lib/python3.12/site-packages/scara_cajas/gazebo_joint_gui.py to gazebo_joint_gui.cpython-312.pyc
[8.638s] running install_data
[8.640s] running install_egg_info
[8.835s] removing '/home/david-romero/Proyectos/robotica/install/scara_cajas/lib/python3.12/site-packages/scara_cajas-0.0.0-py3.12.egg-info' (and everything under it)
[8.841s] Copying ../../build/scara_cajas/scara_cajas.egg-info to /home/david-romero/Proyectos/robotica/install/scara_cajas/lib/python3.12/site-packages/scara_cajas-0.0.0-py3.12.egg-info
[8.851s] running install_scripts
[9.547s] Installing gazebo_mod script to /home/david-romero/Proyectos/robotica/install/scara_cajas/lib/scara_cajas
[9.547s] Installing gui_presets script to /home/david-romero/Proyectos/robotica/install/scara_cajas/lib/scara_cajas
[9.548s] writing list of installed files to '/home/david-romero/Proyectos/robotica/build/scara_cajas/install.log'
[9.695s] Invoked command in '/home/david-romero/Proyectos/robotica/src/scara_cajas' returned '0': DEBUGINFOD_URLS=https://debuginfod.ubuntu.com PYTHONPATH=/home/david-romero/Proyectos/robotica/build/scara_cajas/prefix_override:/usr/lib/python3/dist-packages/colcon_core/task/python/colcon_distutils_commands:/home/david-romero/Proyectos/robotica/install/scara_cajas/lib/python3.12/site-packages:${PYTHONPATH} /usr/bin/python3 -W ignore:setup.py install is deprecated -W ignore:easy_install command is deprecated setup.py egg_info --egg-base ../../build/scara_cajas build --build-base /home/david-romero/Proyectos/robotica/build/scara_cajas/build install --record /home/david-romero/Proyectos/robotica/build/scara_cajas/install.log --install-scripts $base/lib/scara_cajas --single-version-externally-managed install_data
