[2.347s] Invoking command in '/home/david-romero/Proyectos/robotica/build/scara_boceto': DEBUGINFOD_URLS=https://debuginfod.ubuntu.com PYTHONPATH=/home/david-romero/Proyectos/robotica/build/scara_boceto/prefix_override:/usr/lib/python3/dist-packages/colcon_core/task/python/colcon_distutils_commands:/home/david-romero/Proyectos/robotica/install/scara_boceto/lib/python3.12/site-packages:${PYTHONPATH} /usr/bin/python3 -W ignore:setup.py install is deprecated -W ignore:easy_install command is deprecated setup.py develop --uninstall --editable --build-directory /home/david-romero/Proyectos/robotica/build/scara_boceto/build
[2.901s] running develop
[3.308s] Removing /home/david-romero/Proyectos/robotica/install/scara_boceto/lib/python3.12/site-packages/scara-boceto.egg-link (link to .)
[3.377s] Invoked command in '/home/david-romero/Proyectos/robotica/build/scara_boceto' returned '0': DEBUGINFOD_URLS=https://debuginfod.ubuntu.com PYTHONPATH=/home/david-romero/Proyectos/robotica/build/scara_boceto/prefix_override:/usr/lib/python3/dist-packages/colcon_core/task/python/colcon_distutils_commands:/home/david-romero/Proyectos/robotica/install/scara_boceto/lib/python3.12/site-packages:${PYTHONPATH} /usr/bin/python3 -W ignore:setup.py install is deprecated -W ignore:easy_install command is deprecated setup.py develop --uninstall --editable --build-directory /home/david-romero/Proyectos/robotica/build/scara_boceto/build
[3.380s] Invoking command in '/home/david-romero/Proyectos/robotica/src/scara_boceto': DEBUGINFOD_URLS=https://debuginfod.ubuntu.com PYTHONPATH=/home/david-romero/Proyectos/robotica/build/scara_boceto/prefix_override:/usr/lib/python3/dist-packages/colcon_core/task/python/colcon_distutils_commands:/home/david-romero/Proyectos/robotica/install/scara_boceto/lib/python3.12/site-packages:${PYTHONPATH} /usr/bin/python3 -W ignore:setup.py install is deprecated -W ignore:easy_install command is deprecated setup.py egg_info --egg-base ../../build/scara_boceto build --build-base /home/david-romero/Proyectos/robotica/build/scara_boceto/build install --record /home/david-romero/Proyectos/robotica/build/scara_boceto/install.log --install-scripts $base/lib/scara_boceto --single-version-externally-managed install_data --force
[3.812s] running egg_info
[3.845s] writing ../../build/scara_boceto/scara_boceto.egg-info/PKG-INFO
[3.845s] writing dependency_links to ../../build/scara_boceto/scara_boceto.egg-info/dependency_links.txt
[3.845s] writing entry points to ../../build/scara_boceto/scara_boceto.egg-info/entry_points.txt
[3.846s] writing top-level names to ../../build/scara_boceto/scara_boceto.egg-info/top_level.txt
[3.929s] reading manifest file '../../build/scara_boceto/scara_boceto.egg-info/SOURCES.txt'
[3.930s] writing manifest file '../../build/scara_boceto/scara_boceto.egg-info/SOURCES.txt'
[3.930s] running build
[3.931s] running build_py
[3.931s] copying scara_boceto/gui_sliders.py -> /home/david-romero/Proyectos/robotica/build/scara_boceto/build/lib/scara_boceto
[3.931s] copying scara_boceto/fk_publisher.py -> /home/david-romero/Proyectos/robotica/build/scara_boceto/build/lib/scara_boceto
[3.931s] running install
[3.941s] running install_lib
[3.982s] creating /home/david-romero/Proyectos/robotica/install/scara_boceto/lib/python3.12/site-packages/scara_boceto
[3.982s] copying /home/david-romero/Proyectos/robotica/build/scara_boceto/build/lib/scara_boceto/__init__.py -> /home/david-romero/Proyectos/robotica/install/scara_boceto/lib/python3.12/site-packages/scara_boceto
[3.983s] copying /home/david-romero/Proyectos/robotica/build/scara_boceto/build/lib/scara_boceto/gui_sliders.py -> /home/david-romero/Proyectos/robotica/install/scara_boceto/lib/python3.12/site-packages/scara_boceto
[3.983s] copying /home/david-romero/Proyectos/robotica/build/scara_boceto/build/lib/scara_boceto/fk_publisher.py -> /home/david-romero/Proyectos/robotica/install/scara_boceto/lib/python3.12/site-packages/scara_boceto
[3.984s] byte-compiling /home/david-romero/Proyectos/robotica/install/scara_boceto/lib/python3.12/site-packages/scara_boceto/__init__.py to __init__.cpython-312.pyc
[3.985s] byte-compiling /home/david-romero/Proyectos/robotica/install/scara_boceto/lib/python3.12/site-packages/scara_boceto/gui_sliders.py to gui_sliders.cpython-312.pyc
[3.988s] byte-compiling /home/david-romero/Proyectos/robotica/install/scara_boceto/lib/python3.12/site-packages/scara_boceto/fk_publisher.py to fk_publisher.cpython-312.pyc
[3.989s] running install_data
[3.990s] copying resource/scara_boceto -> /home/david-romero/Proyectos/robotica/install/scara_boceto/share/ament_index/resource_index/packages
[3.990s] copying package.xml -> /home/david-romero/Proyectos/robotica/install/scara_boceto/share/scara_boceto
[3.990s] copying launch/gazebo.launch.py -> /home/david-romero/Proyectos/robotica/install/scara_boceto/share/scara_boceto/launch
[3.990s] copying launch/display.launch.py -> /home/david-romero/Proyectos/robotica/install/scara_boceto/share/scara_boceto/launch
[3.991s] copying urdf/scara_boceto.urdf.xacro -> /home/david-romero/Proyectos/robotica/install/scara_boceto/share/scara_boceto/urdf
[3.991s] copying meshes/est2.STL -> /home/david-romero/Proyectos/robotica/install/scara_boceto/share/scara_boceto/meshes
[3.995s] copying meshes/rot2.STL -> /home/david-romero/Proyectos/robotica/install/scara_boceto/share/scara_boceto/meshes
[3.998s] copying meshes/ban3.STL -> /home/david-romero/Proyectos/robotica/install/scara_boceto/share/scara_boceto/meshes
[3.998s] copying meshes/rot1.STL -> /home/david-romero/Proyectos/robotica/install/scara_boceto/share/scara_boceto/meshes
[4.002s] copying meshes/base_link.STL -> /home/david-romero/Proyectos/robotica/install/scara_boceto/share/scara_boceto/meshes
[4.003s] copying meshes/pris.STL -> /home/david-romero/Proyectos/robotica/install/scara_boceto/share/scara_boceto/meshes
[4.005s] creating /home/david-romero/Proyectos/robotica/install/scara_boceto/share/scara_boceto/rviz
[4.006s] creating /home/david-romero/Proyectos/robotica/install/scara_boceto/share/scara_boceto/config
[4.006s] copying config/controller_manager:.yaml -> /home/david-romero/Proyectos/robotica/install/scara_boceto/share/scara_boceto/config
[4.006s] running install_egg_info
[4.070s] Copying ../../build/scara_boceto/scara_boceto.egg-info to /home/david-romero/Proyectos/robotica/install/scara_boceto/lib/python3.12/site-packages/scara_boceto-0.0.0-py3.12.egg-info
[4.072s] running install_scripts
[4.319s] Installing fk_publisher script to /home/david-romero/Proyectos/robotica/install/scara_boceto/lib/scara_boceto
[4.320s] Installing gui_sliders script to /home/david-romero/Proyectos/robotica/install/scara_boceto/lib/scara_boceto
[4.320s] writing list of installed files to '/home/david-romero/Proyectos/robotica/build/scara_boceto/install.log'
[4.368s] Invoked command in '/home/david-romero/Proyectos/robotica/src/scara_boceto' returned '0': DEBUGINFOD_URLS=https://debuginfod.ubuntu.com PYTHONPATH=/home/david-romero/Proyectos/robotica/build/scara_boceto/prefix_override:/usr/lib/python3/dist-packages/colcon_core/task/python/colcon_distutils_commands:/home/david-romero/Proyectos/robotica/install/scara_boceto/lib/python3.12/site-packages:${PYTHONPATH} /usr/bin/python3 -W ignore:setup.py install is deprecated -W ignore:easy_install command is deprecated setup.py egg_info --egg-base ../../build/scara_boceto build --build-base /home/david-romero/Proyectos/robotica/build/scara_boceto/build install --record /home/david-romero/Proyectos/robotica/build/scara_boceto/install.log --install-scripts $base/lib/scara_boceto --single-version-externally-managed install_data --force
