[2.976s] Invoking command in '/home/david-romero/Proyectos/robotica/src/ttcc': DEBUGINFOD_URLS=https://debuginfod.ubuntu.com PYTHONPATH=/home/david-romero/Proyectos/robotica/build/ttcc/prefix_override:/usr/lib/python3/dist-packages/colcon_core/task/python/colcon_distutils_commands:/home/david-romero/Proyectos/robotica/install/ttcc/lib/python3.12/site-packages:${PYTHONPATH} /usr/bin/python3 -W ignore:setup.py install is deprecated -W ignore:easy_install command is deprecated setup.py egg_info --egg-base ../../build/ttcc build --build-base /home/david-romero/Proyectos/robotica/build/ttcc/build install --record /home/david-romero/Proyectos/robotica/build/ttcc/install.log --install-scripts $base/lib/ttcc --single-version-externally-managed install_data
[3.607s] running egg_info
[3.640s] writing ../../build/ttcc/ttcc.egg-info/PKG-INFO
[3.640s] writing dependency_links to ../../build/ttcc/ttcc.egg-info/dependency_links.txt
[3.640s] writing entry points to ../../build/ttcc/ttcc.egg-info/entry_points.txt
[3.641s] writing requirements to ../../build/ttcc/ttcc.egg-info/requires.txt
[3.641s] writing top-level names to ../../build/ttcc/ttcc.egg-info/top_level.txt
[3.705s] reading manifest file '../../build/ttcc/ttcc.egg-info/SOURCES.txt'
[3.707s] writing manifest file '../../build/ttcc/ttcc.egg-info/SOURCES.txt'
[3.707s] running build
[3.707s] running build_py
[3.708s] running install
[3.718s] running install_lib
[3.750s] running install_data
[3.751s] running install_egg_info
[3.785s] removing '/home/david-romero/Proyectos/robotica/install/ttcc/lib/python3.12/site-packages/ttcc-0.0.0-py3.12.egg-info' (and everything under it)
[3.786s] Copying ../../build/ttcc/ttcc.egg-info to /home/david-romero/Proyectos/robotica/install/ttcc/lib/python3.12/site-packages/ttcc-0.0.0-py3.12.egg-info
[3.787s] running install_scripts
[4.025s] Installing simulador_cinematico_node script to /home/david-romero/Proyectos/robotica/install/ttcc/lib/ttcc
[4.025s] writing list of installed files to '/home/david-romero/Proyectos/robotica/build/ttcc/install.log'
[4.078s] Invoked command in '/home/david-romero/Proyectos/robotica/src/ttcc' returned '0': DEBUGINFOD_URLS=https://debuginfod.ubuntu.com PYTHONPATH=/home/david-romero/Proyectos/robotica/build/ttcc/prefix_override:/usr/lib/python3/dist-packages/colcon_core/task/python/colcon_distutils_commands:/home/david-romero/Proyectos/robotica/install/ttcc/lib/python3.12/site-packages:${PYTHONPATH} /usr/bin/python3 -W ignore:setup.py install is deprecated -W ignore:easy_install command is deprecated setup.py egg_info --egg-base ../../build/ttcc build --build-base /home/david-romero/Proyectos/robotica/build/ttcc/build install --record /home/david-romero/Proyectos/robotica/build/ttcc/install.log --install-scripts $base/lib/ttcc --single-version-externally-managed install_data
