running develop
running egg_info
creating scara_boceto.egg-info
writing scara_boceto.egg-info/PKG-INFO
writing dependency_links to scara_boceto.egg-info/dependency_links.txt
writing entry points to scara_boceto.egg-info/entry_points.txt
writing top-level names to scara_boceto.egg-info/top_level.txt
writing manifest file 'scara_boceto.egg-info/SOURCES.txt'
reading manifest file 'scara_boceto.egg-info/SOURCES.txt'
writing manifest file 'scara_boceto.egg-info/SOURCES.txt'
running build_ext
Creating /home/david-romero/Proyectos/robotica/install/scara_boceto/lib/python3.12/site-packages/scara-boceto.egg-link (link to .)
Installing fk_publisher script to /home/david-romero/Proyectos/robotica/install/scara_boceto/lib/scara_boceto
Installing gui_sliders script to /home/david-romero/Proyectos/robotica/install/scara_boceto/lib/scara_boceto

Installed /home/david-romero/Proyectos/robotica/build/scara_boceto
running symlink_data
creating /home/david-romero/Proyectos/robotica/install/scara_boceto/share/ament_index
creating /home/david-romero/Proyectos/robotica/install/scara_boceto/share/ament_index/resource_index
creating /home/david-romero/Proyectos/robotica/install/scara_boceto/share/ament_index/resource_index/packages
symbolically linking /home/david-romero/Proyectos/robotica/build/scara_boceto/resource/scara_boceto -> /home/david-romero/Proyectos/robotica/install/scara_boceto/share/ament_index/resource_index/packages
symbolically linking /home/david-romero/Proyectos/robotica/build/scara_boceto/package.xml -> /home/david-romero/Proyectos/robotica/install/scara_boceto/share/scara_boceto
creating /home/david-romero/Proyectos/robotica/install/scara_boceto/share/scara_boceto/launch
symbolically linking /home/david-romero/Proyectos/robotica/build/scara_boceto/launch/gazebo.launch.py -> /home/david-romero/Proyectos/robotica/install/scara_boceto/share/scara_boceto/launch
symbolically linking /home/david-romero/Proyectos/robotica/build/scara_boceto/launch/display.launch.py -> /home/david-romero/Proyectos/robotica/install/scara_boceto/share/scara_boceto/launch
creating /home/david-romero/Proyectos/robotica/install/scara_boceto/share/scara_boceto/urdf
symbolically linking /home/david-romero/Proyectos/robotica/build/scara_boceto/urdf/scara_boceto.urdf.xacro -> /home/david-romero/Proyectos/robotica/install/scara_boceto/share/scara_boceto/urdf
symbolically linking /home/david-romero/Proyectos/robotica/build/scara_boceto/urdf/final.urdf -> /home/david-romero/Proyectos/robotica/install/scara_boceto/share/scara_boceto/urdf
creating /home/david-romero/Proyectos/robotica/install/scara_boceto/share/scara_boceto/meshes
symbolically linking /home/david-romero/Proyectos/robotica/build/scara_boceto/meshes/est2.STL -> /home/david-romero/Proyectos/robotica/install/scara_boceto/share/scara_boceto/meshes
symbolically linking /home/david-romero/Proyectos/robotica/build/scara_boceto/meshes/rot2.STL -> /home/david-romero/Proyectos/robotica/install/scara_boceto/share/scara_boceto/meshes
symbolically linking /home/david-romero/Proyectos/robotica/build/scara_boceto/meshes/ban3.STL -> /home/david-romero/Proyectos/robotica/install/scara_boceto/share/scara_boceto/meshes
symbolically linking /home/david-romero/Proyectos/robotica/build/scara_boceto/meshes/rot1.STL -> /home/david-romero/Proyectos/robotica/install/scara_boceto/share/scara_boceto/meshes
symbolically linking /home/david-romero/Proyectos/robotica/build/scara_boceto/meshes/base_link.STL -> /home/david-romero/Proyectos/robotica/install/scara_boceto/share/scara_boceto/meshes
symbolically linking /home/david-romero/Proyectos/robotica/build/scara_boceto/meshes/pris.STL -> /home/david-romero/Proyectos/robotica/install/scara_boceto/share/scara_boceto/meshes
creating /home/david-romero/Proyectos/robotica/install/scara_boceto/share/scara_boceto/rviz
creating /home/david-romero/Proyectos/robotica/install/scara_boceto/share/scara_boceto/config
symbolically linking /home/david-romero/Proyectos/robotica/build/scara_boceto/config/controller_manager:.yaml -> /home/david-romero/Proyectos/robotica/install/scara_boceto/share/scara_boceto/config
