[1.413s] Invoking command in '/home/david-romero/Proyectos/robotica/build/scara_boceto': DEBUGINFOD_URLS=https://debuginfod.ubuntu.com PYTHONPATH=/home/david-romero/Proyectos/robotica/build/scara_boceto/prefix_override:/usr/lib/python3/dist-packages/colcon_core/task/python/colcon_distutils_commands:/home/david-romero/Proyectos/robotica/install/scara_boceto/lib/python3.12/site-packages:${PYTHONPATH} /usr/bin/python3 -W ignore:setup.py install is deprecated -W ignore:easy_install command is deprecated setup.py develop --editable --build-directory /home/david-romero/Proyectos/robotica/build/scara_boceto/build --no-deps symlink_data
[1.777s] running develop
[2.019s] running egg_info
[2.019s] creating scara_boceto.egg-info
[2.042s] writing scara_boceto.egg-info/PKG-INFO
[2.043s] writing dependency_links to scara_boceto.egg-info/dependency_links.txt
[2.043s] writing entry points to scara_boceto.egg-info/entry_points.txt
[2.043s] writing top-level names to scara_boceto.egg-info/top_level.txt
[2.043s] writing manifest file 'scara_boceto.egg-info/SOURCES.txt'
[2.089s] reading manifest file 'scara_boceto.egg-info/SOURCES.txt'
[2.089s] writing manifest file 'scara_boceto.egg-info/SOURCES.txt'
[2.116s] running build_ext
[2.116s] Creating /home/david-romero/Proyectos/robotica/install/scara_boceto/lib/python3.12/site-packages/scara-boceto.egg-link (link to .)
[2.117s] Installing fk_publisher script to /home/david-romero/Proyectos/robotica/install/scara_boceto/lib/scara_boceto
[2.117s] Installing gui_sliders script to /home/david-romero/Proyectos/robotica/install/scara_boceto/lib/scara_boceto
[2.117s] 
[2.117s] Installed /home/david-romero/Proyectos/robotica/build/scara_boceto
[2.117s] running symlink_data
[2.117s] creating /home/david-romero/Proyectos/robotica/install/scara_boceto/share/ament_index
[2.117s] creating /home/david-romero/Proyectos/robotica/install/scara_boceto/share/ament_index/resource_index
[2.117s] creating /home/david-romero/Proyectos/robotica/install/scara_boceto/share/ament_index/resource_index/packages
[2.117s] symbolically linking /home/david-romero/Proyectos/robotica/build/scara_boceto/resource/scara_boceto -> /home/david-romero/Proyectos/robotica/install/scara_boceto/share/ament_index/resource_index/packages
[2.118s] symbolically linking /home/david-romero/Proyectos/robotica/build/scara_boceto/package.xml -> /home/david-romero/Proyectos/robotica/install/scara_boceto/share/scara_boceto
[2.118s] creating /home/david-romero/Proyectos/robotica/install/scara_boceto/share/scara_boceto/launch
[2.118s] symbolically linking /home/david-romero/Proyectos/robotica/build/scara_boceto/launch/gazebo.launch.py -> /home/david-romero/Proyectos/robotica/install/scara_boceto/share/scara_boceto/launch
[2.118s] symbolically linking /home/david-romero/Proyectos/robotica/build/scara_boceto/launch/display.launch.py -> /home/david-romero/Proyectos/robotica/install/scara_boceto/share/scara_boceto/launch
[2.118s] creating /home/david-romero/Proyectos/robotica/install/scara_boceto/share/scara_boceto/urdf
[2.118s] symbolically linking /home/david-romero/Proyectos/robotica/build/scara_boceto/urdf/scara_boceto.urdf.xacro -> /home/david-romero/Proyectos/robotica/install/scara_boceto/share/scara_boceto/urdf
[2.118s] symbolically linking /home/david-romero/Proyectos/robotica/build/scara_boceto/urdf/final.urdf -> /home/david-romero/Proyectos/robotica/install/scara_boceto/share/scara_boceto/urdf
[2.118s] creating /home/david-romero/Proyectos/robotica/install/scara_boceto/share/scara_boceto/meshes
[2.118s] symbolically linking /home/david-romero/Proyectos/robotica/build/scara_boceto/meshes/est2.STL -> /home/david-romero/Proyectos/robotica/install/scara_boceto/share/scara_boceto/meshes
[2.118s] symbolically linking /home/david-romero/Proyectos/robotica/build/scara_boceto/meshes/rot2.STL -> /home/david-romero/Proyectos/robotica/install/scara_boceto/share/scara_boceto/meshes
[2.119s] symbolically linking /home/david-romero/Proyectos/robotica/build/scara_boceto/meshes/ban3.STL -> /home/david-romero/Proyectos/robotica/install/scara_boceto/share/scara_boceto/meshes
[2.119s] symbolically linking /home/david-romero/Proyectos/robotica/build/scara_boceto/meshes/rot1.STL -> /home/david-romero/Proyectos/robotica/install/scara_boceto/share/scara_boceto/meshes
[2.119s] symbolically linking /home/david-romero/Proyectos/robotica/build/scara_boceto/meshes/base_link.STL -> /home/david-romero/Proyectos/robotica/install/scara_boceto/share/scara_boceto/meshes
[2.119s] symbolically linking /home/david-romero/Proyectos/robotica/build/scara_boceto/meshes/pris.STL -> /home/david-romero/Proyectos/robotica/install/scara_boceto/share/scara_boceto/meshes
[2.119s] creating /home/david-romero/Proyectos/robotica/install/scara_boceto/share/scara_boceto/rviz
[2.119s] creating /home/david-romero/Proyectos/robotica/install/scara_boceto/share/scara_boceto/config
[2.119s] symbolically linking /home/david-romero/Proyectos/robotica/build/scara_boceto/config/controller_manager:.yaml -> /home/david-romero/Proyectos/robotica/install/scara_boceto/share/scara_boceto/config
[2.161s] Invoked command in '/home/david-romero/Proyectos/robotica/build/scara_boceto' returned '0': DEBUGINFOD_URLS=https://debuginfod.ubuntu.com PYTHONPATH=/home/david-romero/Proyectos/robotica/build/scara_boceto/prefix_override:/usr/lib/python3/dist-packages/colcon_core/task/python/colcon_distutils_commands:/home/david-romero/Proyectos/robotica/install/scara_boceto/lib/python3.12/site-packages:${PYTHONPATH} /usr/bin/python3 -W ignore:setup.py install is deprecated -W ignore:easy_install command is deprecated setup.py develop --editable --build-directory /home/david-romero/Proyectos/robotica/build/scara_boceto/build --no-deps symlink_data
