running egg_info
creating ../../build/ttcc/ttcc.egg-info
writing ../../build/ttcc/ttcc.egg-info/PKG-INFO
writing dependency_links to ../../build/ttcc/ttcc.egg-info/dependency_links.txt
writing entry points to ../../build/ttcc/ttcc.egg-info/entry_points.txt
writing requirements to ../../build/ttcc/ttcc.egg-info/requires.txt
writing top-level names to ../../build/ttcc/ttcc.egg-info/top_level.txt
writing manifest file '../../build/ttcc/ttcc.egg-info/SOURCES.txt'
reading manifest file '../../build/ttcc/ttcc.egg-info/SOURCES.txt'
writing manifest file '../../build/ttcc/ttcc.egg-info/SOURCES.txt'
running build
running build_py
creating /home/david-romero/Proyectos/robotica/build/ttcc/build
creating /home/david-romero/Proyectos/robotica/build/ttcc/build/lib
creating /home/david-romero/Proyectos/robotica/build/ttcc/build/lib/ttcc
copying ttcc/__init__.py -> /home/david-romero/Proyectos/robotica/build/ttcc/build/lib/ttcc
copying ttcc/simulador_cinematico_node.py -> /home/david-romero/Proyectos/robotica/build/ttcc/build/lib/ttcc
running install
running install_lib
creating /home/david-romero/Proyectos/robotica/install/ttcc/lib/python3.12/site-packages/ttcc
copying /home/david-romero/Proyectos/robotica/build/ttcc/build/lib/ttcc/__init__.py -> /home/david-romero/Proyectos/robotica/install/ttcc/lib/python3.12/site-packages/ttcc
copying /home/david-romero/Proyectos/robotica/build/ttcc/build/lib/ttcc/simulador_cinematico_node.py -> /home/david-romero/Proyectos/robotica/install/ttcc/lib/python3.12/site-packages/ttcc
byte-compiling /home/david-romero/Proyectos/robotica/install/ttcc/lib/python3.12/site-packages/ttcc/__init__.py to __init__.cpython-312.pyc
byte-compiling /home/david-romero/Proyectos/robotica/install/ttcc/lib/python3.12/site-packages/ttcc/simulador_cinematico_node.py to simulador_cinematico_node.cpython-312.pyc
running install_data
creating /home/david-romero/Proyectos/robotica/install/ttcc/share/ament_index
creating /home/david-romero/Proyectos/robotica/install/ttcc/share/ament_index/resource_index
creating /home/david-romero/Proyectos/robotica/install/ttcc/share/ament_index/resource_index/packages
copying resource/ttcc -> /home/david-romero/Proyectos/robotica/install/ttcc/share/ament_index/resource_index/packages
copying package.xml -> /home/david-romero/Proyectos/robotica/install/ttcc/share/ttcc
creating /home/david-romero/Proyectos/robotica/install/ttcc/share/ttcc/launch
copying launch/simultion.launch.py -> /home/david-romero/Proyectos/robotica/install/ttcc/share/ttcc/launch
copying launch/display.launch.py -> /home/david-romero/Proyectos/robotica/install/ttcc/share/ttcc/launch
creating /home/david-romero/Proyectos/robotica/install/ttcc/share/ttcc/urdf
copying urdf/ensamble1.urdf -> /home/david-romero/Proyectos/robotica/install/ttcc/share/ttcc/urdf
creating /home/david-romero/Proyectos/robotica/install/ttcc/share/ttcc/meshes
copying meshes/rott5.STL -> /home/david-romero/Proyectos/robotica/install/ttcc/share/ttcc/meshes
copying meshes/rott4.STL -> /home/david-romero/Proyectos/robotica/install/ttcc/share/ttcc/meshes
copying meshes/rot2.STL -> /home/david-romero/Proyectos/robotica/install/ttcc/share/ttcc/meshes
copying meshes/rot1.STL -> /home/david-romero/Proyectos/robotica/install/ttcc/share/ttcc/meshes
copying meshes/rot3.STL -> /home/david-romero/Proyectos/robotica/install/ttcc/share/ttcc/meshes
copying meshes/base_link.STL -> /home/david-romero/Proyectos/robotica/install/ttcc/share/ttcc/meshes
copying meshes/efector.STL -> /home/david-romero/Proyectos/robotica/install/ttcc/share/ttcc/meshes
copying meshes/rott3.STL -> /home/david-romero/Proyectos/robotica/install/ttcc/share/ttcc/meshes
copying meshes/rott2.STL -> /home/david-romero/Proyectos/robotica/install/ttcc/share/ttcc/meshes
copying meshes/org.STL -> /home/david-romero/Proyectos/robotica/install/ttcc/share/ttcc/meshes
copying meshes/rott6.STL -> /home/david-romero/Proyectos/robotica/install/ttcc/share/ttcc/meshes
copying meshes/prisma1.STL -> /home/david-romero/Proyectos/robotica/install/ttcc/share/ttcc/meshes
copying meshes/rott1.STL -> /home/david-romero/Proyectos/robotica/install/ttcc/share/ttcc/meshes
running install_egg_info
Copying ../../build/ttcc/ttcc.egg-info to /home/david-romero/Proyectos/robotica/install/ttcc/lib/python3.12/site-packages/ttcc-0.0.0-py3.12.egg-info
running install_scripts
Installing simulador_cinematico_node script to /home/david-romero/Proyectos/robotica/install/ttcc/lib/ttcc
writing list of installed files to '/home/david-romero/Proyectos/robotica/build/ttcc/install.log'
