[4.355s] Invoking command in '/home/david-romero/Proyectos/robotica/src/ttcc': DEBUGINFOD_URLS=https://debuginfod.ubuntu.com PYTHONPATH=/home/david-romero/Proyectos/robotica/build/ttcc/prefix_override:/usr/lib/python3/dist-packages/colcon_core/task/python/colcon_distutils_commands:/home/david-romero/Proyectos/robotica/install/ttcc/lib/python3.12/site-packages:${PYTHONPATH} /usr/bin/python3 -W ignore:setup.py install is deprecated -W ignore:easy_install command is deprecated setup.py egg_info --egg-base ../../build/ttcc build --build-base /home/david-romero/Proyectos/robotica/build/ttcc/build install --record /home/david-romero/Proyectos/robotica/build/ttcc/install.log --install-scripts $base/lib/ttcc --single-version-externally-managed install_data
[4.861s] running egg_info
[4.862s] creating ../../build/ttcc/ttcc.egg-info
[4.902s] writing ../../build/ttcc/ttcc.egg-info/PKG-INFO
[4.902s] writing dependency_links to ../../build/ttcc/ttcc.egg-info/dependency_links.txt
[4.902s] writing entry points to ../../build/ttcc/ttcc.egg-info/entry_points.txt
[4.903s] writing requirements to ../../build/ttcc/ttcc.egg-info/requires.txt
[4.903s] writing top-level names to ../../build/ttcc/ttcc.egg-info/top_level.txt
[4.903s] writing manifest file '../../build/ttcc/ttcc.egg-info/SOURCES.txt'
[4.985s] reading manifest file '../../build/ttcc/ttcc.egg-info/SOURCES.txt'
[4.987s] writing manifest file '../../build/ttcc/ttcc.egg-info/SOURCES.txt'
[4.987s] running build
[4.987s] running build_py
[4.988s] creating /home/david-romero/Proyectos/robotica/build/ttcc/build
[4.988s] creating /home/david-romero/Proyectos/robotica/build/ttcc/build/lib
[4.988s] creating /home/david-romero/Proyectos/robotica/build/ttcc/build/lib/ttcc
[4.988s] copying ttcc/__init__.py -> /home/david-romero/Proyectos/robotica/build/ttcc/build/lib/ttcc
[4.988s] copying ttcc/simulador_cinematico_node.py -> /home/david-romero/Proyectos/robotica/build/ttcc/build/lib/ttcc
[4.989s] running install
[5.001s] running install_lib
[5.050s] creating /home/david-romero/Proyectos/robotica/install/ttcc/lib/python3.12/site-packages/ttcc
[5.050s] copying /home/david-romero/Proyectos/robotica/build/ttcc/build/lib/ttcc/__init__.py -> /home/david-romero/Proyectos/robotica/install/ttcc/lib/python3.12/site-packages/ttcc
[5.050s] copying /home/david-romero/Proyectos/robotica/build/ttcc/build/lib/ttcc/simulador_cinematico_node.py -> /home/david-romero/Proyectos/robotica/install/ttcc/lib/python3.12/site-packages/ttcc
[5.051s] byte-compiling /home/david-romero/Proyectos/robotica/install/ttcc/lib/python3.12/site-packages/ttcc/__init__.py to __init__.cpython-312.pyc
[5.052s] byte-compiling /home/david-romero/Proyectos/robotica/install/ttcc/lib/python3.12/site-packages/ttcc/simulador_cinematico_node.py to simulador_cinematico_node.cpython-312.pyc
[5.054s] running install_data
[5.066s] creating /home/david-romero/Proyectos/robotica/install/ttcc/share/ament_index
[5.066s] creating /home/david-romero/Proyectos/robotica/install/ttcc/share/ament_index/resource_index
[5.067s] creating /home/david-romero/Proyectos/robotica/install/ttcc/share/ament_index/resource_index/packages
[5.067s] copying resource/ttcc -> /home/david-romero/Proyectos/robotica/install/ttcc/share/ament_index/resource_index/packages
[5.090s] copying package.xml -> /home/david-romero/Proyectos/robotica/install/ttcc/share/ttcc
[5.137s] creating /home/david-romero/Proyectos/robotica/install/ttcc/share/ttcc/launch
[5.137s] copying launch/simultion.launch.py -> /home/david-romero/Proyectos/robotica/install/ttcc/share/ttcc/launch
[5.169s] copying launch/display.launch.py -> /home/david-romero/Proyectos/robotica/install/ttcc/share/ttcc/launch
[5.170s] creating /home/david-romero/Proyectos/robotica/install/ttcc/share/ttcc/urdf
[5.171s] copying urdf/ensamble1.urdf -> /home/david-romero/Proyectos/robotica/install/ttcc/share/ttcc/urdf
[5.171s] creating /home/david-romero/Proyectos/robotica/install/ttcc/share/ttcc/meshes
[5.171s] copying meshes/rott5.STL -> /home/david-romero/Proyectos/robotica/install/ttcc/share/ttcc/meshes
[5.172s] copying meshes/rott4.STL -> /home/david-romero/Proyectos/robotica/install/ttcc/share/ttcc/meshes
[5.173s] copying meshes/rot2.STL -> /home/david-romero/Proyectos/robotica/install/ttcc/share/ttcc/meshes
[5.173s] copying meshes/rot1.STL -> /home/david-romero/Proyectos/robotica/install/ttcc/share/ttcc/meshes
[5.173s] copying meshes/rot3.STL -> /home/david-romero/Proyectos/robotica/install/ttcc/share/ttcc/meshes
[5.174s] copying meshes/base_link.STL -> /home/david-romero/Proyectos/robotica/install/ttcc/share/ttcc/meshes
[5.175s] copying meshes/efector.STL -> /home/david-romero/Proyectos/robotica/install/ttcc/share/ttcc/meshes
[5.176s] copying meshes/rott3.STL -> /home/david-romero/Proyectos/robotica/install/ttcc/share/ttcc/meshes
[5.176s] copying meshes/rott2.STL -> /home/david-romero/Proyectos/robotica/install/ttcc/share/ttcc/meshes
[5.177s] copying meshes/org.STL -> /home/david-romero/Proyectos/robotica/install/ttcc/share/ttcc/meshes
[5.177s] copying meshes/rott6.STL -> /home/david-romero/Proyectos/robotica/install/ttcc/share/ttcc/meshes
[5.178s] copying meshes/prisma1.STL -> /home/david-romero/Proyectos/robotica/install/ttcc/share/ttcc/meshes
[5.178s] copying meshes/rott1.STL -> /home/david-romero/Proyectos/robotica/install/ttcc/share/ttcc/meshes
[5.179s] running install_egg_info
[5.224s] Copying ../../build/ttcc/ttcc.egg-info to /home/david-romero/Proyectos/robotica/install/ttcc/lib/python3.12/site-packages/ttcc-0.0.0-py3.12.egg-info
[5.226s] running install_scripts
[5.794s] Installing simulador_cinematico_node script to /home/david-romero/Proyectos/robotica/install/ttcc/lib/ttcc
[5.806s] writing list of installed files to '/home/david-romero/Proyectos/robotica/build/ttcc/install.log'
[5.931s] Invoked command in '/home/david-romero/Proyectos/robotica/src/ttcc' returned '0': DEBUGINFOD_URLS=https://debuginfod.ubuntu.com PYTHONPATH=/home/david-romero/Proyectos/robotica/build/ttcc/prefix_override:/usr/lib/python3/dist-packages/colcon_core/task/python/colcon_distutils_commands:/home/david-romero/Proyectos/robotica/install/ttcc/lib/python3.12/site-packages:${PYTHONPATH} /usr/bin/python3 -W ignore:setup.py install is deprecated -W ignore:easy_install command is deprecated setup.py egg_info --egg-base ../../build/ttcc build --build-base /home/david-romero/Proyectos/robotica/build/ttcc/build install --record /home/david-romero/Proyectos/robotica/build/ttcc/install.log --install-scripts $base/lib/ttcc --single-version-externally-managed install_data
