[0.189s] DEBUG:colcon:Command line arguments: ['/usr/bin/colcon', 'build']
[0.189s] DEBUG:colcon:Parsed command line arguments: Namespace(log_base=None, log_level=None, verb_name='build', build_base='build', install_base='install', merge_install=False, symlink_install=False, test_result_base=None, continue_on_error=False, executor='parallel', parallel_workers=8, event_handlers=None, ignore_user_meta=False, metas=['./colcon.meta'], base_paths=['.'], packages_ignore=None, packages_ignore_regex=None, paths=None, packages_up_to=None, packages_up_to_regex=None, packages_above=None, packages_above_and_dependencies=None, packages_above_depth=None, packages_select_by_dep=None, packages_skip_by_dep=None, packages_skip_up_to=None, packages_select_build_failed=False, packages_skip_build_finished=False, packages_select_test_failures=False, packages_skip_test_passed=False, packages_select=None, packages_skip=None, packages_select_regex=None, packages_skip_regex=None, packages_start=None, packages_end=None, allow_overriding=[], cmake_args=None, cmake_target=None, cmake_target_skip_unavailable=False, cmake_clean_cache=False, cmake_clean_first=False, cmake_force_configure=False, ament_cmake_args=None, catkin_cmake_args=None, catkin_skip_building_tests=False, mixin_files=None, mixin=None, verb_parser=<colcon_mixin.mixin.mixin_argument.MixinArgumentDecorator object at 0x78d467a93d10>, verb_extension=<colcon_core.verb.build.BuildVerb object at 0x78d467a93b90>, main=<bound method BuildVerb.main of <colcon_core.verb.build.BuildVerb object at 0x78d467a93b90>>, mixin_verb=('build',))
[0.235s] Level 1:colcon.colcon_core.package_discovery:discover_packages(colcon_meta) check parameters
[0.236s] Level 1:colcon.colcon_core.package_discovery:discover_packages(recursive) check parameters
[0.236s] Level 1:colcon.colcon_core.package_discovery:discover_packages(ignore) check parameters
[0.236s] Level 1:colcon.colcon_core.package_discovery:discover_packages(path) check parameters
[0.236s] Level 1:colcon.colcon_core.package_discovery:discover_packages(colcon_meta) discover
[0.236s] Level 1:colcon.colcon_core.package_discovery:discover_packages(recursive) discover
[0.236s] INFO:colcon.colcon_core.package_discovery:Crawling recursively for packages in '/home/david-romero/Proyectos/robotica'
[0.236s] Level 1:colcon.colcon_core.package_identification:_identify(.) by extensions ['ignore', 'ignore_ament_install']
[0.236s] Level 1:colcon.colcon_core.package_identification:_identify(.) by extension 'ignore'
[0.236s] Level 1:colcon.colcon_core.package_identification:_identify(.) by extension 'ignore_ament_install'
[0.236s] Level 1:colcon.colcon_core.package_identification:_identify(.) by extensions ['colcon_pkg']
[0.236s] Level 1:colcon.colcon_core.package_identification:_identify(.) by extension 'colcon_pkg'
[0.236s] Level 1:colcon.colcon_core.package_identification:_identify(.) by extensions ['colcon_meta']
[0.236s] Level 1:colcon.colcon_core.package_identification:_identify(.) by extension 'colcon_meta'
[0.236s] Level 1:colcon.colcon_core.package_identification:_identify(.) by extensions ['ros']
[0.236s] Level 1:colcon.colcon_core.package_identification:_identify(.) by extension 'ros'
[0.275s] Level 1:colcon.colcon_core.package_identification:_identify(.) by extensions ['cmake', 'python']
[0.275s] Level 1:colcon.colcon_core.package_identification:_identify(.) by extension 'cmake'
[0.275s] Level 1:colcon.colcon_core.package_identification:_identify(.) by extension 'python'
[0.275s] Level 1:colcon.colcon_core.package_identification:_identify(.) by extensions ['python_setup_py']
[0.275s] Level 1:colcon.colcon_core.package_identification:_identify(.) by extension 'python_setup_py'
[0.275s] Level 1:colcon.colcon_core.package_identification:_identify(build) by extensions ['ignore', 'ignore_ament_install']
[0.275s] Level 1:colcon.colcon_core.package_identification:_identify(build) by extension 'ignore'
[0.276s] Level 1:colcon.colcon_core.package_identification:_identify(build) ignored
[0.276s] Level 1:colcon.colcon_core.package_identification:_identify(install) by extensions ['ignore', 'ignore_ament_install']
[0.276s] Level 1:colcon.colcon_core.package_identification:_identify(install) by extension 'ignore'
[0.276s] Level 1:colcon.colcon_core.package_identification:_identify(install) ignored
[0.276s] Level 1:colcon.colcon_core.package_identification:_identify(log) by extensions ['ignore', 'ignore_ament_install']
[0.276s] Level 1:colcon.colcon_core.package_identification:_identify(log) by extension 'ignore'
[0.276s] Level 1:colcon.colcon_core.package_identification:_identify(log) ignored
[0.276s] Level 1:colcon.colcon_core.package_identification:_identify(src) by extensions ['ignore', 'ignore_ament_install']
[0.276s] Level 1:colcon.colcon_core.package_identification:_identify(src) by extension 'ignore'
[0.276s] Level 1:colcon.colcon_core.package_identification:_identify(src) by extension 'ignore_ament_install'
[0.276s] Level 1:colcon.colcon_core.package_identification:_identify(src) by extensions ['colcon_pkg']
[0.276s] Level 1:colcon.colcon_core.package_identification:_identify(src) by extension 'colcon_pkg'
[0.276s] Level 1:colcon.colcon_core.package_identification:_identify(src) by extensions ['colcon_meta']
[0.277s] Level 1:colcon.colcon_core.package_identification:_identify(src) by extension 'colcon_meta'
[0.277s] Level 1:colcon.colcon_core.package_identification:_identify(src) by extensions ['ros']
[0.277s] Level 1:colcon.colcon_core.package_identification:_identify(src) by extension 'ros'
[0.277s] Level 1:colcon.colcon_core.package_identification:_identify(src) by extensions ['cmake', 'python']
[0.277s] Level 1:colcon.colcon_core.package_identification:_identify(src) by extension 'cmake'
[0.277s] Level 1:colcon.colcon_core.package_identification:_identify(src) by extension 'python'
[0.277s] Level 1:colcon.colcon_core.package_identification:_identify(src) by extensions ['python_setup_py']
[0.277s] Level 1:colcon.colcon_core.package_identification:_identify(src) by extension 'python_setup_py'
[0.277s] Level 1:colcon.colcon_core.package_identification:_identify(src/antrop_parcial) by extensions ['ignore', 'ignore_ament_install']
[0.277s] Level 1:colcon.colcon_core.package_identification:_identify(src/antrop_parcial) by extension 'ignore'
[0.277s] Level 1:colcon.colcon_core.package_identification:_identify(src/antrop_parcial) by extension 'ignore_ament_install'
[0.277s] Level 1:colcon.colcon_core.package_identification:_identify(src/antrop_parcial) by extensions ['colcon_pkg']
[0.277s] Level 1:colcon.colcon_core.package_identification:_identify(src/antrop_parcial) by extension 'colcon_pkg'
[0.277s] Level 1:colcon.colcon_core.package_identification:_identify(src/antrop_parcial) by extensions ['colcon_meta']
[0.277s] Level 1:colcon.colcon_core.package_identification:_identify(src/antrop_parcial) by extension 'colcon_meta'
[0.277s] Level 1:colcon.colcon_core.package_identification:_identify(src/antrop_parcial) by extensions ['ros']
[0.277s] Level 1:colcon.colcon_core.package_identification:_identify(src/antrop_parcial) by extension 'ros'
[0.281s] DEBUG:colcon.colcon_core.package_identification:Package 'src/antrop_parcial' with type 'ros.ament_python' and name 'antrop_parcial'
[0.281s] Level 1:colcon.colcon_core.package_identification:_identify(src/scara_boceto) by extensions ['ignore', 'ignore_ament_install']
[0.281s] Level 1:colcon.colcon_core.package_identification:_identify(src/scara_boceto) by extension 'ignore'
[0.281s] Level 1:colcon.colcon_core.package_identification:_identify(src/scara_boceto) by extension 'ignore_ament_install'
[0.281s] Level 1:colcon.colcon_core.package_identification:_identify(src/scara_boceto) by extensions ['colcon_pkg']
[0.281s] Level 1:colcon.colcon_core.package_identification:_identify(src/scara_boceto) by extension 'colcon_pkg'
[0.281s] Level 1:colcon.colcon_core.package_identification:_identify(src/scara_boceto) by extensions ['colcon_meta']
[0.281s] Level 1:colcon.colcon_core.package_identification:_identify(src/scara_boceto) by extension 'colcon_meta'
[0.282s] Level 1:colcon.colcon_core.package_identification:_identify(src/scara_boceto) by extensions ['ros']
[0.282s] Level 1:colcon.colcon_core.package_identification:_identify(src/scara_boceto) by extension 'ros'
[0.283s] DEBUG:colcon.colcon_core.package_identification:Package 'src/scara_boceto' with type 'ros.ament_python' and name 'scara_boceto'
[0.283s] Level 1:colcon.colcon_core.package_identification:_identify(src/scara_cajas) by extensions ['ignore', 'ignore_ament_install']
[0.283s] Level 1:colcon.colcon_core.package_identification:_identify(src/scara_cajas) by extension 'ignore'
[0.283s] Level 1:colcon.colcon_core.package_identification:_identify(src/scara_cajas) by extension 'ignore_ament_install'
[0.283s] Level 1:colcon.colcon_core.package_identification:_identify(src/scara_cajas) by extensions ['colcon_pkg']
[0.283s] Level 1:colcon.colcon_core.package_identification:_identify(src/scara_cajas) by extension 'colcon_pkg'
[0.283s] Level 1:colcon.colcon_core.package_identification:_identify(src/scara_cajas) by extensions ['colcon_meta']
[0.283s] Level 1:colcon.colcon_core.package_identification:_identify(src/scara_cajas) by extension 'colcon_meta'
[0.283s] Level 1:colcon.colcon_core.package_identification:_identify(src/scara_cajas) by extensions ['ros']
[0.283s] Level 1:colcon.colcon_core.package_identification:_identify(src/scara_cajas) by extension 'ros'
[0.284s] DEBUG:colcon.colcon_core.package_identification:Package 'src/scara_cajas' with type 'ros.ament_python' and name 'scara_cajas'
[0.284s] Level 1:colcon.colcon_core.package_identification:_identify(src/scara_parcial) by extensions ['ignore', 'ignore_ament_install']
[0.284s] Level 1:colcon.colcon_core.package_identification:_identify(src/scara_parcial) by extension 'ignore'
[0.284s] Level 1:colcon.colcon_core.package_identification:_identify(src/scara_parcial) by extension 'ignore_ament_install'
[0.284s] Level 1:colcon.colcon_core.package_identification:_identify(src/scara_parcial) by extensions ['colcon_pkg']
[0.284s] Level 1:colcon.colcon_core.package_identification:_identify(src/scara_parcial) by extension 'colcon_pkg'
[0.284s] Level 1:colcon.colcon_core.package_identification:_identify(src/scara_parcial) by extensions ['colcon_meta']
[0.284s] Level 1:colcon.colcon_core.package_identification:_identify(src/scara_parcial) by extension 'colcon_meta'
[0.284s] Level 1:colcon.colcon_core.package_identification:_identify(src/scara_parcial) by extensions ['ros']
[0.284s] Level 1:colcon.colcon_core.package_identification:_identify(src/scara_parcial) by extension 'ros'
[0.285s] DEBUG:colcon.colcon_core.package_identification:Package 'src/scara_parcial' with type 'ros.ament_python' and name 'scara_parcial'
[0.285s] Level 1:colcon.colcon_core.package_identification:_identify(src/ttcc) by extensions ['ignore', 'ignore_ament_install']
[0.285s] Level 1:colcon.colcon_core.package_identification:_identify(src/ttcc) by extension 'ignore'
[0.285s] Level 1:colcon.colcon_core.package_identification:_identify(src/ttcc) by extension 'ignore_ament_install'
[0.285s] Level 1:colcon.colcon_core.package_identification:_identify(src/ttcc) by extensions ['colcon_pkg']
[0.285s] Level 1:colcon.colcon_core.package_identification:_identify(src/ttcc) by extension 'colcon_pkg'
[0.285s] Level 1:colcon.colcon_core.package_identification:_identify(src/ttcc) by extensions ['colcon_meta']
[0.285s] Level 1:colcon.colcon_core.package_identification:_identify(src/ttcc) by extension 'colcon_meta'
[0.285s] Level 1:colcon.colcon_core.package_identification:_identify(src/ttcc) by extensions ['ros']
[0.286s] Level 1:colcon.colcon_core.package_identification:_identify(src/ttcc) by extension 'ros'
[0.286s] DEBUG:colcon.colcon_core.package_identification:Package 'src/ttcc' with type 'ros.ament_python' and name 'ttcc'
[0.286s] Level 1:colcon.colcon_core.package_discovery:discover_packages(recursive) using defaults
[0.286s] Level 1:colcon.colcon_core.package_discovery:discover_packages(ignore) discover
[0.286s] Level 1:colcon.colcon_core.package_discovery:discover_packages(ignore) using defaults
[0.286s] Level 1:colcon.colcon_core.package_discovery:discover_packages(path) discover
[0.286s] Level 1:colcon.colcon_core.package_discovery:discover_packages(path) using defaults
[0.317s] Level 1:colcon.colcon_core.package_discovery:discover_packages(prefix_path) check parameters
[0.317s] Level 1:colcon.colcon_core.package_discovery:discover_packages(prefix_path) discover
[0.322s] DEBUG:colcon.colcon_installed_package_information.package_discovery:Found 5 installed packages in /home/david-romero/Proyectos/robotica/install
[0.324s] DEBUG:colcon.colcon_installed_package_information.package_discovery:Found 373 installed packages in /opt/ros/jazzy
[0.326s] Level 1:colcon.colcon_core.package_discovery:discover_packages(prefix_path) using defaults
[0.432s] Level 5:colcon.colcon_core.verb:set package 'antrop_parcial' build argument 'cmake_args' from command line to 'None'
[0.432s] Level 5:colcon.colcon_core.verb:set package 'antrop_parcial' build argument 'cmake_target' from command line to 'None'
[0.432s] Level 5:colcon.colcon_core.verb:set package 'antrop_parcial' build argument 'cmake_target_skip_unavailable' from command line to 'False'
[0.432s] Level 5:colcon.colcon_core.verb:set package 'antrop_parcial' build argument 'cmake_clean_cache' from command line to 'False'
[0.432s] Level 5:colcon.colcon_core.verb:set package 'antrop_parcial' build argument 'cmake_clean_first' from command line to 'False'
[0.432s] Level 5:colcon.colcon_core.verb:set package 'antrop_parcial' build argument 'cmake_force_configure' from command line to 'False'
[0.432s] Level 5:colcon.colcon_core.verb:set package 'antrop_parcial' build argument 'ament_cmake_args' from command line to 'None'
[0.432s] Level 5:colcon.colcon_core.verb:set package 'antrop_parcial' build argument 'catkin_cmake_args' from command line to 'None'
[0.432s] Level 5:colcon.colcon_core.verb:set package 'antrop_parcial' build argument 'catkin_skip_building_tests' from command line to 'False'
[0.432s] DEBUG:colcon.colcon_core.verb:Building package 'antrop_parcial' with the following arguments: {'ament_cmake_args': None, 'build_base': '/home/david-romero/Proyectos/robotica/build/antrop_parcial', 'catkin_cmake_args': None, 'catkin_skip_building_tests': False, 'cmake_args': None, 'cmake_clean_cache': False, 'cmake_clean_first': False, 'cmake_force_configure': False, 'cmake_target': None, 'cmake_target_skip_unavailable': False, 'install_base': '/home/david-romero/Proyectos/robotica/install/antrop_parcial', 'merge_install': False, 'path': '/home/david-romero/Proyectos/robotica/src/antrop_parcial', 'symlink_install': False, 'test_result_base': None}
[0.433s] Level 5:colcon.colcon_core.verb:set package 'scara_boceto' build argument 'cmake_args' from command line to 'None'
[0.433s] Level 5:colcon.colcon_core.verb:set package 'scara_boceto' build argument 'cmake_target' from command line to 'None'
[0.433s] Level 5:colcon.colcon_core.verb:set package 'scara_boceto' build argument 'cmake_target_skip_unavailable' from command line to 'False'
[0.433s] Level 5:colcon.colcon_core.verb:set package 'scara_boceto' build argument 'cmake_clean_cache' from command line to 'False'
[0.433s] Level 5:colcon.colcon_core.verb:set package 'scara_boceto' build argument 'cmake_clean_first' from command line to 'False'
[0.433s] Level 5:colcon.colcon_core.verb:set package 'scara_boceto' build argument 'cmake_force_configure' from command line to 'False'
[0.433s] Level 5:colcon.colcon_core.verb:set package 'scara_boceto' build argument 'ament_cmake_args' from command line to 'None'
[0.433s] Level 5:colcon.colcon_core.verb:set package 'scara_boceto' build argument 'catkin_cmake_args' from command line to 'None'
[0.433s] Level 5:colcon.colcon_core.verb:set package 'scara_boceto' build argument 'catkin_skip_building_tests' from command line to 'False'
[0.433s] DEBUG:colcon.colcon_core.verb:Building package 'scara_boceto' with the following arguments: {'ament_cmake_args': None, 'build_base': '/home/david-romero/Proyectos/robotica/build/scara_boceto', 'catkin_cmake_args': None, 'catkin_skip_building_tests': False, 'cmake_args': None, 'cmake_clean_cache': False, 'cmake_clean_first': False, 'cmake_force_configure': False, 'cmake_target': None, 'cmake_target_skip_unavailable': False, 'install_base': '/home/david-romero/Proyectos/robotica/install/scara_boceto', 'merge_install': False, 'path': '/home/david-romero/Proyectos/robotica/src/scara_boceto', 'symlink_install': False, 'test_result_base': None}
[0.433s] Level 5:colcon.colcon_core.verb:set package 'scara_cajas' build argument 'cmake_args' from command line to 'None'
[0.433s] Level 5:colcon.colcon_core.verb:set package 'scara_cajas' build argument 'cmake_target' from command line to 'None'
[0.433s] Level 5:colcon.colcon_core.verb:set package 'scara_cajas' build argument 'cmake_target_skip_unavailable' from command line to 'False'
[0.433s] Level 5:colcon.colcon_core.verb:set package 'scara_cajas' build argument 'cmake_clean_cache' from command line to 'False'
[0.433s] Level 5:colcon.colcon_core.verb:set package 'scara_cajas' build argument 'cmake_clean_first' from command line to 'False'
[0.433s] Level 5:colcon.colcon_core.verb:set package 'scara_cajas' build argument 'cmake_force_configure' from command line to 'False'
[0.433s] Level 5:colcon.colcon_core.verb:set package 'scara_cajas' build argument 'ament_cmake_args' from command line to 'None'
[0.433s] Level 5:colcon.colcon_core.verb:set package 'scara_cajas' build argument 'catkin_cmake_args' from command line to 'None'
[0.433s] Level 5:colcon.colcon_core.verb:set package 'scara_cajas' build argument 'catkin_skip_building_tests' from command line to 'False'
[0.433s] DEBUG:colcon.colcon_core.verb:Building package 'scara_cajas' with the following arguments: {'ament_cmake_args': None, 'build_base': '/home/david-romero/Proyectos/robotica/build/scara_cajas', 'catkin_cmake_args': None, 'catkin_skip_building_tests': False, 'cmake_args': None, 'cmake_clean_cache': False, 'cmake_clean_first': False, 'cmake_force_configure': False, 'cmake_target': None, 'cmake_target_skip_unavailable': False, 'install_base': '/home/david-romero/Proyectos/robotica/install/scara_cajas', 'merge_install': False, 'path': '/home/david-romero/Proyectos/robotica/src/scara_cajas', 'symlink_install': False, 'test_result_base': None}
[0.434s] Level 5:colcon.colcon_core.verb:set package 'scara_parcial' build argument 'cmake_args' from command line to 'None'
[0.434s] Level 5:colcon.colcon_core.verb:set package 'scara_parcial' build argument 'cmake_target' from command line to 'None'
[0.434s] Level 5:colcon.colcon_core.verb:set package 'scara_parcial' build argument 'cmake_target_skip_unavailable' from command line to 'False'
[0.434s] Level 5:colcon.colcon_core.verb:set package 'scara_parcial' build argument 'cmake_clean_cache' from command line to 'False'
[0.434s] Level 5:colcon.colcon_core.verb:set package 'scara_parcial' build argument 'cmake_clean_first' from command line to 'False'
[0.434s] Level 5:colcon.colcon_core.verb:set package 'scara_parcial' build argument 'cmake_force_configure' from command line to 'False'
[0.434s] Level 5:colcon.colcon_core.verb:set package 'scara_parcial' build argument 'ament_cmake_args' from command line to 'None'
[0.434s] Level 5:colcon.colcon_core.verb:set package 'scara_parcial' build argument 'catkin_cmake_args' from command line to 'None'
[0.434s] Level 5:colcon.colcon_core.verb:set package 'scara_parcial' build argument 'catkin_skip_building_tests' from command line to 'False'
[0.434s] DEBUG:colcon.colcon_core.verb:Building package 'scara_parcial' with the following arguments: {'ament_cmake_args': None, 'build_base': '/home/david-romero/Proyectos/robotica/build/scara_parcial', 'catkin_cmake_args': None, 'catkin_skip_building_tests': False, 'cmake_args': None, 'cmake_clean_cache': False, 'cmake_clean_first': False, 'cmake_force_configure': False, 'cmake_target': None, 'cmake_target_skip_unavailable': False, 'install_base': '/home/david-romero/Proyectos/robotica/install/scara_parcial', 'merge_install': False, 'path': '/home/david-romero/Proyectos/robotica/src/scara_parcial', 'symlink_install': False, 'test_result_base': None}
[0.434s] Level 5:colcon.colcon_core.verb:set package 'ttcc' build argument 'cmake_args' from command line to 'None'
[0.434s] Level 5:colcon.colcon_core.verb:set package 'ttcc' build argument 'cmake_target' from command line to 'None'
[0.434s] Level 5:colcon.colcon_core.verb:set package 'ttcc' build argument 'cmake_target_skip_unavailable' from command line to 'False'
[0.434s] Level 5:colcon.colcon_core.verb:set package 'ttcc' build argument 'cmake_clean_cache' from command line to 'False'
[0.434s] Level 5:colcon.colcon_core.verb:set package 'ttcc' build argument 'cmake_clean_first' from command line to 'False'
[0.434s] Level 5:colcon.colcon_core.verb:set package 'ttcc' build argument 'cmake_force_configure' from command line to 'False'
[0.434s] Level 5:colcon.colcon_core.verb:set package 'ttcc' build argument 'ament_cmake_args' from command line to 'None'
[0.434s] Level 5:colcon.colcon_core.verb:set package 'ttcc' build argument 'catkin_cmake_args' from command line to 'None'
[0.434s] Level 5:colcon.colcon_core.verb:set package 'ttcc' build argument 'catkin_skip_building_tests' from command line to 'False'
[0.434s] DEBUG:colcon.colcon_core.verb:Building package 'ttcc' with the following arguments: {'ament_cmake_args': None, 'build_base': '/home/david-romero/Proyectos/robotica/build/ttcc', 'catkin_cmake_args': None, 'catkin_skip_building_tests': False, 'cmake_args': None, 'cmake_clean_cache': False, 'cmake_clean_first': False, 'cmake_force_configure': False, 'cmake_target': None, 'cmake_target_skip_unavailable': False, 'install_base': '/home/david-romero/Proyectos/robotica/install/ttcc', 'merge_install': False, 'path': '/home/david-romero/Proyectos/robotica/src/ttcc', 'symlink_install': False, 'test_result_base': None}
[0.435s] INFO:colcon.colcon_core.executor:Executing jobs using 'parallel' executor
[0.436s] DEBUG:colcon.colcon_parallel_executor.executor.parallel:run_until_complete
[0.436s] INFO:colcon.colcon_ros.task.ament_python.build:Building ROS package in '/home/david-romero/Proyectos/robotica/src/antrop_parcial' with build type 'ament_python'
[0.436s] Level 1:colcon.colcon_core.shell:create_environment_hook('antrop_parcial', 'ament_prefix_path')
[0.442s] INFO:colcon.colcon_core.plugin_system:Skipping extension 'colcon_core.shell.bat': Not used on non-Windows systems
[0.442s] INFO:colcon.colcon_core.shell:Creating environment hook '/home/david-romero/Proyectos/robotica/install/antrop_parcial/share/antrop_parcial/hook/ament_prefix_path.ps1'
[0.444s] INFO:colcon.colcon_core.shell:Creating environment descriptor '/home/david-romero/Proyectos/robotica/install/antrop_parcial/share/antrop_parcial/hook/ament_prefix_path.dsv'
[0.444s] INFO:colcon.colcon_core.shell:Creating environment hook '/home/david-romero/Proyectos/robotica/install/antrop_parcial/share/antrop_parcial/hook/ament_prefix_path.sh'
[0.445s] INFO:colcon.colcon_core.shell:Skip shell extension 'powershell' for command environment: Not usable outside of PowerShell
[0.445s] DEBUG:colcon.colcon_core.shell:Skip shell extension 'dsv' for command environment
[0.449s] INFO:colcon.colcon_ros.task.ament_python.build:Building ROS package in '/home/david-romero/Proyectos/robotica/src/scara_boceto' with build type 'ament_python'
[0.449s] Level 1:colcon.colcon_core.shell:create_environment_hook('scara_boceto', 'ament_prefix_path')
[0.449s] INFO:colcon.colcon_core.shell:Creating environment hook '/home/david-romero/Proyectos/robotica/install/scara_boceto/share/scara_boceto/hook/ament_prefix_path.ps1'
[0.451s] INFO:colcon.colcon_core.shell:Creating environment descriptor '/home/david-romero/Proyectos/robotica/install/scara_boceto/share/scara_boceto/hook/ament_prefix_path.dsv'
[0.451s] INFO:colcon.colcon_core.shell:Creating environment hook '/home/david-romero/Proyectos/robotica/install/scara_boceto/share/scara_boceto/hook/ament_prefix_path.sh'
[0.451s] INFO:colcon.colcon_core.shell:Skip shell extension 'powershell' for command environment: Not usable outside of PowerShell
[0.452s] DEBUG:colcon.colcon_core.shell:Skip shell extension 'dsv' for command environment
[0.456s] INFO:colcon.colcon_ros.task.ament_python.build:Building ROS package in '/home/david-romero/Proyectos/robotica/src/scara_cajas' with build type 'ament_python'
[0.456s] Level 1:colcon.colcon_core.shell:create_environment_hook('scara_cajas', 'ament_prefix_path')
[0.457s] INFO:colcon.colcon_core.shell:Creating environment hook '/home/david-romero/Proyectos/robotica/install/scara_cajas/share/scara_cajas/hook/ament_prefix_path.ps1'
[0.458s] INFO:colcon.colcon_core.shell:Creating environment descriptor '/home/david-romero/Proyectos/robotica/install/scara_cajas/share/scara_cajas/hook/ament_prefix_path.dsv'
[0.459s] INFO:colcon.colcon_core.shell:Creating environment hook '/home/david-romero/Proyectos/robotica/install/scara_cajas/share/scara_cajas/hook/ament_prefix_path.sh'
[0.461s] INFO:colcon.colcon_core.shell:Skip shell extension 'powershell' for command environment: Not usable outside of PowerShell
[0.461s] DEBUG:colcon.colcon_core.shell:Skip shell extension 'dsv' for command environment
[0.467s] INFO:colcon.colcon_ros.task.ament_python.build:Building ROS package in '/home/david-romero/Proyectos/robotica/src/scara_parcial' with build type 'ament_python'
[0.467s] Level 1:colcon.colcon_core.shell:create_environment_hook('scara_parcial', 'ament_prefix_path')
[0.467s] INFO:colcon.colcon_core.shell:Creating environment hook '/home/david-romero/Proyectos/robotica/install/scara_parcial/share/scara_parcial/hook/ament_prefix_path.ps1'
[0.469s] INFO:colcon.colcon_core.shell:Creating environment descriptor '/home/david-romero/Proyectos/robotica/install/scara_parcial/share/scara_parcial/hook/ament_prefix_path.dsv'
[0.469s] INFO:colcon.colcon_core.shell:Creating environment hook '/home/david-romero/Proyectos/robotica/install/scara_parcial/share/scara_parcial/hook/ament_prefix_path.sh'
[0.470s] INFO:colcon.colcon_core.shell:Skip shell extension 'powershell' for command environment: Not usable outside of PowerShell
[0.470s] DEBUG:colcon.colcon_core.shell:Skip shell extension 'dsv' for command environment
[0.477s] INFO:colcon.colcon_ros.task.ament_python.build:Building ROS package in '/home/david-romero/Proyectos/robotica/src/ttcc' with build type 'ament_python'
[0.477s] Level 1:colcon.colcon_core.shell:create_environment_hook('ttcc', 'ament_prefix_path')
[0.478s] INFO:colcon.colcon_core.shell:Creating environment hook '/home/david-romero/Proyectos/robotica/install/ttcc/share/ttcc/hook/ament_prefix_path.ps1'
[0.479s] INFO:colcon.colcon_core.shell:Creating environment descriptor '/home/david-romero/Proyectos/robotica/install/ttcc/share/ttcc/hook/ament_prefix_path.dsv'
[0.480s] INFO:colcon.colcon_core.shell:Creating environment hook '/home/david-romero/Proyectos/robotica/install/ttcc/share/ttcc/hook/ament_prefix_path.sh'
[0.481s] INFO:colcon.colcon_core.shell:Skip shell extension 'powershell' for command environment: Not usable outside of PowerShell
[0.481s] DEBUG:colcon.colcon_core.shell:Skip shell extension 'dsv' for command environment
[0.764s] INFO:colcon.colcon_core.task.python.build:Building Python package in '/home/david-romero/Proyectos/robotica/src/antrop_parcial'
[0.764s] INFO:colcon.colcon_core.shell:Skip shell extension 'powershell' for command environment: Not usable outside of PowerShell
[0.764s] DEBUG:colcon.colcon_core.shell:Skip shell extension 'dsv' for command environment
[1.105s] INFO:colcon.colcon_core.task.python.build:Building Python package in '/home/david-romero/Proyectos/robotica/src/scara_boceto'
[1.105s] INFO:colcon.colcon_core.shell:Skip shell extension 'powershell' for command environment: Not usable outside of PowerShell
[1.105s] DEBUG:colcon.colcon_core.shell:Skip shell extension 'dsv' for command environment
[1.363s] INFO:colcon.colcon_core.task.python.build:Building Python package in '/home/david-romero/Proyectos/robotica/src/scara_cajas'
[1.363s] INFO:colcon.colcon_core.shell:Skip shell extension 'powershell' for command environment: Not usable outside of PowerShell
[1.363s] DEBUG:colcon.colcon_core.shell:Skip shell extension 'dsv' for command environment
[1.644s] INFO:colcon.colcon_core.task.python.build:Building Python package in '/home/david-romero/Proyectos/robotica/src/scara_parcial'
[1.644s] INFO:colcon.colcon_core.shell:Skip shell extension 'powershell' for command environment: Not usable outside of PowerShell
[1.644s] DEBUG:colcon.colcon_core.shell:Skip shell extension 'dsv' for command environment
[1.920s] INFO:colcon.colcon_core.task.python.build:Building Python package in '/home/david-romero/Proyectos/robotica/src/ttcc'
[1.921s] INFO:colcon.colcon_core.shell:Skip shell extension 'powershell' for command environment: Not usable outside of PowerShell
[1.921s] DEBUG:colcon.colcon_core.shell:Skip shell extension 'dsv' for command environment
[3.182s] DEBUG:colcon.colcon_core.task.python.build:Available setuptools commands: develop, build_py, build_ext, build_clib, clean, alias, bdist_rpm, init_catalog, upload_docs, easy_install, rotate, install_data, bdist_dumb, setopt, upload, install_egg_info, install, update_catalog, bdist_egg, bdist_wheel, test, dist_info, install_headers, saveopts, register, compile_catalog, install_scripts, egg_info, extract_messages, build_scripts, bdist, install_lib, build, editable_wheel, sdist, symlink_data, check
[3.187s] DEBUG:colcon.colcon_core.event_handler.log_command:Invoking command in '/home/david-romero/Proyectos/robotica/src/scara_boceto': DEBUGINFOD_URLS=https://debuginfod.ubuntu.com PYTHONPATH=/home/david-romero/Proyectos/robotica/build/scara_boceto/prefix_override:/usr/lib/python3/dist-packages/colcon_core/task/python/colcon_distutils_commands:/home/david-romero/Proyectos/robotica/install/scara_boceto/lib/python3.12/site-packages:${PYTHONPATH} /usr/bin/python3 -W ignore:setup.py install is deprecated -W ignore:easy_install command is deprecated setup.py egg_info --egg-base ../../build/scara_boceto build --build-base /home/david-romero/Proyectos/robotica/build/scara_boceto/build install --record /home/david-romero/Proyectos/robotica/build/scara_boceto/install.log --install-scripts $base/lib/scara_boceto --single-version-externally-managed install_data
[3.243s] DEBUG:colcon.colcon_core.task.python.build:Available setuptools commands: develop, build_py, build_ext, build_clib, clean, alias, bdist_rpm, init_catalog, upload_docs, easy_install, rotate, install_data, bdist_dumb, setopt, upload, install_egg_info, install, update_catalog, bdist_egg, bdist_wheel, test, dist_info, install_headers, saveopts, register, compile_catalog, install_scripts, egg_info, extract_messages, build_scripts, bdist, install_lib, build, editable_wheel, sdist, symlink_data, check
[3.246s] DEBUG:colcon.colcon_core.event_handler.log_command:Invoking command in '/home/david-romero/Proyectos/robotica/src/scara_parcial': DEBUGINFOD_URLS=https://debuginfod.ubuntu.com PYTHONPATH=/home/david-romero/Proyectos/robotica/build/scara_parcial/prefix_override:/usr/lib/python3/dist-packages/colcon_core/task/python/colcon_distutils_commands:/home/david-romero/Proyectos/robotica/install/scara_parcial/lib/python3.12/site-packages:${PYTHONPATH} /usr/bin/python3 -W ignore:setup.py install is deprecated -W ignore:easy_install command is deprecated setup.py egg_info --egg-base ../../build/scara_parcial build --build-base /home/david-romero/Proyectos/robotica/build/scara_parcial/build install --record /home/david-romero/Proyectos/robotica/build/scara_parcial/install.log --install-scripts $base/lib/robot_description --single-version-externally-managed install_data
[3.290s] DEBUG:colcon.colcon_core.task.python.build:Available setuptools commands: develop, build_py, build_ext, build_clib, clean, alias, bdist_rpm, init_catalog, upload_docs, easy_install, rotate, install_data, bdist_dumb, setopt, upload, install_egg_info, install, update_catalog, bdist_egg, bdist_wheel, test, dist_info, install_headers, saveopts, register, compile_catalog, install_scripts, egg_info, extract_messages, build_scripts, bdist, install_lib, build, editable_wheel, sdist, symlink_data, check
[3.294s] DEBUG:colcon.colcon_core.event_handler.log_command:Invoking command in '/home/david-romero/Proyectos/robotica/src/antrop_parcial': DEBUGINFOD_URLS=https://debuginfod.ubuntu.com PYTHONPATH=/home/david-romero/Proyectos/robotica/build/antrop_parcial/prefix_override:/usr/lib/python3/dist-packages/colcon_core/task/python/colcon_distutils_commands:/home/david-romero/Proyectos/robotica/install/antrop_parcial/lib/python3.12/site-packages:${PYTHONPATH} /usr/bin/python3 -W ignore:setup.py install is deprecated -W ignore:easy_install command is deprecated setup.py egg_info --egg-base ../../build/antrop_parcial build --build-base /home/david-romero/Proyectos/robotica/build/antrop_parcial/build install --record /home/david-romero/Proyectos/robotica/build/antrop_parcial/install.log --install-scripts $base/lib/robot_description --single-version-externally-managed install_data
[3.877s] DEBUG:colcon.colcon_core.task.python.build:Available setuptools commands: develop, build_py, build_ext, build_clib, clean, alias, bdist_rpm, init_catalog, upload_docs, easy_install, rotate, install_data, bdist_dumb, setopt, upload, install_egg_info, install, update_catalog, bdist_egg, bdist_wheel, test, dist_info, install_headers, saveopts, register, compile_catalog, install_scripts, egg_info, extract_messages, build_scripts, bdist, install_lib, build, editable_wheel, sdist, symlink_data, check
[3.882s] DEBUG:colcon.colcon_core.event_handler.log_command:Invoking command in '/home/david-romero/Proyectos/robotica/src/scara_cajas': DEBUGINFOD_URLS=https://debuginfod.ubuntu.com PYTHONPATH=/home/david-romero/Proyectos/robotica/build/scara_cajas/prefix_override:/usr/lib/python3/dist-packages/colcon_core/task/python/colcon_distutils_commands:/home/david-romero/Proyectos/robotica/install/scara_cajas/lib/python3.12/site-packages:${PYTHONPATH} /usr/bin/python3 -W ignore:setup.py install is deprecated -W ignore:easy_install command is deprecated setup.py egg_info --egg-base ../../build/scara_cajas build --build-base /home/david-romero/Proyectos/robotica/build/scara_cajas/build install --record /home/david-romero/Proyectos/robotica/build/scara_cajas/install.log --install-scripts $base/lib/scara_cajas --single-version-externally-managed install_data
[3.886s] DEBUG:colcon.colcon_core.task.python.build:Available setuptools commands: develop, build_py, build_ext, build_clib, clean, alias, bdist_rpm, init_catalog, upload_docs, easy_install, rotate, install_data, bdist_dumb, setopt, upload, install_egg_info, install, update_catalog, bdist_egg, bdist_wheel, test, dist_info, install_headers, saveopts, register, compile_catalog, install_scripts, egg_info, extract_messages, build_scripts, bdist, install_lib, build, editable_wheel, sdist, symlink_data, check
[3.891s] DEBUG:colcon.colcon_core.event_handler.log_command:Invoking command in '/home/david-romero/Proyectos/robotica/src/ttcc': DEBUGINFOD_URLS=https://debuginfod.ubuntu.com PYTHONPATH=/home/david-romero/Proyectos/robotica/build/ttcc/prefix_override:/usr/lib/python3/dist-packages/colcon_core/task/python/colcon_distutils_commands:/home/david-romero/Proyectos/robotica/install/ttcc/lib/python3.12/site-packages:${PYTHONPATH} /usr/bin/python3 -W ignore:setup.py install is deprecated -W ignore:easy_install command is deprecated setup.py egg_info --egg-base ../../build/ttcc build --build-base /home/david-romero/Proyectos/robotica/build/ttcc/build install --record /home/david-romero/Proyectos/robotica/build/ttcc/install.log --install-scripts $base/lib/ttcc --single-version-externally-managed install_data
[4.580s] DEBUG:colcon.colcon_core.event_handler.log_command:Invoked command in '/home/david-romero/Proyectos/robotica/src/scara_parcial' returned '0': DEBUGINFOD_URLS=https://debuginfod.ubuntu.com PYTHONPATH=/home/david-romero/Proyectos/robotica/build/scara_parcial/prefix_override:/usr/lib/python3/dist-packages/colcon_core/task/python/colcon_distutils_commands:/home/david-romero/Proyectos/robotica/install/scara_parcial/lib/python3.12/site-packages:${PYTHONPATH} /usr/bin/python3 -W ignore:setup.py install is deprecated -W ignore:easy_install command is deprecated setup.py egg_info --egg-base ../../build/scara_parcial build --build-base /home/david-romero/Proyectos/robotica/build/scara_parcial/build install --record /home/david-romero/Proyectos/robotica/build/scara_parcial/install.log --install-scripts $base/lib/robot_description --single-version-externally-managed install_data
[4.587s] Level 1:colcon.colcon_core.environment:checking '/home/david-romero/Proyectos/robotica/install/scara_parcial' for CMake module files
[4.589s] Level 1:colcon.colcon_core.environment:checking '/home/david-romero/Proyectos/robotica/install/scara_parcial' for CMake config files
[4.593s] Level 1:colcon.colcon_core.environment:checking '/home/david-romero/Proyectos/robotica/install/scara_parcial/lib'
[4.593s] Level 1:colcon.colcon_core.environment:checking '/home/david-romero/Proyectos/robotica/install/scara_parcial/bin'
[4.593s] Level 1:colcon.colcon_core.environment:checking '/home/david-romero/Proyectos/robotica/install/scara_parcial/lib/pkgconfig/scara_parcial.pc'
[4.594s] Level 1:colcon.colcon_core.environment:checking '/home/david-romero/Proyectos/robotica/install/scara_parcial/lib/python3.12/site-packages'
[4.594s] Level 1:colcon.colcon_core.shell:create_environment_hook('scara_parcial', 'pythonpath')
[4.595s] INFO:colcon.colcon_core.shell:Creating environment hook '/home/david-romero/Proyectos/robotica/install/scara_parcial/share/scara_parcial/hook/pythonpath.ps1'
[4.596s] INFO:colcon.colcon_core.shell:Creating environment descriptor '/home/david-romero/Proyectos/robotica/install/scara_parcial/share/scara_parcial/hook/pythonpath.dsv'
[4.597s] INFO:colcon.colcon_core.shell:Creating environment hook '/home/david-romero/Proyectos/robotica/install/scara_parcial/share/scara_parcial/hook/pythonpath.sh'
[4.599s] Level 1:colcon.colcon_core.environment:checking '/home/david-romero/Proyectos/robotica/install/scara_parcial/bin'
[4.599s] Level 1:colcon.colcon_core.environment:create_environment_scripts_only(scara_parcial)
[4.599s] INFO:colcon.colcon_core.shell:Creating package script '/home/david-romero/Proyectos/robotica/install/scara_parcial/share/scara_parcial/package.ps1'
[4.603s] INFO:colcon.colcon_core.shell:Creating package descriptor '/home/david-romero/Proyectos/robotica/install/scara_parcial/share/scara_parcial/package.dsv'
[4.605s] INFO:colcon.colcon_core.shell:Creating package script '/home/david-romero/Proyectos/robotica/install/scara_parcial/share/scara_parcial/package.sh'
[4.608s] INFO:colcon.colcon_core.shell:Creating package script '/home/david-romero/Proyectos/robotica/install/scara_parcial/share/scara_parcial/package.bash'
[4.610s] INFO:colcon.colcon_core.shell:Creating package script '/home/david-romero/Proyectos/robotica/install/scara_parcial/share/scara_parcial/package.zsh'
[4.611s] Level 1:colcon.colcon_core.environment:create_file_with_runtime_dependencies(/home/david-romero/Proyectos/robotica/install/scara_parcial/share/colcon-core/packages/scara_parcial)
[4.628s] Level 1:colcon.colcon_core.environment:checking '/home/david-romero/Proyectos/robotica/install/antrop_parcial' for CMake module files
[4.629s] Level 1:colcon.colcon_core.environment:checking '/home/david-romero/Proyectos/robotica/install/antrop_parcial' for CMake config files
[4.630s] DEBUG:colcon.colcon_core.event_handler.log_command:Invoked command in '/home/david-romero/Proyectos/robotica/src/antrop_parcial' returned '0': DEBUGINFOD_URLS=https://debuginfod.ubuntu.com PYTHONPATH=/home/david-romero/Proyectos/robotica/build/antrop_parcial/prefix_override:/usr/lib/python3/dist-packages/colcon_core/task/python/colcon_distutils_commands:/home/david-romero/Proyectos/robotica/install/antrop_parcial/lib/python3.12/site-packages:${PYTHONPATH} /usr/bin/python3 -W ignore:setup.py install is deprecated -W ignore:easy_install command is deprecated setup.py egg_info --egg-base ../../build/antrop_parcial build --build-base /home/david-romero/Proyectos/robotica/build/antrop_parcial/build install --record /home/david-romero/Proyectos/robotica/build/antrop_parcial/install.log --install-scripts $base/lib/robot_description --single-version-externally-managed install_data
[4.632s] Level 1:colcon.colcon_core.environment:checking '/home/david-romero/Proyectos/robotica/install/antrop_parcial/lib'
[4.633s] Level 1:colcon.colcon_core.environment:checking '/home/david-romero/Proyectos/robotica/install/antrop_parcial/bin'
[4.633s] Level 1:colcon.colcon_core.environment:checking '/home/david-romero/Proyectos/robotica/install/antrop_parcial/lib/pkgconfig/antrop_parcial.pc'
[4.633s] Level 1:colcon.colcon_core.environment:checking '/home/david-romero/Proyectos/robotica/install/antrop_parcial/lib/python3.12/site-packages'
[4.633s] Level 1:colcon.colcon_core.shell:create_environment_hook('antrop_parcial', 'pythonpath')
[4.634s] INFO:colcon.colcon_core.shell:Creating environment hook '/home/david-romero/Proyectos/robotica/install/antrop_parcial/share/antrop_parcial/hook/pythonpath.ps1'
[4.634s] INFO:colcon.colcon_core.shell:Creating environment descriptor '/home/david-romero/Proyectos/robotica/install/antrop_parcial/share/antrop_parcial/hook/pythonpath.dsv'
[4.635s] INFO:colcon.colcon_core.shell:Creating environment hook '/home/david-romero/Proyectos/robotica/install/antrop_parcial/share/antrop_parcial/hook/pythonpath.sh'
[4.636s] Level 1:colcon.colcon_core.environment:checking '/home/david-romero/Proyectos/robotica/install/antrop_parcial/bin'
[4.636s] Level 1:colcon.colcon_core.environment:create_environment_scripts_only(antrop_parcial)
[4.637s] INFO:colcon.colcon_core.shell:Creating package script '/home/david-romero/Proyectos/robotica/install/antrop_parcial/share/antrop_parcial/package.ps1'
[4.638s] INFO:colcon.colcon_core.shell:Creating package descriptor '/home/david-romero/Proyectos/robotica/install/antrop_parcial/share/antrop_parcial/package.dsv'
[4.639s] INFO:colcon.colcon_core.shell:Creating package script '/home/david-romero/Proyectos/robotica/install/antrop_parcial/share/antrop_parcial/package.sh'
[4.640s] INFO:colcon.colcon_core.shell:Creating package script '/home/david-romero/Proyectos/robotica/install/antrop_parcial/share/antrop_parcial/package.bash'
[4.641s] INFO:colcon.colcon_core.shell:Creating package script '/home/david-romero/Proyectos/robotica/install/antrop_parcial/share/antrop_parcial/package.zsh'
[4.641s] Level 1:colcon.colcon_core.environment:create_file_with_runtime_dependencies(/home/david-romero/Proyectos/robotica/install/antrop_parcial/share/colcon-core/packages/antrop_parcial)
[4.713s] Level 1:colcon.colcon_core.environment:checking '/home/david-romero/Proyectos/robotica/install/scara_boceto' for CMake module files
[4.714s] DEBUG:colcon.colcon_core.event_handler.log_command:Invoked command in '/home/david-romero/Proyectos/robotica/src/scara_boceto' returned '0': DEBUGINFOD_URLS=https://debuginfod.ubuntu.com PYTHONPATH=/home/david-romero/Proyectos/robotica/build/scara_boceto/prefix_override:/usr/lib/python3/dist-packages/colcon_core/task/python/colcon_distutils_commands:/home/david-romero/Proyectos/robotica/install/scara_boceto/lib/python3.12/site-packages:${PYTHONPATH} /usr/bin/python3 -W ignore:setup.py install is deprecated -W ignore:easy_install command is deprecated setup.py egg_info --egg-base ../../build/scara_boceto build --build-base /home/david-romero/Proyectos/robotica/build/scara_boceto/build install --record /home/david-romero/Proyectos/robotica/build/scara_boceto/install.log --install-scripts $base/lib/scara_boceto --single-version-externally-managed install_data
[4.714s] Level 1:colcon.colcon_core.environment:checking '/home/david-romero/Proyectos/robotica/install/scara_boceto' for CMake config files
[4.717s] Level 1:colcon.colcon_core.environment:checking '/home/david-romero/Proyectos/robotica/install/scara_boceto/lib'
[4.717s] Level 1:colcon.colcon_core.environment:checking '/home/david-romero/Proyectos/robotica/install/scara_boceto/bin'
[4.717s] Level 1:colcon.colcon_core.environment:checking '/home/david-romero/Proyectos/robotica/install/scara_boceto/lib/pkgconfig/scara_boceto.pc'
[4.717s] Level 1:colcon.colcon_core.environment:checking '/home/david-romero/Proyectos/robotica/install/scara_boceto/lib/python3.12/site-packages'
[4.717s] Level 1:colcon.colcon_core.shell:create_environment_hook('scara_boceto', 'pythonpath')
[4.718s] INFO:colcon.colcon_core.shell:Creating environment hook '/home/david-romero/Proyectos/robotica/install/scara_boceto/share/scara_boceto/hook/pythonpath.ps1'
[4.719s] INFO:colcon.colcon_core.shell:Creating environment descriptor '/home/david-romero/Proyectos/robotica/install/scara_boceto/share/scara_boceto/hook/pythonpath.dsv'
[4.720s] INFO:colcon.colcon_core.shell:Creating environment hook '/home/david-romero/Proyectos/robotica/install/scara_boceto/share/scara_boceto/hook/pythonpath.sh'
[4.721s] Level 1:colcon.colcon_core.environment:checking '/home/david-romero/Proyectos/robotica/install/scara_boceto/bin'
[4.722s] Level 1:colcon.colcon_core.environment:create_environment_scripts_only(scara_boceto)
[4.722s] INFO:colcon.colcon_core.shell:Creating package script '/home/david-romero/Proyectos/robotica/install/scara_boceto/share/scara_boceto/package.ps1'
[4.723s] INFO:colcon.colcon_core.shell:Creating package descriptor '/home/david-romero/Proyectos/robotica/install/scara_boceto/share/scara_boceto/package.dsv'
[4.724s] INFO:colcon.colcon_core.shell:Creating package script '/home/david-romero/Proyectos/robotica/install/scara_boceto/share/scara_boceto/package.sh'
[4.725s] INFO:colcon.colcon_core.shell:Creating package script '/home/david-romero/Proyectos/robotica/install/scara_boceto/share/scara_boceto/package.bash'
[4.725s] INFO:colcon.colcon_core.shell:Creating package script '/home/david-romero/Proyectos/robotica/install/scara_boceto/share/scara_boceto/package.zsh'
[4.726s] Level 1:colcon.colcon_core.environment:create_file_with_runtime_dependencies(/home/david-romero/Proyectos/robotica/install/scara_boceto/share/colcon-core/packages/scara_boceto)
[5.159s] Level 1:colcon.colcon_core.environment:checking '/home/david-romero/Proyectos/robotica/install/ttcc' for CMake module files
[5.160s] DEBUG:colcon.colcon_core.event_handler.log_command:Invoked command in '/home/david-romero/Proyectos/robotica/src/ttcc' returned '0': DEBUGINFOD_URLS=https://debuginfod.ubuntu.com PYTHONPATH=/home/david-romero/Proyectos/robotica/build/ttcc/prefix_override:/usr/lib/python3/dist-packages/colcon_core/task/python/colcon_distutils_commands:/home/david-romero/Proyectos/robotica/install/ttcc/lib/python3.12/site-packages:${PYTHONPATH} /usr/bin/python3 -W ignore:setup.py install is deprecated -W ignore:easy_install command is deprecated setup.py egg_info --egg-base ../../build/ttcc build --build-base /home/david-romero/Proyectos/robotica/build/ttcc/build install --record /home/david-romero/Proyectos/robotica/build/ttcc/install.log --install-scripts $base/lib/ttcc --single-version-externally-managed install_data
[5.160s] Level 1:colcon.colcon_core.environment:checking '/home/david-romero/Proyectos/robotica/install/ttcc' for CMake config files
[5.162s] Level 1:colcon.colcon_core.environment:checking '/home/david-romero/Proyectos/robotica/install/ttcc/lib'
[5.163s] Level 1:colcon.colcon_core.environment:checking '/home/david-romero/Proyectos/robotica/install/ttcc/bin'
[5.163s] Level 1:colcon.colcon_core.environment:checking '/home/david-romero/Proyectos/robotica/install/ttcc/lib/pkgconfig/ttcc.pc'
[5.163s] Level 1:colcon.colcon_core.environment:checking '/home/david-romero/Proyectos/robotica/install/ttcc/lib/python3.12/site-packages'
[5.163s] Level 1:colcon.colcon_core.shell:create_environment_hook('ttcc', 'pythonpath')
[5.163s] INFO:colcon.colcon_core.shell:Creating environment hook '/home/david-romero/Proyectos/robotica/install/ttcc/share/ttcc/hook/pythonpath.ps1'
[5.164s] INFO:colcon.colcon_core.shell:Creating environment descriptor '/home/david-romero/Proyectos/robotica/install/ttcc/share/ttcc/hook/pythonpath.dsv'
[5.164s] INFO:colcon.colcon_core.shell:Creating environment hook '/home/david-romero/Proyectos/robotica/install/ttcc/share/ttcc/hook/pythonpath.sh'
[5.165s] Level 1:colcon.colcon_core.environment:checking '/home/david-romero/Proyectos/robotica/install/ttcc/bin'
[5.166s] Level 1:colcon.colcon_core.environment:create_environment_scripts_only(ttcc)
[5.166s] INFO:colcon.colcon_core.shell:Creating package script '/home/david-romero/Proyectos/robotica/install/ttcc/share/ttcc/package.ps1'
[5.167s] INFO:colcon.colcon_core.shell:Creating package descriptor '/home/david-romero/Proyectos/robotica/install/ttcc/share/ttcc/package.dsv'
[5.168s] INFO:colcon.colcon_core.shell:Creating package script '/home/david-romero/Proyectos/robotica/install/ttcc/share/ttcc/package.sh'
[5.168s] INFO:colcon.colcon_core.shell:Creating package script '/home/david-romero/Proyectos/robotica/install/ttcc/share/ttcc/package.bash'
[5.169s] INFO:colcon.colcon_core.shell:Creating package script '/home/david-romero/Proyectos/robotica/install/ttcc/share/ttcc/package.zsh'
[5.169s] Level 1:colcon.colcon_core.environment:create_file_with_runtime_dependencies(/home/david-romero/Proyectos/robotica/install/ttcc/share/colcon-core/packages/ttcc)
[5.183s] Level 1:colcon.colcon_core.environment:checking '/home/david-romero/Proyectos/robotica/install/scara_cajas' for CMake module files
[5.184s] DEBUG:colcon.colcon_core.event_handler.log_command:Invoked command in '/home/david-romero/Proyectos/robotica/src/scara_cajas' returned '0': DEBUGINFOD_URLS=https://debuginfod.ubuntu.com PYTHONPATH=/home/david-romero/Proyectos/robotica/build/scara_cajas/prefix_override:/usr/lib/python3/dist-packages/colcon_core/task/python/colcon_distutils_commands:/home/david-romero/Proyectos/robotica/install/scara_cajas/lib/python3.12/site-packages:${PYTHONPATH} /usr/bin/python3 -W ignore:setup.py install is deprecated -W ignore:easy_install command is deprecated setup.py egg_info --egg-base ../../build/scara_cajas build --build-base /home/david-romero/Proyectos/robotica/build/scara_cajas/build install --record /home/david-romero/Proyectos/robotica/build/scara_cajas/install.log --install-scripts $base/lib/scara_cajas --single-version-externally-managed install_data
[5.184s] Level 1:colcon.colcon_core.environment:checking '/home/david-romero/Proyectos/robotica/install/scara_cajas' for CMake config files
[5.186s] Level 1:colcon.colcon_core.environment:checking '/home/david-romero/Proyectos/robotica/install/scara_cajas/lib'
[5.186s] Level 1:colcon.colcon_core.environment:checking '/home/david-romero/Proyectos/robotica/install/scara_cajas/bin'
[5.186s] Level 1:colcon.colcon_core.environment:checking '/home/david-romero/Proyectos/robotica/install/scara_cajas/lib/pkgconfig/scara_cajas.pc'
[5.187s] Level 1:colcon.colcon_core.environment:checking '/home/david-romero/Proyectos/robotica/install/scara_cajas/lib/python3.12/site-packages'
[5.187s] Level 1:colcon.colcon_core.shell:create_environment_hook('scara_cajas', 'pythonpath')
[5.188s] INFO:colcon.colcon_core.shell:Creating environment hook '/home/david-romero/Proyectos/robotica/install/scara_cajas/share/scara_cajas/hook/pythonpath.ps1'
[5.189s] INFO:colcon.colcon_core.shell:Creating environment descriptor '/home/david-romero/Proyectos/robotica/install/scara_cajas/share/scara_cajas/hook/pythonpath.dsv'
[5.189s] INFO:colcon.colcon_core.shell:Creating environment hook '/home/david-romero/Proyectos/robotica/install/scara_cajas/share/scara_cajas/hook/pythonpath.sh'
[5.190s] Level 1:colcon.colcon_core.environment:checking '/home/david-romero/Proyectos/robotica/install/scara_cajas/bin'
[5.191s] Level 1:colcon.colcon_core.environment:create_environment_scripts_only(scara_cajas)
[5.191s] INFO:colcon.colcon_core.shell:Creating package script '/home/david-romero/Proyectos/robotica/install/scara_cajas/share/scara_cajas/package.ps1'
[5.192s] INFO:colcon.colcon_core.shell:Creating package descriptor '/home/david-romero/Proyectos/robotica/install/scara_cajas/share/scara_cajas/package.dsv'
[5.192s] INFO:colcon.colcon_core.shell:Creating package script '/home/david-romero/Proyectos/robotica/install/scara_cajas/share/scara_cajas/package.sh'
[5.192s] INFO:colcon.colcon_core.shell:Creating package script '/home/david-romero/Proyectos/robotica/install/scara_cajas/share/scara_cajas/package.bash'
[5.193s] INFO:colcon.colcon_core.shell:Creating package script '/home/david-romero/Proyectos/robotica/install/scara_cajas/share/scara_cajas/package.zsh'
[5.193s] Level 1:colcon.colcon_core.environment:create_file_with_runtime_dependencies(/home/david-romero/Proyectos/robotica/install/scara_cajas/share/colcon-core/packages/scara_cajas)
[5.193s] DEBUG:colcon.colcon_parallel_executor.executor.parallel:closing loop
[5.194s] DEBUG:colcon.colcon_parallel_executor.executor.parallel:loop closed
[5.194s] DEBUG:colcon.colcon_parallel_executor.executor.parallel:run_until_complete finished with '0'
[5.194s] DEBUG:colcon.colcon_core.event_reactor:joining thread
[5.208s] INFO:colcon.colcon_core.plugin_system:Skipping extension 'colcon_notification.desktop_notification.terminal_notifier': Not used on non-Darwin systems
[5.208s] INFO:colcon.colcon_core.plugin_system:Skipping extension 'colcon_notification.desktop_notification.win32': Not used on non-Windows systems
[5.208s] INFO:colcon.colcon_notification.desktop_notification:Sending desktop notification using 'notify2'
[5.217s] DEBUG:colcon.colcon_core.event_reactor:joined thread
[5.217s] INFO:colcon.colcon_core.shell:Creating prefix script '/home/david-romero/Proyectos/robotica/install/local_setup.ps1'
[5.218s] INFO:colcon.colcon_core.shell:Creating prefix util module '/home/david-romero/Proyectos/robotica/install/_local_setup_util_ps1.py'
[5.222s] INFO:colcon.colcon_core.shell:Creating prefix chain script '/home/david-romero/Proyectos/robotica/install/setup.ps1'
[5.224s] INFO:colcon.colcon_core.shell:Creating prefix script '/home/david-romero/Proyectos/robotica/install/local_setup.sh'
[5.225s] INFO:colcon.colcon_core.shell:Creating prefix util module '/home/david-romero/Proyectos/robotica/install/_local_setup_util_sh.py'
[5.226s] INFO:colcon.colcon_core.shell:Creating prefix chain script '/home/david-romero/Proyectos/robotica/install/setup.sh'
[5.229s] INFO:colcon.colcon_core.shell:Creating prefix script '/home/david-romero/Proyectos/robotica/install/local_setup.bash'
[5.230s] INFO:colcon.colcon_core.shell:Creating prefix chain script '/home/david-romero/Proyectos/robotica/install/setup.bash'
[5.233s] INFO:colcon.colcon_core.shell:Creating prefix script '/home/david-romero/Proyectos/robotica/install/local_setup.zsh'
[5.233s] INFO:colcon.colcon_core.shell:Creating prefix chain script '/home/david-romero/Proyectos/robotica/install/setup.zsh'
