-- Install configuration: ""
-- Up-to-date: /home/dae/ros2_ws/src/antro/install/antro/share/antro/urdf
-- Up-to-date: /home/dae/ros2_ws/src/antro/install/antro/share/antro/urdf/scara.urdf
-- Up-to-date: /home/dae/ros2_ws/src/antro/install/antro/share/antro/launch
-- Installing: /home/dae/ros2_ws/src/antro/install/antro/share/antro/launch/display.launch.py
-- Installing: /home/dae/ros2_ws/src/antro/install/antro/share/antro/launch/install
-- Installing: /home/dae/ros2_ws/src/antro/install/antro/share/antro/launch/install/.colcon_install_layout
-- Installing: /home/dae/ros2_ws/src/antro/install/antro/share/antro/launch/install/setup.bash
-- Installing: /home/dae/ros2_ws/src/antro/install/antro/share/antro/launch/install/local_setup.zsh
-- Installing: /home/dae/ros2_ws/src/antro/install/antro/share/antro/launch/install/_local_setup_util_sh.py
-- Installing: /home/dae/ros2_ws/src/antro/install/antro/share/antro/launch/install/local_setup.bash
-- Installing: /home/dae/ros2_ws/src/antro/install/antro/share/antro/launch/install/COLCON_IGNORE
-- Installing: /home/dae/ros2_ws/src/antro/install/antro/share/antro/launch/install/setup.sh
-- Installing: /home/dae/ros2_ws/src/antro/install/antro/share/antro/launch/install/local_setup.sh
-- Installing: /home/dae/ros2_ws/src/antro/install/antro/share/antro/launch/install/setup.zsh
-- Installing: /home/dae/ros2_ws/src/antro/install/antro/share/antro/launch/build
-- Installing: /home/dae/ros2_ws/src/antro/install/antro/share/antro/launch/build/.built_by
-- Installing: /home/dae/ros2_ws/src/antro/install/antro/share/antro/launch/build/COLCON_IGNORE
-- Installing: /home/dae/ros2_ws/src/antro/install/antro/share/antro/launch/log
-- Installing: /home/dae/ros2_ws/src/antro/install/antro/share/antro/launch/log/build_2026-08-15_09-27-41
-- Installing: /home/dae/ros2_ws/src/antro/install/antro/share/antro/launch/log/build_2026-08-15_09-27-41/logger_all.log
-- Installing: /home/dae/ros2_ws/src/antro/install/antro/share/antro/launch/log/build_2026-08-15_09-27-41/events.log
-- Installing: /home/dae/ros2_ws/src/antro/install/antro/share/antro/launch/log/COLCON_IGNORE
-- Installing: /home/dae/ros2_ws/src/antro/install/antro/share/antro/launch/log/latest_build
-- Installing: /home/dae/ros2_ws/src/antro/install/antro/share/antro/launch/log/latest
-- Up-to-date: /home/dae/ros2_ws/src/antro/install/antro/share/antro/rviz
-- Up-to-date: /home/dae/ros2_ws/src/antro/install/antro/share/ament_index/resource_index/package_run_dependencies/antro
-- Up-to-date: /home/dae/ros2_ws/src/antro/install/antro/share/ament_index/resource_index/parent_prefix_path/antro
-- Up-to-date: /home/dae/ros2_ws/src/antro/install/antro/share/antro/environment/ament_prefix_path.sh
-- Up-to-date: /home/dae/ros2_ws/src/antro/install/antro/share/antro/environment/ament_prefix_path.dsv
-- Up-to-date: /home/dae/ros2_ws/src/antro/install/antro/share/antro/environment/path.sh
-- Up-to-date: /home/dae/ros2_ws/src/antro/install/antro/share/antro/environment/path.dsv
-- Up-to-date: /home/dae/ros2_ws/src/antro/install/antro/share/antro/local_setup.bash
-- Up-to-date: /home/dae/ros2_ws/src/antro/install/antro/share/antro/local_setup.sh
-- Up-to-date: /home/dae/ros2_ws/src/antro/install/antro/share/antro/local_setup.zsh
-- Up-to-date: /home/dae/ros2_ws/src/antro/install/antro/share/antro/local_setup.dsv
-- Up-to-date: /home/dae/ros2_ws/src/antro/install/antro/share/antro/package.dsv
-- Up-to-date: /home/dae/ros2_ws/src/antro/install/antro/share/ament_index/resource_index/packages/antro
-- Up-to-date: /home/dae/ros2_ws/src/antro/install/antro/share/antro/cmake/antroConfig.cmake
-- Up-to-date: /home/dae/ros2_ws/src/antro/install/antro/share/antro/cmake/antroConfig-version.cmake
-- Up-to-date: /home/dae/ros2_ws/src/antro/install/antro/share/antro/package.xml
