[1.023s] Invoking command in '/home/david-romero/Proyectos/robotica/src/scara_cajas': DEBUGINFOD_URLS=https://debuginfod.ubuntu.com PYTHONPATH=/home/david-romero/Proyectos/robotica/build/scara_cajas/prefix_override:/usr/lib/python3/dist-packages/colcon_core/task/python/colcon_distutils_commands:/home/david-romero/Proyectos/robotica/install/scara_cajas/lib/python3.12/site-packages:${PYTHONPATH} /usr/bin/python3 -W ignore:setup.py install is deprecated -W ignore:easy_install command is deprecated setup.py egg_info --egg-base ../../build/scara_cajas build --build-base /home/david-romero/Proyectos/robotica/build/scara_cajas/build install --record /home/david-romero/Proyectos/robotica/build/scara_cajas/install.log --install-scripts $base/lib/robot_description --single-version-externally-managed install_data
[1.315s] running egg_info
[1.315s] creating ../../build/scara_cajas/scara_cajas.egg-info
[1.339s] writing ../../build/scara_cajas/scara_cajas.egg-info/PKG-INFO
[1.339s] writing dependency_links to ../../build/scara_cajas/scara_cajas.egg-info/dependency_links.txt
[1.339s] writing entry points to ../../build/scara_cajas/scara_cajas.egg-info/entry_points.txt
[1.339s] writing requirements to ../../build/scara_cajas/scara_cajas.egg-info/requires.txt
[1.339s] writing top-level names to ../../build/scara_cajas/scara_cajas.egg-info/top_level.txt
[1.339s] writing manifest file '../../build/scara_cajas/scara_cajas.egg-info/SOURCES.txt'
[1.383s] reading manifest file '../../build/scara_cajas/scara_cajas.egg-info/SOURCES.txt'
[1.383s] writing manifest file '../../build/scara_cajas/scara_cajas.egg-info/SOURCES.txt'
[1.384s] running build
[1.384s] running build_py
[1.384s] creating /home/david-romero/Proyectos/robotica/build/scara_cajas/build
[1.384s] creating /home/david-romero/Proyectos/robotica/build/scara_cajas/build/lib
[1.384s] creating /home/david-romero/Proyectos/robotica/build/scara_cajas/build/lib/scara_cajas
[1.384s] copying scara_cajas/__init__.py -> /home/david-romero/Proyectos/robotica/build/scara_cajas/build/lib/scara_cajas
[1.384s] copying scara_cajas/gui_presets.py -> /home/david-romero/Proyectos/robotica/build/scara_cajas/build/lib/scara_cajas
[1.384s] running install
[1.391s] running install_lib
[1.417s] creating /home/david-romero/Proyectos/robotica/install/scara_cajas/lib/python3.12/site-packages/scara_cajas
[1.417s] copying /home/david-romero/Proyectos/robotica/build/scara_cajas/build/lib/scara_cajas/__init__.py -> /home/david-romero/Proyectos/robotica/install/scara_cajas/lib/python3.12/site-packages/scara_cajas
[1.417s] copying /home/david-romero/Proyectos/robotica/build/scara_cajas/build/lib/scara_cajas/gui_presets.py -> /home/david-romero/Proyectos/robotica/install/scara_cajas/lib/python3.12/site-packages/scara_cajas
[1.417s] byte-compiling /home/david-romero/Proyectos/robotica/install/scara_cajas/lib/python3.12/site-packages/scara_cajas/__init__.py to __init__.cpython-312.pyc
[1.417s] byte-compiling /home/david-romero/Proyectos/robotica/install/scara_cajas/lib/python3.12/site-packages/scara_cajas/gui_presets.py to gui_presets.cpython-312.pyc
[1.419s] running install_data
[1.419s] creating /home/david-romero/Proyectos/robotica/install/scara_cajas/share/ament_index
[1.419s] creating /home/david-romero/Proyectos/robotica/install/scara_cajas/share/ament_index/resource_index
[1.419s] creating /home/david-romero/Proyectos/robotica/install/scara_cajas/share/ament_index/resource_index/packages
[1.419s] copying resource/scara_cajas -> /home/david-romero/Proyectos/robotica/install/scara_cajas/share/ament_index/resource_index/packages
[1.419s] copying package.xml -> /home/david-romero/Proyectos/robotica/install/scara_cajas/share/scara_cajas
[1.420s] creating /home/david-romero/Proyectos/robotica/install/scara_cajas/share/scara_cajas/launch
[1.420s] copying launch/display_gazebo.launch.py -> /home/david-romero/Proyectos/robotica/install/scara_cajas/share/scara_cajas/launch
[1.420s] copying launch/display.launch.py -> /home/david-romero/Proyectos/robotica/install/scara_cajas/share/scara_cajas/launch
[1.420s] creating /home/david-romero/Proyectos/robotica/install/scara_cajas/share/scara_cajas/urdf
[1.420s] copying urdf/Ensamblaje1.urdf -> /home/david-romero/Proyectos/robotica/install/scara_cajas/share/scara_cajas/urdf
[1.420s] creating /home/david-romero/Proyectos/robotica/install/scara_cajas/share/scara_cajas/meshes
[1.420s] copying meshes/est2.STL -> /home/david-romero/Proyectos/robotica/install/scara_cajas/share/scara_cajas/meshes
[1.420s] copying meshes/rot2.STL -> /home/david-romero/Proyectos/robotica/install/scara_cajas/share/scara_cajas/meshes
[1.421s] copying meshes/rot1.STL -> /home/david-romero/Proyectos/robotica/install/scara_cajas/share/scara_cajas/meshes
[1.422s] copying meshes/efector.STL -> /home/david-romero/Proyectos/robotica/install/scara_cajas/share/scara_cajas/meshes
[1.422s] copying meshes/pris.STL -> /home/david-romero/Proyectos/robotica/install/scara_cajas/share/scara_cajas/meshes
[1.422s] copying meshes/baase.STL -> /home/david-romero/Proyectos/robotica/install/scara_cajas/share/scara_cajas/meshes
[1.423s] copying meshes/band3.STL -> /home/david-romero/Proyectos/robotica/install/scara_cajas/share/scara_cajas/meshes
[1.425s] running install_egg_info
[1.448s] Copying ../../build/scara_cajas/scara_cajas.egg-info to /home/david-romero/Proyectos/robotica/install/scara_cajas/lib/python3.12/site-packages/scara_cajas-0.0.0-py3.12.egg-info
[1.449s] running install_scripts
[1.598s] Installing gui_presets script to /home/david-romero/Proyectos/robotica/install/scara_cajas/lib/robot_description
[1.599s] writing list of installed files to '/home/david-romero/Proyectos/robotica/build/scara_cajas/install.log'
[1.629s] Invoked command in '/home/david-romero/Proyectos/robotica/src/scara_cajas' returned '0': DEBUGINFOD_URLS=https://debuginfod.ubuntu.com PYTHONPATH=/home/david-romero/Proyectos/robotica/build/scara_cajas/prefix_override:/usr/lib/python3/dist-packages/colcon_core/task/python/colcon_distutils_commands:/home/david-romero/Proyectos/robotica/install/scara_cajas/lib/python3.12/site-packages:${PYTHONPATH} /usr/bin/python3 -W ignore:setup.py install is deprecated -W ignore:easy_install command is deprecated setup.py egg_info --egg-base ../../build/scara_cajas build --build-base /home/david-romero/Proyectos/robotica/build/scara_cajas/build install --record /home/david-romero/Proyectos/robotica/build/scara_cajas/install.log --install-scripts $base/lib/robot_description --single-version-externally-managed install_data
