[0.015s] Invoking command in '/home/dae/ros2_ws/src/antro/build/antro': CMAKE_PREFIX_PATH=${CMAKE_PREFIX_PATH}:/home/dae/ros2_ws/install/visualr:/opt/ros/jazzy DEBUGINFOD_URLS=https://debuginfod.ubuntu.com /usr/bin/cmake /home/dae/ros2_ws/src/antro -DCMAKE_INSTALL_PREFIX=/home/dae/ros2_ws/src/antro/install/antro
[0.091s] -- The C compiler identification is GNU 13.3.0
[0.165s] -- The CXX compiler identification is GNU 13.3.0
[0.189s] -- Detecting C compiler ABI info
[0.299s] -- Detecting C compiler ABI info - done
[0.309s] -- Check for working C compiler: /usr/bin/cc - skipped
[0.310s] -- Detecting C compile features
[0.310s] -- Detecting C compile features - done
[0.323s] -- Detecting CXX compiler ABI info
[0.448s] -- Detecting CXX compiler ABI info - done
[0.458s] -- Check for working CXX compiler: /usr/bin/c++ - skipped
[0.459s] -- Detecting CXX compile features
[0.459s] -- Detecting CXX compile features - done
[0.464s] -- Found ament_cmake: 2.5.6 (/opt/ros/jazzy/share/ament_cmake/cmake)
[0.594s] -- Found Python3: /usr/bin/python3 (found version "3.12.3") found components: Interpreter 
[0.688s] -- Found ament_lint_auto: 0.17.5 (/opt/ros/jazzy/share/ament_lint_auto/cmake)
[0.778s] -- Added test 'cppcheck' to perform static code analysis on C / C++ code
[0.778s] -- Configured cppcheck include dirs: 
[0.778s] -- Configured cppcheck exclude dirs and/or files: 
[0.779s] -- Added test 'flake8' to check Python code syntax and style conventions
[0.779s] -- Configured 'flake8' exclude dirs and/or files: 
[0.780s] -- Added test 'lint_cmake' to check CMake code style
[0.782s] -- Added test 'pep257' to check Python code against some of the docstring style conventions in PEP 257
[0.787s] -- Added test 'uncrustify' to check C / C++ code style
[0.787s] -- Configured uncrustify additional arguments: 
[0.788s] -- Added test 'xmllint' to check XML markup files
[0.789s] -- Configuring done (0.8s)
[0.792s] -- Generating done (0.0s)
[0.794s] -- Build files have been written to: /home/dae/ros2_ws/src/antro/build/antro
[0.799s] Invoked command in '/home/dae/ros2_ws/src/antro/build/antro' returned '0': CMAKE_PREFIX_PATH=${CMAKE_PREFIX_PATH}:/home/dae/ros2_ws/install/visualr:/opt/ros/jazzy DEBUGINFOD_URLS=https://debuginfod.ubuntu.com /usr/bin/cmake /home/dae/ros2_ws/src/antro -DCMAKE_INSTALL_PREFIX=/home/dae/ros2_ws/src/antro/install/antro
[0.800s] Invoking command in '/home/dae/ros2_ws/src/antro/build/antro': CMAKE_PREFIX_PATH=${CMAKE_PREFIX_PATH}:/home/dae/ros2_ws/install/visualr:/opt/ros/jazzy DEBUGINFOD_URLS=https://debuginfod.ubuntu.com /usr/bin/cmake --build /home/dae/ros2_ws/src/antro/build/antro -- -j16 -l16
[0.837s] Invoked command in '/home/dae/ros2_ws/src/antro/build/antro' returned '0': CMAKE_PREFIX_PATH=${CMAKE_PREFIX_PATH}:/home/dae/ros2_ws/install/visualr:/opt/ros/jazzy DEBUGINFOD_URLS=https://debuginfod.ubuntu.com /usr/bin/cmake --build /home/dae/ros2_ws/src/antro/build/antro -- -j16 -l16
[0.846s] Invoking command in '/home/dae/ros2_ws/src/antro/build/antro': CMAKE_PREFIX_PATH=${CMAKE_PREFIX_PATH}:/home/dae/ros2_ws/install/visualr:/opt/ros/jazzy DEBUGINFOD_URLS=https://debuginfod.ubuntu.com /usr/bin/cmake --install /home/dae/ros2_ws/src/antro/build/antro
[0.852s] -- Install configuration: ""
[0.853s] -- Installing: /home/dae/ros2_ws/src/antro/install/antro/share/antro/urdf
[0.853s] -- Installing: /home/dae/ros2_ws/src/antro/install/antro/share/antro/urdf/scara.urdf
[0.853s] -- Installing: /home/dae/ros2_ws/src/antro/install/antro/share/antro/launch
[0.853s] -- Installing: /home/dae/ros2_ws/src/antro/install/antro/share/antro/launch/display.launch.py
[0.854s] -- Installing: /home/dae/ros2_ws/src/antro/install/antro/share/antro/rviz
[0.854s] -- Installing: /home/dae/ros2_ws/src/antro/install/antro/share/ament_index/resource_index/package_run_dependencies/antro
[0.854s] -- Installing: /home/dae/ros2_ws/src/antro/install/antro/share/ament_index/resource_index/parent_prefix_path/antro
[0.854s] -- Installing: /home/dae/ros2_ws/src/antro/install/antro/share/antro/environment/ament_prefix_path.sh
[0.854s] -- Installing: /home/dae/ros2_ws/src/antro/install/antro/share/antro/environment/ament_prefix_path.dsv
[0.855s] -- Installing: /home/dae/ros2_ws/src/antro/install/antro/share/antro/environment/path.sh
[0.855s] -- Installing: /home/dae/ros2_ws/src/antro/install/antro/share/antro/environment/path.dsv
[0.855s] -- Installing: /home/dae/ros2_ws/src/antro/install/antro/share/antro/local_setup.bash
[0.855s] -- Installing: /home/dae/ros2_ws/src/antro/install/antro/share/antro/local_setup.sh
[0.856s] -- Installing: /home/dae/ros2_ws/src/antro/install/antro/share/antro/local_setup.zsh
[0.856s] -- Installing: /home/dae/ros2_ws/src/antro/install/antro/share/antro/local_setup.dsv
[0.856s] -- Installing: /home/dae/ros2_ws/src/antro/install/antro/share/antro/package.dsv
[0.856s] -- Installing: /home/dae/ros2_ws/src/antro/install/antro/share/ament_index/resource_index/packages/antro
[0.856s] -- Installing: /home/dae/ros2_ws/src/antro/install/antro/share/antro/cmake/antroConfig.cmake
[0.856s] -- Installing: /home/dae/ros2_ws/src/antro/install/antro/share/antro/cmake/antroConfig-version.cmake
[0.856s] -- Installing: /home/dae/ros2_ws/src/antro/install/antro/share/antro/package.xml
[0.858s] Invoked command in '/home/dae/ros2_ws/src/antro/build/antro' returned '0': CMAKE_PREFIX_PATH=${CMAKE_PREFIX_PATH}:/home/dae/ros2_ws/install/visualr:/opt/ros/jazzy DEBUGINFOD_URLS=https://debuginfod.ubuntu.com /usr/bin/cmake --install /home/dae/ros2_ws/src/antro/build/antro
