/home/david-romero/Proyectos/robotica/install/scara_cajas/lib/python3.12/site-packages/scara_cajas/__init__.py
/home/david-romero/Proyectos/robotica/install/scara_cajas/lib/python3.12/site-packages/scara_cajas/trajectory_controller.py
/home/david-romero/Proyectos/robotica/install/scara_cajas/lib/python3.12/site-packages/scara_cajas/gazebo_mod.py
/home/david-romero/Proyectos/robotica/install/scara_cajas/lib/python3.12/site-packages/scara_cajas/__pycache__/__init__.cpython-312.pyc
/home/david-romero/Proyectos/robotica/install/scara_cajas/lib/python3.12/site-packages/scara_cajas/__pycache__/trajectory_controller.cpython-312.pyc
/home/david-romero/Proyectos/robotica/install/scara_cajas/lib/python3.12/site-packages/scara_cajas/__pycache__/gazebo_mod.cpython-312.pyc
/home/david-romero/Proyectos/robotica/install/scara_cajas/share/ament_index/resource_index/packages/scara_cajas
/home/david-romero/Proyectos/robotica/install/scara_cajas/share/scara_cajas/package.xml
/home/david-romero/Proyectos/robotica/install/scara_cajas/share/scara_cajas/launch/display_gazebo.launch.py
/home/david-romero/Proyectos/robotica/install/scara_cajas/share/scara_cajas/launch/display.launch.py
/home/david-romero/Proyectos/robotica/install/scara_cajas/share/scara_cajas/urdf/Ensamblaje1.urdf
/home/david-romero/Proyectos/robotica/install/scara_cajas/share/scara_cajas/meshes/est2.STL
/home/david-romero/Proyectos/robotica/install/scara_cajas/share/scara_cajas/meshes/rot2.STL
/home/david-romero/Proyectos/robotica/install/scara_cajas/share/scara_cajas/meshes/rot1.STL
/home/david-romero/Proyectos/robotica/install/scara_cajas/share/scara_cajas/meshes/efector.STL
/home/david-romero/Proyectos/robotica/install/scara_cajas/share/scara_cajas/meshes/pris.STL
/home/david-romero/Proyectos/robotica/install/scara_cajas/share/scara_cajas/meshes/baase.STL
/home/david-romero/Proyectos/robotica/install/scara_cajas/share/scara_cajas/meshes/band3.STL
/home/david-romero/Proyectos/robotica/install/scara_cajas/share/scara_cajas/config/controllers.yaml
/home/david-romero/Proyectos/robotica/install/scara_cajas/share/scara_cajas/meshes
/home/david-romero/Proyectos/robotica/install/scara_cajas/lib/python3.12/site-packages/scara_cajas-0.0.0-py3.12.egg-info/requires.txt
/home/david-romero/Proyectos/robotica/install/scara_cajas/lib/python3.12/site-packages/scara_cajas-0.0.0-py3.12.egg-info/SOURCES.txt
/home/david-romero/Proyectos/robotica/install/scara_cajas/lib/python3.12/site-packages/scara_cajas-0.0.0-py3.12.egg-info/entry_points.txt
/home/david-romero/Proyectos/robotica/install/scara_cajas/lib/python3.12/site-packages/scara_cajas-0.0.0-py3.12.egg-info/PKG-INFO
/home/david-romero/Proyectos/robotica/install/scara_cajas/lib/python3.12/site-packages/scara_cajas-0.0.0-py3.12.egg-info/dependency_links.txt
/home/david-romero/Proyectos/robotica/install/scara_cajas/lib/python3.12/site-packages/scara_cajas-0.0.0-py3.12.egg-info/top_level.txt
/home/david-romero/Proyectos/robotica/install/scara_cajas/lib/python3.12/site-packages/scara_cajas-0.0.0-py3.12.egg-info/zip-safe
/home/david-romero/Proyectos/robotica/install/scara_cajas/lib/scara_cajas/gazebo_mod
/home/david-romero/Proyectos/robotica/install/scara_cajas/lib/scara_cajas/gui_presets
/home/david-romero/Proyectos/robotica/install/scara_cajas/lib/scara_cajas/trajectory_exec
