running egg_info
writing ../../build/antropomorfico_sim/antropomorfico_sim.egg-info/PKG-INFO
writing dependency_links to ../../build/antropomorfico_sim/antropomorfico_sim.egg-info/dependency_links.txt
writing entry points to ../../build/antropomorfico_sim/antropomorfico_sim.egg-info/entry_points.txt
writing requirements to ../../build/antropomorfico_sim/antropomorfico_sim.egg-info/requires.txt
writing top-level names to ../../build/antropomorfico_sim/antropomorfico_sim.egg-info/top_level.txt
reading manifest file '../../build/antropomorfico_sim/antropomorfico_sim.egg-info/SOURCES.txt'
writing manifest file '../../build/antropomorfico_sim/antropomorfico_sim.egg-info/SOURCES.txt'
running build
running build_py
copying antropomorfico_sim/trapezoidal_trajectory_node.py -> /home/juanes/Robotica-Meca/Robot1/codigo_fuente/antropomorfico_ws/build/antropomorfico_sim/build/lib/antropomorfico_sim
running install
running install_lib
copying /home/juanes/Robotica-Meca/Robot1/codigo_fuente/antropomorfico_ws/build/antropomorfico_sim/build/lib/antropomorfico_sim/trapezoidal_trajectory_node.py -> /home/juanes/Robotica-Meca/Robot1/codigo_fuente/antropomorfico_ws/install/antropomorfico_sim/lib/python3.12/site-packages/antropomorfico_sim
byte-compiling /home/juanes/Robotica-Meca/Robot1/codigo_fuente/antropomorfico_ws/install/antropomorfico_sim/lib/python3.12/site-packages/antropomorfico_sim/trapezoidal_trajectory_node.py to trapezoidal_trajectory_node.cpython-312.pyc
running install_data
copying urdf/antropomorfico.urdf -> /home/juanes/Robotica-Meca/Robot1/codigo_fuente/antropomorfico_ws/install/antropomorfico_sim/share/antropomorfico_sim/urdf
running install_egg_info
removing '/home/juanes/Robotica-Meca/Robot1/codigo_fuente/antropomorfico_ws/install/antropomorfico_sim/lib/python3.12/site-packages/antropomorfico_sim-0.0.0-py3.12.egg-info' (and everything under it)
Copying ../../build/antropomorfico_sim/antropomorfico_sim.egg-info to /home/juanes/Robotica-Meca/Robot1/codigo_fuente/antropomorfico_ws/install/antropomorfico_sim/lib/python3.12/site-packages/antropomorfico_sim-0.0.0-py3.12.egg-info
running install_scripts
Installing ik_solver script to /home/juanes/Robotica-Meca/Robot1/codigo_fuente/antropomorfico_ws/install/antropomorfico_sim/lib/antropomorfico_sim
Installing trapezoidal_node script to /home/juanes/Robotica-Meca/Robot1/codigo_fuente/antropomorfico_ws/install/antropomorfico_sim/lib/antropomorfico_sim
Installing trayectoria script to /home/juanes/Robotica-Meca/Robot1/codigo_fuente/antropomorfico_ws/install/antropomorfico_sim/lib/antropomorfico_sim
writing list of installed files to '/home/juanes/Robotica-Meca/Robot1/codigo_fuente/antropomorfico_ws/build/antropomorfico_sim/install.log'
