-- The C compiler identification is GNU 13.3.0
-- The CXX compiler identification is GNU 13.3.0
-- Detecting C compiler ABI info
-- Detecting C compiler ABI info - done
-- Check for working C compiler: /usr/bin/cc - skipped
-- Detecting C compile features
-- Detecting C compile features - done
-- Detecting CXX compiler ABI info
-- Detecting CXX compiler ABI info - done
-- Check for working CXX compiler: /usr/bin/c++ - skipped
-- Detecting CXX compile features
-- Detecting CXX compile features - done
-- Found ament_cmake: 2.5.6 (/opt/ros/jazzy/share/ament_cmake/cmake)
-- Found Python3: /usr/bin/python3 (found version "3.12.3") found components: Interpreter 
-- Found ament_lint_auto: 0.17.5 (/opt/ros/jazzy/share/ament_lint_auto/cmake)
-- Added test 'cppcheck' to perform static code analysis on C / C++ code
-- Configured cppcheck include dirs: 
-- Configured cppcheck exclude dirs and/or files: 
-- Added test 'flake8' to check Python code syntax and style conventions
-- Configured 'flake8' exclude dirs and/or files: 
-- Added test 'lint_cmake' to check CMake code style
-- Added test 'pep257' to check Python code against some of the docstring style conventions in PEP 257
-- Added test 'uncrustify' to check C / C++ code style
-- Configured uncrustify additional arguments: 
-- Added test 'xmllint' to check XML markup files
-- Configuring done (0.8s)
-- Generating done (0.0s)
-- Build files have been written to: /home/dae/ros2_ws/src/antro/build/antro
-- Install configuration: ""
-- Installing: /home/dae/ros2_ws/src/antro/install/antro/share/antro/urdf
-- Installing: /home/dae/ros2_ws/src/antro/install/antro/share/antro/urdf/scara.urdf
-- Installing: /home/dae/ros2_ws/src/antro/install/antro/share/antro/launch
-- Installing: /home/dae/ros2_ws/src/antro/install/antro/share/antro/launch/display.launch.py
-- Installing: /home/dae/ros2_ws/src/antro/install/antro/share/antro/rviz
-- Installing: /home/dae/ros2_ws/src/antro/install/antro/share/ament_index/resource_index/package_run_dependencies/antro
-- Installing: /home/dae/ros2_ws/src/antro/install/antro/share/ament_index/resource_index/parent_prefix_path/antro
-- Installing: /home/dae/ros2_ws/src/antro/install/antro/share/antro/environment/ament_prefix_path.sh
-- Installing: /home/dae/ros2_ws/src/antro/install/antro/share/antro/environment/ament_prefix_path.dsv
-- Installing: /home/dae/ros2_ws/src/antro/install/antro/share/antro/environment/path.sh
-- Installing: /home/dae/ros2_ws/src/antro/install/antro/share/antro/environment/path.dsv
-- Installing: /home/dae/ros2_ws/src/antro/install/antro/share/antro/local_setup.bash
-- Installing: /home/dae/ros2_ws/src/antro/install/antro/share/antro/local_setup.sh
-- Installing: /home/dae/ros2_ws/src/antro/install/antro/share/antro/local_setup.zsh
-- Installing: /home/dae/ros2_ws/src/antro/install/antro/share/antro/local_setup.dsv
-- Installing: /home/dae/ros2_ws/src/antro/install/antro/share/antro/package.dsv
-- Installing: /home/dae/ros2_ws/src/antro/install/antro/share/ament_index/resource_index/packages/antro
-- Installing: /home/dae/ros2_ws/src/antro/install/antro/share/antro/cmake/antroConfig.cmake
-- Installing: /home/dae/ros2_ws/src/antro/install/antro/share/antro/cmake/antroConfig-version.cmake
-- Installing: /home/dae/ros2_ws/src/antro/install/antro/share/antro/package.xml
