[1.321s] Invoking command in '/home/david-romero/Proyectos/ros2_ws/src/robot_description': DEBUGINFOD_URLS=https://debuginfod.ubuntu.com PYTHONPATH=/home/david-romero/Proyectos/ros2_ws/build/robot_description/prefix_override:/usr/lib/python3/dist-packages/colcon_core/task/python/colcon_distutils_commands:/home/david-romero/Proyectos/ros2_ws/install/robot_description/lib/python3.12/site-packages:${PYTHONPATH} /usr/bin/python3 -W ignore:setup.py install is deprecated -W ignore:easy_install command is deprecated setup.py egg_info --egg-base ../../build/robot_description build --build-base /home/david-romero/Proyectos/ros2_ws/build/robot_description/build install --record /home/david-romero/Proyectos/ros2_ws/build/robot_description/install.log --install-scripts $base/lib/robot_description --single-version-externally-managed install_data
[1.627s] running egg_info
[1.628s] creating ../../build/robot_description/robot_description.egg-info
[1.651s] writing ../../build/robot_description/robot_description.egg-info/PKG-INFO
[1.651s] writing dependency_links to ../../build/robot_description/robot_description.egg-info/dependency_links.txt
[1.651s] writing requirements to ../../build/robot_description/robot_description.egg-info/requires.txt
[1.651s] writing top-level names to ../../build/robot_description/robot_description.egg-info/top_level.txt
[1.651s] writing manifest file '../../build/robot_description/robot_description.egg-info/SOURCES.txt'
[1.699s] reading manifest file '../../build/robot_description/robot_description.egg-info/SOURCES.txt'
[1.700s] writing manifest file '../../build/robot_description/robot_description.egg-info/SOURCES.txt'
[1.700s] running build
[1.700s] running build_py
[1.700s] creating /home/david-romero/Proyectos/ros2_ws/build/robot_description/build
[1.700s] creating /home/david-romero/Proyectos/ros2_ws/build/robot_description/build/lib
[1.700s] creating /home/david-romero/Proyectos/ros2_ws/build/robot_description/build/lib/robot_description
[1.701s] copying robot_description/__init__.py -> /home/david-romero/Proyectos/ros2_ws/build/robot_description/build/lib/robot_description
[1.701s] running install
[1.710s] running install_lib
[1.733s] creating /home/david-romero/Proyectos/ros2_ws/install/robot_description/lib/python3.12/site-packages/robot_description
[1.733s] copying /home/david-romero/Proyectos/ros2_ws/build/robot_description/build/lib/robot_description/__init__.py -> /home/david-romero/Proyectos/ros2_ws/install/robot_description/lib/python3.12/site-packages/robot_description
[1.733s] byte-compiling /home/david-romero/Proyectos/ros2_ws/install/robot_description/lib/python3.12/site-packages/robot_description/__init__.py to __init__.cpython-312.pyc
[1.734s] running install_data
[1.734s] creating /home/david-romero/Proyectos/ros2_ws/install/robot_description/share/ament_index
[1.734s] creating /home/david-romero/Proyectos/ros2_ws/install/robot_description/share/ament_index/resource_index
[1.734s] creating /home/david-romero/Proyectos/ros2_ws/install/robot_description/share/ament_index/resource_index/packages
[1.734s] copying resource/robot_description -> /home/david-romero/Proyectos/ros2_ws/install/robot_description/share/ament_index/resource_index/packages
[1.734s] copying package.xml -> /home/david-romero/Proyectos/ros2_ws/install/robot_description/share/robot_description
[1.734s] creating /home/david-romero/Proyectos/ros2_ws/install/robot_description/share/robot_description/launch
[1.735s] copying launch/display.launch.py -> /home/david-romero/Proyectos/ros2_ws/install/robot_description/share/robot_description/launch
[1.735s] creating /home/david-romero/Proyectos/ros2_ws/install/robot_description/share/robot_description/urdf
[1.735s] copying urdf/Ensamblaje1.urdf -> /home/david-romero/Proyectos/ros2_ws/install/robot_description/share/robot_description/urdf
[1.735s] creating /home/david-romero/Proyectos/ros2_ws/install/robot_description/share/robot_description/meshes
[1.735s] copying meshes/rot2.STL -> /home/david-romero/Proyectos/ros2_ws/install/robot_description/share/robot_description/meshes
[1.735s] copying meshes/rot1.STL -> /home/david-romero/Proyectos/ros2_ws/install/robot_description/share/robot_description/meshes
[1.736s] copying meshes/pris.STL -> /home/david-romero/Proyectos/ros2_ws/install/robot_description/share/robot_description/meshes
[1.736s] copying meshes/baase.STL -> /home/david-romero/Proyectos/ros2_ws/install/robot_description/share/robot_description/meshes
[1.736s] running install_egg_info
[1.761s] Copying ../../build/robot_description/robot_description.egg-info to /home/david-romero/Proyectos/ros2_ws/install/robot_description/lib/python3.12/site-packages/robot_description-0.0.0-py3.12.egg-info
[1.762s] running install_scripts
[1.916s] writing list of installed files to '/home/david-romero/Proyectos/ros2_ws/build/robot_description/install.log'
[1.946s] Invoked command in '/home/david-romero/Proyectos/ros2_ws/src/robot_description' returned '0': DEBUGINFOD_URLS=https://debuginfod.ubuntu.com PYTHONPATH=/home/david-romero/Proyectos/ros2_ws/build/robot_description/prefix_override:/usr/lib/python3/dist-packages/colcon_core/task/python/colcon_distutils_commands:/home/david-romero/Proyectos/ros2_ws/install/robot_description/lib/python3.12/site-packages:${PYTHONPATH} /usr/bin/python3 -W ignore:setup.py install is deprecated -W ignore:easy_install command is deprecated setup.py egg_info --egg-base ../../build/robot_description build --build-base /home/david-romero/Proyectos/ros2_ws/build/robot_description/build install --record /home/david-romero/Proyectos/ros2_ws/build/robot_description/install.log --install-scripts $base/lib/robot_description --single-version-externally-managed install_data
