[3.425s] Invoking command in '/home/david-romero/Proyectos/robotica/src/scara_cajas': DEBUGINFOD_URLS=https://debuginfod.ubuntu.com PYTHONPATH=/home/david-romero/Proyectos/robotica/build/scara_cajas/prefix_override:/usr/lib/python3/dist-packages/colcon_core/task/python/colcon_distutils_commands:/home/david-romero/Proyectos/robotica/install/scara_cajas/lib/python3.12/site-packages:${PYTHONPATH} /usr/bin/python3 -W ignore:setup.py install is deprecated -W ignore:easy_install command is deprecated setup.py egg_info --egg-base ../../build/scara_cajas build --build-base /home/david-romero/Proyectos/robotica/build/scara_cajas/build install --record /home/david-romero/Proyectos/robotica/build/scara_cajas/install.log --install-scripts $base/lib/scara_cajas --single-version-externally-managed install_data
[4.262s] running egg_info
[4.296s] writing ../../build/scara_cajas/scara_cajas.egg-info/PKG-INFO
[4.296s] writing dependency_links to ../../build/scara_cajas/scara_cajas.egg-info/dependency_links.txt
[4.297s] writing entry points to ../../build/scara_cajas/scara_cajas.egg-info/entry_points.txt
[4.297s] writing requirements to ../../build/scara_cajas/scara_cajas.egg-info/requires.txt
[4.297s] writing top-level names to ../../build/scara_cajas/scara_cajas.egg-info/top_level.txt
[4.366s] reading manifest file '../../build/scara_cajas/scara_cajas.egg-info/SOURCES.txt'
[4.368s] writing manifest file '../../build/scara_cajas/scara_cajas.egg-info/SOURCES.txt'
[4.368s] running build
[4.368s] running build_py
[4.368s] copying scara_cajas/trajectory_controller.py -> /home/david-romero/Proyectos/robotica/build/scara_cajas/build/lib/scara_cajas
[4.369s] running install
[4.379s] running install_lib
[4.418s] copying /home/david-romero/Proyectos/robotica/build/scara_cajas/build/lib/scara_cajas/trajectory_controller.py -> /home/david-romero/Proyectos/robotica/install/scara_cajas/lib/python3.12/site-packages/scara_cajas
[4.419s] byte-compiling /home/david-romero/Proyectos/robotica/install/scara_cajas/lib/python3.12/site-packages/scara_cajas/trajectory_controller.py to trajectory_controller.cpython-312.pyc
[4.423s] running install_data
[4.423s] running install_egg_info
[4.457s] removing '/home/david-romero/Proyectos/robotica/install/scara_cajas/lib/python3.12/site-packages/scara_cajas-0.0.0-py3.12.egg-info' (and everything under it)
[4.457s] Copying ../../build/scara_cajas/scara_cajas.egg-info to /home/david-romero/Proyectos/robotica/install/scara_cajas/lib/python3.12/site-packages/scara_cajas-0.0.0-py3.12.egg-info
[4.458s] running install_scripts
[4.680s] Installing gazebo_mod script to /home/david-romero/Proyectos/robotica/install/scara_cajas/lib/scara_cajas
[4.680s] Installing gui_presets script to /home/david-romero/Proyectos/robotica/install/scara_cajas/lib/scara_cajas
[4.680s] Installing trajectory_exec script to /home/david-romero/Proyectos/robotica/install/scara_cajas/lib/scara_cajas
[4.681s] writing list of installed files to '/home/david-romero/Proyectos/robotica/build/scara_cajas/install.log'
[4.727s] Invoked command in '/home/david-romero/Proyectos/robotica/src/scara_cajas' returned '0': DEBUGINFOD_URLS=https://debuginfod.ubuntu.com PYTHONPATH=/home/david-romero/Proyectos/robotica/build/scara_cajas/prefix_override:/usr/lib/python3/dist-packages/colcon_core/task/python/colcon_distutils_commands:/home/david-romero/Proyectos/robotica/install/scara_cajas/lib/python3.12/site-packages:${PYTHONPATH} /usr/bin/python3 -W ignore:setup.py install is deprecated -W ignore:easy_install command is deprecated setup.py egg_info --egg-base ../../build/scara_cajas build --build-base /home/david-romero/Proyectos/robotica/build/scara_cajas/build install --record /home/david-romero/Proyectos/robotica/build/scara_cajas/install.log --install-scripts $base/lib/scara_cajas --single-version-externally-managed install_data
