[2.761s] Invoking command in '/home/david-romero/Proyectos/robotica/build/scara_boceto': DEBUGINFOD_URLS=https://debuginfod.ubuntu.com PYTHONPATH=/home/david-romero/Proyectos/robotica/build/scara_boceto/prefix_override:/usr/lib/python3/dist-packages/colcon_core/task/python/colcon_distutils_commands:/home/david-romero/Proyectos/robotica/install/scara_boceto/lib/python3.12/site-packages:${PYTHONPATH} /usr/bin/python3 -W ignore:setup.py install is deprecated -W ignore:easy_install command is deprecated setup.py develop --uninstall --editable --build-directory /home/david-romero/Proyectos/robotica/build/scara_boceto/build
[3.583s] running develop
[4.205s] Removing /home/david-romero/Proyectos/robotica/install/scara_boceto/lib/python3.12/site-packages/scara-boceto.egg-link (link to .)
[4.261s] Invoked command in '/home/david-romero/Proyectos/robotica/build/scara_boceto' returned '0': DEBUGINFOD_URLS=https://debuginfod.ubuntu.com PYTHONPATH=/home/david-romero/Proyectos/robotica/build/scara_boceto/prefix_override:/usr/lib/python3/dist-packages/colcon_core/task/python/colcon_distutils_commands:/home/david-romero/Proyectos/robotica/install/scara_boceto/lib/python3.12/site-packages:${PYTHONPATH} /usr/bin/python3 -W ignore:setup.py install is deprecated -W ignore:easy_install command is deprecated setup.py develop --uninstall --editable --build-directory /home/david-romero/Proyectos/robotica/build/scara_boceto/build
[4.263s] Invoking command in '/home/david-romero/Proyectos/robotica/src/scara_boceto': DEBUGINFOD_URLS=https://debuginfod.ubuntu.com PYTHONPATH=/home/david-romero/Proyectos/robotica/build/scara_boceto/prefix_override:/usr/lib/python3/dist-packages/colcon_core/task/python/colcon_distutils_commands:/home/david-romero/Proyectos/robotica/install/scara_boceto/lib/python3.12/site-packages:${PYTHONPATH} /usr/bin/python3 -W ignore:setup.py install is deprecated -W ignore:easy_install command is deprecated setup.py egg_info --egg-base ../../build/scara_boceto build --build-base /home/david-romero/Proyectos/robotica/build/scara_boceto/build install --record /home/david-romero/Proyectos/robotica/build/scara_boceto/install.log --install-scripts $base/lib/scara_boceto --single-version-externally-managed install_data --force
[4.628s] running egg_info
[4.652s] writing ../../build/scara_boceto/scara_boceto.egg-info/PKG-INFO
[4.653s] writing dependency_links to ../../build/scara_boceto/scara_boceto.egg-info/dependency_links.txt
[4.653s] writing entry points to ../../build/scara_boceto/scara_boceto.egg-info/entry_points.txt
[4.653s] writing top-level names to ../../build/scara_boceto/scara_boceto.egg-info/top_level.txt
[4.709s] reading manifest file '../../build/scara_boceto/scara_boceto.egg-info/SOURCES.txt'
[4.709s] writing manifest file '../../build/scara_boceto/scara_boceto.egg-info/SOURCES.txt'
[4.710s] running build
[4.710s] running build_py
[4.710s] creating /home/david-romero/Proyectos/robotica/build/scara_boceto/build
[4.710s] creating /home/david-romero/Proyectos/robotica/build/scara_boceto/build/lib
[4.710s] creating /home/david-romero/Proyectos/robotica/build/scara_boceto/build/lib/scara_boceto
[4.710s] copying scara_boceto/__init__.py -> /home/david-romero/Proyectos/robotica/build/scara_boceto/build/lib/scara_boceto
[4.710s] copying scara_boceto/gui_sliders.py -> /home/david-romero/Proyectos/robotica/build/scara_boceto/build/lib/scara_boceto
[4.711s] copying scara_boceto/fk_publisher.py -> /home/david-romero/Proyectos/robotica/build/scara_boceto/build/lib/scara_boceto
[4.711s] running install
[4.718s] running install_lib
[4.742s] creating /home/david-romero/Proyectos/robotica/install/scara_boceto/lib/python3.12/site-packages/scara_boceto
[4.742s] copying /home/david-romero/Proyectos/robotica/build/scara_boceto/build/lib/scara_boceto/__init__.py -> /home/david-romero/Proyectos/robotica/install/scara_boceto/lib/python3.12/site-packages/scara_boceto
[4.742s] copying /home/david-romero/Proyectos/robotica/build/scara_boceto/build/lib/scara_boceto/gui_sliders.py -> /home/david-romero/Proyectos/robotica/install/scara_boceto/lib/python3.12/site-packages/scara_boceto
[4.742s] copying /home/david-romero/Proyectos/robotica/build/scara_boceto/build/lib/scara_boceto/fk_publisher.py -> /home/david-romero/Proyectos/robotica/install/scara_boceto/lib/python3.12/site-packages/scara_boceto
[4.743s] byte-compiling /home/david-romero/Proyectos/robotica/install/scara_boceto/lib/python3.12/site-packages/scara_boceto/__init__.py to __init__.cpython-312.pyc
[4.743s] byte-compiling /home/david-romero/Proyectos/robotica/install/scara_boceto/lib/python3.12/site-packages/scara_boceto/gui_sliders.py to gui_sliders.cpython-312.pyc
[4.744s] byte-compiling /home/david-romero/Proyectos/robotica/install/scara_boceto/lib/python3.12/site-packages/scara_boceto/fk_publisher.py to fk_publisher.cpython-312.pyc
[4.745s] running install_data
[4.745s] copying resource/scara_boceto -> /home/david-romero/Proyectos/robotica/install/scara_boceto/share/ament_index/resource_index/packages
[4.746s] copying package.xml -> /home/david-romero/Proyectos/robotica/install/scara_boceto/share/scara_boceto
[4.746s] copying launch/gazebo.launch.py -> /home/david-romero/Proyectos/robotica/install/scara_boceto/share/scara_boceto/launch
[4.747s] copying launch/display.launch.py -> /home/david-romero/Proyectos/robotica/install/scara_boceto/share/scara_boceto/launch
[4.748s] copying urdf/scara_boceto.urdf.xacro -> /home/david-romero/Proyectos/robotica/install/scara_boceto/share/scara_boceto/urdf
[4.748s] copying urdf/final.urdf -> /home/david-romero/Proyectos/robotica/install/scara_boceto/share/scara_boceto/urdf
[4.749s] copying urdf/scara_boceto.urdf.xacro -> /home/david-romero/Proyectos/robotica/install/scara_boceto/share/scara_boceto/urdf
[4.749s] copying meshes/est2.STL -> /home/david-romero/Proyectos/robotica/install/scara_boceto/share/scara_boceto/meshes
[4.749s] copying meshes/rot2.STL -> /home/david-romero/Proyectos/robotica/install/scara_boceto/share/scara_boceto/meshes
[4.752s] copying meshes/ban3.STL -> /home/david-romero/Proyectos/robotica/install/scara_boceto/share/scara_boceto/meshes
[4.753s] copying meshes/rot1.STL -> /home/david-romero/Proyectos/robotica/install/scara_boceto/share/scara_boceto/meshes
[4.755s] copying meshes/base_link.STL -> /home/david-romero/Proyectos/robotica/install/scara_boceto/share/scara_boceto/meshes
[4.756s] copying meshes/pris.STL -> /home/david-romero/Proyectos/robotica/install/scara_boceto/share/scara_boceto/meshes
[4.759s] copying config/controller_manager:.yaml -> /home/david-romero/Proyectos/robotica/install/scara_boceto/share/scara_boceto/config
[4.760s] running install_egg_info
[4.786s] Copying ../../build/scara_boceto/scara_boceto.egg-info to /home/david-romero/Proyectos/robotica/install/scara_boceto/lib/python3.12/site-packages/scara_boceto-0.0.0-py3.12.egg-info
[4.787s] running install_scripts
[5.042s] Installing fk_publisher script to /home/david-romero/Proyectos/robotica/install/scara_boceto/lib/scara_boceto
[5.042s] Installing gui_sliders script to /home/david-romero/Proyectos/robotica/install/scara_boceto/lib/scara_boceto
[5.043s] writing list of installed files to '/home/david-romero/Proyectos/robotica/build/scara_boceto/install.log'
[5.086s] Invoked command in '/home/david-romero/Proyectos/robotica/src/scara_boceto' returned '0': DEBUGINFOD_URLS=https://debuginfod.ubuntu.com PYTHONPATH=/home/david-romero/Proyectos/robotica/build/scara_boceto/prefix_override:/usr/lib/python3/dist-packages/colcon_core/task/python/colcon_distutils_commands:/home/david-romero/Proyectos/robotica/install/scara_boceto/lib/python3.12/site-packages:${PYTHONPATH} /usr/bin/python3 -W ignore:setup.py install is deprecated -W ignore:easy_install command is deprecated setup.py egg_info --egg-base ../../build/scara_boceto build --build-base /home/david-romero/Proyectos/robotica/build/scara_boceto/build install --record /home/david-romero/Proyectos/robotica/build/scara_boceto/install.log --install-scripts $base/lib/scara_boceto --single-version-externally-managed install_data --force
