[3.221s] Invoking command in '/home/david-romero/Proyectos/robotica/src/scara_cajas': DEBUGINFOD_URLS=https://debuginfod.ubuntu.com PYTHONPATH=/home/david-romero/Proyectos/robotica/build/scara_cajas/prefix_override:/usr/lib/python3/dist-packages/colcon_core/task/python/colcon_distutils_commands:/home/david-romero/Proyectos/robotica/install/scara_cajas/lib/python3.12/site-packages:${PYTHONPATH} /usr/bin/python3 -W ignore:setup.py install is deprecated -W ignore:easy_install command is deprecated setup.py egg_info --egg-base ../../build/scara_cajas build --build-base /home/david-romero/Proyectos/robotica/build/scara_cajas/build install --record /home/david-romero/Proyectos/robotica/build/scara_cajas/install.log --install-scripts $base/lib/scara_cajas --single-version-externally-managed install_data
[4.094s] running egg_info
[4.143s] writing ../../build/scara_cajas/scara_cajas.egg-info/PKG-INFO
[4.144s] writing dependency_links to ../../build/scara_cajas/scara_cajas.egg-info/dependency_links.txt
[4.144s] writing entry points to ../../build/scara_cajas/scara_cajas.egg-info/entry_points.txt
[4.144s] writing requirements to ../../build/scara_cajas/scara_cajas.egg-info/requires.txt
[4.144s] writing top-level names to ../../build/scara_cajas/scara_cajas.egg-info/top_level.txt
[4.227s] reading manifest file '../../build/scara_cajas/scara_cajas.egg-info/SOURCES.txt'
[4.229s] writing manifest file '../../build/scara_cajas/scara_cajas.egg-info/SOURCES.txt'
[4.229s] running build
[4.229s] running build_py
[4.230s] running install
[4.242s] running install_lib
[4.298s] running install_data
[4.301s] copying urdf/Ensamblaje1.urdf -> /home/david-romero/Proyectos/robotica/install/scara_cajas/share/scara_cajas/urdf
[4.301s] running install_egg_info
[4.348s] removing '/home/david-romero/Proyectos/robotica/install/scara_cajas/lib/python3.12/site-packages/scara_cajas-0.0.0-py3.12.egg-info' (and everything under it)
[4.348s] Copying ../../build/scara_cajas/scara_cajas.egg-info to /home/david-romero/Proyectos/robotica/install/scara_cajas/lib/python3.12/site-packages/scara_cajas-0.0.0-py3.12.egg-info
[4.351s] running install_scripts
[4.540s] Installing gui_presets script to /home/david-romero/Proyectos/robotica/install/scara_cajas/lib/scara_cajas
[4.540s] writing list of installed files to '/home/david-romero/Proyectos/robotica/build/scara_cajas/install.log'
[4.571s] Invoked command in '/home/david-romero/Proyectos/robotica/src/scara_cajas' returned '0': DEBUGINFOD_URLS=https://debuginfod.ubuntu.com PYTHONPATH=/home/david-romero/Proyectos/robotica/build/scara_cajas/prefix_override:/usr/lib/python3/dist-packages/colcon_core/task/python/colcon_distutils_commands:/home/david-romero/Proyectos/robotica/install/scara_cajas/lib/python3.12/site-packages:${PYTHONPATH} /usr/bin/python3 -W ignore:setup.py install is deprecated -W ignore:easy_install command is deprecated setup.py egg_info --egg-base ../../build/scara_cajas build --build-base /home/david-romero/Proyectos/robotica/build/scara_cajas/build install --record /home/david-romero/Proyectos/robotica/build/scara_cajas/install.log --install-scripts $base/lib/scara_cajas --single-version-externally-managed install_data
