/home/david-romero/Proyectos/robotica/install/ttcc/lib/python3.12/site-packages/ttcc/__init__.py
/home/david-romero/Proyectos/robotica/install/ttcc/lib/python3.12/site-packages/ttcc/simulador_cinematico_node.py
/home/david-romero/Proyectos/robotica/install/ttcc/lib/python3.12/site-packages/ttcc/__pycache__/__init__.cpython-312.pyc
/home/david-romero/Proyectos/robotica/install/ttcc/lib/python3.12/site-packages/ttcc/__pycache__/simulador_cinematico_node.cpython-312.pyc
/home/david-romero/Proyectos/robotica/install/ttcc/share/ament_index/resource_index/packages/ttcc
/home/david-romero/Proyectos/robotica/install/ttcc/share/ttcc/package.xml
/home/david-romero/Proyectos/robotica/install/ttcc/share/ttcc/launch/simultion.launch.py
/home/david-romero/Proyectos/robotica/install/ttcc/share/ttcc/launch/display.launch.py
/home/david-romero/Proyectos/robotica/install/ttcc/share/ttcc/urdf/ensamble1.urdf
/home/david-romero/Proyectos/robotica/install/ttcc/share/ttcc/meshes/rott5.STL
/home/david-romero/Proyectos/robotica/install/ttcc/share/ttcc/meshes/rott4.STL
/home/david-romero/Proyectos/robotica/install/ttcc/share/ttcc/meshes/rot2.STL
/home/david-romero/Proyectos/robotica/install/ttcc/share/ttcc/meshes/rot1.STL
/home/david-romero/Proyectos/robotica/install/ttcc/share/ttcc/meshes/rot3.STL
/home/david-romero/Proyectos/robotica/install/ttcc/share/ttcc/meshes/base_link.STL
/home/david-romero/Proyectos/robotica/install/ttcc/share/ttcc/meshes/efector.STL
/home/david-romero/Proyectos/robotica/install/ttcc/share/ttcc/meshes/rott3.STL
/home/david-romero/Proyectos/robotica/install/ttcc/share/ttcc/meshes/rott2.STL
/home/david-romero/Proyectos/robotica/install/ttcc/share/ttcc/meshes/org.STL
/home/david-romero/Proyectos/robotica/install/ttcc/share/ttcc/meshes/rott6.STL
/home/david-romero/Proyectos/robotica/install/ttcc/share/ttcc/meshes/prisma1.STL
/home/david-romero/Proyectos/robotica/install/ttcc/share/ttcc/meshes/rott1.STL
/home/david-romero/Proyectos/robotica/install/ttcc/lib/python3.12/site-packages/ttcc-0.0.0-py3.12.egg-info/requires.txt
/home/david-romero/Proyectos/robotica/install/ttcc/lib/python3.12/site-packages/ttcc-0.0.0-py3.12.egg-info/SOURCES.txt
/home/david-romero/Proyectos/robotica/install/ttcc/lib/python3.12/site-packages/ttcc-0.0.0-py3.12.egg-info/entry_points.txt
/home/david-romero/Proyectos/robotica/install/ttcc/lib/python3.12/site-packages/ttcc-0.0.0-py3.12.egg-info/PKG-INFO
/home/david-romero/Proyectos/robotica/install/ttcc/lib/python3.12/site-packages/ttcc-0.0.0-py3.12.egg-info/dependency_links.txt
/home/david-romero/Proyectos/robotica/install/ttcc/lib/python3.12/site-packages/ttcc-0.0.0-py3.12.egg-info/top_level.txt
/home/david-romero/Proyectos/robotica/install/ttcc/lib/python3.12/site-packages/ttcc-0.0.0-py3.12.egg-info/zip-safe
/home/david-romero/Proyectos/robotica/install/ttcc/lib/ttcc/simulador_cinematico_node
