[0.016s] Invoking command in '/home/dae/ros2_ws/src/antro/build/antro': CMAKE_PREFIX_PATH=${CMAKE_PREFIX_PATH}:/home/dae/ros2_ws/install/visualr:/opt/ros/jazzy DEBUGINFOD_URLS=https://debuginfod.ubuntu.com /usr/bin/cmake --build /home/dae/ros2_ws/src/antro/build/antro -- -j16 -l16
[0.073s] Invoked command in '/home/dae/ros2_ws/src/antro/build/antro' returned '0': CMAKE_PREFIX_PATH=${CMAKE_PREFIX_PATH}:/home/dae/ros2_ws/install/visualr:/opt/ros/jazzy DEBUGINFOD_URLS=https://debuginfod.ubuntu.com /usr/bin/cmake --build /home/dae/ros2_ws/src/antro/build/antro -- -j16 -l16
[0.087s] Invoking command in '/home/dae/ros2_ws/src/antro/build/antro': CMAKE_PREFIX_PATH=${CMAKE_PREFIX_PATH}:/home/dae/ros2_ws/install/visualr:/opt/ros/jazzy DEBUGINFOD_URLS=https://debuginfod.ubuntu.com /usr/bin/cmake --install /home/dae/ros2_ws/src/antro/build/antro
[0.097s] -- Install configuration: ""
[0.097s] -- Up-to-date: /home/dae/ros2_ws/src/antro/install/antro/share/antro/urdf
[0.097s] -- Installing: /home/dae/ros2_ws/src/antro/install/antro/share/antro/urdf/scara.urdf
[0.097s] -- Up-to-date: /home/dae/ros2_ws/src/antro/install/antro/share/antro/launch
[0.098s] -- Up-to-date: /home/dae/ros2_ws/src/antro/install/antro/share/antro/launch/display.launch.py
[0.098s] -- Up-to-date: /home/dae/ros2_ws/src/antro/install/antro/share/antro/launch/install
[0.098s] -- Up-to-date: /home/dae/ros2_ws/src/antro/install/antro/share/antro/launch/install/.colcon_install_layout
[0.098s] -- Up-to-date: /home/dae/ros2_ws/src/antro/install/antro/share/antro/launch/install/setup.bash
[0.098s] -- Up-to-date: /home/dae/ros2_ws/src/antro/install/antro/share/antro/launch/install/local_setup.zsh
[0.098s] -- Up-to-date: /home/dae/ros2_ws/src/antro/install/antro/share/antro/launch/install/_local_setup_util_sh.py
[0.098s] -- Up-to-date: /home/dae/ros2_ws/src/antro/install/antro/share/antro/launch/install/local_setup.bash
[0.098s] -- Up-to-date: /home/dae/ros2_ws/src/antro/install/antro/share/antro/launch/install/COLCON_IGNORE
[0.099s] -- Up-to-date: /home/dae/ros2_ws/src/antro/install/antro/share/antro/launch/install/setup.sh
[0.099s] -- Up-to-date: /home/dae/ros2_ws/src/antro/install/antro/share/antro/launch/install/local_setup.sh
[0.099s] -- Up-to-date: /home/dae/ros2_ws/src/antro/install/antro/share/antro/launch/install/setup.zsh
[0.099s] -- Up-to-date: /home/dae/ros2_ws/src/antro/install/antro/share/antro/launch/build
[0.099s] -- Up-to-date: /home/dae/ros2_ws/src/antro/install/antro/share/antro/launch/build/.built_by
[0.099s] -- Up-to-date: /home/dae/ros2_ws/src/antro/install/antro/share/antro/launch/build/COLCON_IGNORE
[0.099s] -- Up-to-date: /home/dae/ros2_ws/src/antro/install/antro/share/antro/launch/log
[0.099s] -- Up-to-date: /home/dae/ros2_ws/src/antro/install/antro/share/antro/launch/log/build_2026-08-15_09-27-41
[0.099s] -- Up-to-date: /home/dae/ros2_ws/src/antro/install/antro/share/antro/launch/log/build_2026-08-15_09-27-41/logger_all.log
[0.100s] -- Up-to-date: /home/dae/ros2_ws/src/antro/install/antro/share/antro/launch/log/build_2026-08-15_09-27-41/events.log
[0.100s] -- Up-to-date: /home/dae/ros2_ws/src/antro/install/antro/share/antro/launch/log/COLCON_IGNORE
[0.100s] -- Up-to-date: /home/dae/ros2_ws/src/antro/install/antro/share/antro/launch/log/latest_build
[0.100s] -- Up-to-date: /home/dae/ros2_ws/src/antro/install/antro/share/antro/launch/log/latest
[0.100s] -- Up-to-date: /home/dae/ros2_ws/src/antro/install/antro/share/antro/rviz
[0.100s] -- Up-to-date: /home/dae/ros2_ws/src/antro/install/antro/share/ament_index/resource_index/package_run_dependencies/antro
[0.100s] -- Up-to-date: /home/dae/ros2_ws/src/antro/install/antro/share/ament_index/resource_index/parent_prefix_path/antro
[0.100s] -- Up-to-date: /home/dae/ros2_ws/src/antro/install/antro/share/antro/environment/ament_prefix_path.sh
[0.100s] -- Up-to-date: /home/dae/ros2_ws/src/antro/install/antro/share/antro/environment/ament_prefix_path.dsv
[0.101s] -- Up-to-date: /home/dae/ros2_ws/src/antro/install/antro/share/antro/environment/path.sh
[0.101s] -- Up-to-date: /home/dae/ros2_ws/src/antro/install/antro/share/antro/environment/path.dsv
[0.101s] -- Up-to-date: /home/dae/ros2_ws/src/antro/install/antro/share/antro/local_setup.bash
[0.101s] -- Up-to-date: /home/dae/ros2_ws/src/antro/install/antro/share/antro/local_setup.sh
[0.101s] -- Up-to-date: /home/dae/ros2_ws/src/antro/install/antro/share/antro/local_setup.zsh
[0.101s] -- Up-to-date: /home/dae/ros2_ws/src/antro/install/antro/share/antro/local_setup.dsv
[0.101s] -- Installing: /home/dae/ros2_ws/src/antro/install/antro/share/antro/package.dsv
[0.101s] -- Up-to-date: /home/dae/ros2_ws/src/antro/install/antro/share/ament_index/resource_index/packages/antro
[0.101s] -- Up-to-date: /home/dae/ros2_ws/src/antro/install/antro/share/antro/cmake/antroConfig.cmake
[0.101s] -- Up-to-date: /home/dae/ros2_ws/src/antro/install/antro/share/antro/cmake/antroConfig-version.cmake
[0.102s] -- Up-to-date: /home/dae/ros2_ws/src/antro/install/antro/share/antro/package.xml
[0.102s] Invoked command in '/home/dae/ros2_ws/src/antro/build/antro' returned '0': CMAKE_PREFIX_PATH=${CMAKE_PREFIX_PATH}:/home/dae/ros2_ws/install/visualr:/opt/ros/jazzy DEBUGINFOD_URLS=https://debuginfod.ubuntu.com /usr/bin/cmake --install /home/dae/ros2_ws/src/antro/build/antro
