[2.096s] Invoking command in '/home/david-romero/Proyectos/robotica/src/scara_cajas': DEBUGINFOD_URLS=https://debuginfod.ubuntu.com PYTHONPATH=/home/david-romero/Proyectos/robotica/build/scara_cajas/prefix_override:/usr/lib/python3/dist-packages/colcon_core/task/python/colcon_distutils_commands:/home/david-romero/Proyectos/robotica/install/scara_cajas/lib/python3.12/site-packages:${PYTHONPATH} /usr/bin/python3 -W ignore:setup.py install is deprecated -W ignore:easy_install command is deprecated setup.py egg_info --egg-base ../../build/scara_cajas build --build-base /home/david-romero/Proyectos/robotica/build/scara_cajas/build install --record /home/david-romero/Proyectos/robotica/build/scara_cajas/install.log --install-scripts $base/lib/scara_cajas --single-version-externally-managed install_data
[2.573s] running egg_info
[2.611s] writing ../../build/scara_cajas/scara_cajas.egg-info/PKG-INFO
[2.611s] writing dependency_links to ../../build/scara_cajas/scara_cajas.egg-info/dependency_links.txt
[2.611s] writing entry points to ../../build/scara_cajas/scara_cajas.egg-info/entry_points.txt
[2.612s] writing requirements to ../../build/scara_cajas/scara_cajas.egg-info/requires.txt
[2.612s] writing top-level names to ../../build/scara_cajas/scara_cajas.egg-info/top_level.txt
[2.685s] reading manifest file '../../build/scara_cajas/scara_cajas.egg-info/SOURCES.txt'
[2.686s] writing manifest file '../../build/scara_cajas/scara_cajas.egg-info/SOURCES.txt'
[2.687s] running build
[2.687s] running build_py
[2.687s] copying scara_cajas/gui_presets.py -> /home/david-romero/Proyectos/robotica/build/scara_cajas/build/lib/scara_cajas
[2.687s] running install
[2.698s] running install_lib
[2.735s] copying /home/david-romero/Proyectos/robotica/build/scara_cajas/build/lib/scara_cajas/gui_presets.py -> /home/david-romero/Proyectos/robotica/install/scara_cajas/lib/python3.12/site-packages/scara_cajas
[2.736s] byte-compiling /home/david-romero/Proyectos/robotica/install/scara_cajas/lib/python3.12/site-packages/scara_cajas/gui_presets.py to gui_presets.cpython-312.pyc
[2.738s] running install_data
[2.739s] running install_egg_info
[2.782s] removing '/home/david-romero/Proyectos/robotica/install/scara_cajas/lib/python3.12/site-packages/scara_cajas-0.0.0-py3.12.egg-info' (and everything under it)
[2.782s] Copying ../../build/scara_cajas/scara_cajas.egg-info to /home/david-romero/Proyectos/robotica/install/scara_cajas/lib/python3.12/site-packages/scara_cajas-0.0.0-py3.12.egg-info
[2.783s] running install_scripts
[3.056s] Installing gui_presets script to /home/david-romero/Proyectos/robotica/install/scara_cajas/lib/scara_cajas
[3.057s] writing list of installed files to '/home/david-romero/Proyectos/robotica/build/scara_cajas/install.log'
[3.130s] Invoked command in '/home/david-romero/Proyectos/robotica/src/scara_cajas' returned '0': DEBUGINFOD_URLS=https://debuginfod.ubuntu.com PYTHONPATH=/home/david-romero/Proyectos/robotica/build/scara_cajas/prefix_override:/usr/lib/python3/dist-packages/colcon_core/task/python/colcon_distutils_commands:/home/david-romero/Proyectos/robotica/install/scara_cajas/lib/python3.12/site-packages:${PYTHONPATH} /usr/bin/python3 -W ignore:setup.py install is deprecated -W ignore:easy_install command is deprecated setup.py egg_info --egg-base ../../build/scara_cajas build --build-base /home/david-romero/Proyectos/robotica/build/scara_cajas/build install --record /home/david-romero/Proyectos/robotica/build/scara_cajas/install.log --install-scripts $base/lib/scara_cajas --single-version-externally-managed install_data
