-- The C compiler identification is GNU 13.3.0
-- The CXX compiler identification is GNU 13.3.0
-- Detecting C compiler ABI info
-- Detecting C compiler ABI info - done
-- Check for working C compiler: /usr/bin/cc - skipped
-- Detecting C compile features
-- Detecting C compile features - done
-- Detecting CXX compiler ABI info
-- Detecting CXX compiler ABI info - done
-- Check for working CXX compiler: /usr/bin/c++ - skipped
-- Detecting CXX compile features
-- Detecting CXX compile features - done
-- Found ament_cmake: 2.5.6 (/opt/ros/jazzy/share/ament_cmake/cmake)
-- Found Python3: /usr/bin/python3 (found version "3.12.3") found components: Interpreter 
-- Found ament_lint_auto: 0.17.5 (/opt/ros/jazzy/share/ament_lint_auto/cmake)
WARNING: Package name "Miau" does not follow the naming conventions. It should start with a lower case letter and only contain lower case letters, digits, underscores, and dashes.
-- Added test 'lint_cmake' to check CMake code style
-- Added test 'xmllint' to check XML markup files
-- Configuring done (0.8s)
-- Generating done (0.0s)
-- Build files have been written to: /home/dae/ros2_ws/build/Miau
-- Install configuration: ""
-- Installing: /home/dae/ros2_ws/install/Miau/share/Miau/urdf
-- Installing: /home/dae/ros2_ws/install/Miau/share/Miau/urdf/rs003nff60.urdf
-- Installing: /home/dae/ros2_ws/install/Miau/share/Miau/urdf/scara_robot.urdf
-- Installing: /home/dae/ros2_ws/install/Miau/share/Miau/launch
-- Installing: /home/dae/ros2_ws/install/Miau/share/Miau/rviz
-- Installing: /home/dae/ros2_ws/install/Miau/share/ament_index/resource_index/package_run_dependencies/Miau
-- Installing: /home/dae/ros2_ws/install/Miau/share/ament_index/resource_index/parent_prefix_path/Miau
-- Installing: /home/dae/ros2_ws/install/Miau/share/Miau/environment/ament_prefix_path.sh
-- Installing: /home/dae/ros2_ws/install/Miau/share/Miau/environment/ament_prefix_path.dsv
-- Installing: /home/dae/ros2_ws/install/Miau/share/Miau/environment/path.sh
-- Installing: /home/dae/ros2_ws/install/Miau/share/Miau/environment/path.dsv
-- Installing: /home/dae/ros2_ws/install/Miau/share/Miau/local_setup.bash
-- Installing: /home/dae/ros2_ws/install/Miau/share/Miau/local_setup.sh
-- Installing: /home/dae/ros2_ws/install/Miau/share/Miau/local_setup.zsh
-- Installing: /home/dae/ros2_ws/install/Miau/share/Miau/local_setup.dsv
-- Installing: /home/dae/ros2_ws/install/Miau/share/Miau/package.dsv
-- Installing: /home/dae/ros2_ws/install/Miau/share/ament_index/resource_index/packages/Miau
-- Installing: /home/dae/ros2_ws/install/Miau/share/Miau/cmake/MiauConfig.cmake
-- Installing: /home/dae/ros2_ws/install/Miau/share/Miau/cmake/MiauConfig-version.cmake
-- Installing: /home/dae/ros2_ws/install/Miau/share/Miau/package.xml
