[0.015s] Invoking command in '/home/dae/ros2_ws/build/Miau': CMAKE_PREFIX_PATH=${CMAKE_PREFIX_PATH}:/opt/ros/jazzy DEBUGINFOD_URLS=https://debuginfod.ubuntu.com /usr/bin/cmake /home/dae/ros2_ws/src/Miau -DCMAKE_INSTALL_PREFIX=/home/dae/ros2_ws/install/Miau
[0.129s] -- The C compiler identification is GNU 13.3.0
[0.220s] -- The CXX compiler identification is GNU 13.3.0
[0.244s] -- Detecting C compiler ABI info
[0.356s] -- Detecting C compiler ABI info - done
[0.366s] -- Check for working C compiler: /usr/bin/cc - skipped
[0.368s] -- Detecting C compile features
[0.368s] -- Detecting C compile features - done
[0.381s] -- Detecting CXX compiler ABI info
[0.479s] -- Detecting CXX compiler ABI info - done
[0.486s] -- Check for working CXX compiler: /usr/bin/c++ - skipped
[0.486s] -- Detecting CXX compile features
[0.486s] -- Detecting CXX compile features - done
[0.493s] -- Found ament_cmake: 2.5.6 (/opt/ros/jazzy/share/ament_cmake/cmake)
[0.614s] -- Found Python3: /usr/bin/python3 (found version "3.12.3") found components: Interpreter 
[0.706s] -- Found ament_lint_auto: 0.17.5 (/opt/ros/jazzy/share/ament_lint_auto/cmake)
[0.764s] WARNING: Package name "Miau" does not follow the naming conventions. It should start with a lower case letter and only contain lower case letters, digits, underscores, and dashes.
[0.793s] -- Added test 'lint_cmake' to check CMake code style
[0.795s] -- Added test 'xmllint' to check XML markup files
[0.796s] -- Configuring done (0.8s)
[0.799s] -- Generating done (0.0s)
[0.800s] -- Build files have been written to: /home/dae/ros2_ws/build/Miau
[0.805s] Invoked command in '/home/dae/ros2_ws/build/Miau' returned '0': CMAKE_PREFIX_PATH=${CMAKE_PREFIX_PATH}:/opt/ros/jazzy DEBUGINFOD_URLS=https://debuginfod.ubuntu.com /usr/bin/cmake /home/dae/ros2_ws/src/Miau -DCMAKE_INSTALL_PREFIX=/home/dae/ros2_ws/install/Miau
[0.806s] Invoking command in '/home/dae/ros2_ws/build/Miau': CMAKE_PREFIX_PATH=${CMAKE_PREFIX_PATH}:/opt/ros/jazzy DEBUGINFOD_URLS=https://debuginfod.ubuntu.com /usr/bin/cmake --build /home/dae/ros2_ws/build/Miau -- -j16 -l16
[0.843s] Invoked command in '/home/dae/ros2_ws/build/Miau' returned '0': CMAKE_PREFIX_PATH=${CMAKE_PREFIX_PATH}:/opt/ros/jazzy DEBUGINFOD_URLS=https://debuginfod.ubuntu.com /usr/bin/cmake --build /home/dae/ros2_ws/build/Miau -- -j16 -l16
[0.854s] Invoking command in '/home/dae/ros2_ws/build/Miau': CMAKE_PREFIX_PATH=${CMAKE_PREFIX_PATH}:/opt/ros/jazzy DEBUGINFOD_URLS=https://debuginfod.ubuntu.com /usr/bin/cmake --install /home/dae/ros2_ws/build/Miau
[0.861s] -- Install configuration: ""
[0.862s] -- Installing: /home/dae/ros2_ws/install/Miau/share/Miau/urdf
[0.862s] -- Installing: /home/dae/ros2_ws/install/Miau/share/Miau/urdf/rs003nff60.urdf
[0.862s] -- Installing: /home/dae/ros2_ws/install/Miau/share/Miau/urdf/scara_robot.urdf
[0.862s] -- Installing: /home/dae/ros2_ws/install/Miau/share/Miau/launch
[0.862s] -- Installing: /home/dae/ros2_ws/install/Miau/share/Miau/rviz
[0.862s] -- Installing: /home/dae/ros2_ws/install/Miau/share/ament_index/resource_index/package_run_dependencies/Miau
[0.862s] -- Installing: /home/dae/ros2_ws/install/Miau/share/ament_index/resource_index/parent_prefix_path/Miau
[0.863s] -- Installing: /home/dae/ros2_ws/install/Miau/share/Miau/environment/ament_prefix_path.sh
[0.863s] -- Installing: /home/dae/ros2_ws/install/Miau/share/Miau/environment/ament_prefix_path.dsv
[0.863s] -- Installing: /home/dae/ros2_ws/install/Miau/share/Miau/environment/path.sh
[0.863s] -- Installing: /home/dae/ros2_ws/install/Miau/share/Miau/environment/path.dsv
[0.863s] -- Installing: /home/dae/ros2_ws/install/Miau/share/Miau/local_setup.bash
[0.863s] -- Installing: /home/dae/ros2_ws/install/Miau/share/Miau/local_setup.sh
[0.863s] -- Installing: /home/dae/ros2_ws/install/Miau/share/Miau/local_setup.zsh
[0.863s] -- Installing: /home/dae/ros2_ws/install/Miau/share/Miau/local_setup.dsv
[0.863s] -- Installing: /home/dae/ros2_ws/install/Miau/share/Miau/package.dsv
[0.863s] -- Installing: /home/dae/ros2_ws/install/Miau/share/ament_index/resource_index/packages/Miau
[0.863s] -- Installing: /home/dae/ros2_ws/install/Miau/share/Miau/cmake/MiauConfig.cmake
[0.864s] -- Installing: /home/dae/ros2_ws/install/Miau/share/Miau/cmake/MiauConfig-version.cmake
[0.864s] -- Installing: /home/dae/ros2_ws/install/Miau/share/Miau/package.xml
[0.865s] Invoked command in '/home/dae/ros2_ws/build/Miau' returned '0': CMAKE_PREFIX_PATH=${CMAKE_PREFIX_PATH}:/opt/ros/jazzy DEBUGINFOD_URLS=https://debuginfod.ubuntu.com /usr/bin/cmake --install /home/dae/ros2_ws/build/Miau
