-- Install configuration: ""
-- Up-to-date: /home/dae/ros2_ws/src/install/Miau/share/Miau/urdf
-- Installing: /home/dae/ros2_ws/src/install/Miau/share/Miau/urdf/rs003nff60.urdf
-- Up-to-date: /home/dae/ros2_ws/src/install/Miau/share/Miau/urdf/scara_robot.urdf
-- Up-to-date: /home/dae/ros2_ws/src/install/Miau/share/Miau/launch
-- Installing: /home/dae/ros2_ws/src/install/Miau/share/Miau/launch/launch.py
-- Up-to-date: /home/dae/ros2_ws/src/install/Miau/share/Miau/rviz
-- Up-to-date: /home/dae/ros2_ws/src/install/Miau/share/Miau/rviz/dual_robot.rviz
-- Up-to-date: /home/dae/ros2_ws/src/install/Miau/share/ament_index/resource_index/package_run_dependencies/Miau
-- Up-to-date: /home/dae/ros2_ws/src/install/Miau/share/ament_index/resource_index/parent_prefix_path/Miau
-- Up-to-date: /home/dae/ros2_ws/src/install/Miau/share/Miau/environment/ament_prefix_path.sh
-- Up-to-date: /home/dae/ros2_ws/src/install/Miau/share/Miau/environment/ament_prefix_path.dsv
-- Up-to-date: /home/dae/ros2_ws/src/install/Miau/share/Miau/environment/path.sh
-- Up-to-date: /home/dae/ros2_ws/src/install/Miau/share/Miau/environment/path.dsv
-- Up-to-date: /home/dae/ros2_ws/src/install/Miau/share/Miau/local_setup.bash
-- Up-to-date: /home/dae/ros2_ws/src/install/Miau/share/Miau/local_setup.sh
-- Up-to-date: /home/dae/ros2_ws/src/install/Miau/share/Miau/local_setup.zsh
-- Up-to-date: /home/dae/ros2_ws/src/install/Miau/share/Miau/local_setup.dsv
-- Installing: /home/dae/ros2_ws/src/install/Miau/share/Miau/package.dsv
-- Up-to-date: /home/dae/ros2_ws/src/install/Miau/share/ament_index/resource_index/packages/Miau
-- Up-to-date: /home/dae/ros2_ws/src/install/Miau/share/Miau/cmake/MiauConfig.cmake
-- Up-to-date: /home/dae/ros2_ws/src/install/Miau/share/Miau/cmake/MiauConfig-version.cmake
-- Up-to-date: /home/dae/ros2_ws/src/install/Miau/share/Miau/package.xml
