[0.320s] DEBUG:colcon:Command line arguments: ['/usr/bin/colcon', 'build', '--packages-select', 'scara_boceto', '--symlink-install']
[0.320s] DEBUG:colcon:Parsed command line arguments: Namespace(log_base=None, log_level=None, verb_name='build', build_base='build', install_base='install', merge_install=False, symlink_install=True, test_result_base=None, continue_on_error=False, executor='parallel', parallel_workers=8, event_handlers=None, ignore_user_meta=False, metas=['./colcon.meta'], base_paths=['.'], packages_ignore=None, packages_ignore_regex=None, paths=None, packages_up_to=None, packages_up_to_regex=None, packages_above=None, packages_above_and_dependencies=None, packages_above_depth=None, packages_select_by_dep=None, packages_skip_by_dep=None, packages_skip_up_to=None, packages_select_build_failed=False, packages_skip_build_finished=False, packages_select_test_failures=False, packages_skip_test_passed=False, packages_select=['scara_boceto'], packages_skip=None, packages_select_regex=None, packages_skip_regex=None, packages_start=None, packages_end=None, allow_overriding=[], cmake_args=None, cmake_target=None, cmake_target_skip_unavailable=False, cmake_clean_cache=False, cmake_clean_first=False, cmake_force_configure=False, ament_cmake_args=None, catkin_cmake_args=None, catkin_skip_building_tests=False, mixin_files=None, mixin=None, verb_parser=<colcon_mixin.mixin.mixin_argument.MixinArgumentDecorator object at 0x78bda4757470>, verb_extension=<colcon_core.verb.build.BuildVerb object at 0x78bda4757380>, main=<bound method BuildVerb.main of <colcon_core.verb.build.BuildVerb object at 0x78bda4757380>>, mixin_verb=('build',))
[0.417s] Level 1:colcon.colcon_core.package_discovery:discover_packages(colcon_meta) check parameters
[0.418s] Level 1:colcon.colcon_core.package_discovery:discover_packages(recursive) check parameters
[0.418s] Level 1:colcon.colcon_core.package_discovery:discover_packages(ignore) check parameters
[0.418s] Level 1:colcon.colcon_core.package_discovery:discover_packages(path) check parameters
[0.418s] Level 1:colcon.colcon_core.package_discovery:discover_packages(colcon_meta) discover
[0.418s] Level 1:colcon.colcon_core.package_discovery:discover_packages(recursive) discover
[0.418s] INFO:colcon.colcon_core.package_discovery:Crawling recursively for packages in '/home/david-romero/Proyectos/robotica'
[0.418s] Level 1:colcon.colcon_core.package_identification:_identify(.) by extensions ['ignore', 'ignore_ament_install']
[0.418s] Level 1:colcon.colcon_core.package_identification:_identify(.) by extension 'ignore'
[0.418s] Level 1:colcon.colcon_core.package_identification:_identify(.) by extension 'ignore_ament_install'
[0.418s] Level 1:colcon.colcon_core.package_identification:_identify(.) by extensions ['colcon_pkg']
[0.418s] Level 1:colcon.colcon_core.package_identification:_identify(.) by extension 'colcon_pkg'
[0.418s] Level 1:colcon.colcon_core.package_identification:_identify(.) by extensions ['colcon_meta']
[0.418s] Level 1:colcon.colcon_core.package_identification:_identify(.) by extension 'colcon_meta'
[0.419s] Level 1:colcon.colcon_core.package_identification:_identify(.) by extensions ['ros']
[0.419s] Level 1:colcon.colcon_core.package_identification:_identify(.) by extension 'ros'
[0.487s] Level 1:colcon.colcon_core.package_identification:_identify(.) by extensions ['cmake', 'python']
[0.487s] Level 1:colcon.colcon_core.package_identification:_identify(.) by extension 'cmake'
[0.487s] Level 1:colcon.colcon_core.package_identification:_identify(.) by extension 'python'
[0.487s] Level 1:colcon.colcon_core.package_identification:_identify(.) by extensions ['python_setup_py']
[0.487s] Level 1:colcon.colcon_core.package_identification:_identify(.) by extension 'python_setup_py'
[0.488s] Level 1:colcon.colcon_core.package_identification:_identify(build) by extensions ['ignore', 'ignore_ament_install']
[0.488s] Level 1:colcon.colcon_core.package_identification:_identify(build) by extension 'ignore'
[0.488s] Level 1:colcon.colcon_core.package_identification:_identify(build) ignored
[0.488s] Level 1:colcon.colcon_core.package_identification:_identify(install) by extensions ['ignore', 'ignore_ament_install']
[0.488s] Level 1:colcon.colcon_core.package_identification:_identify(install) by extension 'ignore'
[0.489s] Level 1:colcon.colcon_core.package_identification:_identify(install) ignored
[0.489s] Level 1:colcon.colcon_core.package_identification:_identify(log) by extensions ['ignore', 'ignore_ament_install']
[0.489s] Level 1:colcon.colcon_core.package_identification:_identify(log) by extension 'ignore'
[0.489s] Level 1:colcon.colcon_core.package_identification:_identify(log) ignored
[0.489s] Level 1:colcon.colcon_core.package_identification:_identify(src) by extensions ['ignore', 'ignore_ament_install']
[0.489s] Level 1:colcon.colcon_core.package_identification:_identify(src) by extension 'ignore'
[0.489s] Level 1:colcon.colcon_core.package_identification:_identify(src) by extension 'ignore_ament_install'
[0.489s] Level 1:colcon.colcon_core.package_identification:_identify(src) by extensions ['colcon_pkg']
[0.489s] Level 1:colcon.colcon_core.package_identification:_identify(src) by extension 'colcon_pkg'
[0.490s] Level 1:colcon.colcon_core.package_identification:_identify(src) by extensions ['colcon_meta']
[0.490s] Level 1:colcon.colcon_core.package_identification:_identify(src) by extension 'colcon_meta'
[0.490s] Level 1:colcon.colcon_core.package_identification:_identify(src) by extensions ['ros']
[0.490s] Level 1:colcon.colcon_core.package_identification:_identify(src) by extension 'ros'
[0.490s] Level 1:colcon.colcon_core.package_identification:_identify(src) by extensions ['cmake', 'python']
[0.490s] Level 1:colcon.colcon_core.package_identification:_identify(src) by extension 'cmake'
[0.490s] Level 1:colcon.colcon_core.package_identification:_identify(src) by extension 'python'
[0.490s] Level 1:colcon.colcon_core.package_identification:_identify(src) by extensions ['python_setup_py']
[0.490s] Level 1:colcon.colcon_core.package_identification:_identify(src) by extension 'python_setup_py'
[0.490s] Level 1:colcon.colcon_core.package_identification:_identify(src/antrop_parcial) by extensions ['ignore', 'ignore_ament_install']
[0.491s] Level 1:colcon.colcon_core.package_identification:_identify(src/antrop_parcial) by extension 'ignore'
[0.491s] Level 1:colcon.colcon_core.package_identification:_identify(src/antrop_parcial) by extension 'ignore_ament_install'
[0.491s] Level 1:colcon.colcon_core.package_identification:_identify(src/antrop_parcial) by extensions ['colcon_pkg']
[0.491s] Level 1:colcon.colcon_core.package_identification:_identify(src/antrop_parcial) by extension 'colcon_pkg'
[0.492s] Level 1:colcon.colcon_core.package_identification:_identify(src/antrop_parcial) by extensions ['colcon_meta']
[0.492s] Level 1:colcon.colcon_core.package_identification:_identify(src/antrop_parcial) by extension 'colcon_meta'
[0.492s] Level 1:colcon.colcon_core.package_identification:_identify(src/antrop_parcial) by extensions ['ros']
[0.492s] Level 1:colcon.colcon_core.package_identification:_identify(src/antrop_parcial) by extension 'ros'
[0.501s] DEBUG:colcon.colcon_core.package_identification:Package 'src/antrop_parcial' with type 'ros.ament_python' and name 'antrop_parcial'
[0.501s] Level 1:colcon.colcon_core.package_identification:_identify(src/scara_boceto) by extensions ['ignore', 'ignore_ament_install']
[0.501s] Level 1:colcon.colcon_core.package_identification:_identify(src/scara_boceto) by extension 'ignore'
[0.501s] Level 1:colcon.colcon_core.package_identification:_identify(src/scara_boceto) by extension 'ignore_ament_install'
[0.501s] Level 1:colcon.colcon_core.package_identification:_identify(src/scara_boceto) by extensions ['colcon_pkg']
[0.501s] Level 1:colcon.colcon_core.package_identification:_identify(src/scara_boceto) by extension 'colcon_pkg'
[0.501s] Level 1:colcon.colcon_core.package_identification:_identify(src/scara_boceto) by extensions ['colcon_meta']
[0.501s] Level 1:colcon.colcon_core.package_identification:_identify(src/scara_boceto) by extension 'colcon_meta'
[0.501s] Level 1:colcon.colcon_core.package_identification:_identify(src/scara_boceto) by extensions ['ros']
[0.501s] Level 1:colcon.colcon_core.package_identification:_identify(src/scara_boceto) by extension 'ros'
[0.502s] DEBUG:colcon.colcon_core.package_identification:Package 'src/scara_boceto' with type 'ros.ament_python' and name 'scara_boceto'
[0.502s] Level 1:colcon.colcon_core.package_identification:_identify(src/scara_cajas) by extensions ['ignore', 'ignore_ament_install']
[0.503s] Level 1:colcon.colcon_core.package_identification:_identify(src/scara_cajas) by extension 'ignore'
[0.503s] Level 1:colcon.colcon_core.package_identification:_identify(src/scara_cajas) by extension 'ignore_ament_install'
[0.503s] Level 1:colcon.colcon_core.package_identification:_identify(src/scara_cajas) by extensions ['colcon_pkg']
[0.503s] Level 1:colcon.colcon_core.package_identification:_identify(src/scara_cajas) by extension 'colcon_pkg'
[0.503s] Level 1:colcon.colcon_core.package_identification:_identify(src/scara_cajas) by extensions ['colcon_meta']
[0.503s] Level 1:colcon.colcon_core.package_identification:_identify(src/scara_cajas) by extension 'colcon_meta'
[0.503s] Level 1:colcon.colcon_core.package_identification:_identify(src/scara_cajas) by extensions ['ros']
[0.503s] Level 1:colcon.colcon_core.package_identification:_identify(src/scara_cajas) by extension 'ros'
[0.504s] DEBUG:colcon.colcon_core.package_identification:Package 'src/scara_cajas' with type 'ros.ament_python' and name 'scara_cajas'
[0.504s] Level 1:colcon.colcon_core.package_identification:_identify(src/scara_parcial) by extensions ['ignore', 'ignore_ament_install']
[0.504s] Level 1:colcon.colcon_core.package_identification:_identify(src/scara_parcial) by extension 'ignore'
[0.504s] Level 1:colcon.colcon_core.package_identification:_identify(src/scara_parcial) by extension 'ignore_ament_install'
[0.504s] Level 1:colcon.colcon_core.package_identification:_identify(src/scara_parcial) by extensions ['colcon_pkg']
[0.504s] Level 1:colcon.colcon_core.package_identification:_identify(src/scara_parcial) by extension 'colcon_pkg'
[0.504s] Level 1:colcon.colcon_core.package_identification:_identify(src/scara_parcial) by extensions ['colcon_meta']
[0.505s] Level 1:colcon.colcon_core.package_identification:_identify(src/scara_parcial) by extension 'colcon_meta'
[0.505s] Level 1:colcon.colcon_core.package_identification:_identify(src/scara_parcial) by extensions ['ros']
[0.505s] Level 1:colcon.colcon_core.package_identification:_identify(src/scara_parcial) by extension 'ros'
[0.505s] DEBUG:colcon.colcon_core.package_identification:Package 'src/scara_parcial' with type 'ros.ament_python' and name 'scara_parcial'
[0.506s] Level 1:colcon.colcon_core.package_identification:_identify(src/ttcc) by extensions ['ignore', 'ignore_ament_install']
[0.506s] Level 1:colcon.colcon_core.package_identification:_identify(src/ttcc) by extension 'ignore'
[0.506s] Level 1:colcon.colcon_core.package_identification:_identify(src/ttcc) by extension 'ignore_ament_install'
[0.506s] Level 1:colcon.colcon_core.package_identification:_identify(src/ttcc) by extensions ['colcon_pkg']
[0.507s] Level 1:colcon.colcon_core.package_identification:_identify(src/ttcc) by extension 'colcon_pkg'
[0.507s] Level 1:colcon.colcon_core.package_identification:_identify(src/ttcc) by extensions ['colcon_meta']
[0.507s] Level 1:colcon.colcon_core.package_identification:_identify(src/ttcc) by extension 'colcon_meta'
[0.507s] Level 1:colcon.colcon_core.package_identification:_identify(src/ttcc) by extensions ['ros']
[0.507s] Level 1:colcon.colcon_core.package_identification:_identify(src/ttcc) by extension 'ros'
[0.509s] DEBUG:colcon.colcon_core.package_identification:Package 'src/ttcc' with type 'ros.ament_python' and name 'ttcc'
[0.509s] Level 1:colcon.colcon_core.package_discovery:discover_packages(recursive) using defaults
[0.509s] Level 1:colcon.colcon_core.package_discovery:discover_packages(ignore) discover
[0.510s] Level 1:colcon.colcon_core.package_discovery:discover_packages(ignore) using defaults
[0.510s] Level 1:colcon.colcon_core.package_discovery:discover_packages(path) discover
[0.510s] Level 1:colcon.colcon_core.package_discovery:discover_packages(path) using defaults
[0.556s] INFO:colcon.colcon_core.package_selection:Skipping not selected package 'antrop_parcial' in 'src/antrop_parcial'
[0.556s] INFO:colcon.colcon_core.package_selection:Skipping not selected package 'scara_cajas' in 'src/scara_cajas'
[0.556s] INFO:colcon.colcon_core.package_selection:Skipping not selected package 'scara_parcial' in 'src/scara_parcial'
[0.556s] INFO:colcon.colcon_core.package_selection:Skipping not selected package 'ttcc' in 'src/ttcc'
[0.558s] Level 1:colcon.colcon_core.package_discovery:discover_packages(prefix_path) check parameters
[0.558s] Level 1:colcon.colcon_core.package_discovery:discover_packages(prefix_path) discover
[0.568s] DEBUG:colcon.colcon_installed_package_information.package_discovery:Found 373 installed packages in /opt/ros/jazzy
[0.571s] Level 1:colcon.colcon_core.package_discovery:discover_packages(prefix_path) using defaults
[0.690s] Level 5:colcon.colcon_core.verb:set package 'scara_boceto' build argument 'cmake_args' from command line to 'None'
[0.690s] Level 5:colcon.colcon_core.verb:set package 'scara_boceto' build argument 'cmake_target' from command line to 'None'
[0.690s] Level 5:colcon.colcon_core.verb:set package 'scara_boceto' build argument 'cmake_target_skip_unavailable' from command line to 'False'
[0.690s] Level 5:colcon.colcon_core.verb:set package 'scara_boceto' build argument 'cmake_clean_cache' from command line to 'False'
[0.690s] Level 5:colcon.colcon_core.verb:set package 'scara_boceto' build argument 'cmake_clean_first' from command line to 'False'
[0.691s] Level 5:colcon.colcon_core.verb:set package 'scara_boceto' build argument 'cmake_force_configure' from command line to 'False'
[0.691s] Level 5:colcon.colcon_core.verb:set package 'scara_boceto' build argument 'ament_cmake_args' from command line to 'None'
[0.691s] Level 5:colcon.colcon_core.verb:set package 'scara_boceto' build argument 'catkin_cmake_args' from command line to 'None'
[0.691s] Level 5:colcon.colcon_core.verb:set package 'scara_boceto' build argument 'catkin_skip_building_tests' from command line to 'False'
[0.691s] DEBUG:colcon.colcon_core.verb:Building package 'scara_boceto' with the following arguments: {'ament_cmake_args': None, 'build_base': '/home/david-romero/Proyectos/robotica/build/scara_boceto', 'catkin_cmake_args': None, 'catkin_skip_building_tests': False, 'cmake_args': None, 'cmake_clean_cache': False, 'cmake_clean_first': False, 'cmake_force_configure': False, 'cmake_target': None, 'cmake_target_skip_unavailable': False, 'install_base': '/home/david-romero/Proyectos/robotica/install/scara_boceto', 'merge_install': False, 'path': '/home/david-romero/Proyectos/robotica/src/scara_boceto', 'symlink_install': True, 'test_result_base': None}
[0.691s] INFO:colcon.colcon_core.executor:Executing jobs using 'parallel' executor
[0.693s] DEBUG:colcon.colcon_parallel_executor.executor.parallel:run_until_complete
[0.694s] INFO:colcon.colcon_ros.task.ament_python.build:Building ROS package in '/home/david-romero/Proyectos/robotica/src/scara_boceto' with build type 'ament_python'
[0.694s] Level 1:colcon.colcon_core.shell:create_environment_hook('scara_boceto', 'ament_prefix_path')
[0.704s] INFO:colcon.colcon_core.plugin_system:Skipping extension 'colcon_core.shell.bat': Not used on non-Windows systems
[0.704s] INFO:colcon.colcon_core.shell:Creating environment hook '/home/david-romero/Proyectos/robotica/install/scara_boceto/share/scara_boceto/hook/ament_prefix_path.ps1'
[0.705s] INFO:colcon.colcon_core.shell:Creating environment descriptor '/home/david-romero/Proyectos/robotica/install/scara_boceto/share/scara_boceto/hook/ament_prefix_path.dsv'
[0.706s] INFO:colcon.colcon_core.shell:Creating environment hook '/home/david-romero/Proyectos/robotica/install/scara_boceto/share/scara_boceto/hook/ament_prefix_path.sh'
[0.707s] INFO:colcon.colcon_core.shell:Skip shell extension 'powershell' for command environment: Not usable outside of PowerShell
[0.707s] DEBUG:colcon.colcon_core.shell:Skip shell extension 'dsv' for command environment
[1.282s] INFO:colcon.colcon_core.task.python.build:Building Python package in '/home/david-romero/Proyectos/robotica/src/scara_boceto'
[1.283s] INFO:colcon.colcon_core.shell:Skip shell extension 'powershell' for command environment: Not usable outside of PowerShell
[1.283s] DEBUG:colcon.colcon_core.shell:Skip shell extension 'dsv' for command environment
[2.891s] DEBUG:colcon.colcon_core.task.python.build:Available setuptools commands: install_egg_info, test, bdist_wheel, install_scripts, build_scripts, init_catalog, setopt, upload_docs, compile_catalog, register, bdist_dumb, install_headers, build_ext, editable_wheel, rotate, check, easy_install, clean, update_catalog, install_lib, bdist_egg, bdist, sdist, build_py, build_clib, upload, alias, symlink_data, bdist_rpm, build, dist_info, saveopts, install, develop, egg_info, extract_messages, install_data
[3.774s] DEBUG:colcon.colcon_core.task.python.build:Available setuptools 'develop' options: --build-directory, --record, --force-installation-into-system-dir, --multi-version, --quiet, --install-dir, --no-deps, --script-dir, --help, --allow-hosts, --local-snapshots-ok, --site-dirs, --dry-run, --find-links, --always-unzip, --zip-ok, --user, --prefix, --always-copy, --no-user-cfg, --verbose, --no-find-links, --upgrade, --egg-path, --exclude-scripts, --optimize, --editable, --install-layout, --index-url, --uninstall, --version
[3.782s] DEBUG:colcon.colcon_core.event_handler.log_command:Invoking command in '/home/david-romero/Proyectos/robotica/build/scara_boceto': DEBUGINFOD_URLS=https://debuginfod.ubuntu.com PYTHONPATH=/home/david-romero/Proyectos/robotica/build/scara_boceto/prefix_override:/usr/lib/python3/dist-packages/colcon_core/task/python/colcon_distutils_commands:/home/david-romero/Proyectos/robotica/install/scara_boceto/lib/python3.12/site-packages:${PYTHONPATH} /usr/bin/python3 -W ignore:setup.py install is deprecated -W ignore:easy_install command is deprecated setup.py develop --editable --build-directory /home/david-romero/Proyectos/robotica/build/scara_boceto/build --no-deps symlink_data
[5.611s] Level 1:colcon.colcon_core.shell:create_environment_hook('scara_boceto', 'pythonpath_develop')
[5.611s] INFO:colcon.colcon_core.shell:Creating environment hook '/home/david-romero/Proyectos/robotica/build/scara_boceto/share/scara_boceto/hook/pythonpath_develop.ps1'
[5.613s] DEBUG:colcon.colcon_core.event_handler.log_command:Invoked command in '/home/david-romero/Proyectos/robotica/build/scara_boceto' returned '0': DEBUGINFOD_URLS=https://debuginfod.ubuntu.com PYTHONPATH=/home/david-romero/Proyectos/robotica/build/scara_boceto/prefix_override:/usr/lib/python3/dist-packages/colcon_core/task/python/colcon_distutils_commands:/home/david-romero/Proyectos/robotica/install/scara_boceto/lib/python3.12/site-packages:${PYTHONPATH} /usr/bin/python3 -W ignore:setup.py install is deprecated -W ignore:easy_install command is deprecated setup.py develop --editable --build-directory /home/david-romero/Proyectos/robotica/build/scara_boceto/build --no-deps symlink_data
[5.616s] INFO:colcon.colcon_core.shell:Creating environment descriptor '/home/david-romero/Proyectos/robotica/build/scara_boceto/share/scara_boceto/hook/pythonpath_develop.dsv'
[5.617s] INFO:colcon.colcon_core.shell:Creating environment hook '/home/david-romero/Proyectos/robotica/build/scara_boceto/share/scara_boceto/hook/pythonpath_develop.sh'
[5.632s] Level 1:colcon.colcon_core.environment:checking '/home/david-romero/Proyectos/robotica/install/scara_boceto' for CMake module files
[5.634s] Level 1:colcon.colcon_core.environment:checking '/home/david-romero/Proyectos/robotica/install/scara_boceto' for CMake config files
[5.636s] Level 1:colcon.colcon_core.environment:checking '/home/david-romero/Proyectos/robotica/install/scara_boceto/lib'
[5.636s] Level 1:colcon.colcon_core.environment:checking '/home/david-romero/Proyectos/robotica/install/scara_boceto/bin'
[5.636s] Level 1:colcon.colcon_core.environment:checking '/home/david-romero/Proyectos/robotica/install/scara_boceto/lib/pkgconfig/scara_boceto.pc'
[5.636s] Level 1:colcon.colcon_core.environment:checking '/home/david-romero/Proyectos/robotica/install/scara_boceto/lib/python3.12/site-packages'
[5.636s] Level 1:colcon.colcon_core.shell:create_environment_hook('scara_boceto', 'pythonpath')
[5.637s] INFO:colcon.colcon_core.shell:Creating environment hook '/home/david-romero/Proyectos/robotica/install/scara_boceto/share/scara_boceto/hook/pythonpath.ps1'
[5.637s] INFO:colcon.colcon_core.shell:Creating environment descriptor '/home/david-romero/Proyectos/robotica/install/scara_boceto/share/scara_boceto/hook/pythonpath.dsv'
[5.638s] INFO:colcon.colcon_core.shell:Creating environment hook '/home/david-romero/Proyectos/robotica/install/scara_boceto/share/scara_boceto/hook/pythonpath.sh'
[5.639s] Level 1:colcon.colcon_core.environment:checking '/home/david-romero/Proyectos/robotica/install/scara_boceto/bin'
[5.639s] Level 1:colcon.colcon_core.environment:create_environment_scripts_only(scara_boceto)
[5.640s] INFO:colcon.colcon_core.shell:Creating package script '/home/david-romero/Proyectos/robotica/install/scara_boceto/share/scara_boceto/package.ps1'
[5.642s] INFO:colcon.colcon_core.shell:Creating package descriptor '/home/david-romero/Proyectos/robotica/install/scara_boceto/share/scara_boceto/package.dsv'
[5.644s] INFO:colcon.colcon_core.shell:Creating package script '/home/david-romero/Proyectos/robotica/install/scara_boceto/share/scara_boceto/package.sh'
[5.645s] INFO:colcon.colcon_core.shell:Creating package script '/home/david-romero/Proyectos/robotica/install/scara_boceto/share/scara_boceto/package.bash'
[5.648s] INFO:colcon.colcon_core.shell:Creating package script '/home/david-romero/Proyectos/robotica/install/scara_boceto/share/scara_boceto/package.zsh'
[5.649s] Level 1:colcon.colcon_core.environment:create_file_with_runtime_dependencies(/home/david-romero/Proyectos/robotica/install/scara_boceto/share/colcon-core/packages/scara_boceto)
[5.650s] DEBUG:colcon.colcon_parallel_executor.executor.parallel:closing loop
[5.651s] DEBUG:colcon.colcon_parallel_executor.executor.parallel:loop closed
[5.651s] DEBUG:colcon.colcon_parallel_executor.executor.parallel:run_until_complete finished with '0'
[5.651s] DEBUG:colcon.colcon_core.event_reactor:joining thread
[5.669s] INFO:colcon.colcon_core.plugin_system:Skipping extension 'colcon_notification.desktop_notification.terminal_notifier': Not used on non-Darwin systems
[5.669s] INFO:colcon.colcon_core.plugin_system:Skipping extension 'colcon_notification.desktop_notification.win32': Not used on non-Windows systems
[5.669s] INFO:colcon.colcon_notification.desktop_notification:Sending desktop notification using 'notify2'
[5.689s] DEBUG:colcon.colcon_core.event_reactor:joined thread
[5.690s] INFO:colcon.colcon_core.shell:Creating prefix script '/home/david-romero/Proyectos/robotica/install/local_setup.ps1'
[5.693s] INFO:colcon.colcon_core.shell:Creating prefix util module '/home/david-romero/Proyectos/robotica/install/_local_setup_util_ps1.py'
[5.696s] INFO:colcon.colcon_core.shell:Creating prefix chain script '/home/david-romero/Proyectos/robotica/install/setup.ps1'
[5.701s] INFO:colcon.colcon_core.shell:Creating prefix script '/home/david-romero/Proyectos/robotica/install/local_setup.sh'
[5.703s] INFO:colcon.colcon_core.shell:Creating prefix util module '/home/david-romero/Proyectos/robotica/install/_local_setup_util_sh.py'
[5.704s] INFO:colcon.colcon_core.shell:Creating prefix chain script '/home/david-romero/Proyectos/robotica/install/setup.sh'
[5.707s] INFO:colcon.colcon_core.shell:Creating prefix script '/home/david-romero/Proyectos/robotica/install/local_setup.bash'
[5.708s] INFO:colcon.colcon_core.shell:Creating prefix chain script '/home/david-romero/Proyectos/robotica/install/setup.bash'
[5.711s] INFO:colcon.colcon_core.shell:Creating prefix script '/home/david-romero/Proyectos/robotica/install/local_setup.zsh'
[5.714s] INFO:colcon.colcon_core.shell:Creating prefix chain script '/home/david-romero/Proyectos/robotica/install/setup.zsh'
