[4.278s] Invoking command in '/home/david-romero/Proyectos/robotica/src/ttcc': DEBUGINFOD_URLS=https://debuginfod.ubuntu.com PYTHONPATH=/home/david-romero/Proyectos/robotica/build/ttcc/prefix_override:/usr/lib/python3/dist-packages/colcon_core/task/python/colcon_distutils_commands:/home/david-romero/Proyectos/robotica/install/ttcc/lib/python3.12/site-packages:${PYTHONPATH} /usr/bin/python3 -W ignore:setup.py install is deprecated -W ignore:easy_install command is deprecated setup.py egg_info --egg-base ../../build/ttcc build --build-base /home/david-romero/Proyectos/robotica/build/ttcc/build install --record /home/david-romero/Proyectos/robotica/build/ttcc/install.log --install-scripts $base/lib/ttcc --single-version-externally-managed install_data
[5.220s] running egg_info
[5.291s] writing ../../build/ttcc/ttcc.egg-info/PKG-INFO
[5.293s] writing dependency_links to ../../build/ttcc/ttcc.egg-info/dependency_links.txt
[5.296s] writing entry points to ../../build/ttcc/ttcc.egg-info/entry_points.txt
[5.296s] writing requirements to ../../build/ttcc/ttcc.egg-info/requires.txt
[5.300s] writing top-level names to ../../build/ttcc/ttcc.egg-info/top_level.txt
[5.475s] reading manifest file '../../build/ttcc/ttcc.egg-info/SOURCES.txt'
[5.479s] writing manifest file '../../build/ttcc/ttcc.egg-info/SOURCES.txt'
[5.483s] running build
[5.484s] running build_py
[5.485s] running install
[5.510s] running install_lib
[5.583s] running install_data
[5.583s] running install_egg_info
[5.668s] removing '/home/david-romero/Proyectos/robotica/install/ttcc/lib/python3.12/site-packages/ttcc-0.0.0-py3.12.egg-info' (and everything under it)
[5.670s] Copying ../../build/ttcc/ttcc.egg-info to /home/david-romero/Proyectos/robotica/install/ttcc/lib/python3.12/site-packages/ttcc-0.0.0-py3.12.egg-info
[5.675s] running install_scripts
[6.164s] Installing simulador_cinematico_node script to /home/david-romero/Proyectos/robotica/install/ttcc/lib/ttcc
[6.165s] writing list of installed files to '/home/david-romero/Proyectos/robotica/build/ttcc/install.log'
[6.264s] Invoked command in '/home/david-romero/Proyectos/robotica/src/ttcc' returned '0': DEBUGINFOD_URLS=https://debuginfod.ubuntu.com PYTHONPATH=/home/david-romero/Proyectos/robotica/build/ttcc/prefix_override:/usr/lib/python3/dist-packages/colcon_core/task/python/colcon_distutils_commands:/home/david-romero/Proyectos/robotica/install/ttcc/lib/python3.12/site-packages:${PYTHONPATH} /usr/bin/python3 -W ignore:setup.py install is deprecated -W ignore:easy_install command is deprecated setup.py egg_info --egg-base ../../build/ttcc build --build-base /home/david-romero/Proyectos/robotica/build/ttcc/build install --record /home/david-romero/Proyectos/robotica/build/ttcc/install.log --install-scripts $base/lib/ttcc --single-version-externally-managed install_data
