-- Install configuration: ""
-- Up-to-date: /home/dae/ros2_ws/src/install/Miau/share/Miau/urdf
-- Installing: /home/dae/ros2_ws/src/install/Miau/share/Miau/urdf/rs003nff60.urdf
-- Up-to-date: /home/dae/ros2_ws/src/install/Miau/share/Miau/urdf/scara_robot.urdf
-- Installing: /home/dae/ros2_ws/src/install/Miau/share/Miau/urdf/install
-- Installing: /home/dae/ros2_ws/src/install/Miau/share/Miau/urdf/install/.colcon_install_layout
-- Installing: /home/dae/ros2_ws/src/install/Miau/share/Miau/urdf/install/setup.bash
-- Installing: /home/dae/ros2_ws/src/install/Miau/share/Miau/urdf/install/local_setup.zsh
-- Installing: /home/dae/ros2_ws/src/install/Miau/share/Miau/urdf/install/_local_setup_util_sh.py
-- Installing: /home/dae/ros2_ws/src/install/Miau/share/Miau/urdf/install/local_setup.bash
-- Installing: /home/dae/ros2_ws/src/install/Miau/share/Miau/urdf/install/COLCON_IGNORE
-- Installing: /home/dae/ros2_ws/src/install/Miau/share/Miau/urdf/install/setup.sh
-- Installing: /home/dae/ros2_ws/src/install/Miau/share/Miau/urdf/install/local_setup.sh
-- Installing: /home/dae/ros2_ws/src/install/Miau/share/Miau/urdf/install/setup.zsh
-- Installing: /home/dae/ros2_ws/src/install/Miau/share/Miau/urdf/build
-- Installing: /home/dae/ros2_ws/src/install/Miau/share/Miau/urdf/build/.built_by
-- Installing: /home/dae/ros2_ws/src/install/Miau/share/Miau/urdf/build/COLCON_IGNORE
-- Installing: /home/dae/ros2_ws/src/install/Miau/share/Miau/urdf/log
-- Installing: /home/dae/ros2_ws/src/install/Miau/share/Miau/urdf/log/build_2026-08-17_17-05-32
-- Installing: /home/dae/ros2_ws/src/install/Miau/share/Miau/urdf/log/build_2026-08-17_17-05-32/logger_all.log
-- Installing: /home/dae/ros2_ws/src/install/Miau/share/Miau/urdf/log/build_2026-08-17_17-05-32/events.log
-- Installing: /home/dae/ros2_ws/src/install/Miau/share/Miau/urdf/log/build_2026-08-17_17-36-59
-- Installing: /home/dae/ros2_ws/src/install/Miau/share/Miau/urdf/log/build_2026-08-17_17-36-59/logger_all.log
-- Installing: /home/dae/ros2_ws/src/install/Miau/share/Miau/urdf/log/build_2026-08-17_17-36-59/events.log
-- Installing: /home/dae/ros2_ws/src/install/Miau/share/Miau/urdf/log/build_2026-08-17_18-16-47
-- Installing: /home/dae/ros2_ws/src/install/Miau/share/Miau/urdf/log/build_2026-08-17_18-16-47/logger_all.log
-- Installing: /home/dae/ros2_ws/src/install/Miau/share/Miau/urdf/log/build_2026-08-17_18-16-47/events.log
-- Installing: /home/dae/ros2_ws/src/install/Miau/share/Miau/urdf/log/build_2026-08-17_18-13-12
-- Installing: /home/dae/ros2_ws/src/install/Miau/share/Miau/urdf/log/build_2026-08-17_18-13-12/logger_all.log
-- Installing: /home/dae/ros2_ws/src/install/Miau/share/Miau/urdf/log/build_2026-08-17_18-13-12/events.log
-- Installing: /home/dae/ros2_ws/src/install/Miau/share/Miau/urdf/log/build_2026-08-17_18-09-18
-- Installing: /home/dae/ros2_ws/src/install/Miau/share/Miau/urdf/log/build_2026-08-17_18-09-18/logger_all.log
-- Installing: /home/dae/ros2_ws/src/install/Miau/share/Miau/urdf/log/build_2026-08-17_18-09-18/events.log
-- Installing: /home/dae/ros2_ws/src/install/Miau/share/Miau/urdf/log/COLCON_IGNORE
-- Installing: /home/dae/ros2_ws/src/install/Miau/share/Miau/urdf/log/build_2026-08-17_17-35-41
-- Installing: /home/dae/ros2_ws/src/install/Miau/share/Miau/urdf/log/build_2026-08-17_17-35-41/logger_all.log
-- Installing: /home/dae/ros2_ws/src/install/Miau/share/Miau/urdf/log/build_2026-08-17_17-35-41/events.log
-- Installing: /home/dae/ros2_ws/src/install/Miau/share/Miau/urdf/log/build_2026-08-17_17-27-45
-- Installing: /home/dae/ros2_ws/src/install/Miau/share/Miau/urdf/log/build_2026-08-17_17-27-45/logger_all.log
-- Installing: /home/dae/ros2_ws/src/install/Miau/share/Miau/urdf/log/build_2026-08-17_17-27-45/events.log
-- Installing: /home/dae/ros2_ws/src/install/Miau/share/Miau/urdf/log/build_2026-08-17_18-09-21
-- Installing: /home/dae/ros2_ws/src/install/Miau/share/Miau/urdf/log/build_2026-08-17_18-09-21/logger_all.log
-- Installing: /home/dae/ros2_ws/src/install/Miau/share/Miau/urdf/log/build_2026-08-17_18-09-21/events.log
-- Installing: /home/dae/ros2_ws/src/install/Miau/share/Miau/urdf/log/latest_build
-- Installing: /home/dae/ros2_ws/src/install/Miau/share/Miau/urdf/log/latest
-- Installing: /home/dae/ros2_ws/src/install/Miau/share/Miau/urdf/log/build_2026-08-17_18-17-13
-- Installing: /home/dae/ros2_ws/src/install/Miau/share/Miau/urdf/log/build_2026-08-17_18-17-13/logger_all.log
-- Installing: /home/dae/ros2_ws/src/install/Miau/share/Miau/urdf/log/build_2026-08-17_18-17-13/events.log
-- Up-to-date: /home/dae/ros2_ws/src/install/Miau/share/Miau/launch
-- Up-to-date: /home/dae/ros2_ws/src/install/Miau/share/Miau/launch/launch.py
-- Up-to-date: /home/dae/ros2_ws/src/install/Miau/share/Miau/rviz
-- Up-to-date: /home/dae/ros2_ws/src/install/Miau/share/Miau/rviz/dual_robot.rviz
-- Up-to-date: /home/dae/ros2_ws/src/install/Miau/share/ament_index/resource_index/package_run_dependencies/Miau
-- Up-to-date: /home/dae/ros2_ws/src/install/Miau/share/ament_index/resource_index/parent_prefix_path/Miau
-- Up-to-date: /home/dae/ros2_ws/src/install/Miau/share/Miau/environment/ament_prefix_path.sh
-- Up-to-date: /home/dae/ros2_ws/src/install/Miau/share/Miau/environment/ament_prefix_path.dsv
-- Up-to-date: /home/dae/ros2_ws/src/install/Miau/share/Miau/environment/path.sh
-- Up-to-date: /home/dae/ros2_ws/src/install/Miau/share/Miau/environment/path.dsv
-- Up-to-date: /home/dae/ros2_ws/src/install/Miau/share/Miau/local_setup.bash
-- Up-to-date: /home/dae/ros2_ws/src/install/Miau/share/Miau/local_setup.sh
-- Up-to-date: /home/dae/ros2_ws/src/install/Miau/share/Miau/local_setup.zsh
-- Up-to-date: /home/dae/ros2_ws/src/install/Miau/share/Miau/local_setup.dsv
-- Installing: /home/dae/ros2_ws/src/install/Miau/share/Miau/package.dsv
-- Up-to-date: /home/dae/ros2_ws/src/install/Miau/share/ament_index/resource_index/packages/Miau
-- Up-to-date: /home/dae/ros2_ws/src/install/Miau/share/Miau/cmake/MiauConfig.cmake
-- Up-to-date: /home/dae/ros2_ws/src/install/Miau/share/Miau/cmake/MiauConfig-version.cmake
-- Up-to-date: /home/dae/ros2_ws/src/install/Miau/share/Miau/package.xml
