[3.003s] Invoking command in '/home/david-romero/Proyectos/robotica/src/scara_cajas': DEBUGINFOD_URLS=https://debuginfod.ubuntu.com PYTHONPATH=/home/david-romero/Proyectos/robotica/build/scara_cajas/prefix_override:/usr/lib/python3/dist-packages/colcon_core/task/python/colcon_distutils_commands:/home/david-romero/Proyectos/robotica/install/scara_cajas/lib/python3.12/site-packages:${PYTHONPATH} /usr/bin/python3 -W ignore:setup.py install is deprecated -W ignore:easy_install command is deprecated setup.py egg_info --egg-base ../../build/scara_cajas build --build-base /home/david-romero/Proyectos/robotica/build/scara_cajas/build install --record /home/david-romero/Proyectos/robotica/build/scara_cajas/install.log --install-scripts $base/lib/scara_cajas --single-version-externally-managed install_data
[3.907s] running egg_info
[3.979s] writing ../../build/scara_cajas/scara_cajas.egg-info/PKG-INFO
[3.980s] writing dependency_links to ../../build/scara_cajas/scara_cajas.egg-info/dependency_links.txt
[3.980s] writing entry points to ../../build/scara_cajas/scara_cajas.egg-info/entry_points.txt
[3.981s] writing requirements to ../../build/scara_cajas/scara_cajas.egg-info/requires.txt
[3.981s] writing top-level names to ../../build/scara_cajas/scara_cajas.egg-info/top_level.txt
[4.115s] reading manifest file '../../build/scara_cajas/scara_cajas.egg-info/SOURCES.txt'
[4.119s] writing manifest file '../../build/scara_cajas/scara_cajas.egg-info/SOURCES.txt'
[4.119s] running build
[4.120s] running build_py
[4.120s] running install
[4.140s] running install_lib
[4.208s] running install_data
[4.209s] running install_egg_info
[4.277s] removing '/home/david-romero/Proyectos/robotica/install/scara_cajas/lib/python3.12/site-packages/scara_cajas-0.0.0-py3.12.egg-info' (and everything under it)
[4.278s] Copying ../../build/scara_cajas/scara_cajas.egg-info to /home/david-romero/Proyectos/robotica/install/scara_cajas/lib/python3.12/site-packages/scara_cajas-0.0.0-py3.12.egg-info
[4.280s] running install_scripts
[4.564s] Installing gui_presets script to /home/david-romero/Proyectos/robotica/install/scara_cajas/lib/scara_cajas
[4.565s] writing list of installed files to '/home/david-romero/Proyectos/robotica/build/scara_cajas/install.log'
[4.601s] Invoked command in '/home/david-romero/Proyectos/robotica/src/scara_cajas' returned '0': DEBUGINFOD_URLS=https://debuginfod.ubuntu.com PYTHONPATH=/home/david-romero/Proyectos/robotica/build/scara_cajas/prefix_override:/usr/lib/python3/dist-packages/colcon_core/task/python/colcon_distutils_commands:/home/david-romero/Proyectos/robotica/install/scara_cajas/lib/python3.12/site-packages:${PYTHONPATH} /usr/bin/python3 -W ignore:setup.py install is deprecated -W ignore:easy_install command is deprecated setup.py egg_info --egg-base ../../build/scara_cajas build --build-base /home/david-romero/Proyectos/robotica/build/scara_cajas/build install --record /home/david-romero/Proyectos/robotica/build/scara_cajas/install.log --install-scripts $base/lib/scara_cajas --single-version-externally-managed install_data
