[0.126s] DEBUG:colcon:Command line arguments: ['/usr/bin/colcon', 'build']
[0.126s] DEBUG:colcon:Parsed command line arguments: Namespace(log_base=None, log_level=None, verb_name='build', build_base='build', install_base='install', merge_install=False, symlink_install=False, test_result_base=None, continue_on_error=False, executor='parallel', parallel_workers=16, event_handlers=None, ignore_user_meta=False, metas=['./colcon.meta'], base_paths=['.'], packages_ignore=None, packages_ignore_regex=None, paths=None, packages_up_to=None, packages_up_to_regex=None, packages_above=None, packages_above_and_dependencies=None, packages_above_depth=None, packages_select_by_dep=None, packages_skip_by_dep=None, packages_skip_up_to=None, packages_select_build_failed=False, packages_skip_build_finished=False, packages_select_test_failures=False, packages_skip_test_passed=False, packages_select=None, packages_skip=None, packages_select_regex=None, packages_skip_regex=None, packages_start=None, packages_end=None, cmake_args=None, cmake_target=None, cmake_target_skip_unavailable=False, cmake_clean_cache=False, cmake_clean_first=False, cmake_force_configure=False, ament_cmake_args=None, catkin_cmake_args=None, catkin_skip_building_tests=False, verb_parser=<colcon_defaults.argument_parser.defaults.DefaultArgumentsDecorator object at 0x7c3c32e0d730>, verb_extension=<colcon_core.verb.build.BuildVerb object at 0x7c3c32e0d550>, main=<bound method BuildVerb.main of <colcon_core.verb.build.BuildVerb object at 0x7c3c32e0d550>>)
[0.172s] Level 1:colcon.colcon_core.package_discovery:discover_packages(colcon_meta) check parameters
[0.172s] Level 1:colcon.colcon_core.package_discovery:discover_packages(recursive) check parameters
[0.172s] Level 1:colcon.colcon_core.package_discovery:discover_packages(ignore) check parameters
[0.172s] Level 1:colcon.colcon_core.package_discovery:discover_packages(path) check parameters
[0.172s] Level 1:colcon.colcon_core.package_discovery:discover_packages(colcon_meta) discover
[0.172s] Level 1:colcon.colcon_core.package_discovery:discover_packages(recursive) discover
[0.172s] INFO:colcon.colcon_core.package_discovery:Crawling recursively for packages in '/home/dae/ros2_ws/src/antro'
[0.172s] Level 1:colcon.colcon_core.package_identification:_identify(.) by extensions ['ignore', 'ignore_ament_install']
[0.172s] Level 1:colcon.colcon_core.package_identification:_identify(.) by extension 'ignore'
[0.172s] Level 1:colcon.colcon_core.package_identification:_identify(.) by extension 'ignore_ament_install'
[0.172s] Level 1:colcon.colcon_core.package_identification:_identify(.) by extensions ['colcon_pkg']
[0.173s] Level 1:colcon.colcon_core.package_identification:_identify(.) by extension 'colcon_pkg'
[0.173s] Level 1:colcon.colcon_core.package_identification:_identify(.) by extensions ['colcon_meta']
[0.173s] Level 1:colcon.colcon_core.package_identification:_identify(.) by extension 'colcon_meta'
[0.173s] Level 1:colcon.colcon_core.package_identification:_identify(.) by extensions ['ros']
[0.173s] Level 1:colcon.colcon_core.package_identification:_identify(.) by extension 'ros'
[0.203s] DEBUG:colcon.colcon_core.package_identification:Package '.' with type 'ros.ament_cmake' and name 'antro'
[0.203s] Level 1:colcon.colcon_core.package_discovery:discover_packages(recursive) using defaults
[0.203s] Level 1:colcon.colcon_core.package_discovery:discover_packages(ignore) discover
[0.203s] Level 1:colcon.colcon_core.package_discovery:discover_packages(ignore) using defaults
[0.203s] Level 1:colcon.colcon_core.package_discovery:discover_packages(path) discover
[0.203s] Level 1:colcon.colcon_core.package_discovery:discover_packages(path) using defaults
[0.224s] Level 5:colcon.colcon_core.verb:set package 'antro' build argument 'cmake_args' from command line to 'None'
[0.224s] Level 5:colcon.colcon_core.verb:set package 'antro' build argument 'cmake_target' from command line to 'None'
[0.224s] Level 5:colcon.colcon_core.verb:set package 'antro' build argument 'cmake_target_skip_unavailable' from command line to 'False'
[0.224s] Level 5:colcon.colcon_core.verb:set package 'antro' build argument 'cmake_clean_cache' from command line to 'False'
[0.224s] Level 5:colcon.colcon_core.verb:set package 'antro' build argument 'cmake_clean_first' from command line to 'False'
[0.224s] Level 5:colcon.colcon_core.verb:set package 'antro' build argument 'cmake_force_configure' from command line to 'False'
[0.224s] Level 5:colcon.colcon_core.verb:set package 'antro' build argument 'ament_cmake_args' from command line to 'None'
[0.224s] Level 5:colcon.colcon_core.verb:set package 'antro' build argument 'catkin_cmake_args' from command line to 'None'
[0.224s] Level 5:colcon.colcon_core.verb:set package 'antro' build argument 'catkin_skip_building_tests' from command line to 'False'
[0.224s] DEBUG:colcon.colcon_core.verb:Building package 'antro' with the following arguments: {'ament_cmake_args': None, 'build_base': '/home/dae/ros2_ws/src/antro/build/antro', 'catkin_cmake_args': None, 'catkin_skip_building_tests': False, 'cmake_args': None, 'cmake_clean_cache': False, 'cmake_clean_first': False, 'cmake_force_configure': False, 'cmake_target': None, 'cmake_target_skip_unavailable': False, 'install_base': '/home/dae/ros2_ws/src/antro/install/antro', 'merge_install': False, 'path': '/home/dae/ros2_ws/src/antro', 'symlink_install': False, 'test_result_base': None}
[0.224s] INFO:colcon.colcon_core.executor:Executing jobs using 'parallel' executor
[0.226s] DEBUG:colcon.colcon_parallel_executor.executor.parallel:run_until_complete
[0.226s] INFO:colcon.colcon_ros.task.ament_cmake.build:Building ROS package in '/home/dae/ros2_ws/src/antro' with build type 'ament_cmake'
[0.226s] INFO:colcon.colcon_cmake.task.cmake.build:Building CMake package in '/home/dae/ros2_ws/src/antro'
[0.228s] INFO:colcon.colcon_core.plugin_system:Skipping extension 'colcon_core.shell.bat': Not used on non-Windows systems
[0.228s] DEBUG:colcon.colcon_core.shell:Skip shell extension 'dsv' for command environment
[0.240s] DEBUG:colcon.colcon_core.event_handler.log_command:Invoking command in '/home/dae/ros2_ws/src/antro/build/antro': CMAKE_PREFIX_PATH=${CMAKE_PREFIX_PATH}:/home/dae/ros2_ws/install/visualr:/opt/ros/jazzy DEBUGINFOD_URLS=https://debuginfod.ubuntu.com /usr/bin/cmake --build /home/dae/ros2_ws/src/antro/build/antro -- -j16 -l16
[0.291s] DEBUG:colcon.colcon_core.event_handler.log_command:Invoked command in '/home/dae/ros2_ws/src/antro/build/antro' returned '0': CMAKE_PREFIX_PATH=${CMAKE_PREFIX_PATH}:/home/dae/ros2_ws/install/visualr:/opt/ros/jazzy DEBUGINFOD_URLS=https://debuginfod.ubuntu.com /usr/bin/cmake --build /home/dae/ros2_ws/src/antro/build/antro -- -j16 -l16
[0.305s] DEBUG:colcon.colcon_core.event_handler.log_command:Invoking command in '/home/dae/ros2_ws/src/antro/build/antro': CMAKE_PREFIX_PATH=${CMAKE_PREFIX_PATH}:/home/dae/ros2_ws/install/visualr:/opt/ros/jazzy DEBUGINFOD_URLS=https://debuginfod.ubuntu.com /usr/bin/cmake --install /home/dae/ros2_ws/src/antro/build/antro
[0.319s] Level 1:colcon.colcon_core.environment:create_environment_scripts_only(antro)
[0.320s] DEBUG:colcon.colcon_core.event_handler.log_command:Invoked command in '/home/dae/ros2_ws/src/antro/build/antro' returned '0': CMAKE_PREFIX_PATH=${CMAKE_PREFIX_PATH}:/home/dae/ros2_ws/install/visualr:/opt/ros/jazzy DEBUGINFOD_URLS=https://debuginfod.ubuntu.com /usr/bin/cmake --install /home/dae/ros2_ws/src/antro/build/antro
[0.322s] Level 1:colcon.colcon_core.environment:checking '/home/dae/ros2_ws/src/antro/install/antro' for CMake module files
[0.323s] Level 1:colcon.colcon_core.environment:checking '/home/dae/ros2_ws/src/antro/install/antro' for CMake config files
[0.323s] Level 1:colcon.colcon_core.shell:create_environment_hook('antro', 'cmake_prefix_path')
[0.324s] INFO:colcon.colcon_core.shell:Creating environment descriptor '/home/dae/ros2_ws/src/antro/install/antro/share/antro/hook/cmake_prefix_path.dsv'
[0.324s] INFO:colcon.colcon_core.shell:Creating environment hook '/home/dae/ros2_ws/src/antro/install/antro/share/antro/hook/cmake_prefix_path.sh'
[0.325s] Level 1:colcon.colcon_core.environment:checking '/home/dae/ros2_ws/src/antro/install/antro/bin'
[0.325s] Level 1:colcon.colcon_core.environment:checking '/home/dae/ros2_ws/src/antro/install/antro/lib/pkgconfig/antro.pc'
[0.327s] Level 1:colcon.colcon_core.environment:checking '/home/dae/ros2_ws/src/antro/install/antro/lib/python3.12/site-packages'
[0.328s] Level 1:colcon.colcon_core.environment:checking '/home/dae/ros2_ws/src/antro/install/antro/bin'
[0.328s] INFO:colcon.colcon_core.shell:Creating package descriptor '/home/dae/ros2_ws/src/antro/install/antro/share/antro/package.dsv'
[0.329s] INFO:colcon.colcon_core.shell:Creating package script '/home/dae/ros2_ws/src/antro/install/antro/share/antro/package.sh'
[0.329s] INFO:colcon.colcon_core.shell:Creating package script '/home/dae/ros2_ws/src/antro/install/antro/share/antro/package.bash'
[0.330s] INFO:colcon.colcon_core.shell:Creating package script '/home/dae/ros2_ws/src/antro/install/antro/share/antro/package.zsh'
[0.330s] Level 1:colcon.colcon_core.environment:create_file_with_runtime_dependencies(/home/dae/ros2_ws/src/antro/install/antro/share/colcon-core/packages/antro)
[0.331s] Level 1:colcon.colcon_core.environment:create_environment_scripts_only(antro)
[0.331s] Level 1:colcon.colcon_core.environment:checking '/home/dae/ros2_ws/src/antro/install/antro' for CMake module files
[0.332s] Level 1:colcon.colcon_core.environment:checking '/home/dae/ros2_ws/src/antro/install/antro' for CMake config files
[0.332s] Level 1:colcon.colcon_core.shell:create_environment_hook('antro', 'cmake_prefix_path')
[0.332s] INFO:colcon.colcon_core.shell:Creating environment descriptor '/home/dae/ros2_ws/src/antro/install/antro/share/antro/hook/cmake_prefix_path.dsv'
[0.333s] INFO:colcon.colcon_core.shell:Creating environment hook '/home/dae/ros2_ws/src/antro/install/antro/share/antro/hook/cmake_prefix_path.sh'
[0.333s] Level 1:colcon.colcon_core.environment:checking '/home/dae/ros2_ws/src/antro/install/antro/bin'
[0.333s] Level 1:colcon.colcon_core.environment:checking '/home/dae/ros2_ws/src/antro/install/antro/lib/pkgconfig/antro.pc'
[0.333s] Level 1:colcon.colcon_core.environment:checking '/home/dae/ros2_ws/src/antro/install/antro/lib/python3.12/site-packages'
[0.334s] Level 1:colcon.colcon_core.environment:checking '/home/dae/ros2_ws/src/antro/install/antro/bin'
[0.334s] INFO:colcon.colcon_core.shell:Creating package descriptor '/home/dae/ros2_ws/src/antro/install/antro/share/antro/package.dsv'
[0.334s] INFO:colcon.colcon_core.shell:Creating package script '/home/dae/ros2_ws/src/antro/install/antro/share/antro/package.sh'
[0.335s] INFO:colcon.colcon_core.shell:Creating package script '/home/dae/ros2_ws/src/antro/install/antro/share/antro/package.bash'
[0.335s] INFO:colcon.colcon_core.shell:Creating package script '/home/dae/ros2_ws/src/antro/install/antro/share/antro/package.zsh'
[0.336s] Level 1:colcon.colcon_core.environment:create_file_with_runtime_dependencies(/home/dae/ros2_ws/src/antro/install/antro/share/colcon-core/packages/antro)
[0.336s] DEBUG:colcon.colcon_parallel_executor.executor.parallel:closing loop
[0.337s] DEBUG:colcon.colcon_parallel_executor.executor.parallel:loop closed
[0.337s] DEBUG:colcon.colcon_parallel_executor.executor.parallel:run_until_complete finished with '0'
[0.337s] DEBUG:colcon.colcon_core.event_reactor:joining thread
[0.343s] INFO:colcon.colcon_core.plugin_system:Skipping extension 'colcon_notification.desktop_notification.terminal_notifier': Not used on non-Darwin systems
[0.343s] INFO:colcon.colcon_core.plugin_system:Skipping extension 'colcon_notification.desktop_notification.win32': Not used on non-Windows systems
[0.343s] INFO:colcon.colcon_notification.desktop_notification:Sending desktop notification using 'notify2'
[0.365s] DEBUG:colcon.colcon_core.event_reactor:joined thread
[0.365s] INFO:colcon.colcon_core.shell:Creating prefix script '/home/dae/ros2_ws/src/antro/install/local_setup.sh'
[0.366s] INFO:colcon.colcon_core.shell:Creating prefix util module '/home/dae/ros2_ws/src/antro/install/_local_setup_util_sh.py'
[0.368s] INFO:colcon.colcon_core.shell:Creating prefix chain script '/home/dae/ros2_ws/src/antro/install/setup.sh'
[0.369s] INFO:colcon.colcon_core.shell:Creating prefix script '/home/dae/ros2_ws/src/antro/install/local_setup.bash'
[0.370s] INFO:colcon.colcon_core.shell:Creating prefix chain script '/home/dae/ros2_ws/src/antro/install/setup.bash'
[0.371s] INFO:colcon.colcon_core.shell:Creating prefix script '/home/dae/ros2_ws/src/antro/install/local_setup.zsh'
[0.371s] INFO:colcon.colcon_core.shell:Creating prefix chain script '/home/dae/ros2_ws/src/antro/install/setup.zsh'
