[0.013s] Invoking command in '/home/dae/ros2_ws/build/Miau': CMAKE_PREFIX_PATH=${CMAKE_PREFIX_PATH}:/opt/ros/jazzy DEBUGINFOD_URLS=https://debuginfod.ubuntu.com /usr/bin/cmake --build /home/dae/ros2_ws/build/Miau -- -j16 -l16
[0.061s] Invoked command in '/home/dae/ros2_ws/build/Miau' returned '0': CMAKE_PREFIX_PATH=${CMAKE_PREFIX_PATH}:/opt/ros/jazzy DEBUGINFOD_URLS=https://debuginfod.ubuntu.com /usr/bin/cmake --build /home/dae/ros2_ws/build/Miau -- -j16 -l16
[0.074s] Invoking command in '/home/dae/ros2_ws/build/Miau': CMAKE_PREFIX_PATH=${CMAKE_PREFIX_PATH}:/opt/ros/jazzy DEBUGINFOD_URLS=https://debuginfod.ubuntu.com /usr/bin/cmake --install /home/dae/ros2_ws/build/Miau
[0.083s] -- Install configuration: ""
[0.083s] -- Up-to-date: /home/dae/ros2_ws/install/Miau/share/Miau/urdf
[0.084s] -- Up-to-date: /home/dae/ros2_ws/install/Miau/share/Miau/urdf/Completo.urdf
[0.084s] -- Up-to-date: /home/dae/ros2_ws/install/Miau/share/Miau/urdf/install
[0.084s] -- Up-to-date: /home/dae/ros2_ws/install/Miau/share/Miau/urdf/install/.colcon_install_layout
[0.084s] -- Up-to-date: /home/dae/ros2_ws/install/Miau/share/Miau/urdf/install/setup.bash
[0.085s] -- Up-to-date: /home/dae/ros2_ws/install/Miau/share/Miau/urdf/install/local_setup.zsh
[0.085s] -- Up-to-date: /home/dae/ros2_ws/install/Miau/share/Miau/urdf/install/_local_setup_util_sh.py
[0.085s] -- Up-to-date: /home/dae/ros2_ws/install/Miau/share/Miau/urdf/install/local_setup.bash
[0.085s] -- Up-to-date: /home/dae/ros2_ws/install/Miau/share/Miau/urdf/install/COLCON_IGNORE
[0.085s] -- Up-to-date: /home/dae/ros2_ws/install/Miau/share/Miau/urdf/install/setup.sh
[0.085s] -- Up-to-date: /home/dae/ros2_ws/install/Miau/share/Miau/urdf/install/local_setup.sh
[0.085s] -- Up-to-date: /home/dae/ros2_ws/install/Miau/share/Miau/urdf/install/setup.zsh
[0.085s] -- Up-to-date: /home/dae/ros2_ws/install/Miau/share/Miau/urdf/Completo).csv
[0.085s] -- Up-to-date: /home/dae/ros2_ws/install/Miau/share/Miau/urdf/build
[0.086s] -- Up-to-date: /home/dae/ros2_ws/install/Miau/share/Miau/urdf/build/.built_by
[0.086s] -- Up-to-date: /home/dae/ros2_ws/install/Miau/share/Miau/urdf/build/COLCON_IGNORE
[0.086s] -- Up-to-date: /home/dae/ros2_ws/install/Miau/share/Miau/urdf/log
[0.086s] -- Up-to-date: /home/dae/ros2_ws/install/Miau/share/Miau/urdf/log/build_2026-08-17_17-05-32
[0.086s] -- Up-to-date: /home/dae/ros2_ws/install/Miau/share/Miau/urdf/log/build_2026-08-17_17-05-32/logger_all.log
[0.086s] -- Up-to-date: /home/dae/ros2_ws/install/Miau/share/Miau/urdf/log/build_2026-08-17_17-05-32/events.log
[0.086s] -- Up-to-date: /home/dae/ros2_ws/install/Miau/share/Miau/urdf/log/build_2026-08-17_17-36-59
[0.086s] -- Up-to-date: /home/dae/ros2_ws/install/Miau/share/Miau/urdf/log/build_2026-08-17_17-36-59/logger_all.log
[0.086s] -- Up-to-date: /home/dae/ros2_ws/install/Miau/share/Miau/urdf/log/build_2026-08-17_17-36-59/events.log
[0.086s] -- Up-to-date: /home/dae/ros2_ws/install/Miau/share/Miau/urdf/log/build_2026-08-17_18-16-47
[0.087s] -- Up-to-date: /home/dae/ros2_ws/install/Miau/share/Miau/urdf/log/build_2026-08-17_18-16-47/logger_all.log
[0.087s] -- Up-to-date: /home/dae/ros2_ws/install/Miau/share/Miau/urdf/log/build_2026-08-17_18-16-47/events.log
[0.087s] -- Up-to-date: /home/dae/ros2_ws/install/Miau/share/Miau/urdf/log/build_2026-08-17_18-13-12
[0.087s] -- Up-to-date: /home/dae/ros2_ws/install/Miau/share/Miau/urdf/log/build_2026-08-17_18-13-12/logger_all.log
[0.087s] -- Up-to-date: /home/dae/ros2_ws/install/Miau/share/Miau/urdf/log/build_2026-08-17_18-13-12/events.log
[0.087s] -- Up-to-date: /home/dae/ros2_ws/install/Miau/share/Miau/urdf/log/build_2026-08-17_18-09-18
[0.087s] -- Up-to-date: /home/dae/ros2_ws/install/Miau/share/Miau/urdf/log/build_2026-08-17_18-09-18/logger_all.log
[0.087s] -- Up-to-date: /home/dae/ros2_ws/install/Miau/share/Miau/urdf/log/build_2026-08-17_18-09-18/events.log
[0.087s] -- Up-to-date: /home/dae/ros2_ws/install/Miau/share/Miau/urdf/log/COLCON_IGNORE
[0.087s] -- Up-to-date: /home/dae/ros2_ws/install/Miau/share/Miau/urdf/log/build_2026-08-17_17-35-41
[0.088s] -- Up-to-date: /home/dae/ros2_ws/install/Miau/share/Miau/urdf/log/build_2026-08-17_17-35-41/logger_all.log
[0.088s] -- Up-to-date: /home/dae/ros2_ws/install/Miau/share/Miau/urdf/log/build_2026-08-17_17-35-41/events.log
[0.088s] -- Up-to-date: /home/dae/ros2_ws/install/Miau/share/Miau/urdf/log/build_2026-08-17_17-27-45
[0.088s] -- Up-to-date: /home/dae/ros2_ws/install/Miau/share/Miau/urdf/log/build_2026-08-17_17-27-45/logger_all.log
[0.088s] -- Up-to-date: /home/dae/ros2_ws/install/Miau/share/Miau/urdf/log/build_2026-08-17_17-27-45/events.log
[0.088s] -- Up-to-date: /home/dae/ros2_ws/install/Miau/share/Miau/urdf/log/build_2026-08-17_18-09-21
[0.088s] -- Up-to-date: /home/dae/ros2_ws/install/Miau/share/Miau/urdf/log/build_2026-08-17_18-09-21/logger_all.log
[0.089s] -- Up-to-date: /home/dae/ros2_ws/install/Miau/share/Miau/urdf/log/build_2026-08-17_18-09-21/events.log
[0.089s] -- Up-to-date: /home/dae/ros2_ws/install/Miau/share/Miau/urdf/log/latest_build
[0.089s] -- Up-to-date: /home/dae/ros2_ws/install/Miau/share/Miau/urdf/log/latest
[0.089s] -- Up-to-date: /home/dae/ros2_ws/install/Miau/share/Miau/urdf/log/build_2026-08-17_18-17-13
[0.089s] -- Up-to-date: /home/dae/ros2_ws/install/Miau/share/Miau/urdf/log/build_2026-08-17_18-17-13/logger_all.log
[0.090s] -- Up-to-date: /home/dae/ros2_ws/install/Miau/share/Miau/urdf/log/build_2026-08-17_18-17-13/events.log
[0.090s] -- Up-to-date: /home/dae/ros2_ws/install/Miau/share/Miau/launch
[0.090s] -- Up-to-date: /home/dae/ros2_ws/install/Miau/share/Miau/launch/launch.py
[0.090s] -- Up-to-date: /home/dae/ros2_ws/install/Miau/share/Miau/meshes
[0.090s] -- Up-to-date: /home/dae/ros2_ws/install/Miau/share/Miau/meshes/L1.STL
[0.090s] -- Up-to-date: /home/dae/ros2_ws/install/Miau/share/Miau/meshes/L2.STL
[0.090s] -- Up-to-date: /home/dae/ros2_ws/install/Miau/share/Miau/meshes/L3.STL
[0.090s] -- Up-to-date: /home/dae/ros2_ws/install/Miau/share/Miau/meshes/base_link.STL
[0.090s] -- Up-to-date: /home/dae/ros2_ws/install/Miau/share/Miau/rviz
[0.091s] -- Up-to-date: /home/dae/ros2_ws/install/Miau/share/Miau/rviz/config.rviz
[0.091s] -- Up-to-date: /home/dae/ros2_ws/install/Miau/share/ament_index/resource_index/package_run_dependencies/Miau
[0.091s] -- Up-to-date: /home/dae/ros2_ws/install/Miau/share/ament_index/resource_index/parent_prefix_path/Miau
[0.091s] -- Up-to-date: /home/dae/ros2_ws/install/Miau/share/Miau/environment/ament_prefix_path.sh
[0.091s] -- Up-to-date: /home/dae/ros2_ws/install/Miau/share/Miau/environment/ament_prefix_path.dsv
[0.091s] -- Up-to-date: /home/dae/ros2_ws/install/Miau/share/Miau/environment/path.sh
[0.091s] -- Up-to-date: /home/dae/ros2_ws/install/Miau/share/Miau/environment/path.dsv
[0.091s] -- Up-to-date: /home/dae/ros2_ws/install/Miau/share/Miau/local_setup.bash
[0.091s] -- Up-to-date: /home/dae/ros2_ws/install/Miau/share/Miau/local_setup.sh
[0.091s] -- Up-to-date: /home/dae/ros2_ws/install/Miau/share/Miau/local_setup.zsh
[0.091s] -- Up-to-date: /home/dae/ros2_ws/install/Miau/share/Miau/local_setup.dsv
[0.092s] -- Installing: /home/dae/ros2_ws/install/Miau/share/Miau/package.dsv
[0.092s] -- Up-to-date: /home/dae/ros2_ws/install/Miau/share/ament_index/resource_index/packages/Miau
[0.092s] -- Up-to-date: /home/dae/ros2_ws/install/Miau/share/Miau/cmake/MiauConfig.cmake
[0.092s] -- Up-to-date: /home/dae/ros2_ws/install/Miau/share/Miau/cmake/MiauConfig-version.cmake
[0.092s] -- Up-to-date: /home/dae/ros2_ws/install/Miau/share/Miau/package.xml
[0.092s] Invoked command in '/home/dae/ros2_ws/build/Miau' returned '0': CMAKE_PREFIX_PATH=${CMAKE_PREFIX_PATH}:/opt/ros/jazzy DEBUGINFOD_URLS=https://debuginfod.ubuntu.com /usr/bin/cmake --install /home/dae/ros2_ws/build/Miau
