[0.025s] Invoking command in '/home/dae/ros2_ws/build/simo_scara_description': CMAKE_PREFIX_PATH=${CMAKE_PREFIX_PATH}:/opt/ros/jazzy DEBUGINFOD_URLS=https://debuginfod.ubuntu.com /usr/bin/cmake --build /home/dae/ros2_ws/build/simo_scara_description -- -j16 -l16
[0.373s] Invoked command in '/home/dae/ros2_ws/build/simo_scara_description' returned '0': CMAKE_PREFIX_PATH=${CMAKE_PREFIX_PATH}:/opt/ros/jazzy DEBUGINFOD_URLS=https://debuginfod.ubuntu.com /usr/bin/cmake --build /home/dae/ros2_ws/build/simo_scara_description -- -j16 -l16
[0.391s] Invoking command in '/home/dae/ros2_ws/build/simo_scara_description': CMAKE_PREFIX_PATH=${CMAKE_PREFIX_PATH}:/opt/ros/jazzy DEBUGINFOD_URLS=https://debuginfod.ubuntu.com /usr/bin/cmake --install /home/dae/ros2_ws/build/simo_scara_description
[0.404s] -- Install configuration: ""
[0.405s] -- Up-to-date: /home/dae/ros2_ws/install/simo_scara_description/share/simo_scara_description/urdf
[0.405s] -- Installing: /home/dae/ros2_ws/install/simo_scara_description/share/simo_scara_description/urdf/scara.urdf
[0.405s] -- Up-to-date: /home/dae/ros2_ws/install/simo_scara_description/share/simo_scara_description/launch
[0.405s] -- Up-to-date: /home/dae/ros2_ws/install/simo_scara_description/share/simo_scara_description/launch/display.launch.py
[0.405s] -- Up-to-date: /home/dae/ros2_ws/install/simo_scara_description/share/simo_scara_description/rviz
[0.406s] -- Up-to-date: /home/dae/ros2_ws/install/simo_scara_description/share/ament_index/resource_index/package_run_dependencies/simo_scara_description
[0.406s] -- Up-to-date: /home/dae/ros2_ws/install/simo_scara_description/share/ament_index/resource_index/parent_prefix_path/simo_scara_description
[0.406s] -- Up-to-date: /home/dae/ros2_ws/install/simo_scara_description/share/simo_scara_description/environment/ament_prefix_path.sh
[0.406s] -- Up-to-date: /home/dae/ros2_ws/install/simo_scara_description/share/simo_scara_description/environment/ament_prefix_path.dsv
[0.407s] -- Up-to-date: /home/dae/ros2_ws/install/simo_scara_description/share/simo_scara_description/environment/path.sh
[0.407s] -- Up-to-date: /home/dae/ros2_ws/install/simo_scara_description/share/simo_scara_description/environment/path.dsv
[0.407s] -- Up-to-date: /home/dae/ros2_ws/install/simo_scara_description/share/simo_scara_description/local_setup.bash
[0.407s] -- Up-to-date: /home/dae/ros2_ws/install/simo_scara_description/share/simo_scara_description/local_setup.sh
[0.407s] -- Up-to-date: /home/dae/ros2_ws/install/simo_scara_description/share/simo_scara_description/local_setup.zsh
[0.407s] -- Up-to-date: /home/dae/ros2_ws/install/simo_scara_description/share/simo_scara_description/local_setup.dsv
[0.408s] -- Up-to-date: /home/dae/ros2_ws/install/simo_scara_description/share/simo_scara_description/package.dsv
[0.408s] -- Up-to-date: /home/dae/ros2_ws/install/simo_scara_description/share/ament_index/resource_index/packages/simo_scara_description
[0.408s] -- Up-to-date: /home/dae/ros2_ws/install/simo_scara_description/share/simo_scara_description/cmake/simo_scara_descriptionConfig.cmake
[0.408s] -- Up-to-date: /home/dae/ros2_ws/install/simo_scara_description/share/simo_scara_description/cmake/simo_scara_descriptionConfig-version.cmake
[0.408s] -- Up-to-date: /home/dae/ros2_ws/install/simo_scara_description/share/simo_scara_description/package.xml
[0.410s] Invoked command in '/home/dae/ros2_ws/build/simo_scara_description' returned '0': CMAKE_PREFIX_PATH=${CMAKE_PREFIX_PATH}:/opt/ros/jazzy DEBUGINFOD_URLS=https://debuginfod.ubuntu.com /usr/bin/cmake --install /home/dae/ros2_ws/build/simo_scara_description
