/home/david-romero/Proyectos/robotica/install/antrop_parcial/lib/python3.12/site-packages/antrop_parcial/__init__.py
/home/david-romero/Proyectos/robotica/install/antrop_parcial/lib/python3.12/site-packages/antrop_parcial/__pycache__/__init__.cpython-312.pyc
/home/david-romero/Proyectos/robotica/install/antrop_parcial/share/ament_index/resource_index/packages/antrop_parcial
/home/david-romero/Proyectos/robotica/install/antrop_parcial/share/antrop_parcial/package.xml
/home/david-romero/Proyectos/robotica/install/antrop_parcial/share/antrop_parcial/launch/display.launch.py
/home/david-romero/Proyectos/robotica/install/antrop_parcial/share/antrop_parcial/urdf/Ensamblaje2.urdf
/home/david-romero/Proyectos/robotica/install/antrop_parcial/share/antrop_parcial/urdf/Ensamblaje21.urdf
/home/david-romero/Proyectos/robotica/install/antrop_parcial/share/antrop_parcial/meshes/rot2.STL
/home/david-romero/Proyectos/robotica/install/antrop_parcial/share/antrop_parcial/meshes/rot1.STL
/home/david-romero/Proyectos/robotica/install/antrop_parcial/share/antrop_parcial/meshes/rot3.STL
/home/david-romero/Proyectos/robotica/install/antrop_parcial/share/antrop_parcial/meshes/base_link.STL
/home/david-romero/Proyectos/robotica/install/antrop_parcial/share/antrop_parcial/meshes/efector.STL
/home/david-romero/Proyectos/robotica/install/antrop_parcial/share/antrop_parcial/meshes/rot6.STL
/home/david-romero/Proyectos/robotica/install/antrop_parcial/share/antrop_parcial/meshes/rot5.STL
/home/david-romero/Proyectos/robotica/install/antrop_parcial/share/antrop_parcial/meshes/rot4.STL
/home/david-romero/Proyectos/robotica/install/antrop_parcial/share/antrop_parcial/meshes
/home/david-romero/Proyectos/robotica/install/antrop_parcial/lib/python3.12/site-packages/antrop_parcial-0.0.0-py3.12.egg-info/requires.txt
/home/david-romero/Proyectos/robotica/install/antrop_parcial/lib/python3.12/site-packages/antrop_parcial-0.0.0-py3.12.egg-info/SOURCES.txt
/home/david-romero/Proyectos/robotica/install/antrop_parcial/lib/python3.12/site-packages/antrop_parcial-0.0.0-py3.12.egg-info/PKG-INFO
/home/david-romero/Proyectos/robotica/install/antrop_parcial/lib/python3.12/site-packages/antrop_parcial-0.0.0-py3.12.egg-info/dependency_links.txt
/home/david-romero/Proyectos/robotica/install/antrop_parcial/lib/python3.12/site-packages/antrop_parcial-0.0.0-py3.12.egg-info/top_level.txt
/home/david-romero/Proyectos/robotica/install/antrop_parcial/lib/python3.12/site-packages/antrop_parcial-0.0.0-py3.12.egg-info/zip-safe
