[2.082s] Invoking command in '/home/david-romero/Proyectos/robotica/src/ttcc': DEBUGINFOD_URLS=https://debuginfod.ubuntu.com PYTHONPATH=/home/david-romero/Proyectos/robotica/build/ttcc/prefix_override:/usr/lib/python3/dist-packages/colcon_core/task/python/colcon_distutils_commands:/home/david-romero/Proyectos/robotica/install/ttcc/lib/python3.12/site-packages:${PYTHONPATH} /usr/bin/python3 -W ignore:setup.py install is deprecated -W ignore:easy_install command is deprecated setup.py egg_info --egg-base ../../build/ttcc build --build-base /home/david-romero/Proyectos/robotica/build/ttcc/build install --record /home/david-romero/Proyectos/robotica/build/ttcc/install.log --install-scripts $base/lib/ttcc --single-version-externally-managed install_data
[2.558s] running egg_info
[2.595s] writing ../../build/ttcc/ttcc.egg-info/PKG-INFO
[2.596s] writing dependency_links to ../../build/ttcc/ttcc.egg-info/dependency_links.txt
[2.596s] writing entry points to ../../build/ttcc/ttcc.egg-info/entry_points.txt
[2.596s] writing requirements to ../../build/ttcc/ttcc.egg-info/requires.txt
[2.597s] writing top-level names to ../../build/ttcc/ttcc.egg-info/top_level.txt
[2.672s] reading manifest file '../../build/ttcc/ttcc.egg-info/SOURCES.txt'
[2.673s] writing manifest file '../../build/ttcc/ttcc.egg-info/SOURCES.txt'
[2.674s] running build
[2.674s] running build_py
[2.674s] running install
[2.685s] running install_lib
[2.724s] running install_data
[2.724s] running install_egg_info
[2.765s] removing '/home/david-romero/Proyectos/robotica/install/ttcc/lib/python3.12/site-packages/ttcc-0.0.0-py3.12.egg-info' (and everything under it)
[2.766s] Copying ../../build/ttcc/ttcc.egg-info to /home/david-romero/Proyectos/robotica/install/ttcc/lib/python3.12/site-packages/ttcc-0.0.0-py3.12.egg-info
[2.768s] running install_scripts
[3.008s] Installing simulador_cinematico_node script to /home/david-romero/Proyectos/robotica/install/ttcc/lib/ttcc
[3.009s] writing list of installed files to '/home/david-romero/Proyectos/robotica/build/ttcc/install.log'
[3.092s] Invoked command in '/home/david-romero/Proyectos/robotica/src/ttcc' returned '0': DEBUGINFOD_URLS=https://debuginfod.ubuntu.com PYTHONPATH=/home/david-romero/Proyectos/robotica/build/ttcc/prefix_override:/usr/lib/python3/dist-packages/colcon_core/task/python/colcon_distutils_commands:/home/david-romero/Proyectos/robotica/install/ttcc/lib/python3.12/site-packages:${PYTHONPATH} /usr/bin/python3 -W ignore:setup.py install is deprecated -W ignore:easy_install command is deprecated setup.py egg_info --egg-base ../../build/ttcc build --build-base /home/david-romero/Proyectos/robotica/build/ttcc/build install --record /home/david-romero/Proyectos/robotica/build/ttcc/install.log --install-scripts $base/lib/ttcc --single-version-externally-managed install_data
