running egg_info
creating ../../build/antrop_parcial/antrop_parcial.egg-info
writing ../../build/antrop_parcial/antrop_parcial.egg-info/PKG-INFO
writing dependency_links to ../../build/antrop_parcial/antrop_parcial.egg-info/dependency_links.txt
writing requirements to ../../build/antrop_parcial/antrop_parcial.egg-info/requires.txt
writing top-level names to ../../build/antrop_parcial/antrop_parcial.egg-info/top_level.txt
writing manifest file '../../build/antrop_parcial/antrop_parcial.egg-info/SOURCES.txt'
reading manifest file '../../build/antrop_parcial/antrop_parcial.egg-info/SOURCES.txt'
writing manifest file '../../build/antrop_parcial/antrop_parcial.egg-info/SOURCES.txt'
running build
running build_py
creating /home/david-romero/Proyectos/robotica/build/antrop_parcial/build
creating /home/david-romero/Proyectos/robotica/build/antrop_parcial/build/lib
creating /home/david-romero/Proyectos/robotica/build/antrop_parcial/build/lib/antrop_parcial
copying antrop_parcial/__init__.py -> /home/david-romero/Proyectos/robotica/build/antrop_parcial/build/lib/antrop_parcial
running install
running install_lib
creating /home/david-romero/Proyectos/robotica/install/antrop_parcial/lib/python3.12/site-packages/antrop_parcial
copying /home/david-romero/Proyectos/robotica/build/antrop_parcial/build/lib/antrop_parcial/__init__.py -> /home/david-romero/Proyectos/robotica/install/antrop_parcial/lib/python3.12/site-packages/antrop_parcial
byte-compiling /home/david-romero/Proyectos/robotica/install/antrop_parcial/lib/python3.12/site-packages/antrop_parcial/__init__.py to __init__.cpython-312.pyc
running install_data
creating /home/david-romero/Proyectos/robotica/install/antrop_parcial/share/ament_index
creating /home/david-romero/Proyectos/robotica/install/antrop_parcial/share/ament_index/resource_index
creating /home/david-romero/Proyectos/robotica/install/antrop_parcial/share/ament_index/resource_index/packages
copying resource/antrop_parcial -> /home/david-romero/Proyectos/robotica/install/antrop_parcial/share/ament_index/resource_index/packages
copying package.xml -> /home/david-romero/Proyectos/robotica/install/antrop_parcial/share/antrop_parcial
creating /home/david-romero/Proyectos/robotica/install/antrop_parcial/share/antrop_parcial/launch
copying launch/display.launch.py -> /home/david-romero/Proyectos/robotica/install/antrop_parcial/share/antrop_parcial/launch
creating /home/david-romero/Proyectos/robotica/install/antrop_parcial/share/antrop_parcial/urdf
copying urdf/Ensamblaje2.urdf -> /home/david-romero/Proyectos/robotica/install/antrop_parcial/share/antrop_parcial/urdf
copying urdf/Ensamblaje21.urdf -> /home/david-romero/Proyectos/robotica/install/antrop_parcial/share/antrop_parcial/urdf
creating /home/david-romero/Proyectos/robotica/install/antrop_parcial/share/antrop_parcial/meshes
copying meshes/rot2.STL -> /home/david-romero/Proyectos/robotica/install/antrop_parcial/share/antrop_parcial/meshes
copying meshes/rot1.STL -> /home/david-romero/Proyectos/robotica/install/antrop_parcial/share/antrop_parcial/meshes
copying meshes/rot3.STL -> /home/david-romero/Proyectos/robotica/install/antrop_parcial/share/antrop_parcial/meshes
copying meshes/base_link.STL -> /home/david-romero/Proyectos/robotica/install/antrop_parcial/share/antrop_parcial/meshes
copying meshes/efector.STL -> /home/david-romero/Proyectos/robotica/install/antrop_parcial/share/antrop_parcial/meshes
copying meshes/rot6.STL -> /home/david-romero/Proyectos/robotica/install/antrop_parcial/share/antrop_parcial/meshes
copying meshes/rot5.STL -> /home/david-romero/Proyectos/robotica/install/antrop_parcial/share/antrop_parcial/meshes
copying meshes/rot4.STL -> /home/david-romero/Proyectos/robotica/install/antrop_parcial/share/antrop_parcial/meshes
running install_egg_info
Copying ../../build/antrop_parcial/antrop_parcial.egg-info to /home/david-romero/Proyectos/robotica/install/antrop_parcial/lib/python3.12/site-packages/antrop_parcial-0.0.0-py3.12.egg-info
running install_scripts
writing list of installed files to '/home/david-romero/Proyectos/robotica/build/antrop_parcial/install.log'
