[4.416s] Invoking command in '/home/david-romero/Proyectos/robotica/src/antrop_parcial': DEBUGINFOD_URLS=https://debuginfod.ubuntu.com PYTHONPATH=/home/david-romero/Proyectos/robotica/build/antrop_parcial/prefix_override:/usr/lib/python3/dist-packages/colcon_core/task/python/colcon_distutils_commands:/home/david-romero/Proyectos/robotica/install/antrop_parcial/lib/python3.12/site-packages:${PYTHONPATH} /usr/bin/python3 -W ignore:setup.py install is deprecated -W ignore:easy_install command is deprecated setup.py egg_info --egg-base ../../build/antrop_parcial build --build-base /home/david-romero/Proyectos/robotica/build/antrop_parcial/build install --record /home/david-romero/Proyectos/robotica/build/antrop_parcial/install.log --install-scripts $base/lib/robot_description --single-version-externally-managed install_data
[5.171s] running egg_info
[5.172s] creating ../../build/antrop_parcial/antrop_parcial.egg-info
[5.210s] writing ../../build/antrop_parcial/antrop_parcial.egg-info/PKG-INFO
[5.211s] writing dependency_links to ../../build/antrop_parcial/antrop_parcial.egg-info/dependency_links.txt
[5.211s] writing requirements to ../../build/antrop_parcial/antrop_parcial.egg-info/requires.txt
[5.211s] writing top-level names to ../../build/antrop_parcial/antrop_parcial.egg-info/top_level.txt
[5.212s] writing manifest file '../../build/antrop_parcial/antrop_parcial.egg-info/SOURCES.txt'
[5.298s] reading manifest file '../../build/antrop_parcial/antrop_parcial.egg-info/SOURCES.txt'
[5.299s] writing manifest file '../../build/antrop_parcial/antrop_parcial.egg-info/SOURCES.txt'
[5.300s] running build
[5.300s] running build_py
[5.300s] creating /home/david-romero/Proyectos/robotica/build/antrop_parcial/build
[5.301s] creating /home/david-romero/Proyectos/robotica/build/antrop_parcial/build/lib
[5.301s] creating /home/david-romero/Proyectos/robotica/build/antrop_parcial/build/lib/antrop_parcial
[5.303s] copying antrop_parcial/__init__.py -> /home/david-romero/Proyectos/robotica/build/antrop_parcial/build/lib/antrop_parcial
[5.303s] running install
[5.314s] running install_lib
[5.369s] creating /home/david-romero/Proyectos/robotica/install/antrop_parcial/lib/python3.12/site-packages/antrop_parcial
[5.369s] copying /home/david-romero/Proyectos/robotica/build/antrop_parcial/build/lib/antrop_parcial/__init__.py -> /home/david-romero/Proyectos/robotica/install/antrop_parcial/lib/python3.12/site-packages/antrop_parcial
[5.370s] byte-compiling /home/david-romero/Proyectos/robotica/install/antrop_parcial/lib/python3.12/site-packages/antrop_parcial/__init__.py to __init__.cpython-312.pyc
[5.370s] running install_data
[5.372s] creating /home/david-romero/Proyectos/robotica/install/antrop_parcial/share/ament_index
[5.372s] creating /home/david-romero/Proyectos/robotica/install/antrop_parcial/share/ament_index/resource_index
[5.372s] creating /home/david-romero/Proyectos/robotica/install/antrop_parcial/share/ament_index/resource_index/packages
[5.372s] copying resource/antrop_parcial -> /home/david-romero/Proyectos/robotica/install/antrop_parcial/share/ament_index/resource_index/packages
[5.372s] copying package.xml -> /home/david-romero/Proyectos/robotica/install/antrop_parcial/share/antrop_parcial
[5.373s] creating /home/david-romero/Proyectos/robotica/install/antrop_parcial/share/antrop_parcial/launch
[5.373s] copying launch/display.launch.py -> /home/david-romero/Proyectos/robotica/install/antrop_parcial/share/antrop_parcial/launch
[5.373s] creating /home/david-romero/Proyectos/robotica/install/antrop_parcial/share/antrop_parcial/urdf
[5.374s] copying urdf/Ensamblaje2.urdf -> /home/david-romero/Proyectos/robotica/install/antrop_parcial/share/antrop_parcial/urdf
[5.374s] copying urdf/Ensamblaje21.urdf -> /home/david-romero/Proyectos/robotica/install/antrop_parcial/share/antrop_parcial/urdf
[5.375s] creating /home/david-romero/Proyectos/robotica/install/antrop_parcial/share/antrop_parcial/meshes
[5.375s] copying meshes/rot2.STL -> /home/david-romero/Proyectos/robotica/install/antrop_parcial/share/antrop_parcial/meshes
[5.375s] copying meshes/rot1.STL -> /home/david-romero/Proyectos/robotica/install/antrop_parcial/share/antrop_parcial/meshes
[5.376s] copying meshes/rot3.STL -> /home/david-romero/Proyectos/robotica/install/antrop_parcial/share/antrop_parcial/meshes
[5.377s] copying meshes/base_link.STL -> /home/david-romero/Proyectos/robotica/install/antrop_parcial/share/antrop_parcial/meshes
[5.378s] copying meshes/efector.STL -> /home/david-romero/Proyectos/robotica/install/antrop_parcial/share/antrop_parcial/meshes
[5.378s] copying meshes/rot6.STL -> /home/david-romero/Proyectos/robotica/install/antrop_parcial/share/antrop_parcial/meshes
[5.379s] copying meshes/rot5.STL -> /home/david-romero/Proyectos/robotica/install/antrop_parcial/share/antrop_parcial/meshes
[5.379s] copying meshes/rot4.STL -> /home/david-romero/Proyectos/robotica/install/antrop_parcial/share/antrop_parcial/meshes
[5.380s] running install_egg_info
[5.425s] Copying ../../build/antrop_parcial/antrop_parcial.egg-info to /home/david-romero/Proyectos/robotica/install/antrop_parcial/lib/python3.12/site-packages/antrop_parcial-0.0.0-py3.12.egg-info
[5.427s] running install_scripts
[5.823s] writing list of installed files to '/home/david-romero/Proyectos/robotica/build/antrop_parcial/install.log'
[5.905s] Invoked command in '/home/david-romero/Proyectos/robotica/src/antrop_parcial' returned '0': DEBUGINFOD_URLS=https://debuginfod.ubuntu.com PYTHONPATH=/home/david-romero/Proyectos/robotica/build/antrop_parcial/prefix_override:/usr/lib/python3/dist-packages/colcon_core/task/python/colcon_distutils_commands:/home/david-romero/Proyectos/robotica/install/antrop_parcial/lib/python3.12/site-packages:${PYTHONPATH} /usr/bin/python3 -W ignore:setup.py install is deprecated -W ignore:easy_install command is deprecated setup.py egg_info --egg-base ../../build/antrop_parcial build --build-base /home/david-romero/Proyectos/robotica/build/antrop_parcial/build install --record /home/david-romero/Proyectos/robotica/build/antrop_parcial/install.log --install-scripts $base/lib/robot_description --single-version-externally-managed install_data
