/home/juanes/Robotica-Meca/Robot1/codigo_fuente/antropomorfico_ws/install/antropomorfico_sim/lib/python3.12/site-packages/antropomorfico_sim/__init__.py
/home/juanes/Robotica-Meca/Robot1/codigo_fuente/antropomorfico_ws/install/antropomorfico_sim/lib/python3.12/site-packages/antropomorfico_sim/ik_solver.py
/home/juanes/Robotica-Meca/Robot1/codigo_fuente/antropomorfico_ws/install/antropomorfico_sim/lib/python3.12/site-packages/antropomorfico_sim/trapezoidal_trajectory_node.py
/home/juanes/Robotica-Meca/Robot1/codigo_fuente/antropomorfico_ws/install/antropomorfico_sim/lib/python3.12/site-packages/antropomorfico_sim/trayectoria.py
/home/juanes/Robotica-Meca/Robot1/codigo_fuente/antropomorfico_ws/install/antropomorfico_sim/lib/python3.12/site-packages/antropomorfico_sim/__pycache__/__init__.cpython-312.pyc
/home/juanes/Robotica-Meca/Robot1/codigo_fuente/antropomorfico_ws/install/antropomorfico_sim/lib/python3.12/site-packages/antropomorfico_sim/__pycache__/ik_solver.cpython-312.pyc
/home/juanes/Robotica-Meca/Robot1/codigo_fuente/antropomorfico_ws/install/antropomorfico_sim/lib/python3.12/site-packages/antropomorfico_sim/__pycache__/trapezoidal_trajectory_node.cpython-312.pyc
/home/juanes/Robotica-Meca/Robot1/codigo_fuente/antropomorfico_ws/install/antropomorfico_sim/lib/python3.12/site-packages/antropomorfico_sim/__pycache__/trayectoria.cpython-312.pyc
/home/juanes/Robotica-Meca/Robot1/codigo_fuente/antropomorfico_ws/install/antropomorfico_sim/share/ament_index/resource_index/packages/antropomorfico_sim
/home/juanes/Robotica-Meca/Robot1/codigo_fuente/antropomorfico_ws/install/antropomorfico_sim/share/antropomorfico_sim/package.xml
/home/juanes/Robotica-Meca/Robot1/codigo_fuente/antropomorfico_ws/install/antropomorfico_sim/share/antropomorfico_sim/launch/sim.launch.py
/home/juanes/Robotica-Meca/Robot1/codigo_fuente/antropomorfico_ws/install/antropomorfico_sim/share/antropomorfico_sim/urdf/antropomorfico.urdf
/home/juanes/Robotica-Meca/Robot1/codigo_fuente/antropomorfico_ws/install/antropomorfico_sim/share/antropomorfico_sim/config/ros2_controllers.yaml
/home/juanes/Robotica-Meca/Robot1/codigo_fuente/antropomorfico_ws/install/antropomorfico_sim/share/antropomorfico_sim/worlds
/home/juanes/Robotica-Meca/Robot1/codigo_fuente/antropomorfico_ws/install/antropomorfico_sim/share/antropomorfico_sim/meshes/base_link.STL
/home/juanes/Robotica-Meca/Robot1/codigo_fuente/antropomorfico_ws/install/antropomorfico_sim/share/antropomorfico_sim/meshes/dedoder.STL
/home/juanes/Robotica-Meca/Robot1/codigo_fuente/antropomorfico_ws/install/antropomorfico_sim/share/antropomorfico_sim/meshes/dedoizq.STL
/home/juanes/Robotica-Meca/Robot1/codigo_fuente/antropomorfico_ws/install/antropomorfico_sim/share/antropomorfico_sim/meshes/link_1.STL
/home/juanes/Robotica-Meca/Robot1/codigo_fuente/antropomorfico_ws/install/antropomorfico_sim/share/antropomorfico_sim/meshes/link_2.STL
/home/juanes/Robotica-Meca/Robot1/codigo_fuente/antropomorfico_ws/install/antropomorfico_sim/share/antropomorfico_sim/meshes/link_3.STL
/home/juanes/Robotica-Meca/Robot1/codigo_fuente/antropomorfico_ws/install/antropomorfico_sim/share/antropomorfico_sim/meshes/link_ee.STL
/home/juanes/Robotica-Meca/Robot1/codigo_fuente/antropomorfico_ws/install/antropomorfico_sim/lib/python3.12/site-packages/antropomorfico_sim-0.0.0-py3.12.egg-info/PKG-INFO
/home/juanes/Robotica-Meca/Robot1/codigo_fuente/antropomorfico_ws/install/antropomorfico_sim/lib/python3.12/site-packages/antropomorfico_sim-0.0.0-py3.12.egg-info/zip-safe
/home/juanes/Robotica-Meca/Robot1/codigo_fuente/antropomorfico_ws/install/antropomorfico_sim/lib/python3.12/site-packages/antropomorfico_sim-0.0.0-py3.12.egg-info/dependency_links.txt
/home/juanes/Robotica-Meca/Robot1/codigo_fuente/antropomorfico_ws/install/antropomorfico_sim/lib/python3.12/site-packages/antropomorfico_sim-0.0.0-py3.12.egg-info/entry_points.txt
/home/juanes/Robotica-Meca/Robot1/codigo_fuente/antropomorfico_ws/install/antropomorfico_sim/lib/python3.12/site-packages/antropomorfico_sim-0.0.0-py3.12.egg-info/requires.txt
/home/juanes/Robotica-Meca/Robot1/codigo_fuente/antropomorfico_ws/install/antropomorfico_sim/lib/python3.12/site-packages/antropomorfico_sim-0.0.0-py3.12.egg-info/top_level.txt
/home/juanes/Robotica-Meca/Robot1/codigo_fuente/antropomorfico_ws/install/antropomorfico_sim/lib/python3.12/site-packages/antropomorfico_sim-0.0.0-py3.12.egg-info/SOURCES.txt
/home/juanes/Robotica-Meca/Robot1/codigo_fuente/antropomorfico_ws/install/antropomorfico_sim/lib/antropomorfico_sim/ik_solver
/home/juanes/Robotica-Meca/Robot1/codigo_fuente/antropomorfico_ws/install/antropomorfico_sim/lib/antropomorfico_sim/trapezoidal_node
/home/juanes/Robotica-Meca/Robot1/codigo_fuente/antropomorfico_ws/install/antropomorfico_sim/lib/antropomorfico_sim/trayectoria
