[2.046s] Invoking command in '/home/david-romero/Proyectos/robotica/src/scara_cajas': DEBUGINFOD_URLS=https://debuginfod.ubuntu.com PYTHONPATH=/home/david-romero/Proyectos/robotica/build/scara_cajas/prefix_override:/usr/lib/python3/dist-packages/colcon_core/task/python/colcon_distutils_commands:/home/david-romero/Proyectos/robotica/install/scara_cajas/lib/python3.12/site-packages:${PYTHONPATH} /usr/bin/python3 -W ignore:setup.py install is deprecated -W ignore:easy_install command is deprecated setup.py egg_info --egg-base ../../build/scara_cajas build --build-base /home/david-romero/Proyectos/robotica/build/scara_cajas/build install --record /home/david-romero/Proyectos/robotica/build/scara_cajas/install.log --install-scripts $base/lib/scara_cajas --single-version-externally-managed install_data
[2.539s] running egg_info
[2.577s] writing ../../build/scara_cajas/scara_cajas.egg-info/PKG-INFO
[2.578s] writing dependency_links to ../../build/scara_cajas/scara_cajas.egg-info/dependency_links.txt
[2.578s] writing entry points to ../../build/scara_cajas/scara_cajas.egg-info/entry_points.txt
[2.578s] writing requirements to ../../build/scara_cajas/scara_cajas.egg-info/requires.txt
[2.579s] writing top-level names to ../../build/scara_cajas/scara_cajas.egg-info/top_level.txt
[2.657s] reading manifest file '../../build/scara_cajas/scara_cajas.egg-info/SOURCES.txt'
[2.659s] writing manifest file '../../build/scara_cajas/scara_cajas.egg-info/SOURCES.txt'
[2.659s] running build
[2.659s] running build_py
[2.660s] running install
[2.671s] running install_lib
[2.710s] running install_data
[2.711s] copying launch/display.launch.py -> /home/david-romero/Proyectos/robotica/install/scara_cajas/share/scara_cajas/launch
[2.711s] running install_egg_info
[2.751s] removing '/home/david-romero/Proyectos/robotica/install/scara_cajas/lib/python3.12/site-packages/scara_cajas-0.0.0-py3.12.egg-info' (and everything under it)
[2.751s] Copying ../../build/scara_cajas/scara_cajas.egg-info to /home/david-romero/Proyectos/robotica/install/scara_cajas/lib/python3.12/site-packages/scara_cajas-0.0.0-py3.12.egg-info
[2.753s] running install_scripts
[3.047s] Installing gui_presets script to /home/david-romero/Proyectos/robotica/install/scara_cajas/lib/scara_cajas
[3.047s] writing list of installed files to '/home/david-romero/Proyectos/robotica/build/scara_cajas/install.log'
[3.107s] Invoked command in '/home/david-romero/Proyectos/robotica/src/scara_cajas' returned '0': DEBUGINFOD_URLS=https://debuginfod.ubuntu.com PYTHONPATH=/home/david-romero/Proyectos/robotica/build/scara_cajas/prefix_override:/usr/lib/python3/dist-packages/colcon_core/task/python/colcon_distutils_commands:/home/david-romero/Proyectos/robotica/install/scara_cajas/lib/python3.12/site-packages:${PYTHONPATH} /usr/bin/python3 -W ignore:setup.py install is deprecated -W ignore:easy_install command is deprecated setup.py egg_info --egg-base ../../build/scara_cajas build --build-base /home/david-romero/Proyectos/robotica/build/scara_cajas/build install --record /home/david-romero/Proyectos/robotica/build/scara_cajas/install.log --install-scripts $base/lib/scara_cajas --single-version-externally-managed install_data
